/home/david/Documents/RockBox_Personal-master/devsrc/nano-soh-runtime/Shipwright/soh/src/overlays/actors/ovl_En_Fu/z_en_fu.c: In function 'EnFu_Init':
/home/david/Documents/RockBox_Personal-master/devsrc/nano-soh-runtime/Shipwright/soh/src/overlays/actors/ovl_En_Fu/z_en_fu.c:83:48: warning: passing argument 3 of 'SkelAnime_InitFlex' from incompatible pointer type [-Wincompatible-pointer-types]
   83 |     SkelAnime_InitFlex(play, &this->skelanime, &gWindmillManSkel, &gWindmillManPlayStillAnim, this->jointTable,
      |                                                ^~~~~~~~~~~~~~~~~
      |                                                |
      |                                                const char (*)[42]
In file included from /home/david/Documents/RockBox_Personal-master/devsrc/nano-soh-runtime/Shipwright/soh/include/global.h:8,
                 from /home/david/Documents/RockBox_Personal-master/devsrc/nano-soh-runtime/Shipwright/soh/src/overlays/actors/ovl_En_Fu/z_en_fu.h:5,
                 from /home/david/Documents/RockBox_Personal-master/devsrc/nano-soh-runtime/Shipwright/soh/src/overlays/actors/ovl_En_Fu/z_en_fu.c:7:
/home/david/Documents/RockBox_Personal-master/devsrc/nano-soh-runtime/Shipwright/soh/include/functions.h:1329:83: note: expected 'FlexSkeletonHeader *' but argument is of type 'const char (*)[42]'
 1329 | s32 SkelAnime_InitFlex(PlayState* play, SkelAnime* skelAnime, FlexSkeletonHeader* skeletonHeaderSeg,
      |                                                               ~~~~~~~~~~~~~~~~~~~~^~~~~~~~~~~~~~~~~
/home/david/Documents/RockBox_Personal-master/devsrc/nano-soh-runtime/Shipwright/soh/src/overlays/actors/ovl_En_Fu/z_en_fu.c:83:67: warning: passing argument 4 of 'SkelAnime_InitFlex' from incompatible pointer type [-Wincompatible-pointer-types]
   83 |     SkelAnime_InitFlex(play, &this->skelanime, &gWindmillManSkel, &gWindmillManPlayStillAnim, this->jointTable,
      |                                                                   ^~~~~~~~~~~~~~~~~~~~~~~~~~
      |                                                                   |
      |                                                                   const char (*)[51]
/home/david/Documents/RockBox_Personal-master/devsrc/nano-soh-runtime/Shipwright/soh/include/functions.h:1330:41: note: expected 'AnimationHeader *' but argument is of type 'const char (*)[51]'
 1330 |                        AnimationHeader* animation, Vec3s* jointTable, Vec3s* morphTable, s32 limbCount);
      |                        ~~~~~~~~~~~~~~~~~^~~~~~~~~
/home/david/Documents/RockBox_Personal-master/devsrc/nano-soh-runtime/Shipwright/soh/src/overlays/actors/ovl_En_Fu/z_en_fu.c:85:42: warning: passing argument 2 of 'Animation_PlayLoop' from incompatible pointer type [-Wincompatible-pointer-types]
   85 |     Animation_PlayLoop(&this->skelanime, &gWindmillManPlayStillAnim);
      |                                          ^~~~~~~~~~~~~~~~~~~~~~~~~~
      |                                          |
      |                                          const char (*)[51]
/home/david/Documents/RockBox_Personal-master/devsrc/nano-soh-runtime/Shipwright/soh/include/functions.h:1341:64: note: expected 'AnimationHeader *' but argument is of type 'const char (*)[51]'
 1341 | void Animation_PlayLoop(SkelAnime* skelAnime, AnimationHeader* animation);
      |                                               ~~~~~~~~~~~~~~~~~^~~~~~~~~
/home/david/Documents/RockBox_Personal-master/devsrc/nano-soh-runtime/Shipwright/soh/src/overlays/actors/ovl_En_Fu/z_en_fu.c: In function 'func_80A1DA04':
/home/david/Documents/RockBox_Personal-master/devsrc/nano-soh-runtime/Shipwright/soh/src/overlays/actors/ovl_En_Fu/z_en_fu.c:132:53: warning: passing argument 1 of 'Animation_GetLastFrame' discards 'const' qualifier from pointer target type [-Wdiscarded-array-qualifiers]
  132 |                              Animation_GetLastFrame(&gWindmillManPlayStillAnim), ANIMMODE_ONCE, -4.0f);
      |                                                     ^~~~~~~~~~~~~~~~~~~~~~~~~~
/home/david/Documents/RockBox_Personal-master/devsrc/nano-soh-runtime/Shipwright/soh/include/functions.h:1278:34: note: expected 'void *' but argument is of type 'const char (*)[51]'
 1278 | s16 Animation_GetLastFrame(void* animation);
      |                            ~~~~~~^~~~~~~~~
/home/david/Documents/RockBox_Personal-master/devsrc/nano-soh-runtime/Shipwright/soh/src/overlays/actors/ovl_En_Fu/z_en_fu.c:131:48: warning: passing argument 2 of 'Animation_Change' from incompatible pointer type [-Wincompatible-pointer-types]
  131 |             Animation_Change(&this->skelanime, &gWindmillManPlayStillAnim, 1.0f, 0.0f,
      |                                                ^~~~~~~~~~~~~~~~~~~~~~~~~~
      |                                                |
      |                                                const char (*)[51]
/home/david/Documents/RockBox_Personal-master/devsrc/nano-soh-runtime/Shipwright/soh/include/functions.h:1336:62: note: expected 'AnimationHeader *' but argument is of type 'const char (*)[51]'
 1336 | void Animation_Change(SkelAnime* skelAnime, AnimationHeader* animation, f32 playSpeed, f32 startFrame, f32 endFrame,
      |                                             ~~~~~~~~~~~~~~~~~^~~~~~~~~
/home/david/Documents/RockBox_Personal-master/devsrc/nano-soh-runtime/Shipwright/soh/src/overlays/actors/ovl_En_Fu/z_en_fu.c: In function 'EnFu_WaitChild':
/home/david/Documents/RockBox_Personal-master/devsrc/nano-soh-runtime/Shipwright/soh/src/overlays/actors/ovl_En_Fu/z_en_fu.c:149:53: warning: passing argument 1 of 'Animation_GetLastFrame' discards 'const' qualifier from pointer target type [-Wdiscarded-array-qualifiers]
  149 |                              Animation_GetLastFrame(&gWindmillManPlayAndMoveHeadAnim), ANIMMODE_ONCE, -4.0f);
      |                                                     ^~~~~~~~~~~~~~~~~~~~~~~~~~~~~~~~
/home/david/Documents/RockBox_Personal-master/devsrc/nano-soh-runtime/Shipwright/soh/include/functions.h:1278:34: note: expected 'void *' but argument is of type 'const char (*)[57]'
 1278 | s16 Animation_GetLastFrame(void* animation);
      |                            ~~~~~~^~~~~~~~~
/home/david/Documents/RockBox_Personal-master/devsrc/nano-soh-runtime/Shipwright/soh/src/overlays/actors/ovl_En_Fu/z_en_fu.c:148:48: warning: passing argument 2 of 'Animation_Change' from incompatible pointer type [-Wincompatible-pointer-types]
  148 |             Animation_Change(&this->skelanime, &gWindmillManPlayAndMoveHeadAnim, 1.0f, 0.0f,
      |                                                ^~~~~~~~~~~~~~~~~~~~~~~~~~~~~~~~
      |                                                |
      |                                                const char (*)[57]
/home/david/Documents/RockBox_Personal-master/devsrc/nano-soh-runtime/Shipwright/soh/include/functions.h:1336:62: note: expected 'AnimationHeader *' but argument is of type 'const char (*)[57]'
 1336 | void Animation_Change(SkelAnime* skelAnime, AnimationHeader* animation, f32 playSpeed, f32 startFrame, f32 endFrame,
      |                                             ~~~~~~~~~~~~~~~~~^~~~~~~~~
/home/david/Documents/RockBox_Personal-master/devsrc/nano-soh-runtime/Shipwright/soh/src/overlays/actors/ovl_En_Fu/z_en_fu.c: In function 'func_80A1DBD4':
/home/david/Documents/RockBox_Personal-master/devsrc/nano-soh-runtime/Shipwright/soh/src/overlays/actors/ovl_En_Fu/z_en_fu.c:180:33: warning: assignment discards 'const' qualifier from pointer target type [-Wdiscarded-qualifiers]
  180 |             play->csCtx.segment = SEGMENTED_TO_VIRTUAL(gSongOfStormsCs);
      |                                 ^
/home/david/Documents/RockBox_Personal-master/devsrc/nano-soh-runtime/Shipwright/soh/src/overlays/actors/ovl_En_Fu/z_en_fu.c: In function 'EnFu_Draw':
/home/david/Documents/RockBox_Personal-master/devsrc/nano-soh-runtime/Shipwright/soh/src/overlays/actors/ovl_En_Fu/z_en_fu.c:303:38: warning: initialization discards 'const' qualifier from pointer target type [-Wdiscarded-qualifiers]
  303 |     static void* sEyesSegments[] = { gWindmillManEyeClosedTex, gWindmillManEyeAngryTex };
      |                                      ^~~~~~~~~~~~~~~~~~~~~~~~
/home/david/Documents/RockBox_Personal-master/devsrc/nano-soh-runtime/Shipwright/soh/src/overlays/actors/ovl_En_Fu/z_en_fu.c:303:64: warning: initialization discards 'const' qualifier from pointer target type [-Wdiscarded-qualifiers]
  303 |     static void* sEyesSegments[] = { gWindmillManEyeClosedTex, gWindmillManEyeAngryTex };
      |                                                                ^~~~~~~~~~~~~~~~~~~~~~~
/home/david/Documents/RockBox_Personal-master/devsrc/nano-soh-runtime/Shipwright/soh/src/overlays/actors/ovl_En_Fu/z_en_fu.c:304:39: warning: initialization discards 'const' qualifier from pointer target type [-Wdiscarded-qualifiers]
  304 |     static void* sMouthSegments[] = { gWindmillManMouthOpenTex, gWindmillManMouthAngryTex };
      |                                       ^~~~~~~~~~~~~~~~~~~~~~~~
/home/david/Documents/RockBox_Personal-master/devsrc/nano-soh-runtime/Shipwright/soh/src/overlays/actors/ovl_En_Fu/z_en_fu.c:304:65: warning: initialization discards 'const' qualifier from pointer target type [-Wdiscarded-qualifiers]
  304 |     static void* sMouthSegments[] = { gWindmillManMouthOpenTex, gWindmillManMouthAngryTex };
      |                                                                 ^~~~~~~~~~~~~~~~~~~~~~~~~
In file included from /home/david/Documents/RockBox_Personal-master/devsrc/nano-soh-runtime/Shipwright/soh/include/global.h:10:
/home/david/Documents/RockBox_Personal-master/devsrc/nano-soh-runtime/Shipwright/soh/src/overlays/actors/ovl_En_Fu/z_en_fu.c:311:73: warning: passing argument 3 of 'gSPSegment' makes integer from pointer without a cast [-Wint-conversion]
  311 |     gSPSegment(POLY_OPA_DISP++, 0x08, SEGMENTED_TO_VIRTUAL(sEyesSegments[this->facialExpression]));
      |                                                            ~~~~~~~~~~~~~^~~~~~~~~~~~~~~~~~~~~~~~
      |                                                                         |
      |                                                                         void *
/home/david/Documents/RockBox_Personal-master/devsrc/nano-soh-runtime/Shipwright/soh/include/macros.h:37:36: note: in definition of macro 'SEGMENTED_TO_VIRTUAL'
   37 | #define SEGMENTED_TO_VIRTUAL(addr) addr
      |                                    ^~~~
/home/david/Documents/RockBox_Personal-master/devsrc/nano-soh-runtime/Shipwright/soh/include/functions.h:22:52: note: expected 'uintptr_t' {aka 'unsigned int'} but argument is of type 'void *'
   22 | void gSPSegment(void* value, int segNum, uintptr_t target);
      |                                          ~~~~~~~~~~^~~~~~
/home/david/Documents/RockBox_Personal-master/devsrc/nano-soh-runtime/Shipwright/soh/src/overlays/actors/ovl_En_Fu/z_en_fu.c:312:74: warning: passing argument 3 of 'gSPSegment' makes integer from pointer without a cast [-Wint-conversion]
  312 |     gSPSegment(POLY_OPA_DISP++, 0x09, SEGMENTED_TO_VIRTUAL(sMouthSegments[this->facialExpression]));
      |                                                            ~~~~~~~~~~~~~~^~~~~~~~~~~~~~~~~~~~~~~~
      |                                                                          |
      |                                                                          void *
/home/david/Documents/RockBox_Personal-master/devsrc/nano-soh-runtime/Shipwright/soh/include/macros.h:37:36: note: in definition of macro 'SEGMENTED_TO_VIRTUAL'
   37 | #define SEGMENTED_TO_VIRTUAL(addr) addr
      |                                    ^~~~
/home/david/Documents/RockBox_Personal-master/devsrc/nano-soh-runtime/Shipwright/soh/include/functions.h:22:52: note: expected 'uintptr_t' {aka 'unsigned int'} but argument is of type 'void *'
   22 | void gSPSegment(void* value, int segNum, uintptr_t target);
      |                                          ~~~~~~~~~~^~~~~~
