overlay entry
audio arena base=0x563f14efa780 size=65044984
tlsf arena ready size=65044984
start arena=65044984
init main pool begin
init main pool ready
init renderer begin
init renderer ready
audio init requested=32000 actual=32000
init engine audio begin
init engine audio ready
init game state begin
game memory: segment and queues begin
game memory: segment and queues ready
game memory: framebuffer pointers ready
game memory: mario table begin target=0x563f14f00070
game memory: mario table ready
game memory: demo table begin target=0x563f14f04730
game memory: demo table ready
game memory: segments ready
game state: memory ready
game state: controllers ready
game state: save ready
game state: level script=0x7ffad98911e0
game state: sound player begin
game state: sound player ready
game state: sound mode begin
game state: sound mode ready
init game state ready
first frame begin
frame 0 begin tick=1192
frame 0 complete ticks=2 rendered=1
first frame ready
frame 1 begin tick=1195
frame 1 complete ticks=1 rendered=2
frame 2 begin tick=1198
frame 2 complete ticks=0 rendered=3
frame 3 begin tick=1201
frame 3 complete ticks=0 rendered=4
frame 4 begin tick=1205
frame 4 complete ticks=0 rendered=5
frame 5 begin tick=1208
frame 5 complete ticks=0 rendered=6
frame 10 begin tick=1225
frame 10 complete ticks=0 rendered=11
frame 20 begin tick=1258
frame 20 complete ticks=1 rendered=21
frame 30 begin tick=1291
frame 30 complete ticks=0 rendered=31
frame 40 begin tick=1325
frame 40 complete ticks=2 rendered=41
frame 50 begin tick=1358
frame 50 complete ticks=0 rendered=51
frame 60 begin tick=1391
frame 60 complete ticks=0 rendered=61
frame 70 begin tick=1425
frame 70 complete ticks=0 rendered=71
frame 80 begin tick=1458
frame 80 complete ticks=0 rendered=81
frame 90 begin tick=1491
frame 90 complete ticks=0 rendered=91
frame 100 begin tick=1525
frame 100 complete ticks=0 rendered=101
frame 110 begin tick=1558
frame 110 complete ticks=0 rendered=111
frame 120 begin tick=1591
frame 120 complete ticks=1 rendered=121
frame 130 begin tick=1625
frame 130 complete ticks=1 rendered=131
frame 140 begin tick=1658
frame 140 complete ticks=2 rendered=141
frame 150 begin tick=1691
frame 150 complete ticks=0 rendered=151
frame 160 begin tick=1725
frame 160 complete ticks=0 rendered=161
frame 170 begin tick=1758
frame 170 complete ticks=0 rendered=171
