/home/david/Documents/RockBox_Personal-master/devsrc/nano-soh-runtime/Shipwright/soh/src/overlays/actors/ovl_En_Vm/z_en_vm.c:127:5: warning: initialization discards 'const' qualifier from pointer target type [-Wdiscarded-qualifiers]
  127 |     gEffEnemyDeathFlame1Tex, gEffEnemyDeathFlame2Tex,  gEffEnemyDeathFlame3Tex, gEffEnemyDeathFlame4Tex,
      |     ^~~~~~~~~~~~~~~~~~~~~~~
/home/david/Documents/RockBox_Personal-master/devsrc/nano-soh-runtime/Shipwright/soh/src/overlays/actors/ovl_En_Vm/z_en_vm.c:127:30: warning: initialization discards 'const' qualifier from pointer target type [-Wdiscarded-qualifiers]
  127 |     gEffEnemyDeathFlame1Tex, gEffEnemyDeathFlame2Tex,  gEffEnemyDeathFlame3Tex, gEffEnemyDeathFlame4Tex,
      |                              ^~~~~~~~~~~~~~~~~~~~~~~
/home/david/Documents/RockBox_Personal-master/devsrc/nano-soh-runtime/Shipwright/soh/src/overlays/actors/ovl_En_Vm/z_en_vm.c:127:56: warning: initialization discards 'const' qualifier from pointer target type [-Wdiscarded-qualifiers]
  127 |     gEffEnemyDeathFlame1Tex, gEffEnemyDeathFlame2Tex,  gEffEnemyDeathFlame3Tex, gEffEnemyDeathFlame4Tex,
      |                                                        ^~~~~~~~~~~~~~~~~~~~~~~
/home/david/Documents/RockBox_Personal-master/devsrc/nano-soh-runtime/Shipwright/soh/src/overlays/actors/ovl_En_Vm/z_en_vm.c:127:81: warning: initialization discards 'const' qualifier from pointer target type [-Wdiscarded-qualifiers]
  127 |     gEffEnemyDeathFlame1Tex, gEffEnemyDeathFlame2Tex,  gEffEnemyDeathFlame3Tex, gEffEnemyDeathFlame4Tex,
      |                                                                                 ^~~~~~~~~~~~~~~~~~~~~~~
/home/david/Documents/RockBox_Personal-master/devsrc/nano-soh-runtime/Shipwright/soh/src/overlays/actors/ovl_En_Vm/z_en_vm.c:128:5: warning: initialization discards 'const' qualifier from pointer target type [-Wdiscarded-qualifiers]
  128 |     gEffEnemyDeathFlame5Tex, gEffEnemyDeathFlame6Tex,  gEffEnemyDeathFlame7Tex, gEffEnemyDeathFlame8Tex,
      |     ^~~~~~~~~~~~~~~~~~~~~~~
/home/david/Documents/RockBox_Personal-master/devsrc/nano-soh-runtime/Shipwright/soh/src/overlays/actors/ovl_En_Vm/z_en_vm.c:128:30: warning: initialization discards 'const' qualifier from pointer target type [-Wdiscarded-qualifiers]
  128 |     gEffEnemyDeathFlame5Tex, gEffEnemyDeathFlame6Tex,  gEffEnemyDeathFlame7Tex, gEffEnemyDeathFlame8Tex,
      |                              ^~~~~~~~~~~~~~~~~~~~~~~
/home/david/Documents/RockBox_Personal-master/devsrc/nano-soh-runtime/Shipwright/soh/src/overlays/actors/ovl_En_Vm/z_en_vm.c:128:56: warning: initialization discards 'const' qualifier from pointer target type [-Wdiscarded-qualifiers]
  128 |     gEffEnemyDeathFlame5Tex, gEffEnemyDeathFlame6Tex,  gEffEnemyDeathFlame7Tex, gEffEnemyDeathFlame8Tex,
      |                                                        ^~~~~~~~~~~~~~~~~~~~~~~
/home/david/Documents/RockBox_Personal-master/devsrc/nano-soh-runtime/Shipwright/soh/src/overlays/actors/ovl_En_Vm/z_en_vm.c:128:81: warning: initialization discards 'const' qualifier from pointer target type [-Wdiscarded-qualifiers]
  128 |     gEffEnemyDeathFlame5Tex, gEffEnemyDeathFlame6Tex,  gEffEnemyDeathFlame7Tex, gEffEnemyDeathFlame8Tex,
      |                                                                                 ^~~~~~~~~~~~~~~~~~~~~~~
/home/david/Documents/RockBox_Personal-master/devsrc/nano-soh-runtime/Shipwright/soh/src/overlays/actors/ovl_En_Vm/z_en_vm.c:129:5: warning: initialization discards 'const' qualifier from pointer target type [-Wdiscarded-qualifiers]
  129 |     gEffEnemyDeathFlame9Tex, gEffEnemyDeathFlame10Tex,
      |     ^~~~~~~~~~~~~~~~~~~~~~~
/home/david/Documents/RockBox_Personal-master/devsrc/nano-soh-runtime/Shipwright/soh/src/overlays/actors/ovl_En_Vm/z_en_vm.c:129:30: warning: initialization discards 'const' qualifier from pointer target type [-Wdiscarded-qualifiers]
  129 |     gEffEnemyDeathFlame9Tex, gEffEnemyDeathFlame10Tex,
      |                              ^~~~~~~~~~~~~~~~~~~~~~~~
/home/david/Documents/RockBox_Personal-master/devsrc/nano-soh-runtime/Shipwright/soh/src/overlays/actors/ovl_En_Vm/z_en_vm.c: In function 'EnVm_Init':
/home/david/Documents/RockBox_Personal-master/devsrc/nano-soh-runtime/Shipwright/soh/src/overlays/actors/ovl_En_Vm/z_en_vm.c:139:44: warning: passing argument 3 of 'SkelAnime_Init' from incompatible pointer type [-Wincompatible-pointer-types]
  139 |     SkelAnime_Init(play, &this->skelAnime, &gBeamosSkel, &gBeamosAnim, this->jointTable, this->morphTable, 11);
      |                                            ^~~~~~~~~~~~
      |                                            |
      |                                            const char (*)[37]
In file included from /home/david/Documents/RockBox_Personal-master/devsrc/nano-soh-runtime/Shipwright/soh/include/global.h:8,
                 from /home/david/Documents/RockBox_Personal-master/devsrc/nano-soh-runtime/Shipwright/soh/src/overlays/actors/ovl_En_Vm/z_en_vm.h:5,
                 from /home/david/Documents/RockBox_Personal-master/devsrc/nano-soh-runtime/Shipwright/soh/src/overlays/actors/ovl_En_Vm/z_en_vm.c:7:
/home/david/Documents/RockBox_Personal-master/devsrc/nano-soh-runtime/Shipwright/soh/include/functions.h:1327:75: note: expected 'SkeletonHeader *' but argument is of type 'const char (*)[37]'
 1327 | s32 SkelAnime_Init(PlayState* play, SkelAnime* skelAnime, SkeletonHeader* skeletonHeaderSeg,
      |                                                           ~~~~~~~~~~~~~~~~^~~~~~~~~~~~~~~~~
/home/david/Documents/RockBox_Personal-master/devsrc/nano-soh-runtime/Shipwright/soh/src/overlays/actors/ovl_En_Vm/z_en_vm.c:139:58: warning: passing argument 4 of 'SkelAnime_Init' from incompatible pointer type [-Wincompatible-pointer-types]
  139 |     SkelAnime_Init(play, &this->skelAnime, &gBeamosSkel, &gBeamosAnim, this->jointTable, this->morphTable, 11);
      |                                                          ^~~~~~~~~~~~
      |                                                          |
      |                                                          const char (*)[37]
/home/david/Documents/RockBox_Personal-master/devsrc/nano-soh-runtime/Shipwright/soh/include/functions.h:1328:37: note: expected 'AnimationHeader *' but argument is of type 'const char (*)[37]'
 1328 |                    AnimationHeader* animation, Vec3s* jointTable, Vec3s* morphTable, s32 limbCount);
      |                    ~~~~~~~~~~~~~~~~~^~~~~~~~~
/home/david/Documents/RockBox_Personal-master/devsrc/nano-soh-runtime/Shipwright/soh/src/overlays/actors/ovl_En_Vm/z_en_vm.c: In function 'EnVm_SetupWait':
/home/david/Documents/RockBox_Personal-master/devsrc/nano-soh-runtime/Shipwright/soh/src/overlays/actors/ovl_En_Vm/z_en_vm.c:169:45: warning: passing argument 1 of 'Animation_GetLastFrame' discards 'const' qualifier from pointer target type [-Wdiscarded-array-qualifiers]
  169 |     f32 frameCount = Animation_GetLastFrame(&gBeamosAnim);
      |                                             ^~~~~~~~~~~~
/home/david/Documents/RockBox_Personal-master/devsrc/nano-soh-runtime/Shipwright/soh/include/functions.h:1278:34: note: expected 'void *' but argument is of type 'const char (*)[37]'
 1278 | s16 Animation_GetLastFrame(void* animation);
      |                            ~~~~~~^~~~~~~~~
/home/david/Documents/RockBox_Personal-master/devsrc/nano-soh-runtime/Shipwright/soh/src/overlays/actors/ovl_En_Vm/z_en_vm.c:171:40: warning: passing argument 2 of 'Animation_Change' from incompatible pointer type [-Wincompatible-pointer-types]
  171 |     Animation_Change(&this->skelAnime, &gBeamosAnim, 1.0f, frameCount, frameCount, ANIMMODE_ONCE, 0.0f);
      |                                        ^~~~~~~~~~~~
      |                                        |
      |                                        const char (*)[37]
/home/david/Documents/RockBox_Personal-master/devsrc/nano-soh-runtime/Shipwright/soh/include/functions.h:1336:62: note: expected 'AnimationHeader *' but argument is of type 'const char (*)[37]'
 1336 | void Animation_Change(SkelAnime* skelAnime, AnimationHeader* animation, f32 playSpeed, f32 startFrame, f32 endFrame,
      |                                             ~~~~~~~~~~~~~~~~~^~~~~~~~~
/home/david/Documents/RockBox_Personal-master/devsrc/nano-soh-runtime/Shipwright/soh/src/overlays/actors/ovl_En_Vm/z_en_vm.c: In function 'EnVm_SetupAttack':
/home/david/Documents/RockBox_Personal-master/devsrc/nano-soh-runtime/Shipwright/soh/src/overlays/actors/ovl_En_Vm/z_en_vm.c:253:40: warning: passing argument 2 of 'Animation_Change' from incompatible pointer type [-Wincompatible-pointer-types]
  253 |     Animation_Change(&this->skelAnime, &gBeamosAnim, 3.0f, 3.0f, 7.0f, ANIMMODE_ONCE, 0.0f);
      |                                        ^~~~~~~~~~~~
      |                                        |
      |                                        const char (*)[37]
/home/david/Documents/RockBox_Personal-master/devsrc/nano-soh-runtime/Shipwright/soh/include/functions.h:1336:62: note: expected 'AnimationHeader *' but argument is of type 'const char (*)[37]'
 1336 | void Animation_Change(SkelAnime* skelAnime, AnimationHeader* animation, f32 playSpeed, f32 startFrame, f32 endFrame,
      |                                             ~~~~~~~~~~~~~~~~~^~~~~~~~~
/home/david/Documents/RockBox_Personal-master/devsrc/nano-soh-runtime/Shipwright/soh/src/overlays/actors/ovl_En_Vm/z_en_vm.c: In function 'EnVm_SetupStun':
/home/david/Documents/RockBox_Personal-master/devsrc/nano-soh-runtime/Shipwright/soh/src/overlays/actors/ovl_En_Vm/z_en_vm.c:321:84: warning: passing argument 1 of 'Animation_GetLastFrame' discards 'const' qualifier from pointer target type [-Wdiscarded-array-qualifiers]
  321 |     Animation_Change(&this->skelAnime, &gBeamosAnim, -1.0f, Animation_GetLastFrame(&gBeamosAnim), 0.0f, ANIMMODE_ONCE,
      |                                                                                    ^~~~~~~~~~~~
/home/david/Documents/RockBox_Personal-master/devsrc/nano-soh-runtime/Shipwright/soh/include/functions.h:1278:34: note: expected 'void *' but argument is of type 'const char (*)[37]'
 1278 | s16 Animation_GetLastFrame(void* animation);
      |                            ~~~~~~^~~~~~~~~
/home/david/Documents/RockBox_Personal-master/devsrc/nano-soh-runtime/Shipwright/soh/src/overlays/actors/ovl_En_Vm/z_en_vm.c:321:40: warning: passing argument 2 of 'Animation_Change' from incompatible pointer type [-Wincompatible-pointer-types]
  321 |     Animation_Change(&this->skelAnime, &gBeamosAnim, -1.0f, Animation_GetLastFrame(&gBeamosAnim), 0.0f, ANIMMODE_ONCE,
      |                                        ^~~~~~~~~~~~
      |                                        |
      |                                        const char (*)[37]
/home/david/Documents/RockBox_Personal-master/devsrc/nano-soh-runtime/Shipwright/soh/include/functions.h:1336:62: note: expected 'AnimationHeader *' but argument is of type 'const char (*)[37]'
 1336 | void Animation_Change(SkelAnime* skelAnime, AnimationHeader* animation, f32 playSpeed, f32 startFrame, f32 endFrame,
      |                                             ~~~~~~~~~~~~~~~~~^~~~~~~~~
/home/david/Documents/RockBox_Personal-master/devsrc/nano-soh-runtime/Shipwright/soh/src/overlays/actors/ovl_En_Vm/z_en_vm.c: In function 'EnVm_Stun':
/home/david/Documents/RockBox_Personal-master/devsrc/nano-soh-runtime/Shipwright/soh/src/overlays/actors/ovl_En_Vm/z_en_vm.c:340:101: warning: passing argument 1 of 'Animation_GetLastFrame' discards 'const' qualifier from pointer target type [-Wdiscarded-array-qualifiers]
  340 |                 Animation_Change(&this->skelAnime, &gBeamosAnim, 1.0f, 0.0f, Animation_GetLastFrame(&gBeamosAnim),
      |                                                                                                     ^~~~~~~~~~~~
/home/david/Documents/RockBox_Personal-master/devsrc/nano-soh-runtime/Shipwright/soh/include/functions.h:1278:34: note: expected 'void *' but argument is of type 'const char (*)[37]'
 1278 | s16 Animation_GetLastFrame(void* animation);
      |                            ~~~~~~^~~~~~~~~
/home/david/Documents/RockBox_Personal-master/devsrc/nano-soh-runtime/Shipwright/soh/src/overlays/actors/ovl_En_Vm/z_en_vm.c:340:52: warning: passing argument 2 of 'Animation_Change' from incompatible pointer type [-Wincompatible-pointer-types]
  340 |                 Animation_Change(&this->skelAnime, &gBeamosAnim, 1.0f, 0.0f, Animation_GetLastFrame(&gBeamosAnim),
      |                                                    ^~~~~~~~~~~~
      |                                                    |
      |                                                    const char (*)[37]
/home/david/Documents/RockBox_Personal-master/devsrc/nano-soh-runtime/Shipwright/soh/include/functions.h:1336:62: note: expected 'AnimationHeader *' but argument is of type 'const char (*)[37]'
 1336 | void Animation_Change(SkelAnime* skelAnime, AnimationHeader* animation, f32 playSpeed, f32 startFrame, f32 endFrame,
      |                                             ~~~~~~~~~~~~~~~~~^~~~~~~~~
/home/david/Documents/RockBox_Personal-master/devsrc/nano-soh-runtime/Shipwright/soh/src/overlays/actors/ovl_En_Vm/z_en_vm.c: In function 'EnVm_SetupDie':
/home/david/Documents/RockBox_Personal-master/devsrc/nano-soh-runtime/Shipwright/soh/src/overlays/actors/ovl_En_Vm/z_en_vm.c:356:84: warning: passing argument 1 of 'Animation_GetLastFrame' discards 'const' qualifier from pointer target type [-Wdiscarded-array-qualifiers]
  356 |     Animation_Change(&this->skelAnime, &gBeamosAnim, -1.0f, Animation_GetLastFrame(&gBeamosAnim), 0.0f, ANIMMODE_ONCE,
      |                                                                                    ^~~~~~~~~~~~
/home/david/Documents/RockBox_Personal-master/devsrc/nano-soh-runtime/Shipwright/soh/include/functions.h:1278:34: note: expected 'void *' but argument is of type 'const char (*)[37]'
 1278 | s16 Animation_GetLastFrame(void* animation);
      |                            ~~~~~~^~~~~~~~~
/home/david/Documents/RockBox_Personal-master/devsrc/nano-soh-runtime/Shipwright/soh/src/overlays/actors/ovl_En_Vm/z_en_vm.c:356:40: warning: passing argument 2 of 'Animation_Change' from incompatible pointer type [-Wincompatible-pointer-types]
  356 |     Animation_Change(&this->skelAnime, &gBeamosAnim, -1.0f, Animation_GetLastFrame(&gBeamosAnim), 0.0f, ANIMMODE_ONCE,
      |                                        ^~~~~~~~~~~~
      |                                        |
      |                                        const char (*)[37]
/home/david/Documents/RockBox_Personal-master/devsrc/nano-soh-runtime/Shipwright/soh/include/functions.h:1336:62: note: expected 'AnimationHeader *' but argument is of type 'const char (*)[37]'
 1336 | void Animation_Change(SkelAnime* skelAnime, AnimationHeader* animation, f32 playSpeed, f32 startFrame, f32 endFrame,
      |                                             ~~~~~~~~~~~~~~~~~^~~~~~~~~
In file included from /home/david/Documents/RockBox_Personal-master/devsrc/nano-soh-runtime/Shipwright/soh/include/global.h:10:
/home/david/Documents/RockBox_Personal-master/devsrc/nano-soh-runtime/Shipwright/soh/src/overlays/actors/ovl_En_Vm/z_en_vm.c: In function 'EnVm_Draw':
/home/david/Documents/RockBox_Personal-master/devsrc/nano-soh-runtime/Shipwright/soh/src/overlays/actors/ovl_En_Vm/z_en_vm.c:540:74: warning: passing argument 3 of 'gSPSegment' makes integer from pointer without a cast [-Wint-conversion]
  540 |         gSPSegment(POLY_XLU_DISP++, 0x08, SEGMENTED_TO_VIRTUAL(D_80B2EB88[play->gameplayFrames % 8]));
      |                                                                ~~~~~~~~~~^~~~~~~~~~~~~~~~~~~~~~~~~~
      |                                                                          |
      |                                                                          void *
/home/david/Documents/RockBox_Personal-master/devsrc/nano-soh-runtime/Shipwright/soh/include/macros.h:37:36: note: in definition of macro 'SEGMENTED_TO_VIRTUAL'
   37 | #define SEGMENTED_TO_VIRTUAL(addr) addr
      |                                    ^~~~
/home/david/Documents/RockBox_Personal-master/devsrc/nano-soh-runtime/Shipwright/soh/include/functions.h:22:52: note: expected 'uintptr_t' {aka 'unsigned int'} but argument is of type 'void *'
   22 | void gSPSegment(void* value, int segNum, uintptr_t target);
      |                                          ~~~~~~~~~~^~~~~~
/home/david/Documents/RockBox_Personal-master/devsrc/nano-soh-runtime/Shipwright/soh/src/overlays/actors/ovl_En_Vm/z_en_vm.c:541:41: warning: passing argument 2 of 'gSPDisplayList' from incompatible pointer type [-Wincompatible-pointer-types]
  541 |         gSPDisplayList(POLY_XLU_DISP++, gEffEnemyDeathFlameDL);
      |                                         ^~~~~~~~~~~~~~~~~~~~~
      |                                         |
      |                                         const char *
/home/david/Documents/RockBox_Personal-master/devsrc/nano-soh-runtime/Shipwright/soh/include/functions.h:24:36: note: expected 'Gfx *' but argument is of type 'const char *'
   24 | void gSPDisplayList(Gfx* pkt, Gfx* dl);
      |                               ~~~~~^~
/home/david/Documents/RockBox_Personal-master/devsrc/nano-soh-runtime/Shipwright/soh/src/overlays/actors/ovl_En_Vm/z_en_vm.c:544:74: warning: passing argument 3 of 'gSPSegment' makes integer from pointer without a cast [-Wint-conversion]
  544 |         gSPSegment(POLY_XLU_DISP++, 0x08, SEGMENTED_TO_VIRTUAL(D_80B2EB88[(play->gameplayFrames + 4) % 8]));
      |                                                                ~~~~~~~~~~^~~~~~~~~~~~~~~~~~~~~~~~~~~~~~~~
      |                                                                          |
      |                                                                          void *
/home/david/Documents/RockBox_Personal-master/devsrc/nano-soh-runtime/Shipwright/soh/include/macros.h:37:36: note: in definition of macro 'SEGMENTED_TO_VIRTUAL'
   37 | #define SEGMENTED_TO_VIRTUAL(addr) addr
      |                                    ^~~~
/home/david/Documents/RockBox_Personal-master/devsrc/nano-soh-runtime/Shipwright/soh/include/functions.h:22:52: note: expected 'uintptr_t' {aka 'unsigned int'} but argument is of type 'void *'
   22 | void gSPSegment(void* value, int segNum, uintptr_t target);
      |                                          ~~~~~~~~~~^~~~~~
/home/david/Documents/RockBox_Personal-master/devsrc/nano-soh-runtime/Shipwright/soh/src/overlays/actors/ovl_En_Vm/z_en_vm.c:545:41: warning: passing argument 2 of 'gSPDisplayList' from incompatible pointer type [-Wincompatible-pointer-types]
  545 |         gSPDisplayList(POLY_XLU_DISP++, gEffEnemyDeathFlameDL);
      |                                         ^~~~~~~~~~~~~~~~~~~~~
      |                                         |
      |                                         const char *
/home/david/Documents/RockBox_Personal-master/devsrc/nano-soh-runtime/Shipwright/soh/include/functions.h:24:36: note: expected 'Gfx *' but argument is of type 'const char *'
   24 | void gSPDisplayList(Gfx* pkt, Gfx* dl);
      |                               ~~~~~^~
/home/david/Documents/RockBox_Personal-master/devsrc/nano-soh-runtime/Shipwright/soh/src/overlays/actors/ovl_En_Vm/z_en_vm.c:547:39: warning: passing argument 3 of 'gSPSegment' makes integer from pointer without a cast [-Wint-conversion]
  547 |     gSPSegment(POLY_OPA_DISP++, 0x08, func_80094E78(play->state.gfxCtx, 0, this->beamTexScroll));
      |                                       ^~~~~~~~~~~~~~~~~~~~~~~~~~~~~~~~~~~~~~~~~~~~~~~~~~~~~~~~~
      |                                       |
      |                                       Gfx *
/home/david/Documents/RockBox_Personal-master/devsrc/nano-soh-runtime/Shipwright/soh/include/functions.h:22:52: note: expected 'uintptr_t' {aka 'unsigned int'} but argument is of type 'Gfx *'
   22 | void gSPSegment(void* value, int segNum, uintptr_t target);
      |                                          ~~~~~~~~~~^~~~~~
/home/david/Documents/RockBox_Personal-master/devsrc/nano-soh-runtime/Shipwright/soh/src/overlays/actors/ovl_En_Vm/z_en_vm.c:552:37: warning: passing argument 2 of 'gSPDisplayList' from incompatible pointer type [-Wincompatible-pointer-types]
  552 |     gSPDisplayList(POLY_OPA_DISP++, gBeamosLaserDL);
      |                                     ^~~~~~~~~~~~~~
      |                                     |
      |                                     const char *
/home/david/Documents/RockBox_Personal-master/devsrc/nano-soh-runtime/Shipwright/soh/include/functions.h:24:36: note: expected 'Gfx *' but argument is of type 'const char *'
   24 | void gSPDisplayList(Gfx* pkt, Gfx* dl);
      |                               ~~~~~^~
