/home/david/Documents/RockBox_Personal-master/devsrc/nano-soh-runtime/Shipwright/soh/src/overlays/actors/ovl_Bg_Spot02_Objects/z_bg_spot02_objects.c:29:5: warning: initialization discards 'const' qualifier from pointer target type [-Wdiscarded-qualifiers]
   29 |     object_spot02_objects_Tex_0096B0, object_spot02_objects_Tex_00A2B0, object_spot02_objects_Tex_00AEB0,
      |     ^~~~~~~~~~~~~~~~~~~~~~~~~~~~~~~~
/home/david/Documents/RockBox_Personal-master/devsrc/nano-soh-runtime/Shipwright/soh/src/overlays/actors/ovl_Bg_Spot02_Objects/z_bg_spot02_objects.c:29:39: warning: initialization discards 'const' qualifier from pointer target type [-Wdiscarded-qualifiers]
   29 |     object_spot02_objects_Tex_0096B0, object_spot02_objects_Tex_00A2B0, object_spot02_objects_Tex_00AEB0,
      |                                       ^~~~~~~~~~~~~~~~~~~~~~~~~~~~~~~~
/home/david/Documents/RockBox_Personal-master/devsrc/nano-soh-runtime/Shipwright/soh/src/overlays/actors/ovl_Bg_Spot02_Objects/z_bg_spot02_objects.c:29:73: warning: initialization discards 'const' qualifier from pointer target type [-Wdiscarded-qualifiers]
   29 |     object_spot02_objects_Tex_0096B0, object_spot02_objects_Tex_00A2B0, object_spot02_objects_Tex_00AEB0,
      |                                                                         ^~~~~~~~~~~~~~~~~~~~~~~~~~~~~~~~
/home/david/Documents/RockBox_Personal-master/devsrc/nano-soh-runtime/Shipwright/soh/src/overlays/actors/ovl_Bg_Spot02_Objects/z_bg_spot02_objects.c:30:5: warning: initialization discards 'const' qualifier from pointer target type [-Wdiscarded-qualifiers]
   30 |     object_spot02_objects_Tex_00BAB0, object_spot02_objects_Tex_00C6B0, object_spot02_objects_Tex_00D2B0,
      |     ^~~~~~~~~~~~~~~~~~~~~~~~~~~~~~~~
/home/david/Documents/RockBox_Personal-master/devsrc/nano-soh-runtime/Shipwright/soh/src/overlays/actors/ovl_Bg_Spot02_Objects/z_bg_spot02_objects.c:30:39: warning: initialization discards 'const' qualifier from pointer target type [-Wdiscarded-qualifiers]
   30 |     object_spot02_objects_Tex_00BAB0, object_spot02_objects_Tex_00C6B0, object_spot02_objects_Tex_00D2B0,
      |                                       ^~~~~~~~~~~~~~~~~~~~~~~~~~~~~~~~
/home/david/Documents/RockBox_Personal-master/devsrc/nano-soh-runtime/Shipwright/soh/src/overlays/actors/ovl_Bg_Spot02_Objects/z_bg_spot02_objects.c:30:73: warning: initialization discards 'const' qualifier from pointer target type [-Wdiscarded-qualifiers]
   30 |     object_spot02_objects_Tex_00BAB0, object_spot02_objects_Tex_00C6B0, object_spot02_objects_Tex_00D2B0,
      |                                                                         ^~~~~~~~~~~~~~~~~~~~~~~~~~~~~~~~
/home/david/Documents/RockBox_Personal-master/devsrc/nano-soh-runtime/Shipwright/soh/src/overlays/actors/ovl_Bg_Spot02_Objects/z_bg_spot02_objects.c:31:5: warning: initialization discards 'const' qualifier from pointer target type [-Wdiscarded-qualifiers]
   31 |     object_spot02_objects_Tex_00DEB0, object_spot02_objects_Tex_00EAB0, object_spot02_objects_Tex_00F6B0,
      |     ^~~~~~~~~~~~~~~~~~~~~~~~~~~~~~~~
/home/david/Documents/RockBox_Personal-master/devsrc/nano-soh-runtime/Shipwright/soh/src/overlays/actors/ovl_Bg_Spot02_Objects/z_bg_spot02_objects.c:31:39: warning: initialization discards 'const' qualifier from pointer target type [-Wdiscarded-qualifiers]
   31 |     object_spot02_objects_Tex_00DEB0, object_spot02_objects_Tex_00EAB0, object_spot02_objects_Tex_00F6B0,
      |                                       ^~~~~~~~~~~~~~~~~~~~~~~~~~~~~~~~
/home/david/Documents/RockBox_Personal-master/devsrc/nano-soh-runtime/Shipwright/soh/src/overlays/actors/ovl_Bg_Spot02_Objects/z_bg_spot02_objects.c:31:73: warning: initialization discards 'const' qualifier from pointer target type [-Wdiscarded-qualifiers]
   31 |     object_spot02_objects_Tex_00DEB0, object_spot02_objects_Tex_00EAB0, object_spot02_objects_Tex_00F6B0,
      |                                                                         ^~~~~~~~~~~~~~~~~~~~~~~~~~~~~~~~
/home/david/Documents/RockBox_Personal-master/devsrc/nano-soh-runtime/Shipwright/soh/src/overlays/actors/ovl_Bg_Spot02_Objects/z_bg_spot02_objects.c:32:5: warning: initialization discards 'const' qualifier from pointer target type [-Wdiscarded-qualifiers]
   32 |     object_spot02_objects_Tex_0102B0, object_spot02_objects_Tex_010EB0, object_spot02_objects_Tex_011AB0,
      |     ^~~~~~~~~~~~~~~~~~~~~~~~~~~~~~~~
/home/david/Documents/RockBox_Personal-master/devsrc/nano-soh-runtime/Shipwright/soh/src/overlays/actors/ovl_Bg_Spot02_Objects/z_bg_spot02_objects.c:32:39: warning: initialization discards 'const' qualifier from pointer target type [-Wdiscarded-qualifiers]
   32 |     object_spot02_objects_Tex_0102B0, object_spot02_objects_Tex_010EB0, object_spot02_objects_Tex_011AB0,
      |                                       ^~~~~~~~~~~~~~~~~~~~~~~~~~~~~~~~
/home/david/Documents/RockBox_Personal-master/devsrc/nano-soh-runtime/Shipwright/soh/src/overlays/actors/ovl_Bg_Spot02_Objects/z_bg_spot02_objects.c:32:73: warning: initialization discards 'const' qualifier from pointer target type [-Wdiscarded-qualifiers]
   32 |     object_spot02_objects_Tex_0102B0, object_spot02_objects_Tex_010EB0, object_spot02_objects_Tex_011AB0,
      |                                                                         ^~~~~~~~~~~~~~~~~~~~~~~~~~~~~~~~
/home/david/Documents/RockBox_Personal-master/devsrc/nano-soh-runtime/Shipwright/soh/src/overlays/actors/ovl_Bg_Spot02_Objects/z_bg_spot02_objects.c: In function 'BgSpot02Objects_Init':
/home/david/Documents/RockBox_Personal-master/devsrc/nano-soh-runtime/Shipwright/soh/src/overlays/actors/ovl_Bg_Spot02_Objects/z_bg_spot02_objects.c:75:44: warning: passing argument 1 of 'CollisionHeader_GetVirtual' discards 'const' qualifier from pointer target type [-Wdiscarded-array-qualifiers]
   75 |                 CollisionHeader_GetVirtual(&object_spot02_objects_Col_012BA4, &colHeader);
      |                                            ^~~~~~~~~~~~~~~~~~~~~~~~~~~~~~~~~
In file included from /home/david/Documents/RockBox_Personal-master/devsrc/nano-soh-runtime/Shipwright/soh/include/global.h:8,
                 from /home/david/Documents/RockBox_Personal-master/devsrc/nano-soh-runtime/Shipwright/soh/src/overlays/actors/ovl_Bg_Spot02_Objects/z_bg_spot02_objects.h:5,
                 from /home/david/Documents/RockBox_Personal-master/devsrc/nano-soh-runtime/Shipwright/soh/src/overlays/actors/ovl_Bg_Spot02_Objects/z_bg_spot02_objects.c:7:
/home/david/Documents/RockBox_Personal-master/devsrc/nano-soh-runtime/Shipwright/soh/include/functions.h:673:39: note: expected 'void *' but argument is of type 'const char (*)[70]'
  673 | void CollisionHeader_GetVirtual(void* colHeader, CollisionHeader** dest);
      |                                 ~~~~~~^~~~~~~~~
/home/david/Documents/RockBox_Personal-master/devsrc/nano-soh-runtime/Shipwright/soh/src/overlays/actors/ovl_Bg_Spot02_Objects/z_bg_spot02_objects.c:78:44: warning: passing argument 1 of 'CollisionHeader_GetVirtual' discards 'const' qualifier from pointer target type [-Wdiscarded-array-qualifiers]
   78 |                 CollisionHeader_GetVirtual(&object_spot02_objects_Col_0128D8, &colHeader);
      |                                            ^~~~~~~~~~~~~~~~~~~~~~~~~~~~~~~~~
/home/david/Documents/RockBox_Personal-master/devsrc/nano-soh-runtime/Shipwright/soh/include/functions.h:673:39: note: expected 'void *' but argument is of type 'const char (*)[70]'
  673 | void CollisionHeader_GetVirtual(void* colHeader, CollisionHeader** dest);
      |                                 ~~~~~~^~~~~~~~~
/home/david/Documents/RockBox_Personal-master/devsrc/nano-soh-runtime/Shipwright/soh/src/overlays/actors/ovl_Bg_Spot02_Objects/z_bg_spot02_objects.c:87:44: warning: passing argument 1 of 'CollisionHeader_GetVirtual' discards 'const' qualifier from pointer target type [-Wdiscarded-array-qualifiers]
   87 |                 CollisionHeader_GetVirtual(&object_spot02_objects_Col_0133EC, &colHeader);
      |                                            ^~~~~~~~~~~~~~~~~~~~~~~~~~~~~~~~~
/home/david/Documents/RockBox_Personal-master/devsrc/nano-soh-runtime/Shipwright/soh/include/functions.h:673:39: note: expected 'void *' but argument is of type 'const char (*)[70]'
  673 | void CollisionHeader_GetVirtual(void* colHeader, CollisionHeader** dest);
      |                                 ~~~~~~^~~~~~~~~
/home/david/Documents/RockBox_Personal-master/devsrc/nano-soh-runtime/Shipwright/soh/src/overlays/actors/ovl_Bg_Spot02_Objects/z_bg_spot02_objects.c: In function 'func_808ACA08':
/home/david/Documents/RockBox_Personal-master/devsrc/nano-soh-runtime/Shipwright/soh/src/overlays/actors/ovl_Bg_Spot02_Objects/z_bg_spot02_objects.c:160:34: warning: passing argument 10 of 'EffectSsHahen_SpawnBurst' from incompatible pointer type [-Wincompatible-pointer-types]
  160 |                                  object_spot02_objects_DL_012D30);
      |                                  ^~~~~~~~~~~~~~~~~~~~~~~~~~~~~~~
      |                                  |
      |                                  const char *
/home/david/Documents/RockBox_Personal-master/devsrc/nano-soh-runtime/Shipwright/soh/include/functions.h:309:88: note: expected 'Gfx *' but argument is of type 'const char *'
  309 |                               s16 randScaleRange, s16 count, s16 objId, s16 life, Gfx* dList);
      |                                                                                   ~~~~~^~~~~
/home/david/Documents/RockBox_Personal-master/devsrc/nano-soh-runtime/Shipwright/soh/src/overlays/actors/ovl_Bg_Spot02_Objects/z_bg_spot02_objects.c: In function 'BgSpot02Objects_Draw':
/home/david/Documents/RockBox_Personal-master/devsrc/nano-soh-runtime/Shipwright/soh/src/overlays/actors/ovl_Bg_Spot02_Objects/z_bg_spot02_objects.c:201:9: warning: initialization of 'Gfx *' from incompatible pointer type 'const char *' [-Wincompatible-pointer-types]
  201 |         object_spot02_objects_DL_012A50,
      |         ^~~~~~~~~~~~~~~~~~~~~~~~~~~~~~~
/home/david/Documents/RockBox_Personal-master/devsrc/nano-soh-runtime/Shipwright/soh/src/overlays/actors/ovl_Bg_Spot02_Objects/z_bg_spot02_objects.c:201:9: note: (near initialization for 'dLists[0]')
/home/david/Documents/RockBox_Personal-master/devsrc/nano-soh-runtime/Shipwright/soh/src/overlays/actors/ovl_Bg_Spot02_Objects/z_bg_spot02_objects.c:202:9: warning: initialization of 'Gfx *' from incompatible pointer type 'const char *' [-Wincompatible-pointer-types]
  202 |         object_spot02_objects_DL_0127C0,
      |         ^~~~~~~~~~~~~~~~~~~~~~~~~~~~~~~
/home/david/Documents/RockBox_Personal-master/devsrc/nano-soh-runtime/Shipwright/soh/src/overlays/actors/ovl_Bg_Spot02_Objects/z_bg_spot02_objects.c:202:9: note: (near initialization for 'dLists[1]')
/home/david/Documents/RockBox_Personal-master/devsrc/nano-soh-runtime/Shipwright/soh/src/overlays/actors/ovl_Bg_Spot02_Objects/z_bg_spot02_objects.c:203:9: warning: initialization of 'Gfx *' from incompatible pointer type 'const char *' [-Wincompatible-pointer-types]
  203 |         object_spot02_objects_DL_0130B0,
      |         ^~~~~~~~~~~~~~~~~~~~~~~~~~~~~~~
/home/david/Documents/RockBox_Personal-master/devsrc/nano-soh-runtime/Shipwright/soh/src/overlays/actors/ovl_Bg_Spot02_Objects/z_bg_spot02_objects.c:203:9: note: (near initialization for 'dLists[2]')
In file included from /home/david/Documents/RockBox_Personal-master/devsrc/nano-soh-runtime/Shipwright/soh/include/global.h:10:
/home/david/Documents/RockBox_Personal-master/devsrc/nano-soh-runtime/Shipwright/soh/src/overlays/actors/ovl_Bg_Spot02_Objects/z_bg_spot02_objects.c: In function 'func_808ACCB8':
/home/david/Documents/RockBox_Personal-master/devsrc/nano-soh-runtime/Shipwright/soh/src/overlays/actors/ovl_Bg_Spot02_Objects/z_bg_spot02_objects.c:265:74: warning: passing argument 3 of 'gSPSegment' makes integer from pointer without a cast [-Wint-conversion]
  265 |         gSPSegment(POLY_XLU_DISP++, 0x08, SEGMENTED_TO_VIRTUAL(D_808AD850[this->unk_16A]));
      |                                                                ~~~~~~~~~~^~~~~~~~~~~~~~~
      |                                                                          |
      |                                                                          void *
/home/david/Documents/RockBox_Personal-master/devsrc/nano-soh-runtime/Shipwright/soh/include/macros.h:37:36: note: in definition of macro 'SEGMENTED_TO_VIRTUAL'
   37 | #define SEGMENTED_TO_VIRTUAL(addr) addr
      |                                    ^~~~
/home/david/Documents/RockBox_Personal-master/devsrc/nano-soh-runtime/Shipwright/soh/include/functions.h:22:52: note: expected 'uintptr_t' {aka 'unsigned int'} but argument is of type 'void *'
   22 | void gSPSegment(void* value, int segNum, uintptr_t target);
      |                                          ~~~~~~~~~~^~~~~~
/home/david/Documents/RockBox_Personal-master/devsrc/nano-soh-runtime/Shipwright/soh/src/overlays/actors/ovl_Bg_Spot02_Objects/z_bg_spot02_objects.c:267:41: warning: passing argument 2 of 'gSPDisplayList' from incompatible pointer type [-Wincompatible-pointer-types]
  267 |         gSPDisplayList(POLY_XLU_DISP++, object_spot02_objects_DL_0126F0);
      |                                         ^~~~~~~~~~~~~~~~~~~~~~~~~~~~~~~
      |                                         |
      |                                         const char *
/home/david/Documents/RockBox_Personal-master/devsrc/nano-soh-runtime/Shipwright/soh/include/functions.h:24:36: note: expected 'Gfx *' but argument is of type 'const char *'
   24 | void gSPDisplayList(Gfx* pkt, Gfx* dl);
      |                               ~~~~~^~
/home/david/Documents/RockBox_Personal-master/devsrc/nano-soh-runtime/Shipwright/soh/src/overlays/actors/ovl_Bg_Spot02_Objects/z_bg_spot02_objects.c: In function 'func_808AD450':
/home/david/Documents/RockBox_Personal-master/devsrc/nano-soh-runtime/Shipwright/soh/src/overlays/actors/ovl_Bg_Spot02_Objects/z_bg_spot02_objects.c:325:24: warning: passing argument 3 of 'gSPSegment' makes integer from pointer without a cast [-Wint-conversion]
  325 |                        Gfx_TwoTexScrollEx(play->state.gfxCtx, 0, 2 * this->timer, -3 * this->timer, 32, 64, 1,
      |                        ^~~~~~~~~~~~~~~~~~~~~~~~~~~~~~~~~~~~~~~~~~~~~~~~~~~~~~~~~~~~~~~~~~~~~~~~~~~~~~~~~~~~~~~
      |                        |
      |                        Gfx *
  326 |                                           4 * this->timer, -6 * this->timer, 32, 64, 2, -3, 4, -6));
      |                                           ~~~~~~~~~~~~~~~~~~~~~~~~~~~~~~~~~~~~~~~~~~~~~~~~~~~~~~~~
/home/david/Documents/RockBox_Personal-master/devsrc/nano-soh-runtime/Shipwright/soh/include/functions.h:22:52: note: expected 'uintptr_t' {aka 'unsigned int'} but argument is of type 'Gfx *'
   22 | void gSPSegment(void* value, int segNum, uintptr_t target);
      |                                          ~~~~~~~~~~^~~~~~
/home/david/Documents/RockBox_Personal-master/devsrc/nano-soh-runtime/Shipwright/soh/src/overlays/actors/ovl_Bg_Spot02_Objects/z_bg_spot02_objects.c:328:45: warning: passing argument 2 of 'gSPDisplayList' from incompatible pointer type [-Wincompatible-pointer-types]
  328 |             gSPDisplayList(POLY_XLU_DISP++, object_spot02_objects_DL_0013F0);
      |                                             ^~~~~~~~~~~~~~~~~~~~~~~~~~~~~~~
      |                                             |
      |                                             const char *
/home/david/Documents/RockBox_Personal-master/devsrc/nano-soh-runtime/Shipwright/soh/include/functions.h:24:36: note: expected 'Gfx *' but argument is of type 'const char *'
   24 | void gSPDisplayList(Gfx* pkt, Gfx* dl);
      |                               ~~~~~^~
