Archive member included to satisfy reference by file (symbol)

/home/david/Documents/RockBox_Personal-master/build-hw-ipodvideo-5g/apps/plugins/libplugin.a(playback_control.o)
                              /home/david/Documents/RockBox_Personal-master/build-hw-ipodvideo-5g/apps/plugins/blackjack.o (playback_control)
/home/david/Documents/RockBox_Personal-master/build-hw-ipodvideo-5g/apps/plugins/libplugin.a(highscore.o)
                              /home/david/Documents/RockBox_Personal-master/build-hw-ipodvideo-5g/apps/plugins/blackjack.o (highscore_save)
/home/david/Documents/RockBox_Personal-master/build-hw-ipodvideo-5g/apps/plugins/libplugin.a(display_text.o)
                              /home/david/Documents/RockBox_Personal-master/build-hw-ipodvideo-5g/apps/plugins/blackjack.o (display_text)
/home/david/Documents/RockBox_Personal-master/build-hw-ipodvideo-5g/apps/plugins/bitmaps/libpluginbitmaps.a(card_back.37x49x16.o)
                              /home/david/Documents/RockBox_Personal-master/build-hw-ipodvideo-5g/apps/plugins/blackjack.o (card_back)
/home/david/Documents/RockBox_Personal-master/build-hw-ipodvideo-5g/apps/plugins/bitmaps/libpluginbitmaps.a(card_deck.481x196x16.o)
                              /home/david/Documents/RockBox_Personal-master/build-hw-ipodvideo-5g/apps/plugins/blackjack.o (card_deck)
/home/david/Documents/RockBox_Personal-master/build-hw-ipodvideo-5g/lib/libsetjmp.a(setjmp.o)
                              /home/david/Documents/RockBox_Personal-master/build-hw-ipodvideo-5g/apps/plugins/plugin_crt0.o (setjmp)
/usr/local/lib/gcc/arm-elf-eabi/9.5.0/libgcc.a(_divsi3.o)
                              /home/david/Documents/RockBox_Personal-master/build-hw-ipodvideo-5g/apps/plugins/blackjack.o (__aeabi_idivmod)
/usr/local/lib/gcc/arm-elf-eabi/9.5.0/libgcc.a(_dvmd_tls.o)
                              /usr/local/lib/gcc/arm-elf-eabi/9.5.0/libgcc.a(_divsi3.o) (__aeabi_idiv0)

Discarded input sections

 .text          0x0000000000000000        0x0 /home/david/Documents/RockBox_Personal-master/build-hw-ipodvideo-5g/apps/plugins/libplugin.a(playback_control.o)
 .data          0x0000000000000000        0x0 /home/david/Documents/RockBox_Personal-master/build-hw-ipodvideo-5g/apps/plugins/libplugin.a(playback_control.o)
 .bss           0x0000000000000000        0x0 /home/david/Documents/RockBox_Personal-master/build-hw-ipodvideo-5g/apps/plugins/libplugin.a(playback_control.o)
 .text.playback_control_init
                0x0000000000000000       0x10 /home/david/Documents/RockBox_Personal-master/build-hw-ipodvideo-5g/apps/plugins/libplugin.a(playback_control.o)
 .text          0x0000000000000000        0x0 /home/david/Documents/RockBox_Personal-master/build-hw-ipodvideo-5g/apps/plugins/libplugin.a(highscore.o)
 .data          0x0000000000000000        0x0 /home/david/Documents/RockBox_Personal-master/build-hw-ipodvideo-5g/apps/plugins/libplugin.a(highscore.o)
 .bss           0x0000000000000000        0x0 /home/david/Documents/RockBox_Personal-master/build-hw-ipodvideo-5g/apps/plugins/libplugin.a(highscore.o)
 .text          0x0000000000000000        0x0 /home/david/Documents/RockBox_Personal-master/build-hw-ipodvideo-5g/apps/plugins/libplugin.a(display_text.o)
 .data          0x0000000000000000        0x0 /home/david/Documents/RockBox_Personal-master/build-hw-ipodvideo-5g/apps/plugins/libplugin.a(display_text.o)
 .bss           0x0000000000000000        0x0 /home/david/Documents/RockBox_Personal-master/build-hw-ipodvideo-5g/apps/plugins/libplugin.a(display_text.o)
 .text          0x0000000000000000        0x0 /home/david/Documents/RockBox_Personal-master/build-hw-ipodvideo-5g/apps/plugins/bitmaps/libpluginbitmaps.a(card_back.37x49x16.o)
 .data          0x0000000000000000        0x0 /home/david/Documents/RockBox_Personal-master/build-hw-ipodvideo-5g/apps/plugins/bitmaps/libpluginbitmaps.a(card_back.37x49x16.o)
 .bss           0x0000000000000000        0x0 /home/david/Documents/RockBox_Personal-master/build-hw-ipodvideo-5g/apps/plugins/bitmaps/libpluginbitmaps.a(card_back.37x49x16.o)
 .text          0x0000000000000000        0x0 /home/david/Documents/RockBox_Personal-master/build-hw-ipodvideo-5g/apps/plugins/bitmaps/libpluginbitmaps.a(card_deck.481x196x16.o)
 .data          0x0000000000000000        0x0 /home/david/Documents/RockBox_Personal-master/build-hw-ipodvideo-5g/apps/plugins/bitmaps/libpluginbitmaps.a(card_deck.481x196x16.o)
 .bss           0x0000000000000000        0x0 /home/david/Documents/RockBox_Personal-master/build-hw-ipodvideo-5g/apps/plugins/bitmaps/libpluginbitmaps.a(card_deck.481x196x16.o)
 .data          0x0000000000000000        0x0 /home/david/Documents/RockBox_Personal-master/build-hw-ipodvideo-5g/lib/libsetjmp.a(setjmp.o)
 .bss           0x0000000000000000        0x0 /home/david/Documents/RockBox_Personal-master/build-hw-ipodvideo-5g/lib/libsetjmp.a(setjmp.o)
 .data          0x0000000000000000        0x0 /usr/local/lib/gcc/arm-elf-eabi/9.5.0/libgcc.a(_divsi3.o)
 .bss           0x0000000000000000        0x0 /usr/local/lib/gcc/arm-elf-eabi/9.5.0/libgcc.a(_divsi3.o)
 .data          0x0000000000000000        0x0 /usr/local/lib/gcc/arm-elf-eabi/9.5.0/libgcc.a(_dvmd_tls.o)
 .bss           0x0000000000000000        0x0 /usr/local/lib/gcc/arm-elf-eabi/9.5.0/libgcc.a(_dvmd_tls.o)

Memory Configuration

Name             Origin             Length             Attributes
PLUGIN_RAM       0x0000000003f00000 0x0000000000100000
PLUGIN_IRAM      0x000000004000c000 0x0000000000014000
*default*        0x0000000000000000 0xffffffffffffffff

Linker script and memory map

LOAD /home/david/Documents/RockBox_Personal-master/build-hw-ipodvideo-5g/apps/plugins/blackjack.o
LOAD /home/david/Documents/RockBox_Personal-master/build-hw-ipodvideo-5g/apps/plugins/plugin_crt0.o
LOAD /home/david/Documents/RockBox_Personal-master/build-hw-ipodvideo-5g/apps/plugins/libplugin.a
LOAD /home/david/Documents/RockBox_Personal-master/build-hw-ipodvideo-5g/apps/plugins/bitmaps/libpluginbitmaps.a
LOAD /home/david/Documents/RockBox_Personal-master/build-hw-ipodvideo-5g/lib/libsetjmp.a
LOAD /home/david/Documents/RockBox_Personal-master/build-hw-ipodvideo-5g/lib/libfixedpoint.a
LOAD /usr/local/lib/gcc/arm-elf-eabi/9.5.0/libgcc.a

.header         0x0000000003f00000       0x1c
                0x0000000003f00000                _plugin_start_addr = .
                0x0000000003f00000                plugin_start_addr = .
 *(.header)
 .header        0x0000000003f00000       0x1c /home/david/Documents/RockBox_Personal-master/build-hw-ipodvideo-5g/apps/plugins/plugin_crt0.o
                0x0000000003f00000                __header

.text           0x0000000003f0001c     0x2f14
 *(.text*)
 .text          0x0000000003f0001c     0x1e58 /home/david/Documents/RockBox_Personal-master/build-hw-ipodvideo-5g/apps/plugins/blackjack.o
                0x0000000003f011a0                plugin_start
 .text          0x0000000003f01e74      0x214 /home/david/Documents/RockBox_Personal-master/build-hw-ipodvideo-5g/apps/plugins/plugin_crt0.o
                0x0000000003f01e8c                plugin__start
                0x0000000003f01fd4                rb_atexit
                0x0000000003f01ff4                exit
                0x0000000003f0201c                _exit
                0x0000000003f02030                exit_on_usb
 .text.prevtrack
                0x0000000003f02088       0x28 /home/david/Documents/RockBox_Personal-master/build-hw-ipodvideo-5g/apps/plugins/libplugin.a(playback_control.o)
 .text.stop     0x0000000003f020b0       0x28 /home/david/Documents/RockBox_Personal-master/build-hw-ipodvideo-5g/apps/plugins/libplugin.a(playback_control.o)
 .text.nexttrack
                0x0000000003f020d8       0x28 /home/david/Documents/RockBox_Personal-master/build-hw-ipodvideo-5g/apps/plugins/libplugin.a(playback_control.o)
 .text.volume   0x0000000003f02100       0x4c /home/david/Documents/RockBox_Personal-master/build-hw-ipodvideo-5g/apps/plugins/libplugin.a(playback_control.o)
 .text.shuffle  0x0000000003f0214c       0x54 /home/david/Documents/RockBox_Personal-master/build-hw-ipodvideo-5g/apps/plugins/libplugin.a(playback_control.o)
 .text.play     0x0000000003f021a0       0x98 /home/david/Documents/RockBox_Personal-master/build-hw-ipodvideo-5g/apps/plugins/libplugin.a(playback_control.o)
 .text.repeat_mode
                0x0000000003f02238       0x98 /home/david/Documents/RockBox_Personal-master/build-hw-ipodvideo-5g/apps/plugins/libplugin.a(playback_control.o)
 .text.playback_control
                0x0000000003f022d0       0x50 /home/david/Documents/RockBox_Personal-master/build-hw-ipodvideo-5g/apps/plugins/libplugin.a(playback_control.o)
                0x0000000003f022d0                playback_control
 .text.highscore_save
                0x0000000003f02320      0x11c /home/david/Documents/RockBox_Personal-master/build-hw-ipodvideo-5g/apps/plugins/libplugin.a(highscore.o)
                0x0000000003f02320                highscore_save
 .text.highscore_load
                0x0000000003f0243c      0x164 /home/david/Documents/RockBox_Personal-master/build-hw-ipodvideo-5g/apps/plugins/libplugin.a(highscore.o)
                0x0000000003f0243c                highscore_load
 .text.highscore_would_update
                0x0000000003f025a0       0x2c /home/david/Documents/RockBox_Personal-master/build-hw-ipodvideo-5g/apps/plugins/libplugin.a(highscore.o)
                0x0000000003f025a0                highscore_would_update
 .text.highscore_update
                0x0000000003f025cc       0xb8 /home/david/Documents/RockBox_Personal-master/build-hw-ipodvideo-5g/apps/plugins/libplugin.a(highscore.o)
                0x0000000003f025cc                highscore_update
 .text.highscore_show
                0x0000000003f02684      0x33c /home/david/Documents/RockBox_Personal-master/build-hw-ipodvideo-5g/apps/plugins/libplugin.a(highscore.o)
                0x0000000003f02684                highscore_show
 .text.wait_key_press
                0x0000000003f029c0       0x5c /home/david/Documents/RockBox_Personal-master/build-hw-ipodvideo-5g/apps/plugins/libplugin.a(display_text.o)
 .text.display_text
                0x0000000003f02a1c      0x3ac /home/david/Documents/RockBox_Personal-master/build-hw-ipodvideo-5g/apps/plugins/libplugin.a(display_text.o)
                0x0000000003f02a1c                display_text
 .text          0x0000000003f02dc8       0x1c /home/david/Documents/RockBox_Personal-master/build-hw-ipodvideo-5g/lib/libsetjmp.a(setjmp.o)
                0x0000000003f02dc8                setjmp
                0x0000000003f02dd4                longjmp
 .text          0x0000000003f02de4      0x148 /usr/local/lib/gcc/arm-elf-eabi/9.5.0/libgcc.a(_divsi3.o)
                0x0000000003f02de4                __aeabi_idiv
                0x0000000003f02de4                __divsi3
                0x0000000003f02f0c                __aeabi_idivmod
 .text          0x0000000003f02f2c        0x4 /usr/local/lib/gcc/arm-elf-eabi/9.5.0/libgcc.a(_dvmd_tls.o)
                0x0000000003f02f2c                __aeabi_ldiv0
                0x0000000003f02f2c                __aeabi_idiv0
 *(.glue_7)
 .glue_7        0x0000000003f02f30        0x0 linker stubs
 *(.glue_7t)
 .glue_7t       0x0000000003f02f30        0x0 linker stubs

.vfp11_veneer   0x0000000003f02f30        0x0
 .vfp11_veneer  0x0000000003f02f30        0x0 linker stubs

.v4_bx          0x0000000003f02f30        0x0
 .v4_bx         0x0000000003f02f30        0x0 linker stubs

.iplt           0x0000000003f02f30        0x0
 .iplt          0x0000000003f02f30        0x0 /home/david/Documents/RockBox_Personal-master/build-hw-ipodvideo-5g/apps/plugins/blackjack.o

.rodata         0x0000000003f02f30    0x2f2e8
 *(.rodata*)
 .rodata.str1.1
                0x0000000003f02f30      0x2ce /home/david/Documents/RockBox_Personal-master/build-hw-ipodvideo-5g/apps/plugins/blackjack.o
                                        0x2d9 (size before relaxing)
 *fill*         0x0000000003f031fe        0x2 
 .rodata        0x0000000003f03200       0x2c /home/david/Documents/RockBox_Personal-master/build-hw-ipodvideo-5g/apps/plugins/blackjack.o
 .rodata.volume.str1.1
                0x0000000003f0322c        0x7 /home/david/Documents/RockBox_Personal-master/build-hw-ipodvideo-5g/apps/plugins/libplugin.a(playback_control.o)
 .rodata.shuffle.str1.1
                0x0000000003f03233        0x8 /home/david/Documents/RockBox_Personal-master/build-hw-ipodvideo-5g/apps/plugins/libplugin.a(playback_control.o)
 .rodata.repeat_mode.str1.1
                0x0000000003f0323b        0x7 /home/david/Documents/RockBox_Personal-master/build-hw-ipodvideo-5g/apps/plugins/libplugin.a(playback_control.o)
 *fill*         0x0000000003f03242        0x2 
 .rodata.nexttrack_item
                0x0000000003f03244        0xc /home/david/Documents/RockBox_Personal-master/build-hw-ipodvideo-5g/apps/plugins/libplugin.a(playback_control.o)
                0x0000000003f03244                nexttrack_item
 .rodata.nexttrack_item_
                0x0000000003f03250        0xc /home/david/Documents/RockBox_Personal-master/build-hw-ipodvideo-5g/apps/plugins/libplugin.a(playback_control.o)
 .rodata.nexttrack_item__
                0x0000000003f0325c        0x4 /home/david/Documents/RockBox_Personal-master/build-hw-ipodvideo-5g/apps/plugins/libplugin.a(playback_control.o)
 .rodata.playback_control_menu
                0x0000000003f03260        0xc /home/david/Documents/RockBox_Personal-master/build-hw-ipodvideo-5g/apps/plugins/libplugin.a(playback_control.o)
                0x0000000003f03260                playback_control_menu
 .rodata.playback_control_menu__
                0x0000000003f0326c        0xc /home/david/Documents/RockBox_Personal-master/build-hw-ipodvideo-5g/apps/plugins/libplugin.a(playback_control.o)
 .rodata.playpause_item
                0x0000000003f03278        0xc /home/david/Documents/RockBox_Personal-master/build-hw-ipodvideo-5g/apps/plugins/libplugin.a(playback_control.o)
                0x0000000003f03278                playpause_item
 .rodata.playpause_item_
                0x0000000003f03284        0xc /home/david/Documents/RockBox_Personal-master/build-hw-ipodvideo-5g/apps/plugins/libplugin.a(playback_control.o)
 .rodata.playpause_item__
                0x0000000003f03290        0x4 /home/david/Documents/RockBox_Personal-master/build-hw-ipodvideo-5g/apps/plugins/libplugin.a(playback_control.o)
 .rodata.prevtrack_item
                0x0000000003f03294        0xc /home/david/Documents/RockBox_Personal-master/build-hw-ipodvideo-5g/apps/plugins/libplugin.a(playback_control.o)
                0x0000000003f03294                prevtrack_item
 .rodata.prevtrack_item_
                0x0000000003f032a0        0xc /home/david/Documents/RockBox_Personal-master/build-hw-ipodvideo-5g/apps/plugins/libplugin.a(playback_control.o)
 .rodata.prevtrack_item__
                0x0000000003f032ac        0x4 /home/david/Documents/RockBox_Personal-master/build-hw-ipodvideo-5g/apps/plugins/libplugin.a(playback_control.o)
 .rodata.repeat_mode_item
                0x0000000003f032b0        0xc /home/david/Documents/RockBox_Personal-master/build-hw-ipodvideo-5g/apps/plugins/libplugin.a(playback_control.o)
                0x0000000003f032b0                repeat_mode_item
 .rodata.repeat_mode_item_
                0x0000000003f032bc        0xc /home/david/Documents/RockBox_Personal-master/build-hw-ipodvideo-5g/apps/plugins/libplugin.a(playback_control.o)
 .rodata.repeat_mode_item__
                0x0000000003f032c8        0x4 /home/david/Documents/RockBox_Personal-master/build-hw-ipodvideo-5g/apps/plugins/libplugin.a(playback_control.o)
 .rodata.shuffle_item
                0x0000000003f032cc        0xc /home/david/Documents/RockBox_Personal-master/build-hw-ipodvideo-5g/apps/plugins/libplugin.a(playback_control.o)
                0x0000000003f032cc                shuffle_item
 .rodata.shuffle_item_
                0x0000000003f032d8        0xc /home/david/Documents/RockBox_Personal-master/build-hw-ipodvideo-5g/apps/plugins/libplugin.a(playback_control.o)
 .rodata.shuffle_item__
                0x0000000003f032e4        0x4 /home/david/Documents/RockBox_Personal-master/build-hw-ipodvideo-5g/apps/plugins/libplugin.a(playback_control.o)
 .rodata.stop_item
                0x0000000003f032e8        0xc /home/david/Documents/RockBox_Personal-master/build-hw-ipodvideo-5g/apps/plugins/libplugin.a(playback_control.o)
                0x0000000003f032e8                stop_item
 .rodata.stop_item_
                0x0000000003f032f4        0xc /home/david/Documents/RockBox_Personal-master/build-hw-ipodvideo-5g/apps/plugins/libplugin.a(playback_control.o)
 .rodata.stop_item__
                0x0000000003f03300        0x4 /home/david/Documents/RockBox_Personal-master/build-hw-ipodvideo-5g/apps/plugins/libplugin.a(playback_control.o)
 .rodata.volume_item
                0x0000000003f03304        0xc /home/david/Documents/RockBox_Personal-master/build-hw-ipodvideo-5g/apps/plugins/libplugin.a(playback_control.o)
                0x0000000003f03304                volume_item
 .rodata.volume_item_
                0x0000000003f03310        0xc /home/david/Documents/RockBox_Personal-master/build-hw-ipodvideo-5g/apps/plugins/libplugin.a(playback_control.o)
 .rodata.volume_item__
                0x0000000003f0331c        0x4 /home/david/Documents/RockBox_Personal-master/build-hw-ipodvideo-5g/apps/plugins/libplugin.a(playback_control.o)
 .rodata.highscore_save.str1.1
                0x0000000003f03320        0xa /home/david/Documents/RockBox_Personal-master/build-hw-ipodvideo-5g/apps/plugins/libplugin.a(highscore.o)
 .rodata.highscore_show.str1.1
                0x0000000003f0332a        0xa /home/david/Documents/RockBox_Personal-master/build-hw-ipodvideo-5g/apps/plugins/libplugin.a(highscore.o)
                                         0x1f (size before relaxing)
 .rodata.display_text.str1.1
                0x0000000003f03334        0xa /home/david/Documents/RockBox_Personal-master/build-hw-ipodvideo-5g/apps/plugins/libplugin.a(display_text.o)
                                          0x3 (size before relaxing)
 .rodata        0x0000000003f03334      0xe42 /home/david/Documents/RockBox_Personal-master/build-hw-ipodvideo-5g/apps/plugins/bitmaps/libpluginbitmaps.a(card_back.37x49x16.o)
                0x0000000003f03334                bm_card_back
                0x0000000003f0334c                card_back
 *fill*         0x0000000003f04176        0x2 
 .rodata        0x0000000003f04178    0x2e0a0 /home/david/Documents/RockBox_Personal-master/build-hw-ipodvideo-5g/apps/plugins/bitmaps/libpluginbitmaps.a(card_deck.481x196x16.o)
                0x0000000003f04178                bm_card_deck
                0x0000000003f04190                card_deck

.rel.dyn        0x0000000003f32218        0x0
 .rel.iplt      0x0000000003f32218        0x0 /home/david/Documents/RockBox_Personal-master/build-hw-ipodvideo-5g/apps/plugins/blackjack.o

.data           0x0000000003f32218      0x110
 *(.data*)
 .data          0x0000000003f32218       0xf0 /home/david/Documents/RockBox_Personal-master/build-hw-ipodvideo-5g/apps/plugins/blackjack.o
 .data          0x0000000003f32308        0x4 /home/david/Documents/RockBox_Personal-master/build-hw-ipodvideo-5g/apps/plugins/plugin_crt0.o
                0x0000000003f32308                rb
 .data.playback_control_menu_
                0x0000000003f3230c       0x1c /home/david/Documents/RockBox_Personal-master/build-hw-ipodvideo-5g/apps/plugins/libplugin.a(playback_control.o)

.igot.plt       0x0000000003f32328        0x0
 .igot.plt      0x0000000003f32328        0x0 /home/david/Documents/RockBox_Personal-master/build-hw-ipodvideo-5g/apps/plugins/blackjack.o

.ncdata         0x0000000013f32330        0x0 load address 0x0000000003f32330
 *(.ncdata*)
                0x0000000013f32330                . = ALIGN (0x10)

/DISCARD/
 *(.eh_frame)

.bss            0x0000000003f32328      0x148
                0x0000000003f32328                plugin_bss_start = .
                0x0000000003f32328                _plugin_bss_start = .
 *(.bss*)
 .bss           0x0000000003f32328       0xdd /home/david/Documents/RockBox_Personal-master/build-hw-ipodvideo-5g/apps/plugins/blackjack.o
                0x0000000003f32328                dealer_x
                0x0000000003f3232c                dealer_y
                0x0000000003f32330                player_x
                0x0000000003f32334                player_y
 *fill*         0x0000000003f32405        0x3 
 .bss           0x0000000003f32408       0x60 /home/david/Documents/RockBox_Personal-master/build-hw-ipodvideo-5g/apps/plugins/plugin_crt0.o
 .bss.parentvp  0x0000000003f32468        0x4 /home/david/Documents/RockBox_Personal-master/build-hw-ipodvideo-5g/apps/plugins/libplugin.a(playback_control.o)
                0x0000000003f32468                parentvp
 .bss.highscore_updated
                0x0000000003f3246c        0x1 /home/david/Documents/RockBox_Personal-master/build-hw-ipodvideo-5g/apps/plugins/libplugin.a(highscore.o)
 *(COMMON)
                0x0000000003f32470                . = ALIGN (0x4)
 *fill*         0x0000000003f3246d        0x3 

.ncbss          0x0000000013f32470        0x0 load address 0x0000000003f32470
 *(.ncbss*)
                0x0000000013f32470                . = ALIGN (0x10)

.ncbss_vma      0x0000000003f32470        0x0
                0x0000000003f32470                . = (. + SIZEOF (.ncbss))

.pluginend      0x0000000003f32470        0x0
                0x0000000003f32470                _plugin_end_addr = .
                0x0000000003f32470                plugin_end_addr = .

.iram           0x000000004000c000        0x0 load address 0x0000000003f32328
                0x000000004000c000                iramstart = .
 *(.icode)
 *(.irodata)
 *(.idata)
                0x000000004000c000                iramend = .
                0x0000000003f32328                iramcopy = LOADADDR (.iram)

.ibss           0x000000004000c000        0x0
                0x000000004000c000                iedata = .
 *(.ibss)
                0x000000004000c000                . = ALIGN (0x4)
                0x000000004000c000                iend = .
                0x0000000003f32470                loadendaddr = MAX (plugin_end_addr, (LOADADDR (.iram) + SIZEOF (.iram)))

.pluginloadend  0x0000000003f32470        0x0
                0x0000000003f32470                _plugin_load_end_addr = .
                0x0000000003f32470                plugin_load_end_addr = .

.comment        0x0000000000000000       0x11
 *(.comment)
 .comment       0x0000000000000000       0x11 /home/david/Documents/RockBox_Personal-master/build-hw-ipodvideo-5g/apps/plugins/blackjack.o
                                         0x12 (size before relaxing)
 .comment       0x0000000000000011       0x12 /home/david/Documents/RockBox_Personal-master/build-hw-ipodvideo-5g/apps/plugins/plugin_crt0.o
 .comment       0x0000000000000011       0x12 /home/david/Documents/RockBox_Personal-master/build-hw-ipodvideo-5g/apps/plugins/libplugin.a(playback_control.o)
 .comment       0x0000000000000011       0x12 /home/david/Documents/RockBox_Personal-master/build-hw-ipodvideo-5g/apps/plugins/libplugin.a(highscore.o)
 .comment       0x0000000000000011       0x12 /home/david/Documents/RockBox_Personal-master/build-hw-ipodvideo-5g/apps/plugins/libplugin.a(display_text.o)
 .comment       0x0000000000000011       0x12 /home/david/Documents/RockBox_Personal-master/build-hw-ipodvideo-5g/apps/plugins/bitmaps/libpluginbitmaps.a(card_back.37x49x16.o)
 .comment       0x0000000000000011       0x12 /home/david/Documents/RockBox_Personal-master/build-hw-ipodvideo-5g/apps/plugins/bitmaps/libpluginbitmaps.a(card_deck.481x196x16.o)
                0x0000000000000001                ASSERT ((LOADADDR (.ncdata) == (ADDR (.ncdata) - 0x10000000)), .ncdata has incorrect LMA/VMA address)
                0x0000000000000001                ASSERT (((LOADADDR (.ncdata) % 0x10) == 0x0), .ncdata incorrectly aligned)
                0x0000000000000001                ASSERT ((LOADADDR (.ncbss) == (ADDR (.ncbss) - 0x10000000)), .ncbss has incorrect LMA/VMA address)
                0x0000000000000001                ASSERT (((LOADADDR (.ncbss) % 0x10) == 0x0), .ncbss incorrectly aligned)
                0x0000000000000001                ASSERT ((ADDR (.ncbss_vma) == LOADADDR (.ncbss)), .ncbss_vma has wrong address)
                0x0000000000000001                ASSERT ((SIZEOF (.ncbss_vma) == SIZEOF (.ncbss)), .ncbss_vma has wrong size)
OUTPUT(/home/david/Documents/RockBox_Personal-master/build-hw-ipodvideo-5g/apps/plugins/blackjack.elf elf32-littlearm)
LOAD linker stubs

.ARM.attributes
                0x0000000000000000       0x28
 .ARM.attributes
                0x0000000000000000       0x2a /home/david/Documents/RockBox_Personal-master/build-hw-ipodvideo-5g/apps/plugins/blackjack.o
 .ARM.attributes
                0x000000000000002a       0x2a /home/david/Documents/RockBox_Personal-master/build-hw-ipodvideo-5g/apps/plugins/plugin_crt0.o
 .ARM.attributes
                0x0000000000000054       0x2a /home/david/Documents/RockBox_Personal-master/build-hw-ipodvideo-5g/apps/plugins/libplugin.a(playback_control.o)
 .ARM.attributes
                0x000000000000007e       0x2a /home/david/Documents/RockBox_Personal-master/build-hw-ipodvideo-5g/apps/plugins/libplugin.a(highscore.o)
 .ARM.attributes
                0x00000000000000a8       0x2a /home/david/Documents/RockBox_Personal-master/build-hw-ipodvideo-5g/apps/plugins/libplugin.a(display_text.o)
 .ARM.attributes
                0x00000000000000d2       0x2a /home/david/Documents/RockBox_Personal-master/build-hw-ipodvideo-5g/apps/plugins/bitmaps/libpluginbitmaps.a(card_back.37x49x16.o)
 .ARM.attributes
                0x00000000000000fc       0x2a /home/david/Documents/RockBox_Personal-master/build-hw-ipodvideo-5g/apps/plugins/bitmaps/libpluginbitmaps.a(card_deck.481x196x16.o)
 .ARM.attributes
                0x0000000000000126       0x1a /home/david/Documents/RockBox_Personal-master/build-hw-ipodvideo-5g/lib/libsetjmp.a(setjmp.o)
 .ARM.attributes
                0x0000000000000140       0x1c /usr/local/lib/gcc/arm-elf-eabi/9.5.0/libgcc.a(_divsi3.o)
 .ARM.attributes
                0x000000000000015c       0x1c /usr/local/lib/gcc/arm-elf-eabi/9.5.0/libgcc.a(_dvmd_tls.o)

.debug_frame    0x0000000000000000       0x20
 .debug_frame   0x0000000000000000       0x20 /usr/local/lib/gcc/arm-elf-eabi/9.5.0/libgcc.a(_divsi3.o)

.debug_line     0x0000000000000000       0xeb
 .debug_line    0x0000000000000000       0x8a /usr/local/lib/gcc/arm-elf-eabi/9.5.0/libgcc.a(_divsi3.o)
 .debug_line    0x000000000000008a       0x61 /usr/local/lib/gcc/arm-elf-eabi/9.5.0/libgcc.a(_dvmd_tls.o)

.debug_info     0x0000000000000000       0x4c
 .debug_info    0x0000000000000000       0x26 /usr/local/lib/gcc/arm-elf-eabi/9.5.0/libgcc.a(_divsi3.o)
 .debug_info    0x0000000000000026       0x26 /usr/local/lib/gcc/arm-elf-eabi/9.5.0/libgcc.a(_dvmd_tls.o)

.debug_abbrev   0x0000000000000000       0x28
 .debug_abbrev  0x0000000000000000       0x14 /usr/local/lib/gcc/arm-elf-eabi/9.5.0/libgcc.a(_divsi3.o)
 .debug_abbrev  0x0000000000000014       0x14 /usr/local/lib/gcc/arm-elf-eabi/9.5.0/libgcc.a(_dvmd_tls.o)

.debug_aranges  0x0000000000000000       0x40
 .debug_aranges
                0x0000000000000000       0x20 /usr/local/lib/gcc/arm-elf-eabi/9.5.0/libgcc.a(_divsi3.o)
 .debug_aranges
                0x0000000000000020       0x20 /usr/local/lib/gcc/arm-elf-eabi/9.5.0/libgcc.a(_dvmd_tls.o)

.debug_str      0x0000000000000000       0x6c
 .debug_str     0x0000000000000000       0x6c /usr/local/lib/gcc/arm-elf-eabi/9.5.0/libgcc.a(_divsi3.o)
 .debug_str     0x000000000000006c       0x6c /usr/local/lib/gcc/arm-elf-eabi/9.5.0/libgcc.a(_dvmd_tls.o)
