/home/david/Documents/RockBox_Personal-master/devsrc/nano-soh-runtime/Shipwright/soh/src/overlays/actors/ovl_En_Tk/z_en_tk.c: In function 'EnTkEff_Draw':
/home/david/Documents/RockBox_Personal-master/devsrc/nano-soh-runtime/Shipwright/soh/src/overlays/actors/ovl_En_Tk/z_en_tk.c:85:9: warning: initialization discards 'const' qualifier from pointer target type [-Wdiscarded-qualifiers]
   85 |         gDust8Tex, gDust7Tex, gDust6Tex, gDust5Tex, gDust4Tex, gDust3Tex, gDust2Tex, gDust1Tex,
      |         ^~~~~~~~~
/home/david/Documents/RockBox_Personal-master/devsrc/nano-soh-runtime/Shipwright/soh/src/overlays/actors/ovl_En_Tk/z_en_tk.c:85:20: warning: initialization discards 'const' qualifier from pointer target type [-Wdiscarded-qualifiers]
   85 |         gDust8Tex, gDust7Tex, gDust6Tex, gDust5Tex, gDust4Tex, gDust3Tex, gDust2Tex, gDust1Tex,
      |                    ^~~~~~~~~
/home/david/Documents/RockBox_Personal-master/devsrc/nano-soh-runtime/Shipwright/soh/src/overlays/actors/ovl_En_Tk/z_en_tk.c:85:31: warning: initialization discards 'const' qualifier from pointer target type [-Wdiscarded-qualifiers]
   85 |         gDust8Tex, gDust7Tex, gDust6Tex, gDust5Tex, gDust4Tex, gDust3Tex, gDust2Tex, gDust1Tex,
      |                               ^~~~~~~~~
/home/david/Documents/RockBox_Personal-master/devsrc/nano-soh-runtime/Shipwright/soh/src/overlays/actors/ovl_En_Tk/z_en_tk.c:85:42: warning: initialization discards 'const' qualifier from pointer target type [-Wdiscarded-qualifiers]
   85 |         gDust8Tex, gDust7Tex, gDust6Tex, gDust5Tex, gDust4Tex, gDust3Tex, gDust2Tex, gDust1Tex,
      |                                          ^~~~~~~~~
/home/david/Documents/RockBox_Personal-master/devsrc/nano-soh-runtime/Shipwright/soh/src/overlays/actors/ovl_En_Tk/z_en_tk.c:85:53: warning: initialization discards 'const' qualifier from pointer target type [-Wdiscarded-qualifiers]
   85 |         gDust8Tex, gDust7Tex, gDust6Tex, gDust5Tex, gDust4Tex, gDust3Tex, gDust2Tex, gDust1Tex,
      |                                                     ^~~~~~~~~
/home/david/Documents/RockBox_Personal-master/devsrc/nano-soh-runtime/Shipwright/soh/src/overlays/actors/ovl_En_Tk/z_en_tk.c:85:64: warning: initialization discards 'const' qualifier from pointer target type [-Wdiscarded-qualifiers]
   85 |         gDust8Tex, gDust7Tex, gDust6Tex, gDust5Tex, gDust4Tex, gDust3Tex, gDust2Tex, gDust1Tex,
      |                                                                ^~~~~~~~~
/home/david/Documents/RockBox_Personal-master/devsrc/nano-soh-runtime/Shipwright/soh/src/overlays/actors/ovl_En_Tk/z_en_tk.c:85:75: warning: initialization discards 'const' qualifier from pointer target type [-Wdiscarded-qualifiers]
   85 |         gDust8Tex, gDust7Tex, gDust6Tex, gDust5Tex, gDust4Tex, gDust3Tex, gDust2Tex, gDust1Tex,
      |                                                                           ^~~~~~~~~
/home/david/Documents/RockBox_Personal-master/devsrc/nano-soh-runtime/Shipwright/soh/src/overlays/actors/ovl_En_Tk/z_en_tk.c:85:86: warning: initialization discards 'const' qualifier from pointer target type [-Wdiscarded-qualifiers]
   85 |         gDust8Tex, gDust7Tex, gDust6Tex, gDust5Tex, gDust4Tex, gDust3Tex, gDust2Tex, gDust1Tex,
      |                                                                                      ^~~~~~~~~
/home/david/Documents/RockBox_Personal-master/devsrc/nano-soh-runtime/Shipwright/soh/src/overlays/actors/ovl_En_Tk/z_en_tk.c:104:49: warning: passing argument 2 of 'gSPDisplayList' from incompatible pointer type [-Wincompatible-pointer-types]
  104 |                 gSPDisplayList(POLY_XLU_DISP++, gDampeEff1DL);
      |                                                 ^~~~~~~~~~~~
      |                                                 |
      |                                                 const char *
In file included from /home/david/Documents/RockBox_Personal-master/devsrc/nano-soh-runtime/Shipwright/soh/include/global.h:8,
                 from /home/david/Documents/RockBox_Personal-master/devsrc/nano-soh-runtime/Shipwright/soh/src/overlays/actors/ovl_En_Tk/z_en_tk.h:5,
                 from /home/david/Documents/RockBox_Personal-master/devsrc/nano-soh-runtime/Shipwright/soh/src/overlays/actors/ovl_En_Tk/z_en_tk.c:7:
/home/david/Documents/RockBox_Personal-master/devsrc/nano-soh-runtime/Shipwright/soh/include/functions.h:24:36: note: expected 'Gfx *' but argument is of type 'const char *'
   24 | void gSPDisplayList(Gfx* pkt, Gfx* dl);
      |                               ~~~~~^~
In file included from /home/david/Documents/RockBox_Personal-master/devsrc/nano-soh-runtime/Shipwright/soh/include/global.h:10:
/home/david/Documents/RockBox_Personal-master/devsrc/nano-soh-runtime/Shipwright/soh/src/overlays/actors/ovl_En_Tk/z_en_tk.c:120:80: warning: passing argument 3 of 'gSPSegment' makes integer from pointer without a cast [-Wint-conversion]
  120 |             gSPSegment(POLY_XLU_DISP++, 0x08, SEGMENTED_TO_VIRTUAL(dustTextures[imageIdx]));
      |                                                                    ~~~~~~~~~~~~^~~~~~~~~~
      |                                                                                |
      |                                                                                void *
/home/david/Documents/RockBox_Personal-master/devsrc/nano-soh-runtime/Shipwright/soh/include/macros.h:37:36: note: in definition of macro 'SEGMENTED_TO_VIRTUAL'
   37 | #define SEGMENTED_TO_VIRTUAL(addr) addr
      |                                    ^~~~
/home/david/Documents/RockBox_Personal-master/devsrc/nano-soh-runtime/Shipwright/soh/include/functions.h:22:52: note: expected 'uintptr_t' {aka 'unsigned int'} but argument is of type 'void *'
   22 | void gSPSegment(void* value, int segNum, uintptr_t target);
      |                                          ~~~~~~~~~~^~~~~~
/home/david/Documents/RockBox_Personal-master/devsrc/nano-soh-runtime/Shipwright/soh/src/overlays/actors/ovl_En_Tk/z_en_tk.c:122:45: warning: passing argument 2 of 'gSPDisplayList' from incompatible pointer type [-Wincompatible-pointer-types]
  122 |             gSPDisplayList(POLY_XLU_DISP++, gDampeEff2DL);
      |                                             ^~~~~~~~~~~~
      |                                             |
      |                                             const char *
/home/david/Documents/RockBox_Personal-master/devsrc/nano-soh-runtime/Shipwright/soh/include/functions.h:24:36: note: expected 'Gfx *' but argument is of type 'const char *'
   24 | void gSPDisplayList(Gfx* pkt, Gfx* dl);
      |                               ~~~~~^~
/home/david/Documents/RockBox_Personal-master/devsrc/nano-soh-runtime/Shipwright/soh/src/overlays/actors/ovl_En_Tk/z_en_tk.c: In function 'EnTk_RestAnim':
/home/david/Documents/RockBox_Personal-master/devsrc/nano-soh-runtime/Shipwright/soh/src/overlays/actors/ovl_En_Tk/z_en_tk.c:167:29: warning: initialization of 'AnimationHeader *' from incompatible pointer type 'const char (*)[40]' [-Wincompatible-pointer-types]
  167 |     AnimationHeader* anim = &gDampeRestAnim;
      |                             ^
/home/david/Documents/RockBox_Personal-master/devsrc/nano-soh-runtime/Shipwright/soh/src/overlays/actors/ovl_En_Tk/z_en_tk.c:169:81: warning: passing argument 1 of 'Animation_GetLastFrame' discards 'const' qualifier from pointer target type [-Wdiscarded-array-qualifiers]
  169 |     Animation_Change(&this->skelAnime, anim, 1.0f, 0.0f, Animation_GetLastFrame(&gDampeRestAnim), ANIMMODE_LOOP,
      |                                                                                 ^~~~~~~~~~~~~~~
/home/david/Documents/RockBox_Personal-master/devsrc/nano-soh-runtime/Shipwright/soh/include/functions.h:1278:34: note: expected 'void *' but argument is of type 'const char (*)[40]'
 1278 | s16 Animation_GetLastFrame(void* animation);
      |                            ~~~~~~^~~~~~~~~
/home/david/Documents/RockBox_Personal-master/devsrc/nano-soh-runtime/Shipwright/soh/src/overlays/actors/ovl_En_Tk/z_en_tk.c: In function 'EnTk_WalkAnim':
/home/david/Documents/RockBox_Personal-master/devsrc/nano-soh-runtime/Shipwright/soh/src/overlays/actors/ovl_En_Tk/z_en_tk.c:177:29: warning: initialization of 'AnimationHeader *' from incompatible pointer type 'const char (*)[40]' [-Wincompatible-pointer-types]
  177 |     AnimationHeader* anim = &gDampeWalkAnim;
      |                             ^
/home/david/Documents/RockBox_Personal-master/devsrc/nano-soh-runtime/Shipwright/soh/src/overlays/actors/ovl_En_Tk/z_en_tk.c:179:81: warning: passing argument 1 of 'Animation_GetLastFrame' discards 'const' qualifier from pointer target type [-Wdiscarded-array-qualifiers]
  179 |     Animation_Change(&this->skelAnime, anim, 1.0f, 0.0f, Animation_GetLastFrame(&gDampeRestAnim), ANIMMODE_LOOP,
      |                                                                                 ^~~~~~~~~~~~~~~
/home/david/Documents/RockBox_Personal-master/devsrc/nano-soh-runtime/Shipwright/soh/include/functions.h:1278:34: note: expected 'void *' but argument is of type 'const char (*)[40]'
 1278 | s16 Animation_GetLastFrame(void* animation);
      |                            ~~~~~~^~~~~~~~~
/home/david/Documents/RockBox_Personal-master/devsrc/nano-soh-runtime/Shipwright/soh/src/overlays/actors/ovl_En_Tk/z_en_tk.c: In function 'EnTk_DigAnim':
/home/david/Documents/RockBox_Personal-master/devsrc/nano-soh-runtime/Shipwright/soh/src/overlays/actors/ovl_En_Tk/z_en_tk.c:186:29: warning: initialization of 'AnimationHeader *' from incompatible pointer type 'const char (*)[39]' [-Wincompatible-pointer-types]
  186 |     AnimationHeader* anim = &gDampeDigAnim;
      |                             ^
/home/david/Documents/RockBox_Personal-master/devsrc/nano-soh-runtime/Shipwright/soh/src/overlays/actors/ovl_En_Tk/z_en_tk.c:188:81: warning: passing argument 1 of 'Animation_GetLastFrame' discards 'const' qualifier from pointer target type [-Wdiscarded-array-qualifiers]
  188 |     Animation_Change(&this->skelAnime, anim, 1.0f, 0.0f, Animation_GetLastFrame(&gDampeDigAnim), ANIMMODE_LOOP, -10.0f);
      |                                                                                 ^~~~~~~~~~~~~~
/home/david/Documents/RockBox_Personal-master/devsrc/nano-soh-runtime/Shipwright/soh/include/functions.h:1278:34: note: expected 'void *' but argument is of type 'const char (*)[39]'
 1278 | s16 Animation_GetLastFrame(void* animation);
      |                            ~~~~~~^~~~~~~~~
/home/david/Documents/RockBox_Personal-master/devsrc/nano-soh-runtime/Shipwright/soh/src/overlays/actors/ovl_En_Tk/z_en_tk.c: In function 'EnTk_Init':
/home/david/Documents/RockBox_Personal-master/devsrc/nano-soh-runtime/Shipwright/soh/src/overlays/actors/ovl_En_Tk/z_en_tk.c:488:48: warning: passing argument 3 of 'SkelAnime_InitFlex' from incompatible pointer type [-Wincompatible-pointer-types]
  488 |     SkelAnime_InitFlex(play, &this->skelAnime, &gDampeSkel, NULL, this->jointTable, this->morphTable, 18);
      |                                                ^~~~~~~~~~~
      |                                                |
      |                                                const char (*)[36]
/home/david/Documents/RockBox_Personal-master/devsrc/nano-soh-runtime/Shipwright/soh/include/functions.h:1329:83: note: expected 'FlexSkeletonHeader *' but argument is of type 'const char (*)[36]'
 1329 | s32 SkelAnime_InitFlex(PlayState* play, SkelAnime* skelAnime, FlexSkeletonHeader* skeletonHeaderSeg,
      |                                                               ~~~~~~~~~~~~~~~~~~~~^~~~~~~~~~~~~~~~~
/home/david/Documents/RockBox_Personal-master/devsrc/nano-soh-runtime/Shipwright/soh/src/overlays/actors/ovl_En_Tk/z_en_tk.c:489:92: warning: passing argument 1 of 'Animation_GetLastFrame' discards 'const' qualifier from pointer target type [-Wdiscarded-array-qualifiers]
  489 |     Animation_Change(&this->skelAnime, &gDampeRestAnim, 1.0f, 0.0f, Animation_GetLastFrame(&gDampeRestAnim),
      |                                                                                            ^~~~~~~~~~~~~~~
/home/david/Documents/RockBox_Personal-master/devsrc/nano-soh-runtime/Shipwright/soh/include/functions.h:1278:34: note: expected 'void *' but argument is of type 'const char (*)[40]'
 1278 | s16 Animation_GetLastFrame(void* animation);
      |                            ~~~~~~^~~~~~~~~
/home/david/Documents/RockBox_Personal-master/devsrc/nano-soh-runtime/Shipwright/soh/src/overlays/actors/ovl_En_Tk/z_en_tk.c:489:40: warning: passing argument 2 of 'Animation_Change' from incompatible pointer type [-Wincompatible-pointer-types]
  489 |     Animation_Change(&this->skelAnime, &gDampeRestAnim, 1.0f, 0.0f, Animation_GetLastFrame(&gDampeRestAnim),
      |                                        ^~~~~~~~~~~~~~~
      |                                        |
      |                                        const char (*)[40]
/home/david/Documents/RockBox_Personal-master/devsrc/nano-soh-runtime/Shipwright/soh/include/functions.h:1336:62: note: expected 'AnimationHeader *' but argument is of type 'const char (*)[40]'
 1336 | void Animation_Change(SkelAnime* skelAnime, AnimationHeader* animation, f32 playSpeed, f32 startFrame, f32 endFrame,
      |                                             ~~~~~~~~~~~~~~~~~^~~~~~~~~
/home/david/Documents/RockBox_Personal-master/devsrc/nano-soh-runtime/Shipwright/soh/src/overlays/actors/ovl_En_Tk/z_en_tk.c: In function 'func_80B1D200':
/home/david/Documents/RockBox_Personal-master/devsrc/nano-soh-runtime/Shipwright/soh/src/overlays/actors/ovl_En_Tk/z_en_tk.c:690:37: warning: passing argument 2 of 'gSPDisplayList' from incompatible pointer type [-Wincompatible-pointer-types]
  690 |     gSPDisplayList(POLY_OPA_DISP++, gDampeShovelDL);
      |                                     ^~~~~~~~~~~~~~
      |                                     |
      |                                     const char *
/home/david/Documents/RockBox_Personal-master/devsrc/nano-soh-runtime/Shipwright/soh/include/functions.h:24:36: note: expected 'Gfx *' but argument is of type 'const char *'
   24 | void gSPDisplayList(Gfx* pkt, Gfx* dl);
      |                               ~~~~~^~
/home/david/Documents/RockBox_Personal-master/devsrc/nano-soh-runtime/Shipwright/soh/src/overlays/actors/ovl_En_Tk/z_en_tk.c: In function 'EnTk_Draw':
/home/david/Documents/RockBox_Personal-master/devsrc/nano-soh-runtime/Shipwright/soh/src/overlays/actors/ovl_En_Tk/z_en_tk.c:732:9: warning: initialization discards 'const' qualifier from pointer target type [-Wdiscarded-qualifiers]
  732 |         gDampeEyeOpenTex,
      |         ^~~~~~~~~~~~~~~~
/home/david/Documents/RockBox_Personal-master/devsrc/nano-soh-runtime/Shipwright/soh/src/overlays/actors/ovl_En_Tk/z_en_tk.c:733:9: warning: initialization discards 'const' qualifier from pointer target type [-Wdiscarded-qualifiers]
  733 |         gDampeEyeHalfTex,
      |         ^~~~~~~~~~~~~~~~
/home/david/Documents/RockBox_Personal-master/devsrc/nano-soh-runtime/Shipwright/soh/src/overlays/actors/ovl_En_Tk/z_en_tk.c:734:9: warning: initialization discards 'const' qualifier from pointer target type [-Wdiscarded-qualifiers]
  734 |         gDampeEyeClosedTex,
      |         ^~~~~~~~~~~~~~~~~~
/home/david/Documents/RockBox_Personal-master/devsrc/nano-soh-runtime/Shipwright/soh/src/overlays/actors/ovl_En_Tk/z_en_tk.c:746:73: warning: passing argument 3 of 'gSPSegment' makes integer from pointer without a cast [-Wint-conversion]
  746 |     gSPSegment(POLY_OPA_DISP++, 0x08, SEGMENTED_TO_VIRTUAL(sEyesSegments[this->eyeTextureIdx]));
      |                                                            ~~~~~~~~~~~~~^~~~~~~~~~~~~~~~~~~~~
      |                                                                         |
      |                                                                         void *
/home/david/Documents/RockBox_Personal-master/devsrc/nano-soh-runtime/Shipwright/soh/include/macros.h:37:36: note: in definition of macro 'SEGMENTED_TO_VIRTUAL'
   37 | #define SEGMENTED_TO_VIRTUAL(addr) addr
      |                                    ^~~~
/home/david/Documents/RockBox_Personal-master/devsrc/nano-soh-runtime/Shipwright/soh/include/functions.h:22:52: note: expected 'uintptr_t' {aka 'unsigned int'} but argument is of type 'void *'
   22 | void gSPSegment(void* value, int segNum, uintptr_t target);
      |                                          ~~~~~~~~~~^~~~~~
