/home/david/Documents/RockBox_Personal-master/devsrc/nano-soh-runtime/Shipwright/soh/src/overlays/actors/ovl_Demo_Ik/z_demo_ik.c: In function 'DemoIk_Type1Init':
/home/david/Documents/RockBox_Personal-master/devsrc/nano-soh-runtime/Shipwright/soh/src/overlays/actors/ovl_Demo_Ik/z_demo_ik.c:165:22: warning: assignment to 'SkeletonHeader *' from incompatible pointer type 'const char (*)[47]' [-Wincompatible-pointer-types]
  165 |             skeleton = &object_ik_Skel_000C90;
      |                      ^
/home/david/Documents/RockBox_Personal-master/devsrc/nano-soh-runtime/Shipwright/soh/src/overlays/actors/ovl_Demo_Ik/z_demo_ik.c:166:23: warning: assignment to 'AnimationHeader *' from incompatible pointer type 'const char (*)[47]' [-Wincompatible-pointer-types]
  166 |             animation = &object_ik_Anim_000C6C;
      |                       ^
/home/david/Documents/RockBox_Personal-master/devsrc/nano-soh-runtime/Shipwright/soh/src/overlays/actors/ovl_Demo_Ik/z_demo_ik.c:170:22: warning: assignment to 'SkeletonHeader *' from incompatible pointer type 'const char (*)[47]' [-Wincompatible-pointer-types]
  170 |             skeleton = &object_ik_Skel_000660;
      |                      ^
/home/david/Documents/RockBox_Personal-master/devsrc/nano-soh-runtime/Shipwright/soh/src/overlays/actors/ovl_Demo_Ik/z_demo_ik.c:171:23: warning: assignment to 'AnimationHeader *' from incompatible pointer type 'const char (*)[47]' [-Wincompatible-pointer-types]
  171 |             animation = &object_ik_Anim_000634;
      |                       ^
/home/david/Documents/RockBox_Personal-master/devsrc/nano-soh-runtime/Shipwright/soh/src/overlays/actors/ovl_Demo_Ik/z_demo_ik.c:175:22: warning: assignment to 'SkeletonHeader *' from incompatible pointer type 'const char (*)[47]' [-Wincompatible-pointer-types]
  175 |             skeleton = &object_ik_Skel_000380;
      |                      ^
/home/david/Documents/RockBox_Personal-master/devsrc/nano-soh-runtime/Shipwright/soh/src/overlays/actors/ovl_Demo_Ik/z_demo_ik.c:176:23: warning: assignment to 'AnimationHeader *' from incompatible pointer type 'const char (*)[47]' [-Wincompatible-pointer-types]
  176 |             animation = &object_ik_Anim_00035C;
      |                       ^
/home/david/Documents/RockBox_Personal-master/devsrc/nano-soh-runtime/Shipwright/soh/src/overlays/actors/ovl_Demo_Ik/z_demo_ik.c: In function 'DemoIk_Type1PostLimbDraw':
/home/david/Documents/RockBox_Personal-master/devsrc/nano-soh-runtime/Shipwright/soh/src/overlays/actors/ovl_Demo_Ik/z_demo_ik.c:267:49: warning: passing argument 2 of 'gSPDisplayList' from incompatible pointer type [-Wincompatible-pointer-types]
  267 |                 gSPDisplayList(POLY_XLU_DISP++, gIronKnuckleArmorRivetAndSymbolDL);
      |                                                 ^~~~~~~~~~~~~~~~~~~~~~~~~~~~~~~~~
      |                                                 |
      |                                                 const char *
In file included from /home/david/Documents/RockBox_Personal-master/devsrc/nano-soh-runtime/Shipwright/soh/include/global.h:8,
                 from /home/david/Documents/RockBox_Personal-master/devsrc/nano-soh-runtime/Shipwright/soh/src/overlays/actors/ovl_Demo_Ik/z_demo_ik.h:5,
                 from /home/david/Documents/RockBox_Personal-master/devsrc/nano-soh-runtime/Shipwright/soh/src/overlays/actors/ovl_Demo_Ik/z_demo_ik.c:1:
/home/david/Documents/RockBox_Personal-master/devsrc/nano-soh-runtime/Shipwright/soh/include/functions.h:24:36: note: expected 'Gfx *' but argument is of type 'const char *'
   24 | void gSPDisplayList(Gfx* pkt, Gfx* dl);
      |                               ~~~~~^~
/home/david/Documents/RockBox_Personal-master/devsrc/nano-soh-runtime/Shipwright/soh/src/overlays/actors/ovl_Demo_Ik/z_demo_ik.c:271:49: warning: passing argument 2 of 'gSPDisplayList' from incompatible pointer type [-Wincompatible-pointer-types]
  271 |                 gSPDisplayList(POLY_XLU_DISP++, object_ik_DL_016F88);
      |                                                 ^~~~~~~~~~~~~~~~~~~
      |                                                 |
      |                                                 const char *
/home/david/Documents/RockBox_Personal-master/devsrc/nano-soh-runtime/Shipwright/soh/include/functions.h:24:36: note: expected 'Gfx *' but argument is of type 'const char *'
   24 | void gSPDisplayList(Gfx* pkt, Gfx* dl);
      |                               ~~~~~^~
/home/david/Documents/RockBox_Personal-master/devsrc/nano-soh-runtime/Shipwright/soh/src/overlays/actors/ovl_Demo_Ik/z_demo_ik.c: In function 'DemoIk_Type1Draw':
/home/david/Documents/RockBox_Personal-master/devsrc/nano-soh-runtime/Shipwright/soh/src/overlays/actors/ovl_Demo_Ik/z_demo_ik.c:287:39: warning: passing argument 3 of 'gSPSegment' makes integer from pointer without a cast [-Wint-conversion]
  287 |     gSPSegment(POLY_OPA_DISP++, 0x08, DemoIk_SetColors(gfxCtx, 245, 225, 155, 30, 30, 0));
      |                                       ^~~~~~~~~~~~~~~~~~~~~~~~~~~~~~~~~~~~~~~~~~~~~~~~~~
      |                                       |
      |                                       Gfx *
/home/david/Documents/RockBox_Personal-master/devsrc/nano-soh-runtime/Shipwright/soh/include/functions.h:22:52: note: expected 'uintptr_t' {aka 'unsigned int'} but argument is of type 'Gfx *'
   22 | void gSPSegment(void* value, int segNum, uintptr_t target);
      |                                          ~~~~~~~~~~^~~~~~
/home/david/Documents/RockBox_Personal-master/devsrc/nano-soh-runtime/Shipwright/soh/src/overlays/actors/ovl_Demo_Ik/z_demo_ik.c:288:39: warning: passing argument 3 of 'gSPSegment' makes integer from pointer without a cast [-Wint-conversion]
  288 |     gSPSegment(POLY_OPA_DISP++, 0x09, DemoIk_SetColors(gfxCtx, 255, 40, 0, 40, 0, 0));
      |                                       ^~~~~~~~~~~~~~~~~~~~~~~~~~~~~~~~~~~~~~~~~~~~~~
      |                                       |
      |                                       Gfx *
/home/david/Documents/RockBox_Personal-master/devsrc/nano-soh-runtime/Shipwright/soh/include/functions.h:22:52: note: expected 'uintptr_t' {aka 'unsigned int'} but argument is of type 'Gfx *'
   22 | void gSPSegment(void* value, int segNum, uintptr_t target);
      |                                          ~~~~~~~~~~^~~~~~
/home/david/Documents/RockBox_Personal-master/devsrc/nano-soh-runtime/Shipwright/soh/src/overlays/actors/ovl_Demo_Ik/z_demo_ik.c:289:39: warning: passing argument 3 of 'gSPSegment' makes integer from pointer without a cast [-Wint-conversion]
  289 |     gSPSegment(POLY_OPA_DISP++, 0x0A, DemoIk_SetColors(gfxCtx, 255, 255, 255, 20, 40, 30));
      |                                       ^~~~~~~~~~~~~~~~~~~~~~~~~~~~~~~~~~~~~~~~~~~~~~~~~~~
      |                                       |
      |                                       Gfx *
/home/david/Documents/RockBox_Personal-master/devsrc/nano-soh-runtime/Shipwright/soh/include/functions.h:22:52: note: expected 'uintptr_t' {aka 'unsigned int'} but argument is of type 'Gfx *'
   22 | void gSPSegment(void* value, int segNum, uintptr_t target);
      |                                          ~~~~~~~~~~^~~~~~
/home/david/Documents/RockBox_Personal-master/devsrc/nano-soh-runtime/Shipwright/soh/src/overlays/actors/ovl_Demo_Ik/z_demo_ik.c: In function 'DemoIk_Type2Init':
/home/david/Documents/RockBox_Personal-master/devsrc/nano-soh-runtime/Shipwright/soh/src/overlays/actors/ovl_Demo_Ik/z_demo_ik.c:301:22: warning: assignment to 'FlexSkeletonHeader *' from incompatible pointer type 'const char (*)[47]' [-Wincompatible-pointer-types]
  301 |             skeleton = &object_ik_Skel_01EB40;
      |                      ^
/home/david/Documents/RockBox_Personal-master/devsrc/nano-soh-runtime/Shipwright/soh/src/overlays/actors/ovl_Demo_Ik/z_demo_ik.c:302:23: warning: assignment to 'AnimationHeader *' from incompatible pointer type 'const char (*)[47]' [-Wincompatible-pointer-types]
  302 |             animation = &object_ik_Anim_01EB14;
      |                       ^
/home/david/Documents/RockBox_Personal-master/devsrc/nano-soh-runtime/Shipwright/soh/src/overlays/actors/ovl_Demo_Ik/z_demo_ik.c:305:22: warning: assignment to 'FlexSkeletonHeader *' from incompatible pointer type 'const char (*)[47]' [-Wincompatible-pointer-types]
  305 |             skeleton = &object_ik_Skel_01EE60;
      |                      ^
/home/david/Documents/RockBox_Personal-master/devsrc/nano-soh-runtime/Shipwright/soh/src/overlays/actors/ovl_Demo_Ik/z_demo_ik.c:306:23: warning: assignment to 'AnimationHeader *' from incompatible pointer type 'const char (*)[47]' [-Wincompatible-pointer-types]
  306 |             animation = &object_ik_Anim_01EE34;
      |                       ^
/home/david/Documents/RockBox_Personal-master/devsrc/nano-soh-runtime/Shipwright/soh/src/overlays/actors/ovl_Demo_Ik/z_demo_ik.c:309:22: warning: assignment to 'FlexSkeletonHeader *' from incompatible pointer type 'const char (*)[47]' [-Wincompatible-pointer-types]
  309 |             skeleton = &object_ik_Skel_000F30;
      |                      ^
/home/david/Documents/RockBox_Personal-master/devsrc/nano-soh-runtime/Shipwright/soh/src/overlays/actors/ovl_Demo_Ik/z_demo_ik.c:310:23: warning: assignment to 'AnimationHeader *' from incompatible pointer type 'const char (*)[47]' [-Wincompatible-pointer-types]
  310 |             animation = &object_ik_Anim_000F0C;
      |                       ^
/home/david/Documents/RockBox_Personal-master/devsrc/nano-soh-runtime/Shipwright/soh/src/overlays/actors/ovl_Demo_Ik/z_demo_ik.c:313:22: warning: assignment to 'FlexSkeletonHeader *' from incompatible pointer type 'const char (*)[47]' [-Wincompatible-pointer-types]
  313 |             skeleton = &object_ik_Skel_000900;
      |                      ^
/home/david/Documents/RockBox_Personal-master/devsrc/nano-soh-runtime/Shipwright/soh/src/overlays/actors/ovl_Demo_Ik/z_demo_ik.c:314:23: warning: assignment to 'AnimationHeader *' from incompatible pointer type 'const char (*)[47]' [-Wincompatible-pointer-types]
  314 |             animation = &object_ik_Anim_0008DC;
      |                       ^
/home/david/Documents/RockBox_Personal-master/devsrc/nano-soh-runtime/Shipwright/soh/src/overlays/actors/ovl_Demo_Ik/z_demo_ik.c: In function 'DemoIk_Type2PostLimbDraw':
/home/david/Documents/RockBox_Personal-master/devsrc/nano-soh-runtime/Shipwright/soh/src/overlays/actors/ovl_Demo_Ik/z_demo_ik.c:422:49: warning: passing argument 2 of 'gSPDisplayList' from incompatible pointer type [-Wincompatible-pointer-types]
  422 |                 gSPDisplayList(POLY_XLU_DISP++, object_ik_DL_017028);
      |                                                 ^~~~~~~~~~~~~~~~~~~
      |                                                 |
      |                                                 const char *
/home/david/Documents/RockBox_Personal-master/devsrc/nano-soh-runtime/Shipwright/soh/include/functions.h:24:36: note: expected 'Gfx *' but argument is of type 'const char *'
   24 | void gSPDisplayList(Gfx* pkt, Gfx* dl);
      |                               ~~~~~^~
/home/david/Documents/RockBox_Personal-master/devsrc/nano-soh-runtime/Shipwright/soh/src/overlays/actors/ovl_Demo_Ik/z_demo_ik.c:426:49: warning: passing argument 2 of 'gSPDisplayList' from incompatible pointer type [-Wincompatible-pointer-types]
  426 |                 gSPDisplayList(POLY_XLU_DISP++, object_ik_DL_017170);
      |                                                 ^~~~~~~~~~~~~~~~~~~
      |                                                 |
      |                                                 const char *
/home/david/Documents/RockBox_Personal-master/devsrc/nano-soh-runtime/Shipwright/soh/include/functions.h:24:36: note: expected 'Gfx *' but argument is of type 'const char *'
   24 | void gSPDisplayList(Gfx* pkt, Gfx* dl);
      |                               ~~~~~^~
/home/david/Documents/RockBox_Personal-master/devsrc/nano-soh-runtime/Shipwright/soh/src/overlays/actors/ovl_Demo_Ik/z_demo_ik.c:430:49: warning: passing argument 2 of 'gSPDisplayList' from incompatible pointer type [-Wincompatible-pointer-types]
  430 |                 gSPDisplayList(POLY_XLU_DISP++, gIronKnuckleArmorRivetAndSymbolDL);
      |                                                 ^~~~~~~~~~~~~~~~~~~~~~~~~~~~~~~~~
      |                                                 |
      |                                                 const char *
/home/david/Documents/RockBox_Personal-master/devsrc/nano-soh-runtime/Shipwright/soh/include/functions.h:24:36: note: expected 'Gfx *' but argument is of type 'const char *'
   24 | void gSPDisplayList(Gfx* pkt, Gfx* dl);
      |                               ~~~~~^~
/home/david/Documents/RockBox_Personal-master/devsrc/nano-soh-runtime/Shipwright/soh/src/overlays/actors/ovl_Demo_Ik/z_demo_ik.c:434:49: warning: passing argument 2 of 'gSPDisplayList' from incompatible pointer type [-Wincompatible-pointer-types]
  434 |                 gSPDisplayList(POLY_XLU_DISP++, object_ik_DL_016CD8);
      |                                                 ^~~~~~~~~~~~~~~~~~~
      |                                                 |
      |                                                 const char *
/home/david/Documents/RockBox_Personal-master/devsrc/nano-soh-runtime/Shipwright/soh/include/functions.h:24:36: note: expected 'Gfx *' but argument is of type 'const char *'
   24 | void gSPDisplayList(Gfx* pkt, Gfx* dl);
      |                               ~~~~~^~
/home/david/Documents/RockBox_Personal-master/devsrc/nano-soh-runtime/Shipwright/soh/src/overlays/actors/ovl_Demo_Ik/z_demo_ik.c: In function 'DemoIk_Type2Draw':
/home/david/Documents/RockBox_Personal-master/devsrc/nano-soh-runtime/Shipwright/soh/src/overlays/actors/ovl_Demo_Ik/z_demo_ik.c:450:39: warning: passing argument 3 of 'gSPSegment' makes integer from pointer without a cast [-Wint-conversion]
  450 |     gSPSegment(POLY_OPA_DISP++, 0x08, DemoIk_SetColors(gfxCtx, 245, 225, 155, 30, 30, 0));
      |                                       ^~~~~~~~~~~~~~~~~~~~~~~~~~~~~~~~~~~~~~~~~~~~~~~~~~
      |                                       |
      |                                       Gfx *
/home/david/Documents/RockBox_Personal-master/devsrc/nano-soh-runtime/Shipwright/soh/include/functions.h:22:52: note: expected 'uintptr_t' {aka 'unsigned int'} but argument is of type 'Gfx *'
   22 | void gSPSegment(void* value, int segNum, uintptr_t target);
      |                                          ~~~~~~~~~~^~~~~~
/home/david/Documents/RockBox_Personal-master/devsrc/nano-soh-runtime/Shipwright/soh/src/overlays/actors/ovl_Demo_Ik/z_demo_ik.c:451:39: warning: passing argument 3 of 'gSPSegment' makes integer from pointer without a cast [-Wint-conversion]
  451 |     gSPSegment(POLY_OPA_DISP++, 0x09, DemoIk_SetColors(gfxCtx, 255, 40, 0, 40, 0, 0));
      |                                       ^~~~~~~~~~~~~~~~~~~~~~~~~~~~~~~~~~~~~~~~~~~~~~
      |                                       |
      |                                       Gfx *
/home/david/Documents/RockBox_Personal-master/devsrc/nano-soh-runtime/Shipwright/soh/include/functions.h:22:52: note: expected 'uintptr_t' {aka 'unsigned int'} but argument is of type 'Gfx *'
   22 | void gSPSegment(void* value, int segNum, uintptr_t target);
      |                                          ~~~~~~~~~~^~~~~~
/home/david/Documents/RockBox_Personal-master/devsrc/nano-soh-runtime/Shipwright/soh/src/overlays/actors/ovl_Demo_Ik/z_demo_ik.c:452:39: warning: passing argument 3 of 'gSPSegment' makes integer from pointer without a cast [-Wint-conversion]
  452 |     gSPSegment(POLY_OPA_DISP++, 0x0A, DemoIk_SetColors(gfxCtx, 255, 255, 255, 20, 40, 30));
      |                                       ^~~~~~~~~~~~~~~~~~~~~~~~~~~~~~~~~~~~~~~~~~~~~~~~~~~
      |                                       |
      |                                       Gfx *
/home/david/Documents/RockBox_Personal-master/devsrc/nano-soh-runtime/Shipwright/soh/include/functions.h:22:52: note: expected 'uintptr_t' {aka 'unsigned int'} but argument is of type 'Gfx *'
   22 | void gSPSegment(void* value, int segNum, uintptr_t target);
      |                                          ~~~~~~~~~~^~~~~~
