/home/david/Documents/RockBox_Personal-master/devsrc/nano-soh-runtime/Shipwright/soh/src/overlays/actors/ovl_En_Fw/z_en_fw.c:79:7: warning: initialization of 'AnimationHeader *' from incompatible pointer type 'const char (*)[58]' [-Wincompatible-pointer-types]
   79 |     { &gFlareDancerCoreInitRunCycleAnim, 0.0f, 0.0f, -1.0f, ANIMMODE_ONCE_INTERP, 0.0f },
      |       ^
/home/david/Documents/RockBox_Personal-master/devsrc/nano-soh-runtime/Shipwright/soh/src/overlays/actors/ovl_En_Fw/z_en_fw.c:79:7: note: (near initialization for 'sAnimationInfo[0].animation')
/home/david/Documents/RockBox_Personal-master/devsrc/nano-soh-runtime/Shipwright/soh/src/overlays/actors/ovl_En_Fw/z_en_fw.c:80:7: warning: initialization of 'AnimationHeader *' from incompatible pointer type 'const char (*)[54]' [-Wincompatible-pointer-types]
   80 |     { &gFlareDancerCoreRunCycleAnim, 1.0f, 0.0f, -1.0f, ANIMMODE_ONCE_INTERP, -8.0f },
      |       ^
/home/david/Documents/RockBox_Personal-master/devsrc/nano-soh-runtime/Shipwright/soh/src/overlays/actors/ovl_En_Fw/z_en_fw.c:80:7: note: (near initialization for 'sAnimationInfo[1].animation')
/home/david/Documents/RockBox_Personal-master/devsrc/nano-soh-runtime/Shipwright/soh/src/overlays/actors/ovl_En_Fw/z_en_fw.c:81:7: warning: initialization of 'AnimationHeader *' from incompatible pointer type 'const char (*)[57]' [-Wincompatible-pointer-types]
   81 |     { &gFlareDancerCoreEndRunCycleAnim, 1.0f, 0.0f, -1.0f, ANIMMODE_LOOP_INTERP, -8.0f },
      |       ^
/home/david/Documents/RockBox_Personal-master/devsrc/nano-soh-runtime/Shipwright/soh/src/overlays/actors/ovl_En_Fw/z_en_fw.c:81:7: note: (near initialization for 'sAnimationInfo[2].animation')
/home/david/Documents/RockBox_Personal-master/devsrc/nano-soh-runtime/Shipwright/soh/src/overlays/actors/ovl_En_Fw/z_en_fw.c: In function 'EnFw_Init':
/home/david/Documents/RockBox_Personal-master/devsrc/nano-soh-runtime/Shipwright/soh/src/overlays/actors/ovl_En_Fw/z_en_fw.c:197:48: warning: passing argument 3 of 'SkelAnime_InitFlex' from incompatible pointer type [-Wincompatible-pointer-types]
  197 |     SkelAnime_InitFlex(play, &this->skelAnime, &gFlareDancerCoreSkel, NULL, this->jointTable, this->morphTable, 11);
      |                                                ^~~~~~~~~~~~~~~~~~~~~
      |                                                |
      |                                                const char (*)[46]
In file included from /home/david/Documents/RockBox_Personal-master/devsrc/nano-soh-runtime/Shipwright/soh/include/global.h:8,
                 from /home/david/Documents/RockBox_Personal-master/devsrc/nano-soh-runtime/Shipwright/soh/src/overlays/actors/ovl_En_Fw/z_en_fw.h:5,
                 from /home/david/Documents/RockBox_Personal-master/devsrc/nano-soh-runtime/Shipwright/soh/src/overlays/actors/ovl_En_Fw/z_en_fw.c:7:
/home/david/Documents/RockBox_Personal-master/devsrc/nano-soh-runtime/Shipwright/soh/include/functions.h:1329:83: note: expected 'FlexSkeletonHeader *' but argument is of type 'const char (*)[46]'
 1329 | s32 SkelAnime_InitFlex(PlayState* play, SkelAnime* skelAnime, FlexSkeletonHeader* skeletonHeaderSeg,
      |                                                               ~~~~~~~~~~~~~~~~~~~~^~~~~~~~~~~~~~~~~
/home/david/Documents/RockBox_Personal-master/devsrc/nano-soh-runtime/Shipwright/soh/src/overlays/actors/ovl_En_Fw/z_en_fw.c: In function 'EnFw_DrawDust':
/home/david/Documents/RockBox_Personal-master/devsrc/nano-soh-runtime/Shipwright/soh/src/overlays/actors/ovl_En_Fw/z_en_fw.c:454:9: warning: initialization discards 'const' qualifier from pointer target type [-Wdiscarded-qualifiers]
  454 |         gDust8Tex, gDust7Tex, gDust6Tex, gDust5Tex, gDust4Tex, gDust3Tex, gDust2Tex, gDust1Tex,
      |         ^~~~~~~~~
/home/david/Documents/RockBox_Personal-master/devsrc/nano-soh-runtime/Shipwright/soh/src/overlays/actors/ovl_En_Fw/z_en_fw.c:454:20: warning: initialization discards 'const' qualifier from pointer target type [-Wdiscarded-qualifiers]
  454 |         gDust8Tex, gDust7Tex, gDust6Tex, gDust5Tex, gDust4Tex, gDust3Tex, gDust2Tex, gDust1Tex,
      |                    ^~~~~~~~~
/home/david/Documents/RockBox_Personal-master/devsrc/nano-soh-runtime/Shipwright/soh/src/overlays/actors/ovl_En_Fw/z_en_fw.c:454:31: warning: initialization discards 'const' qualifier from pointer target type [-Wdiscarded-qualifiers]
  454 |         gDust8Tex, gDust7Tex, gDust6Tex, gDust5Tex, gDust4Tex, gDust3Tex, gDust2Tex, gDust1Tex,
      |                               ^~~~~~~~~
/home/david/Documents/RockBox_Personal-master/devsrc/nano-soh-runtime/Shipwright/soh/src/overlays/actors/ovl_En_Fw/z_en_fw.c:454:42: warning: initialization discards 'const' qualifier from pointer target type [-Wdiscarded-qualifiers]
  454 |         gDust8Tex, gDust7Tex, gDust6Tex, gDust5Tex, gDust4Tex, gDust3Tex, gDust2Tex, gDust1Tex,
      |                                          ^~~~~~~~~
/home/david/Documents/RockBox_Personal-master/devsrc/nano-soh-runtime/Shipwright/soh/src/overlays/actors/ovl_En_Fw/z_en_fw.c:454:53: warning: initialization discards 'const' qualifier from pointer target type [-Wdiscarded-qualifiers]
  454 |         gDust8Tex, gDust7Tex, gDust6Tex, gDust5Tex, gDust4Tex, gDust3Tex, gDust2Tex, gDust1Tex,
      |                                                     ^~~~~~~~~
/home/david/Documents/RockBox_Personal-master/devsrc/nano-soh-runtime/Shipwright/soh/src/overlays/actors/ovl_En_Fw/z_en_fw.c:454:64: warning: initialization discards 'const' qualifier from pointer target type [-Wdiscarded-qualifiers]
  454 |         gDust8Tex, gDust7Tex, gDust6Tex, gDust5Tex, gDust4Tex, gDust3Tex, gDust2Tex, gDust1Tex,
      |                                                                ^~~~~~~~~
/home/david/Documents/RockBox_Personal-master/devsrc/nano-soh-runtime/Shipwright/soh/src/overlays/actors/ovl_En_Fw/z_en_fw.c:454:75: warning: initialization discards 'const' qualifier from pointer target type [-Wdiscarded-qualifiers]
  454 |         gDust8Tex, gDust7Tex, gDust6Tex, gDust5Tex, gDust4Tex, gDust3Tex, gDust2Tex, gDust1Tex,
      |                                                                           ^~~~~~~~~
/home/david/Documents/RockBox_Personal-master/devsrc/nano-soh-runtime/Shipwright/soh/src/overlays/actors/ovl_En_Fw/z_en_fw.c:454:86: warning: initialization discards 'const' qualifier from pointer target type [-Wdiscarded-qualifiers]
  454 |         gDust8Tex, gDust7Tex, gDust6Tex, gDust5Tex, gDust4Tex, gDust3Tex, gDust2Tex, gDust1Tex,
      |                                                                                      ^~~~~~~~~
/home/david/Documents/RockBox_Personal-master/devsrc/nano-soh-runtime/Shipwright/soh/src/overlays/actors/ovl_En_Fw/z_en_fw.c:473:49: warning: passing argument 2 of 'gSPDisplayList' from incompatible pointer type [-Wincompatible-pointer-types]
  473 |                 gSPDisplayList(POLY_XLU_DISP++, gFlareDancerDL_7928);
      |                                                 ^~~~~~~~~~~~~~~~~~~
      |                                                 |
      |                                                 const char *
/home/david/Documents/RockBox_Personal-master/devsrc/nano-soh-runtime/Shipwright/soh/include/functions.h:24:36: note: expected 'Gfx *' but argument is of type 'const char *'
   24 | void gSPDisplayList(Gfx* pkt, Gfx* dl);
      |                               ~~~~~^~
In file included from /home/david/Documents/RockBox_Personal-master/devsrc/nano-soh-runtime/Shipwright/soh/include/global.h:10:
/home/david/Documents/RockBox_Personal-master/devsrc/nano-soh-runtime/Shipwright/soh/src/overlays/actors/ovl_En_Fw/z_en_fw.c:486:79: warning: passing argument 3 of 'gSPSegment' makes integer from pointer without a cast [-Wint-conversion]
  486 |             gSPSegment(POLY_XLU_DISP++, 0x8, SEGMENTED_TO_VIRTUAL(dustTextures[idx]));
      |                                                                   ~~~~~~~~~~~~^~~~~
      |                                                                               |
      |                                                                               void *
/home/david/Documents/RockBox_Personal-master/devsrc/nano-soh-runtime/Shipwright/soh/include/macros.h:37:36: note: in definition of macro 'SEGMENTED_TO_VIRTUAL'
   37 | #define SEGMENTED_TO_VIRTUAL(addr) addr
      |                                    ^~~~
/home/david/Documents/RockBox_Personal-master/devsrc/nano-soh-runtime/Shipwright/soh/include/functions.h:22:52: note: expected 'uintptr_t' {aka 'unsigned int'} but argument is of type 'void *'
   22 | void gSPSegment(void* value, int segNum, uintptr_t target);
      |                                          ~~~~~~~~~~^~~~~~
/home/david/Documents/RockBox_Personal-master/devsrc/nano-soh-runtime/Shipwright/soh/src/overlays/actors/ovl_En_Fw/z_en_fw.c:487:45: warning: passing argument 2 of 'gSPDisplayList' from incompatible pointer type [-Wincompatible-pointer-types]
  487 |             gSPDisplayList(POLY_XLU_DISP++, gFlareDancerSquareParticleDL);
      |                                             ^~~~~~~~~~~~~~~~~~~~~~~~~~~~
      |                                             |
      |                                             const char *
/home/david/Documents/RockBox_Personal-master/devsrc/nano-soh-runtime/Shipwright/soh/include/functions.h:24:36: note: expected 'Gfx *' but argument is of type 'const char *'
   24 | void gSPDisplayList(Gfx* pkt, Gfx* dl);
      |                               ~~~~~^~
