/home/david/Documents/RockBox_Personal-master/devsrc/nano-soh-runtime/Shipwright/soh/src/overlays/actors/ovl_Bg_Mori_Bigst/z_bg_mori_bigst.c: In function 'BgMoriBigst_Init':
/home/david/Documents/RockBox_Personal-master/devsrc/nano-soh-runtime/Shipwright/soh/src/overlays/actors/ovl_Bg_Mori_Bigst/z_bg_mori_bigst.c:81:42: warning: passing argument 3 of 'BgMoriBigst_InitDynapoly' from incompatible pointer type [-Wincompatible-pointer-types]
   81 |     BgMoriBigst_InitDynapoly(this, play, &gMoriBigstCol, DPM_UNK);
      |                                          ^~~~~~~~~~~~~~
      |                                          |
      |                                          const char (*)[49]
/home/david/Documents/RockBox_Personal-master/devsrc/nano-soh-runtime/Shipwright/soh/src/overlays/actors/ovl_Bg_Mori_Bigst/z_bg_mori_bigst.c:56:84: note: expected 'CollisionHeader *' but argument is of type 'const char (*)[49]'
   56 | void BgMoriBigst_InitDynapoly(BgMoriBigst* this, PlayState* play, CollisionHeader* collision, s32 moveFlag) {
      |                                                                   ~~~~~~~~~~~~~~~~~^~~~~~~~~
/home/david/Documents/RockBox_Personal-master/devsrc/nano-soh-runtime/Shipwright/soh/src/overlays/actors/ovl_Bg_Mori_Bigst/z_bg_mori_bigst.c: In function 'BgMoriBigst_Draw':
/home/david/Documents/RockBox_Personal-master/devsrc/nano-soh-runtime/Shipwright/soh/src/overlays/actors/ovl_Bg_Mori_Bigst/z_bg_mori_bigst.c:264:84: warning: passing argument 3 of 'gSPSegment' makes integer from pointer without a cast [-Wint-conversion]
  264 |     gSPSegment(POLY_OPA_DISP++, 0x08, play->objectCtx.status[this->moriTexObjIndex].segment);
      |                                       ~~~~~~~~~~~~~~~~~~~~~~~~~~~~~~~~~~~~~~~~~~~~~^~~~~~~~
      |                                                                                    |
      |                                                                                    void *
In file included from /home/david/Documents/RockBox_Personal-master/devsrc/nano-soh-runtime/Shipwright/soh/include/global.h:8,
                 from /home/david/Documents/RockBox_Personal-master/devsrc/nano-soh-runtime/Shipwright/soh/src/overlays/actors/ovl_Bg_Mori_Bigst/z_bg_mori_bigst.h:5,
                 from /home/david/Documents/RockBox_Personal-master/devsrc/nano-soh-runtime/Shipwright/soh/src/overlays/actors/ovl_Bg_Mori_Bigst/z_bg_mori_bigst.c:7:
/home/david/Documents/RockBox_Personal-master/devsrc/nano-soh-runtime/Shipwright/soh/include/functions.h:22:52: note: expected 'uintptr_t' {aka 'unsigned int'} but argument is of type 'void *'
   22 | void gSPSegment(void* value, int segNum, uintptr_t target);
      |                                          ~~~~~~~~~~^~~~~~
/home/david/Documents/RockBox_Personal-master/devsrc/nano-soh-runtime/Shipwright/soh/src/overlays/actors/ovl_Bg_Mori_Bigst/z_bg_mori_bigst.c:268:37: warning: passing argument 2 of 'gSPDisplayList' from incompatible pointer type [-Wincompatible-pointer-types]
  268 |     gSPDisplayList(POLY_OPA_DISP++, gMoriBigstDL);
      |                                     ^~~~~~~~~~~~
      |                                     |
      |                                     const char *
/home/david/Documents/RockBox_Personal-master/devsrc/nano-soh-runtime/Shipwright/soh/include/functions.h:24:36: note: expected 'Gfx *' but argument is of type 'const char *'
   24 | void gSPDisplayList(Gfx* pkt, Gfx* dl);
      |                               ~~~~~^~
