/home/david/Documents/RockBox_Personal-master/devsrc/nano-soh-runtime/Shipwright/soh/src/overlays/actors/ovl_En_Tite/z_en_tite.c:161:5: warning: initialization of 'AnimationHeader *' from incompatible pointer type 'const char (*)[51]' [-Wincompatible-pointer-types]
  161 |     &object_tite_Anim_00083C, &object_tite_Anim_0004F8, &object_tite_Anim_00069C, NULL, NULL, NULL,
      |     ^
/home/david/Documents/RockBox_Personal-master/devsrc/nano-soh-runtime/Shipwright/soh/src/overlays/actors/ovl_En_Tite/z_en_tite.c:161:5: note: (near initialization for 'D_80B1B634[0]')
/home/david/Documents/RockBox_Personal-master/devsrc/nano-soh-runtime/Shipwright/soh/src/overlays/actors/ovl_En_Tite/z_en_tite.c:161:31: warning: initialization of 'AnimationHeader *' from incompatible pointer type 'const char (*)[51]' [-Wincompatible-pointer-types]
  161 |     &object_tite_Anim_00083C, &object_tite_Anim_0004F8, &object_tite_Anim_00069C, NULL, NULL, NULL,
      |                               ^
/home/david/Documents/RockBox_Personal-master/devsrc/nano-soh-runtime/Shipwright/soh/src/overlays/actors/ovl_En_Tite/z_en_tite.c:161:31: note: (near initialization for 'D_80B1B634[1]')
/home/david/Documents/RockBox_Personal-master/devsrc/nano-soh-runtime/Shipwright/soh/src/overlays/actors/ovl_En_Tite/z_en_tite.c:161:57: warning: initialization of 'AnimationHeader *' from incompatible pointer type 'const char (*)[51]' [-Wincompatible-pointer-types]
  161 |     &object_tite_Anim_00083C, &object_tite_Anim_0004F8, &object_tite_Anim_00069C, NULL, NULL, NULL,
      |                                                         ^
/home/david/Documents/RockBox_Personal-master/devsrc/nano-soh-runtime/Shipwright/soh/src/overlays/actors/ovl_En_Tite/z_en_tite.c:161:57: note: (near initialization for 'D_80B1B634[2]')
/home/david/Documents/RockBox_Personal-master/devsrc/nano-soh-runtime/Shipwright/soh/src/overlays/actors/ovl_En_Tite/z_en_tite.c: In function 'EnTite_Init':
/home/david/Documents/RockBox_Personal-master/devsrc/nano-soh-runtime/Shipwright/soh/src/overlays/actors/ovl_En_Tite/z_en_tite.c:184:44: warning: passing argument 3 of 'SkelAnime_Init' from incompatible pointer type [-Wincompatible-pointer-types]
  184 |     SkelAnime_Init(play, &this->skelAnime, &object_tite_Skel_003A20, &object_tite_Anim_0012E4, this->jointTable,
      |                                            ^~~~~~~~~~~~~~~~~~~~~~~~
      |                                            |
      |                                            const char (*)[51]
In file included from /home/david/Documents/RockBox_Personal-master/devsrc/nano-soh-runtime/Shipwright/soh/include/global.h:8,
                 from /home/david/Documents/RockBox_Personal-master/devsrc/nano-soh-runtime/Shipwright/soh/src/overlays/actors/ovl_En_Tite/z_en_tite.h:5,
                 from /home/david/Documents/RockBox_Personal-master/devsrc/nano-soh-runtime/Shipwright/soh/src/overlays/actors/ovl_En_Tite/z_en_tite.c:7:
/home/david/Documents/RockBox_Personal-master/devsrc/nano-soh-runtime/Shipwright/soh/include/functions.h:1327:75: note: expected 'SkeletonHeader *' but argument is of type 'const char (*)[51]'
 1327 | s32 SkelAnime_Init(PlayState* play, SkelAnime* skelAnime, SkeletonHeader* skeletonHeaderSeg,
      |                                                           ~~~~~~~~~~~~~~~~^~~~~~~~~~~~~~~~~
/home/david/Documents/RockBox_Personal-master/devsrc/nano-soh-runtime/Shipwright/soh/src/overlays/actors/ovl_En_Tite/z_en_tite.c:184:70: warning: passing argument 4 of 'SkelAnime_Init' from incompatible pointer type [-Wincompatible-pointer-types]
  184 |     SkelAnime_Init(play, &this->skelAnime, &object_tite_Skel_003A20, &object_tite_Anim_0012E4, this->jointTable,
      |                                                                      ^~~~~~~~~~~~~~~~~~~~~~~~
      |                                                                      |
      |                                                                      const char (*)[51]
/home/david/Documents/RockBox_Personal-master/devsrc/nano-soh-runtime/Shipwright/soh/include/functions.h:1328:37: note: expected 'AnimationHeader *' but argument is of type 'const char (*)[51]'
 1328 |                    AnimationHeader* animation, Vec3s* jointTable, Vec3s* morphTable, s32 limbCount);
      |                    ~~~~~~~~~~~~~~~~~^~~~~~~~~
/home/david/Documents/RockBox_Personal-master/devsrc/nano-soh-runtime/Shipwright/soh/src/overlays/actors/ovl_En_Tite/z_en_tite.c: In function 'EnTite_SetupIdle':
/home/david/Documents/RockBox_Personal-master/devsrc/nano-soh-runtime/Shipwright/soh/src/overlays/actors/ovl_En_Tite/z_en_tite.c:224:45: warning: passing argument 2 of 'Animation_MorphToLoop' from incompatible pointer type [-Wincompatible-pointer-types]
  224 |     Animation_MorphToLoop(&this->skelAnime, &object_tite_Anim_0012E4, 4.0f);
      |                                             ^~~~~~~~~~~~~~~~~~~~~~~~
      |                                             |
      |                                             const char (*)[51]
/home/david/Documents/RockBox_Personal-master/devsrc/nano-soh-runtime/Shipwright/soh/include/functions.h:1342:67: note: expected 'AnimationHeader *' but argument is of type 'const char (*)[51]'
 1342 | void Animation_MorphToLoop(SkelAnime* skelAnime, AnimationHeader* animation, f32 morphFrames);
      |                                                  ~~~~~~~~~~~~~~~~~^~~~~~~~~
/home/david/Documents/RockBox_Personal-master/devsrc/nano-soh-runtime/Shipwright/soh/src/overlays/actors/ovl_En_Tite/z_en_tite.c: In function 'EnTite_SetupAttack':
/home/david/Documents/RockBox_Personal-master/devsrc/nano-soh-runtime/Shipwright/soh/src/overlays/actors/ovl_En_Tite/z_en_tite.c:256:42: warning: passing argument 2 of 'Animation_PlayOnce' from incompatible pointer type [-Wincompatible-pointer-types]
  256 |     Animation_PlayOnce(&this->skelAnime, &object_tite_Anim_00083C);
      |                                          ^~~~~~~~~~~~~~~~~~~~~~~~
      |                                          |
      |                                          const char (*)[51]
/home/david/Documents/RockBox_Personal-master/devsrc/nano-soh-runtime/Shipwright/soh/include/functions.h:1338:64: note: expected 'AnimationHeader *' but argument is of type 'const char (*)[51]'
 1338 | void Animation_PlayOnce(SkelAnime* skelAnime, AnimationHeader* animation);
      |                                               ~~~~~~~~~~~~~~~~~^~~~~~~~~
/home/david/Documents/RockBox_Personal-master/devsrc/nano-soh-runtime/Shipwright/soh/src/overlays/actors/ovl_En_Tite/z_en_tite.c: In function 'EnTite_Attack':
/home/david/Documents/RockBox_Personal-master/devsrc/nano-soh-runtime/Shipwright/soh/src/overlays/actors/ovl_En_Tite/z_en_tite.c:373:57: warning: passing argument 2 of 'Animation_MorphToLoop' from incompatible pointer type [-Wincompatible-pointer-types]
  373 |                 Animation_MorphToLoop(&this->skelAnime, &object_tite_Anim_0012E4, 4.0f);
      |                                                         ^~~~~~~~~~~~~~~~~~~~~~~~
      |                                                         |
      |                                                         const char (*)[51]
/home/david/Documents/RockBox_Personal-master/devsrc/nano-soh-runtime/Shipwright/soh/include/functions.h:1342:67: note: expected 'AnimationHeader *' but argument is of type 'const char (*)[51]'
 1342 | void Animation_MorphToLoop(SkelAnime* skelAnime, AnimationHeader* animation, f32 morphFrames);
      |                                                  ~~~~~~~~~~~~~~~~~^~~~~~~~~
/home/david/Documents/RockBox_Personal-master/devsrc/nano-soh-runtime/Shipwright/soh/src/overlays/actors/ovl_En_Tite/z_en_tite.c: In function 'EnTite_SetupTurnTowardPlayer':
/home/david/Documents/RockBox_Personal-master/devsrc/nano-soh-runtime/Shipwright/soh/src/overlays/actors/ovl_En_Tite/z_en_tite.c:425:42: warning: passing argument 2 of 'Animation_PlayLoop' from incompatible pointer type [-Wincompatible-pointer-types]
  425 |     Animation_PlayLoop(&this->skelAnime, &object_tite_Anim_000A14);
      |                                          ^~~~~~~~~~~~~~~~~~~~~~~~
      |                                          |
      |                                          const char (*)[51]
/home/david/Documents/RockBox_Personal-master/devsrc/nano-soh-runtime/Shipwright/soh/include/functions.h:1341:64: note: expected 'AnimationHeader *' but argument is of type 'const char (*)[51]'
 1341 | void Animation_PlayLoop(SkelAnime* skelAnime, AnimationHeader* animation);
      |                                               ~~~~~~~~~~~~~~~~~^~~~~~~~~
/home/david/Documents/RockBox_Personal-master/devsrc/nano-soh-runtime/Shipwright/soh/src/overlays/actors/ovl_En_Tite/z_en_tite.c: In function 'EnTite_SetupMoveTowardPlayer':
/home/david/Documents/RockBox_Personal-master/devsrc/nano-soh-runtime/Shipwright/soh/src/overlays/actors/ovl_En_Tite/z_en_tite.c:492:42: warning: passing argument 2 of 'Animation_PlayLoop' from incompatible pointer type [-Wincompatible-pointer-types]
  492 |     Animation_PlayLoop(&this->skelAnime, &object_tite_Anim_000C70);
      |                                          ^~~~~~~~~~~~~~~~~~~~~~~~
      |                                          |
      |                                          const char (*)[51]
/home/david/Documents/RockBox_Personal-master/devsrc/nano-soh-runtime/Shipwright/soh/include/functions.h:1341:64: note: expected 'AnimationHeader *' but argument is of type 'const char (*)[51]'
 1341 | void Animation_PlayLoop(SkelAnime* skelAnime, AnimationHeader* animation);
      |                                               ~~~~~~~~~~~~~~~~~^~~~~~~~~
/home/david/Documents/RockBox_Personal-master/devsrc/nano-soh-runtime/Shipwright/soh/src/overlays/actors/ovl_En_Tite/z_en_tite.c: In function 'EnTite_SetupRecoil':
/home/david/Documents/RockBox_Personal-master/devsrc/nano-soh-runtime/Shipwright/soh/src/overlays/actors/ovl_En_Tite/z_en_tite.c:609:45: warning: passing argument 2 of 'Animation_MorphToLoop' from incompatible pointer type [-Wincompatible-pointer-types]
  609 |     Animation_MorphToLoop(&this->skelAnime, &object_tite_Anim_0012E4, 4.0f);
      |                                             ^~~~~~~~~~~~~~~~~~~~~~~~
      |                                             |
      |                                             const char (*)[51]
/home/david/Documents/RockBox_Personal-master/devsrc/nano-soh-runtime/Shipwright/soh/include/functions.h:1342:67: note: expected 'AnimationHeader *' but argument is of type 'const char (*)[51]'
 1342 | void Animation_MorphToLoop(SkelAnime* skelAnime, AnimationHeader* animation, f32 morphFrames);
      |                                                  ~~~~~~~~~~~~~~~~~^~~~~~~~~
/home/david/Documents/RockBox_Personal-master/devsrc/nano-soh-runtime/Shipwright/soh/src/overlays/actors/ovl_En_Tite/z_en_tite.c: In function 'EnTite_SetupStunned':
/home/david/Documents/RockBox_Personal-master/devsrc/nano-soh-runtime/Shipwright/soh/src/overlays/actors/ovl_En_Tite/z_en_tite.c:675:50: warning: passing argument 1 of 'Animation_GetLastFrame' discards 'const' qualifier from pointer target type [-Wdiscarded-array-qualifiers]
  675 |                      (f32)Animation_GetLastFrame(&object_tite_Anim_0012E4), ANIMMODE_LOOP, 4.0f);
      |                                                  ^~~~~~~~~~~~~~~~~~~~~~~~
/home/david/Documents/RockBox_Personal-master/devsrc/nano-soh-runtime/Shipwright/soh/include/functions.h:1278:34: note: expected 'void *' but argument is of type 'const char (*)[51]'
 1278 | s16 Animation_GetLastFrame(void* animation);
      |                            ~~~~~~^~~~~~~~~
/home/david/Documents/RockBox_Personal-master/devsrc/nano-soh-runtime/Shipwright/soh/src/overlays/actors/ovl_En_Tite/z_en_tite.c:674:40: warning: passing argument 2 of 'Animation_Change' from incompatible pointer type [-Wincompatible-pointer-types]
  674 |     Animation_Change(&this->skelAnime, &object_tite_Anim_0012E4, 0.0f, 0.0f,
      |                                        ^~~~~~~~~~~~~~~~~~~~~~~~
      |                                        |
      |                                        const char (*)[51]
/home/david/Documents/RockBox_Personal-master/devsrc/nano-soh-runtime/Shipwright/soh/include/functions.h:1336:62: note: expected 'AnimationHeader *' but argument is of type 'const char (*)[51]'
 1336 | void Animation_Change(SkelAnime* skelAnime, AnimationHeader* animation, f32 playSpeed, f32 startFrame, f32 endFrame,
      |                                             ~~~~~~~~~~~~~~~~~^~~~~~~~~
/home/david/Documents/RockBox_Personal-master/devsrc/nano-soh-runtime/Shipwright/soh/src/overlays/actors/ovl_En_Tite/z_en_tite.c: In function 'EnTite_SetupFlipOnBack':
/home/david/Documents/RockBox_Personal-master/devsrc/nano-soh-runtime/Shipwright/soh/src/overlays/actors/ovl_En_Tite/z_en_tite.c:780:50: warning: passing argument 2 of 'Animation_PlayLoopSetSpeed' from incompatible pointer type [-Wincompatible-pointer-types]
  780 |     Animation_PlayLoopSetSpeed(&this->skelAnime, &object_tite_Anim_000A14, 1.5f);
      |                                                  ^~~~~~~~~~~~~~~~~~~~~~~~
      |                                                  |
      |                                                  const char (*)[51]
/home/david/Documents/RockBox_Personal-master/devsrc/nano-soh-runtime/Shipwright/soh/include/functions.h:1343:72: note: expected 'AnimationHeader *' but argument is of type 'const char (*)[51]'
 1343 | void Animation_PlayLoopSetSpeed(SkelAnime* skelAnime, AnimationHeader* animation, f32 playSpeed);
      |                                                       ~~~~~~~~~~~~~~~~~^~~~~~~~~
In file included from /home/david/Documents/RockBox_Personal-master/devsrc/nano-soh-runtime/Shipwright/soh/include/global.h:10:
/home/david/Documents/RockBox_Personal-master/devsrc/nano-soh-runtime/Shipwright/soh/src/overlays/actors/ovl_En_Tite/z_en_tite.c: In function 'EnTite_Draw':
/home/david/Documents/RockBox_Personal-master/devsrc/nano-soh-runtime/Shipwright/soh/src/overlays/actors/ovl_En_Tite/z_en_tite.c:990:64: warning: passing argument 3 of 'gSPSegment' makes integer from pointer without a cast [-Wint-conversion]
  990 |         gSPSegment(POLY_OPA_DISP++, 0x08, SEGMENTED_TO_VIRTUAL(object_tite_Tex_001300));
      |                                                                ^~~~~~~~~~~~~~~~~~~~~~
      |                                                                |
      |                                                                const char *
/home/david/Documents/RockBox_Personal-master/devsrc/nano-soh-runtime/Shipwright/soh/include/macros.h:37:36: note: in definition of macro 'SEGMENTED_TO_VIRTUAL'
   37 | #define SEGMENTED_TO_VIRTUAL(addr) addr
      |                                    ^~~~
/home/david/Documents/RockBox_Personal-master/devsrc/nano-soh-runtime/Shipwright/soh/include/functions.h:22:52: note: expected 'uintptr_t' {aka 'unsigned int'} but argument is of type 'const char *'
   22 | void gSPSegment(void* value, int segNum, uintptr_t target);
      |                                          ~~~~~~~~~~^~~~~~
/home/david/Documents/RockBox_Personal-master/devsrc/nano-soh-runtime/Shipwright/soh/src/overlays/actors/ovl_En_Tite/z_en_tite.c:991:64: warning: passing argument 3 of 'gSPSegment' makes integer from pointer without a cast [-Wint-conversion]
  991 |         gSPSegment(POLY_OPA_DISP++, 0x09, SEGMENTED_TO_VIRTUAL(object_tite_Tex_001700));
      |                                                                ^~~~~~~~~~~~~~~~~~~~~~
      |                                                                |
      |                                                                const char *
/home/david/Documents/RockBox_Personal-master/devsrc/nano-soh-runtime/Shipwright/soh/include/macros.h:37:36: note: in definition of macro 'SEGMENTED_TO_VIRTUAL'
   37 | #define SEGMENTED_TO_VIRTUAL(addr) addr
      |                                    ^~~~
/home/david/Documents/RockBox_Personal-master/devsrc/nano-soh-runtime/Shipwright/soh/include/functions.h:22:52: note: expected 'uintptr_t' {aka 'unsigned int'} but argument is of type 'const char *'
   22 | void gSPSegment(void* value, int segNum, uintptr_t target);
      |                                          ~~~~~~~~~~^~~~~~
/home/david/Documents/RockBox_Personal-master/devsrc/nano-soh-runtime/Shipwright/soh/src/overlays/actors/ovl_En_Tite/z_en_tite.c:992:64: warning: passing argument 3 of 'gSPSegment' makes integer from pointer without a cast [-Wint-conversion]
  992 |         gSPSegment(POLY_OPA_DISP++, 0x0A, SEGMENTED_TO_VIRTUAL(object_tite_Tex_001900));
      |                                                                ^~~~~~~~~~~~~~~~~~~~~~
      |                                                                |
      |                                                                const char *
/home/david/Documents/RockBox_Personal-master/devsrc/nano-soh-runtime/Shipwright/soh/include/macros.h:37:36: note: in definition of macro 'SEGMENTED_TO_VIRTUAL'
   37 | #define SEGMENTED_TO_VIRTUAL(addr) addr
      |                                    ^~~~
/home/david/Documents/RockBox_Personal-master/devsrc/nano-soh-runtime/Shipwright/soh/include/functions.h:22:52: note: expected 'uintptr_t' {aka 'unsigned int'} but argument is of type 'const char *'
   22 | void gSPSegment(void* value, int segNum, uintptr_t target);
      |                                          ~~~~~~~~~~^~~~~~
/home/david/Documents/RockBox_Personal-master/devsrc/nano-soh-runtime/Shipwright/soh/src/overlays/actors/ovl_En_Tite/z_en_tite.c:994:64: warning: passing argument 3 of 'gSPSegment' makes integer from pointer without a cast [-Wint-conversion]
  994 |         gSPSegment(POLY_OPA_DISP++, 0x08, SEGMENTED_TO_VIRTUAL(object_tite_Tex_001B00));
      |                                                                ^~~~~~~~~~~~~~~~~~~~~~
      |                                                                |
      |                                                                const char *
/home/david/Documents/RockBox_Personal-master/devsrc/nano-soh-runtime/Shipwright/soh/include/macros.h:37:36: note: in definition of macro 'SEGMENTED_TO_VIRTUAL'
   37 | #define SEGMENTED_TO_VIRTUAL(addr) addr
      |                                    ^~~~
/home/david/Documents/RockBox_Personal-master/devsrc/nano-soh-runtime/Shipwright/soh/include/functions.h:22:52: note: expected 'uintptr_t' {aka 'unsigned int'} but argument is of type 'const char *'
   22 | void gSPSegment(void* value, int segNum, uintptr_t target);
      |                                          ~~~~~~~~~~^~~~~~
/home/david/Documents/RockBox_Personal-master/devsrc/nano-soh-runtime/Shipwright/soh/src/overlays/actors/ovl_En_Tite/z_en_tite.c:995:64: warning: passing argument 3 of 'gSPSegment' makes integer from pointer without a cast [-Wint-conversion]
  995 |         gSPSegment(POLY_OPA_DISP++, 0x09, SEGMENTED_TO_VIRTUAL(object_tite_Tex_001F00));
      |                                                                ^~~~~~~~~~~~~~~~~~~~~~
      |                                                                |
      |                                                                const char *
/home/david/Documents/RockBox_Personal-master/devsrc/nano-soh-runtime/Shipwright/soh/include/macros.h:37:36: note: in definition of macro 'SEGMENTED_TO_VIRTUAL'
   37 | #define SEGMENTED_TO_VIRTUAL(addr) addr
      |                                    ^~~~
/home/david/Documents/RockBox_Personal-master/devsrc/nano-soh-runtime/Shipwright/soh/include/functions.h:22:52: note: expected 'uintptr_t' {aka 'unsigned int'} but argument is of type 'const char *'
   22 | void gSPSegment(void* value, int segNum, uintptr_t target);
      |                                          ~~~~~~~~~~^~~~~~
/home/david/Documents/RockBox_Personal-master/devsrc/nano-soh-runtime/Shipwright/soh/src/overlays/actors/ovl_En_Tite/z_en_tite.c:996:64: warning: passing argument 3 of 'gSPSegment' makes integer from pointer without a cast [-Wint-conversion]
  996 |         gSPSegment(POLY_OPA_DISP++, 0x0A, SEGMENTED_TO_VIRTUAL(object_tite_Tex_002100));
      |                                                                ^~~~~~~~~~~~~~~~~~~~~~
      |                                                                |
      |                                                                const char *
/home/david/Documents/RockBox_Personal-master/devsrc/nano-soh-runtime/Shipwright/soh/include/macros.h:37:36: note: in definition of macro 'SEGMENTED_TO_VIRTUAL'
   37 | #define SEGMENTED_TO_VIRTUAL(addr) addr
      |                                    ^~~~
/home/david/Documents/RockBox_Personal-master/devsrc/nano-soh-runtime/Shipwright/soh/include/functions.h:22:52: note: expected 'uintptr_t' {aka 'unsigned int'} but argument is of type 'const char *'
   22 | void gSPSegment(void* value, int segNum, uintptr_t target);
      |                                          ~~~~~~~~~~^~~~~~
