/home/david/Documents/RockBox_Personal-master/devsrc/nano-soh-runtime/Shipwright/soh/src/overlays/actors/ovl_En_Yukabyun/z_en_yukabyun.c:60:31: warning: initialization discards 'const' qualifier from pointer target type [-Wdiscarded-qualifiers]
   60 | static void* D_80B43F64[] = { gFloorTileEnemyTopTex, gFloorTileEnemyBottomTex };
      |                               ^~~~~~~~~~~~~~~~~~~~~
/home/david/Documents/RockBox_Personal-master/devsrc/nano-soh-runtime/Shipwright/soh/src/overlays/actors/ovl_En_Yukabyun/z_en_yukabyun.c:60:54: warning: initialization discards 'const' qualifier from pointer target type [-Wdiscarded-qualifiers]
   60 | static void* D_80B43F64[] = { gFloorTileEnemyTopTex, gFloorTileEnemyBottomTex };
      |                                                      ^~~~~~~~~~~~~~~~~~~~~~~~
/home/david/Documents/RockBox_Personal-master/devsrc/nano-soh-runtime/Shipwright/soh/src/overlays/actors/ovl_En_Yukabyun/z_en_yukabyun.c: In function 'EnYukabyun_Break':
/home/david/Documents/RockBox_Personal-master/devsrc/nano-soh-runtime/Shipwright/soh/src/overlays/actors/ovl_En_Yukabyun/z_en_yukabyun.c:113:30: warning: passing argument 10 of 'EffectSsHahen_SpawnBurst' from incompatible pointer type [-Wincompatible-pointer-types]
  113 |                              gFloorTileEnemyFragmentDL);
      |                              ^~~~~~~~~~~~~~~~~~~~~~~~~
      |                              |
      |                              const char *
In file included from /home/david/Documents/RockBox_Personal-master/devsrc/nano-soh-runtime/Shipwright/soh/include/global.h:8,
                 from /home/david/Documents/RockBox_Personal-master/devsrc/nano-soh-runtime/Shipwright/soh/src/overlays/actors/ovl_En_Yukabyun/z_en_yukabyun.h:5,
                 from /home/david/Documents/RockBox_Personal-master/devsrc/nano-soh-runtime/Shipwright/soh/src/overlays/actors/ovl_En_Yukabyun/z_en_yukabyun.c:7:
/home/david/Documents/RockBox_Personal-master/devsrc/nano-soh-runtime/Shipwright/soh/include/functions.h:309:88: note: expected 'Gfx *' but argument is of type 'const char *'
  309 |                               s16 randScaleRange, s16 count, s16 objId, s16 life, Gfx* dList);
      |                                                                                   ~~~~~^~~~~
In file included from /home/david/Documents/RockBox_Personal-master/devsrc/nano-soh-runtime/Shipwright/soh/include/global.h:10:
/home/david/Documents/RockBox_Personal-master/devsrc/nano-soh-runtime/Shipwright/soh/src/overlays/actors/ovl_En_Yukabyun/z_en_yukabyun.c: In function 'EnYukabyun_Draw':
/home/david/Documents/RockBox_Personal-master/devsrc/nano-soh-runtime/Shipwright/soh/src/overlays/actors/ovl_En_Yukabyun/z_en_yukabyun.c:155:70: warning: passing argument 3 of 'gSPSegment' makes integer from pointer without a cast [-Wint-conversion]
  155 |     gSPSegment(POLY_OPA_DISP++, 0x08, SEGMENTED_TO_VIRTUAL(D_80B43F64[this->unk_152]));
      |                                                            ~~~~~~~~~~^~~~~~~~~~~~~~~
      |                                                                      |
      |                                                                      void *
/home/david/Documents/RockBox_Personal-master/devsrc/nano-soh-runtime/Shipwright/soh/include/macros.h:37:36: note: in definition of macro 'SEGMENTED_TO_VIRTUAL'
   37 | #define SEGMENTED_TO_VIRTUAL(addr) addr
      |                                    ^~~~
/home/david/Documents/RockBox_Personal-master/devsrc/nano-soh-runtime/Shipwright/soh/include/functions.h:22:52: note: expected 'uintptr_t' {aka 'unsigned int'} but argument is of type 'void *'
   22 | void gSPSegment(void* value, int segNum, uintptr_t target);
      |                                          ~~~~~~~~~~^~~~~~
/home/david/Documents/RockBox_Personal-master/devsrc/nano-soh-runtime/Shipwright/soh/src/overlays/actors/ovl_En_Yukabyun/z_en_yukabyun.c:157:37: warning: passing argument 2 of 'gSPDisplayList' from incompatible pointer type [-Wincompatible-pointer-types]
  157 |     gSPDisplayList(POLY_OPA_DISP++, gFloorTileEnemyDL);
      |                                     ^~~~~~~~~~~~~~~~~
      |                                     |
      |                                     const char *
/home/david/Documents/RockBox_Personal-master/devsrc/nano-soh-runtime/Shipwright/soh/include/functions.h:24:36: note: expected 'Gfx *' but argument is of type 'const char *'
   24 | void gSPDisplayList(Gfx* pkt, Gfx* dl);
      |                               ~~~~~^~
