/home/david/Documents/RockBox_Personal-master/devsrc/nano-soh-runtime/Shipwright/soh/src/overlays/actors/ovl_Bg_Mizu_Movebg/z_bg_mizu_movebg.c:44:5: warning: initialization of 'Gfx *' from incompatible pointer type 'const char *' [-Wincompatible-pointer-types]
   44 |     gObjectMizuObjectsMovebgDL_000190, gObjectMizuObjectsMovebgDL_000680, gObjectMizuObjectsMovebgDL_000C20,
      |     ^~~~~~~~~~~~~~~~~~~~~~~~~~~~~~~~~
/home/david/Documents/RockBox_Personal-master/devsrc/nano-soh-runtime/Shipwright/soh/src/overlays/actors/ovl_Bg_Mizu_Movebg/z_bg_mizu_movebg.c:44:5: note: (near initialization for 'D_8089EB50[0]')
/home/david/Documents/RockBox_Personal-master/devsrc/nano-soh-runtime/Shipwright/soh/src/overlays/actors/ovl_Bg_Mizu_Movebg/z_bg_mizu_movebg.c:44:40: warning: initialization of 'Gfx *' from incompatible pointer type 'const char *' [-Wincompatible-pointer-types]
   44 |     gObjectMizuObjectsMovebgDL_000190, gObjectMizuObjectsMovebgDL_000680, gObjectMizuObjectsMovebgDL_000C20,
      |                                        ^~~~~~~~~~~~~~~~~~~~~~~~~~~~~~~~~
/home/david/Documents/RockBox_Personal-master/devsrc/nano-soh-runtime/Shipwright/soh/src/overlays/actors/ovl_Bg_Mizu_Movebg/z_bg_mizu_movebg.c:44:40: note: (near initialization for 'D_8089EB50[1]')
/home/david/Documents/RockBox_Personal-master/devsrc/nano-soh-runtime/Shipwright/soh/src/overlays/actors/ovl_Bg_Mizu_Movebg/z_bg_mizu_movebg.c:44:75: warning: initialization of 'Gfx *' from incompatible pointer type 'const char *' [-Wincompatible-pointer-types]
   44 |     gObjectMizuObjectsMovebgDL_000190, gObjectMizuObjectsMovebgDL_000680, gObjectMizuObjectsMovebgDL_000C20,
      |                                                                           ^~~~~~~~~~~~~~~~~~~~~~~~~~~~~~~~~
/home/david/Documents/RockBox_Personal-master/devsrc/nano-soh-runtime/Shipwright/soh/src/overlays/actors/ovl_Bg_Mizu_Movebg/z_bg_mizu_movebg.c:44:75: note: (near initialization for 'D_8089EB50[2]')
/home/david/Documents/RockBox_Personal-master/devsrc/nano-soh-runtime/Shipwright/soh/src/overlays/actors/ovl_Bg_Mizu_Movebg/z_bg_mizu_movebg.c:45:5: warning: initialization of 'Gfx *' from incompatible pointer type 'const char *' [-Wincompatible-pointer-types]
   45 |     gObjectMizuObjectsMovebgDL_002E10, gObjectMizuObjectsMovebgDL_002E10, gObjectMizuObjectsMovebgDL_002E10,
      |     ^~~~~~~~~~~~~~~~~~~~~~~~~~~~~~~~~
/home/david/Documents/RockBox_Personal-master/devsrc/nano-soh-runtime/Shipwright/soh/src/overlays/actors/ovl_Bg_Mizu_Movebg/z_bg_mizu_movebg.c:45:5: note: (near initialization for 'D_8089EB50[3]')
/home/david/Documents/RockBox_Personal-master/devsrc/nano-soh-runtime/Shipwright/soh/src/overlays/actors/ovl_Bg_Mizu_Movebg/z_bg_mizu_movebg.c:45:40: warning: initialization of 'Gfx *' from incompatible pointer type 'const char *' [-Wincompatible-pointer-types]
   45 |     gObjectMizuObjectsMovebgDL_002E10, gObjectMizuObjectsMovebgDL_002E10, gObjectMizuObjectsMovebgDL_002E10,
      |                                        ^~~~~~~~~~~~~~~~~~~~~~~~~~~~~~~~~
/home/david/Documents/RockBox_Personal-master/devsrc/nano-soh-runtime/Shipwright/soh/src/overlays/actors/ovl_Bg_Mizu_Movebg/z_bg_mizu_movebg.c:45:40: note: (near initialization for 'D_8089EB50[4]')
/home/david/Documents/RockBox_Personal-master/devsrc/nano-soh-runtime/Shipwright/soh/src/overlays/actors/ovl_Bg_Mizu_Movebg/z_bg_mizu_movebg.c:45:75: warning: initialization of 'Gfx *' from incompatible pointer type 'const char *' [-Wincompatible-pointer-types]
   45 |     gObjectMizuObjectsMovebgDL_002E10, gObjectMizuObjectsMovebgDL_002E10, gObjectMizuObjectsMovebgDL_002E10,
      |                                                                           ^~~~~~~~~~~~~~~~~~~~~~~~~~~~~~~~~
/home/david/Documents/RockBox_Personal-master/devsrc/nano-soh-runtime/Shipwright/soh/src/overlays/actors/ovl_Bg_Mizu_Movebg/z_bg_mizu_movebg.c:45:75: note: (near initialization for 'D_8089EB50[5]')
/home/david/Documents/RockBox_Personal-master/devsrc/nano-soh-runtime/Shipwright/soh/src/overlays/actors/ovl_Bg_Mizu_Movebg/z_bg_mizu_movebg.c:46:5: warning: initialization of 'Gfx *' from incompatible pointer type 'const char *' [-Wincompatible-pointer-types]
   46 |     gObjectMizuObjectsMovebgDL_002E10, gObjectMizuObjectsMovebgDL_0011F0,
      |     ^~~~~~~~~~~~~~~~~~~~~~~~~~~~~~~~~
/home/david/Documents/RockBox_Personal-master/devsrc/nano-soh-runtime/Shipwright/soh/src/overlays/actors/ovl_Bg_Mizu_Movebg/z_bg_mizu_movebg.c:46:5: note: (near initialization for 'D_8089EB50[6]')
/home/david/Documents/RockBox_Personal-master/devsrc/nano-soh-runtime/Shipwright/soh/src/overlays/actors/ovl_Bg_Mizu_Movebg/z_bg_mizu_movebg.c:46:40: warning: initialization of 'Gfx *' from incompatible pointer type 'const char *' [-Wincompatible-pointer-types]
   46 |     gObjectMizuObjectsMovebgDL_002E10, gObjectMizuObjectsMovebgDL_0011F0,
      |                                        ^~~~~~~~~~~~~~~~~~~~~~~~~~~~~~~~~
/home/david/Documents/RockBox_Personal-master/devsrc/nano-soh-runtime/Shipwright/soh/src/overlays/actors/ovl_Bg_Mizu_Movebg/z_bg_mizu_movebg.c:46:40: note: (near initialization for 'D_8089EB50[7]')
/home/david/Documents/RockBox_Personal-master/devsrc/nano-soh-runtime/Shipwright/soh/src/overlays/actors/ovl_Bg_Mizu_Movebg/z_bg_mizu_movebg.c:50:5: warning: initialization of 'CollisionHeader *' from incompatible pointer type 'const char (*)[70]' [-Wincompatible-pointer-types]
   50 |     &gObjectMizuObjectsMovebgCol_0003F0, &gObjectMizuObjectsMovebgCol_000998, &gObjectMizuObjectsMovebgCol_000ED0,
      |     ^
/home/david/Documents/RockBox_Personal-master/devsrc/nano-soh-runtime/Shipwright/soh/src/overlays/actors/ovl_Bg_Mizu_Movebg/z_bg_mizu_movebg.c:50:5: note: (near initialization for 'D_8089EB70[0]')
/home/david/Documents/RockBox_Personal-master/devsrc/nano-soh-runtime/Shipwright/soh/src/overlays/actors/ovl_Bg_Mizu_Movebg/z_bg_mizu_movebg.c:50:42: warning: initialization of 'CollisionHeader *' from incompatible pointer type 'const char (*)[70]' [-Wincompatible-pointer-types]
   50 |     &gObjectMizuObjectsMovebgCol_0003F0, &gObjectMizuObjectsMovebgCol_000998, &gObjectMizuObjectsMovebgCol_000ED0,
      |                                          ^
/home/david/Documents/RockBox_Personal-master/devsrc/nano-soh-runtime/Shipwright/soh/src/overlays/actors/ovl_Bg_Mizu_Movebg/z_bg_mizu_movebg.c:50:42: note: (near initialization for 'D_8089EB70[1]')
/home/david/Documents/RockBox_Personal-master/devsrc/nano-soh-runtime/Shipwright/soh/src/overlays/actors/ovl_Bg_Mizu_Movebg/z_bg_mizu_movebg.c:50:79: warning: initialization of 'CollisionHeader *' from incompatible pointer type 'const char (*)[70]' [-Wincompatible-pointer-types]
   50 |     &gObjectMizuObjectsMovebgCol_0003F0, &gObjectMizuObjectsMovebgCol_000998, &gObjectMizuObjectsMovebgCol_000ED0,
      |                                                                               ^
/home/david/Documents/RockBox_Personal-master/devsrc/nano-soh-runtime/Shipwright/soh/src/overlays/actors/ovl_Bg_Mizu_Movebg/z_bg_mizu_movebg.c:50:79: note: (near initialization for 'D_8089EB70[2]')
/home/david/Documents/RockBox_Personal-master/devsrc/nano-soh-runtime/Shipwright/soh/src/overlays/actors/ovl_Bg_Mizu_Movebg/z_bg_mizu_movebg.c:51:5: warning: initialization of 'CollisionHeader *' from incompatible pointer type 'const char (*)[70]' [-Wincompatible-pointer-types]
   51 |     &gObjectMizuObjectsMovebgCol_003590, &gObjectMizuObjectsMovebgCol_003590, &gObjectMizuObjectsMovebgCol_003590,
      |     ^
/home/david/Documents/RockBox_Personal-master/devsrc/nano-soh-runtime/Shipwright/soh/src/overlays/actors/ovl_Bg_Mizu_Movebg/z_bg_mizu_movebg.c:51:5: note: (near initialization for 'D_8089EB70[3]')
/home/david/Documents/RockBox_Personal-master/devsrc/nano-soh-runtime/Shipwright/soh/src/overlays/actors/ovl_Bg_Mizu_Movebg/z_bg_mizu_movebg.c:51:42: warning: initialization of 'CollisionHeader *' from incompatible pointer type 'const char (*)[70]' [-Wincompatible-pointer-types]
   51 |     &gObjectMizuObjectsMovebgCol_003590, &gObjectMizuObjectsMovebgCol_003590, &gObjectMizuObjectsMovebgCol_003590,
      |                                          ^
/home/david/Documents/RockBox_Personal-master/devsrc/nano-soh-runtime/Shipwright/soh/src/overlays/actors/ovl_Bg_Mizu_Movebg/z_bg_mizu_movebg.c:51:42: note: (near initialization for 'D_8089EB70[4]')
/home/david/Documents/RockBox_Personal-master/devsrc/nano-soh-runtime/Shipwright/soh/src/overlays/actors/ovl_Bg_Mizu_Movebg/z_bg_mizu_movebg.c:51:79: warning: initialization of 'CollisionHeader *' from incompatible pointer type 'const char (*)[70]' [-Wincompatible-pointer-types]
   51 |     &gObjectMizuObjectsMovebgCol_003590, &gObjectMizuObjectsMovebgCol_003590, &gObjectMizuObjectsMovebgCol_003590,
      |                                                                               ^
/home/david/Documents/RockBox_Personal-master/devsrc/nano-soh-runtime/Shipwright/soh/src/overlays/actors/ovl_Bg_Mizu_Movebg/z_bg_mizu_movebg.c:51:79: note: (near initialization for 'D_8089EB70[5]')
/home/david/Documents/RockBox_Personal-master/devsrc/nano-soh-runtime/Shipwright/soh/src/overlays/actors/ovl_Bg_Mizu_Movebg/z_bg_mizu_movebg.c:52:5: warning: initialization of 'CollisionHeader *' from incompatible pointer type 'const char (*)[70]' [-Wincompatible-pointer-types]
   52 |     &gObjectMizuObjectsMovebgCol_003590, &gObjectMizuObjectsMovebgCol_0015F8,
      |     ^
/home/david/Documents/RockBox_Personal-master/devsrc/nano-soh-runtime/Shipwright/soh/src/overlays/actors/ovl_Bg_Mizu_Movebg/z_bg_mizu_movebg.c:52:5: note: (near initialization for 'D_8089EB70[6]')
/home/david/Documents/RockBox_Personal-master/devsrc/nano-soh-runtime/Shipwright/soh/src/overlays/actors/ovl_Bg_Mizu_Movebg/z_bg_mizu_movebg.c:52:42: warning: initialization of 'CollisionHeader *' from incompatible pointer type 'const char (*)[70]' [-Wincompatible-pointer-types]
   52 |     &gObjectMizuObjectsMovebgCol_003590, &gObjectMizuObjectsMovebgCol_0015F8,
      |                                          ^
/home/david/Documents/RockBox_Personal-master/devsrc/nano-soh-runtime/Shipwright/soh/src/overlays/actors/ovl_Bg_Mizu_Movebg/z_bg_mizu_movebg.c:52:42: note: (near initialization for 'D_8089EB70[7]')
/home/david/Documents/RockBox_Personal-master/devsrc/nano-soh-runtime/Shipwright/soh/src/overlays/actors/ovl_Bg_Mizu_Movebg/z_bg_mizu_movebg.c: In function 'BgMizuMovebg_Draw':
/home/david/Documents/RockBox_Personal-master/devsrc/nano-soh-runtime/Shipwright/soh/src/overlays/actors/ovl_Bg_Mizu_Movebg/z_bg_mizu_movebg.c:374:16: warning: passing argument 3 of 'gSPSegment' makes integer from pointer without a cast [-Wint-conversion]
  374 |                Gfx_TwoTexScrollEnvColorEx(play->state.gfxCtx, 0, frames * 1, 0, 32, 32, 1, 0, 0, 32, 32, 0, 0, 0,
      |                ^~~~~~~~~~~~~~~~~~~~~~~~~~~~~~~~~~~~~~~~~~~~~~~~~~~~~~~~~~~~~~~~~~~~~~~~~~~~~~~~~~~~~~~~~~~~~~~~~~
      |                |
      |                Gfx *
  375 |                                           this->scrollAlpha1, 1, 0, 0, 0));
      |                                           ~~~~~~~~~~~~~~~~~~~~~~~~~~~~~~~
In file included from /home/david/Documents/RockBox_Personal-master/devsrc/nano-soh-runtime/Shipwright/soh/include/global.h:8,
                 from /home/david/Documents/RockBox_Personal-master/devsrc/nano-soh-runtime/Shipwright/soh/src/overlays/actors/ovl_Bg_Mizu_Movebg/z_bg_mizu_movebg.h:5,
                 from /home/david/Documents/RockBox_Personal-master/devsrc/nano-soh-runtime/Shipwright/soh/src/overlays/actors/ovl_Bg_Mizu_Movebg/z_bg_mizu_movebg.c:7:
/home/david/Documents/RockBox_Personal-master/devsrc/nano-soh-runtime/Shipwright/soh/include/functions.h:22:52: note: expected 'uintptr_t' {aka 'unsigned int'} but argument is of type 'Gfx *'
   22 | void gSPSegment(void* value, int segNum, uintptr_t target);
      |                                          ~~~~~~~~~~^~~~~~
/home/david/Documents/RockBox_Personal-master/devsrc/nano-soh-runtime/Shipwright/soh/src/overlays/actors/ovl_Bg_Mizu_Movebg/z_bg_mizu_movebg.c:378:16: warning: passing argument 3 of 'gSPSegment' makes integer from pointer without a cast [-Wint-conversion]
  378 |                Gfx_TwoTexScrollEnvColorEx(play->state.gfxCtx, 0, frames * 1, 0, 32, 32, 1, 0, 0, 32, 32, 0, 0, 0,
      |                ^~~~~~~~~~~~~~~~~~~~~~~~~~~~~~~~~~~~~~~~~~~~~~~~~~~~~~~~~~~~~~~~~~~~~~~~~~~~~~~~~~~~~~~~~~~~~~~~~~
      |                |
      |                Gfx *
  379 |                                           this->scrollAlpha2, 1, 0, 0, 0));
      |                                           ~~~~~~~~~~~~~~~~~~~~~~~~~~~~~~~
/home/david/Documents/RockBox_Personal-master/devsrc/nano-soh-runtime/Shipwright/soh/include/functions.h:22:52: note: expected 'uintptr_t' {aka 'unsigned int'} but argument is of type 'Gfx *'
   22 | void gSPSegment(void* value, int segNum, uintptr_t target);
      |                                          ~~~~~~~~~~^~~~~~
/home/david/Documents/RockBox_Personal-master/devsrc/nano-soh-runtime/Shipwright/soh/src/overlays/actors/ovl_Bg_Mizu_Movebg/z_bg_mizu_movebg.c:382:16: warning: passing argument 3 of 'gSPSegment' makes integer from pointer without a cast [-Wint-conversion]
  382 |                Gfx_TwoTexScrollEnvColorEx(play->state.gfxCtx, 0, frames * 1, 0, 32, 32, 1, 0, 0, 32, 32, 0, 0, 0,
      |                ^~~~~~~~~~~~~~~~~~~~~~~~~~~~~~~~~~~~~~~~~~~~~~~~~~~~~~~~~~~~~~~~~~~~~~~~~~~~~~~~~~~~~~~~~~~~~~~~~~
      |                |
      |                Gfx *
  383 |                                           this->scrollAlpha3, 1, 0, 0, 0));
      |                                           ~~~~~~~~~~~~~~~~~~~~~~~~~~~~~~~
/home/david/Documents/RockBox_Personal-master/devsrc/nano-soh-runtime/Shipwright/soh/include/functions.h:22:52: note: expected 'uintptr_t' {aka 'unsigned int'} but argument is of type 'Gfx *'
   22 | void gSPSegment(void* value, int segNum, uintptr_t target);
      |                                          ~~~~~~~~~~^~~~~~
/home/david/Documents/RockBox_Personal-master/devsrc/nano-soh-runtime/Shipwright/soh/src/overlays/actors/ovl_Bg_Mizu_Movebg/z_bg_mizu_movebg.c:386:16: warning: passing argument 3 of 'gSPSegment' makes integer from pointer without a cast [-Wint-conversion]
  386 |                Gfx_TwoTexScrollEnvColorEx(play->state.gfxCtx, 0, frames * 3, 0, 32, 32, 1, 0, 0, 32, 32, 0, 0, 0,
      |                ^~~~~~~~~~~~~~~~~~~~~~~~~~~~~~~~~~~~~~~~~~~~~~~~~~~~~~~~~~~~~~~~~~~~~~~~~~~~~~~~~~~~~~~~~~~~~~~~~~
      |                |
      |                Gfx *
  387 |                                           this->scrollAlpha4, 3, 0, 0, 0));
      |                                           ~~~~~~~~~~~~~~~~~~~~~~~~~~~~~~~
/home/david/Documents/RockBox_Personal-master/devsrc/nano-soh-runtime/Shipwright/soh/include/functions.h:22:52: note: expected 'uintptr_t' {aka 'unsigned int'} but argument is of type 'Gfx *'
   22 | void gSPSegment(void* value, int segNum, uintptr_t target);
      |                                          ~~~~~~~~~~^~~~~~
