/home/david/Documents/RockBox_Personal-master/devsrc/nano-soh-runtime/Shipwright/soh/src/overlays/actors/ovl_Bg_Jya_1flift/z_bg_jya_1flift.c: In function 'BgJya1flift_Init':
/home/david/Documents/RockBox_Personal-master/devsrc/nano-soh-runtime/Shipwright/soh/src/overlays/actors/ovl_Bg_Jya_1flift/z_bg_jya_1flift.c:103:42: warning: passing argument 3 of 'BgJya1flift_InitDynapoly' from incompatible pointer type [-Wincompatible-pointer-types]
  103 |     BgJya1flift_InitDynapoly(this, play, &g1fliftCol, 0);
      |                                          ^~~~~~~~~~~
      |                                          |
      |                                          const char (*)[41]
/home/david/Documents/RockBox_Personal-master/devsrc/nano-soh-runtime/Shipwright/soh/src/overlays/actors/ovl_Bg_Jya_1flift/z_bg_jya_1flift.c:70:84: note: expected 'CollisionHeader *' but argument is of type 'const char (*)[41]'
   70 | void BgJya1flift_InitDynapoly(BgJya1flift* this, PlayState* play, CollisionHeader* collision, s32 moveFlag) {
      |                                                                   ~~~~~~~~~~~~~~~~~^~~~~~~~~
/home/david/Documents/RockBox_Personal-master/devsrc/nano-soh-runtime/Shipwright/soh/src/overlays/actors/ovl_Bg_Jya_1flift/z_bg_jya_1flift.c: In function 'BgJya1flift_Draw':
/home/david/Documents/RockBox_Personal-master/devsrc/nano-soh-runtime/Shipwright/soh/src/overlays/actors/ovl_Bg_Jya_1flift/z_bg_jya_1flift.c:207:28: warning: passing argument 2 of 'Gfx_DrawDListOpa' from incompatible pointer type [-Wincompatible-pointer-types]
  207 |     Gfx_DrawDListOpa(play, g1fliftDL);
      |                            ^~~~~~~~~
      |                            |
      |                            const char *
In file included from /home/david/Documents/RockBox_Personal-master/devsrc/nano-soh-runtime/Shipwright/soh/include/global.h:8,
                 from /home/david/Documents/RockBox_Personal-master/devsrc/nano-soh-runtime/Shipwright/soh/src/overlays/actors/ovl_Bg_Jya_1flift/z_bg_jya_1flift.h:5,
                 from /home/david/Documents/RockBox_Personal-master/devsrc/nano-soh-runtime/Shipwright/soh/src/overlays/actors/ovl_Bg_Jya_1flift/z_bg_jya_1flift.c:7:
/home/david/Documents/RockBox_Personal-master/devsrc/nano-soh-runtime/Shipwright/soh/include/functions.h:546:45: note: expected 'Gfx *' but argument is of type 'const char *'
  546 | void Gfx_DrawDListOpa(PlayState* play, Gfx* dlist);
      |                                        ~~~~~^~~~~
