/home/david/Documents/RockBox_Personal-master/devsrc/nano-soh-runtime/Shipwright/soh/src/overlays/actors/ovl_Bg_Jya_Megami/z_bg_jya_megami.c: In function 'BgJyaMegami_SpawnEffect':
/home/david/Documents/RockBox_Personal-master/devsrc/nano-soh-runtime/Shipwright/soh/src/overlays/actors/ovl_Bg_Jya_Megami/z_bg_jya_megami.c:133:82: warning: passing argument 16 of 'EffectSsKakera_Spawn' from incompatible pointer type [-Wincompatible-pointer-types]
  133 |                              D_8089B15C[idx], KAKERA_COLOR_NONE, OBJECT_JYA_OBJ, gMegami2DL);
      |                                                                                  ^~~~~~~~~~
      |                                                                                  |
      |                                                                                  const char *
In file included from /home/david/Documents/RockBox_Personal-master/devsrc/nano-soh-runtime/Shipwright/soh/include/global.h:8,
                 from /home/david/Documents/RockBox_Personal-master/devsrc/nano-soh-runtime/Shipwright/soh/src/overlays/actors/ovl_Bg_Jya_Megami/z_bg_jya_megami.h:5,
                 from /home/david/Documents/RockBox_Personal-master/devsrc/nano-soh-runtime/Shipwright/soh/src/overlays/actors/ovl_Bg_Jya_Megami/z_bg_jya_megami.c:1:
/home/david/Documents/RockBox_Personal-master/devsrc/nano-soh-runtime/Shipwright/soh/include/functions.h:329:43: note: expected 'Gfx *' but argument is of type 'const char *'
  329 |                           s16 objId, Gfx* dList);
      |                                      ~~~~~^~~~~
/home/david/Documents/RockBox_Personal-master/devsrc/nano-soh-runtime/Shipwright/soh/src/overlays/actors/ovl_Bg_Jya_Megami/z_bg_jya_megami.c: In function 'BgJyaMegami_Init':
/home/david/Documents/RockBox_Personal-master/devsrc/nano-soh-runtime/Shipwright/soh/src/overlays/actors/ovl_Bg_Jya_Megami/z_bg_jya_megami.c:158:42: warning: passing argument 3 of 'BgJyaMegami_InitDynaPoly' from incompatible pointer type [-Wincompatible-pointer-types]
  158 |     BgJyaMegami_InitDynaPoly(this, play, &GMegamiCol, DPM_UNK);
      |                                          ^~~~~~~~~~~
      |                                          |
      |                                          const char (*)[41]
/home/david/Documents/RockBox_Personal-master/devsrc/nano-soh-runtime/Shipwright/soh/src/overlays/actors/ovl_Bg_Jya_Megami/z_bg_jya_megami.c:109:84: note: expected 'CollisionHeader *' but argument is of type 'const char (*)[41]'
  109 | void BgJyaMegami_InitDynaPoly(BgJyaMegami* this, PlayState* play, CollisionHeader* collision, s32 flag) {
      |                                                                   ~~~~~~~~~~~~~~~~~^~~~~~~~~
/home/david/Documents/RockBox_Personal-master/devsrc/nano-soh-runtime/Shipwright/soh/src/overlays/actors/ovl_Bg_Jya_Megami/z_bg_jya_megami.c: At top level:
/home/david/Documents/RockBox_Personal-master/devsrc/nano-soh-runtime/Shipwright/soh/src/overlays/actors/ovl_Bg_Jya_Megami/z_bg_jya_megami.c:292:5: warning: initialization discards 'const' qualifier from pointer target type [-Wdiscarded-qualifiers]
  292 |     gMegamiRightCrumble1Tex, gMegamiRightCrumble2Tex, gMegamiRightCrumble3Tex,
      |     ^~~~~~~~~~~~~~~~~~~~~~~
/home/david/Documents/RockBox_Personal-master/devsrc/nano-soh-runtime/Shipwright/soh/src/overlays/actors/ovl_Bg_Jya_Megami/z_bg_jya_megami.c:292:30: warning: initialization discards 'const' qualifier from pointer target type [-Wdiscarded-qualifiers]
  292 |     gMegamiRightCrumble1Tex, gMegamiRightCrumble2Tex, gMegamiRightCrumble3Tex,
      |                              ^~~~~~~~~~~~~~~~~~~~~~~
/home/david/Documents/RockBox_Personal-master/devsrc/nano-soh-runtime/Shipwright/soh/src/overlays/actors/ovl_Bg_Jya_Megami/z_bg_jya_megami.c:292:55: warning: initialization discards 'const' qualifier from pointer target type [-Wdiscarded-qualifiers]
  292 |     gMegamiRightCrumble1Tex, gMegamiRightCrumble2Tex, gMegamiRightCrumble3Tex,
      |                                                       ^~~~~~~~~~~~~~~~~~~~~~~
/home/david/Documents/RockBox_Personal-master/devsrc/nano-soh-runtime/Shipwright/soh/src/overlays/actors/ovl_Bg_Jya_Megami/z_bg_jya_megami.c:293:5: warning: initialization discards 'const' qualifier from pointer target type [-Wdiscarded-qualifiers]
  293 |     gMegamiRightCrumble4Tex, gMegamiRightCrumble5Tex,
      |     ^~~~~~~~~~~~~~~~~~~~~~~
/home/david/Documents/RockBox_Personal-master/devsrc/nano-soh-runtime/Shipwright/soh/src/overlays/actors/ovl_Bg_Jya_Megami/z_bg_jya_megami.c:293:30: warning: initialization discards 'const' qualifier from pointer target type [-Wdiscarded-qualifiers]
  293 |     gMegamiRightCrumble4Tex, gMegamiRightCrumble5Tex,
      |                              ^~~~~~~~~~~~~~~~~~~~~~~
/home/david/Documents/RockBox_Personal-master/devsrc/nano-soh-runtime/Shipwright/soh/src/overlays/actors/ovl_Bg_Jya_Megami/z_bg_jya_megami.c:297:5: warning: initialization discards 'const' qualifier from pointer target type [-Wdiscarded-qualifiers]
  297 |     gMegamiLeftCrumble1Tex, gMegamiLeftCrumble2Tex, gMegamiLeftCrumble3Tex,
      |     ^~~~~~~~~~~~~~~~~~~~~~
/home/david/Documents/RockBox_Personal-master/devsrc/nano-soh-runtime/Shipwright/soh/src/overlays/actors/ovl_Bg_Jya_Megami/z_bg_jya_megami.c:297:29: warning: initialization discards 'const' qualifier from pointer target type [-Wdiscarded-qualifiers]
  297 |     gMegamiLeftCrumble1Tex, gMegamiLeftCrumble2Tex, gMegamiLeftCrumble3Tex,
      |                             ^~~~~~~~~~~~~~~~~~~~~~
/home/david/Documents/RockBox_Personal-master/devsrc/nano-soh-runtime/Shipwright/soh/src/overlays/actors/ovl_Bg_Jya_Megami/z_bg_jya_megami.c:297:53: warning: initialization discards 'const' qualifier from pointer target type [-Wdiscarded-qualifiers]
  297 |     gMegamiLeftCrumble1Tex, gMegamiLeftCrumble2Tex, gMegamiLeftCrumble3Tex,
      |                                                     ^~~~~~~~~~~~~~~~~~~~~~
/home/david/Documents/RockBox_Personal-master/devsrc/nano-soh-runtime/Shipwright/soh/src/overlays/actors/ovl_Bg_Jya_Megami/z_bg_jya_megami.c:298:5: warning: initialization discards 'const' qualifier from pointer target type [-Wdiscarded-qualifiers]
  298 |     gMegamiLeftCrumble4Tex, gMegamiLeftCrumble5Tex,
      |     ^~~~~~~~~~~~~~~~~~~~~~
/home/david/Documents/RockBox_Personal-master/devsrc/nano-soh-runtime/Shipwright/soh/src/overlays/actors/ovl_Bg_Jya_Megami/z_bg_jya_megami.c:298:29: warning: initialization discards 'const' qualifier from pointer target type [-Wdiscarded-qualifiers]
  298 |     gMegamiLeftCrumble4Tex, gMegamiLeftCrumble5Tex,
      |                             ^~~~~~~~~~~~~~~~~~~~~~
In file included from /home/david/Documents/RockBox_Personal-master/devsrc/nano-soh-runtime/Shipwright/soh/include/global.h:10:
/home/david/Documents/RockBox_Personal-master/devsrc/nano-soh-runtime/Shipwright/soh/src/overlays/actors/ovl_Bg_Jya_Megami/z_bg_jya_megami.c: In function 'BgJyaMegami_DrawFace':
/home/david/Documents/RockBox_Personal-master/devsrc/nano-soh-runtime/Shipwright/soh/src/overlays/actors/ovl_Bg_Jya_Megami/z_bg_jya_megami.c:305:78: warning: passing argument 3 of 'gSPSegment' makes integer from pointer without a cast [-Wint-conversion]
  305 |     gSPSegment(POLY_OPA_DISP++, 0x08, SEGMENTED_TO_VIRTUAL(sRightSideCrumbles[this->crumbleIndex]));
      |                                                            ~~~~~~~~~~~~~~~~~~^~~~~~~~~~~~~~~~~~~~
      |                                                                              |
      |                                                                              void *
/home/david/Documents/RockBox_Personal-master/devsrc/nano-soh-runtime/Shipwright/soh/include/macros.h:37:36: note: in definition of macro 'SEGMENTED_TO_VIRTUAL'
   37 | #define SEGMENTED_TO_VIRTUAL(addr) addr
      |                                    ^~~~
/home/david/Documents/RockBox_Personal-master/devsrc/nano-soh-runtime/Shipwright/soh/include/functions.h:22:52: note: expected 'uintptr_t' {aka 'unsigned int'} but argument is of type 'void *'
   22 | void gSPSegment(void* value, int segNum, uintptr_t target);
      |                                          ~~~~~~~~~~^~~~~~
/home/david/Documents/RockBox_Personal-master/devsrc/nano-soh-runtime/Shipwright/soh/src/overlays/actors/ovl_Bg_Jya_Megami/z_bg_jya_megami.c:306:77: warning: passing argument 3 of 'gSPSegment' makes integer from pointer without a cast [-Wint-conversion]
  306 |     gSPSegment(POLY_OPA_DISP++, 0x09, SEGMENTED_TO_VIRTUAL(sLeftSideCrumbles[this->crumbleIndex]));
      |                                                            ~~~~~~~~~~~~~~~~~^~~~~~~~~~~~~~~~~~~~
      |                                                                             |
      |                                                                             void *
/home/david/Documents/RockBox_Personal-master/devsrc/nano-soh-runtime/Shipwright/soh/include/macros.h:37:36: note: in definition of macro 'SEGMENTED_TO_VIRTUAL'
   37 | #define SEGMENTED_TO_VIRTUAL(addr) addr
      |                                    ^~~~
/home/david/Documents/RockBox_Personal-master/devsrc/nano-soh-runtime/Shipwright/soh/include/functions.h:22:52: note: expected 'uintptr_t' {aka 'unsigned int'} but argument is of type 'void *'
   22 | void gSPSegment(void* value, int segNum, uintptr_t target);
      |                                          ~~~~~~~~~~^~~~~~
/home/david/Documents/RockBox_Personal-master/devsrc/nano-soh-runtime/Shipwright/soh/src/overlays/actors/ovl_Bg_Jya_Megami/z_bg_jya_megami.c:308:37: warning: passing argument 2 of 'gSPDisplayList' from incompatible pointer type [-Wincompatible-pointer-types]
  308 |     gSPDisplayList(POLY_OPA_DISP++, gMegami1DL);
      |                                     ^~~~~~~~~~
      |                                     |
      |                                     const char *
/home/david/Documents/RockBox_Personal-master/devsrc/nano-soh-runtime/Shipwright/soh/include/functions.h:24:36: note: expected 'Gfx *' but argument is of type 'const char *'
   24 | void gSPDisplayList(Gfx* pkt, Gfx* dl);
      |                               ~~~~~^~
/home/david/Documents/RockBox_Personal-master/devsrc/nano-soh-runtime/Shipwright/soh/src/overlays/actors/ovl_Bg_Jya_Megami/z_bg_jya_megami.c: At top level:
/home/david/Documents/RockBox_Personal-master/devsrc/nano-soh-runtime/Shipwright/soh/src/overlays/actors/ovl_Bg_Jya_Megami/z_bg_jya_megami.c:314:5: warning: initialization of 'Gfx *' from incompatible pointer type 'const char *' [-Wincompatible-pointer-types]
  314 |     gMegamiPiece1DL,  gMegamiPiece2DL,  gMegamiPiece3DL,  gMegamiPiece4DL, gMegamiPiece5DL,
      |     ^~~~~~~~~~~~~~~
/home/david/Documents/RockBox_Personal-master/devsrc/nano-soh-runtime/Shipwright/soh/src/overlays/actors/ovl_Bg_Jya_Megami/z_bg_jya_megami.c:314:5: note: (near initialization for 'sDLists[0]')
/home/david/Documents/RockBox_Personal-master/devsrc/nano-soh-runtime/Shipwright/soh/src/overlays/actors/ovl_Bg_Jya_Megami/z_bg_jya_megami.c:314:23: warning: initialization of 'Gfx *' from incompatible pointer type 'const char *' [-Wincompatible-pointer-types]
  314 |     gMegamiPiece1DL,  gMegamiPiece2DL,  gMegamiPiece3DL,  gMegamiPiece4DL, gMegamiPiece5DL,
      |                       ^~~~~~~~~~~~~~~
/home/david/Documents/RockBox_Personal-master/devsrc/nano-soh-runtime/Shipwright/soh/src/overlays/actors/ovl_Bg_Jya_Megami/z_bg_jya_megami.c:314:23: note: (near initialization for 'sDLists[1]')
/home/david/Documents/RockBox_Personal-master/devsrc/nano-soh-runtime/Shipwright/soh/src/overlays/actors/ovl_Bg_Jya_Megami/z_bg_jya_megami.c:314:41: warning: initialization of 'Gfx *' from incompatible pointer type 'const char *' [-Wincompatible-pointer-types]
  314 |     gMegamiPiece1DL,  gMegamiPiece2DL,  gMegamiPiece3DL,  gMegamiPiece4DL, gMegamiPiece5DL,
      |                                         ^~~~~~~~~~~~~~~
/home/david/Documents/RockBox_Personal-master/devsrc/nano-soh-runtime/Shipwright/soh/src/overlays/actors/ovl_Bg_Jya_Megami/z_bg_jya_megami.c:314:41: note: (near initialization for 'sDLists[2]')
/home/david/Documents/RockBox_Personal-master/devsrc/nano-soh-runtime/Shipwright/soh/src/overlays/actors/ovl_Bg_Jya_Megami/z_bg_jya_megami.c:314:59: warning: initialization of 'Gfx *' from incompatible pointer type 'const char *' [-Wincompatible-pointer-types]
  314 |     gMegamiPiece1DL,  gMegamiPiece2DL,  gMegamiPiece3DL,  gMegamiPiece4DL, gMegamiPiece5DL,
      |                                                           ^~~~~~~~~~~~~~~
/home/david/Documents/RockBox_Personal-master/devsrc/nano-soh-runtime/Shipwright/soh/src/overlays/actors/ovl_Bg_Jya_Megami/z_bg_jya_megami.c:314:59: note: (near initialization for 'sDLists[3]')
/home/david/Documents/RockBox_Personal-master/devsrc/nano-soh-runtime/Shipwright/soh/src/overlays/actors/ovl_Bg_Jya_Megami/z_bg_jya_megami.c:314:76: warning: initialization of 'Gfx *' from incompatible pointer type 'const char *' [-Wincompatible-pointer-types]
  314 |     gMegamiPiece1DL,  gMegamiPiece2DL,  gMegamiPiece3DL,  gMegamiPiece4DL, gMegamiPiece5DL,
      |                                                                            ^~~~~~~~~~~~~~~
/home/david/Documents/RockBox_Personal-master/devsrc/nano-soh-runtime/Shipwright/soh/src/overlays/actors/ovl_Bg_Jya_Megami/z_bg_jya_megami.c:314:76: note: (near initialization for 'sDLists[4]')
/home/david/Documents/RockBox_Personal-master/devsrc/nano-soh-runtime/Shipwright/soh/src/overlays/actors/ovl_Bg_Jya_Megami/z_bg_jya_megami.c:315:5: warning: initialization of 'Gfx *' from incompatible pointer type 'const char *' [-Wincompatible-pointer-types]
  315 |     gMegamiPiece6DL,  gMegamiPiece7DL,  gMegamiPiece8DL,  gMegamiPiece9DL, gMegamiPiece10DL,
      |     ^~~~~~~~~~~~~~~
/home/david/Documents/RockBox_Personal-master/devsrc/nano-soh-runtime/Shipwright/soh/src/overlays/actors/ovl_Bg_Jya_Megami/z_bg_jya_megami.c:315:5: note: (near initialization for 'sDLists[5]')
/home/david/Documents/RockBox_Personal-master/devsrc/nano-soh-runtime/Shipwright/soh/src/overlays/actors/ovl_Bg_Jya_Megami/z_bg_jya_megami.c:315:23: warning: initialization of 'Gfx *' from incompatible pointer type 'const char *' [-Wincompatible-pointer-types]
  315 |     gMegamiPiece6DL,  gMegamiPiece7DL,  gMegamiPiece8DL,  gMegamiPiece9DL, gMegamiPiece10DL,
      |                       ^~~~~~~~~~~~~~~
/home/david/Documents/RockBox_Personal-master/devsrc/nano-soh-runtime/Shipwright/soh/src/overlays/actors/ovl_Bg_Jya_Megami/z_bg_jya_megami.c:315:23: note: (near initialization for 'sDLists[6]')
/home/david/Documents/RockBox_Personal-master/devsrc/nano-soh-runtime/Shipwright/soh/src/overlays/actors/ovl_Bg_Jya_Megami/z_bg_jya_megami.c:315:41: warning: initialization of 'Gfx *' from incompatible pointer type 'const char *' [-Wincompatible-pointer-types]
  315 |     gMegamiPiece6DL,  gMegamiPiece7DL,  gMegamiPiece8DL,  gMegamiPiece9DL, gMegamiPiece10DL,
      |                                         ^~~~~~~~~~~~~~~
/home/david/Documents/RockBox_Personal-master/devsrc/nano-soh-runtime/Shipwright/soh/src/overlays/actors/ovl_Bg_Jya_Megami/z_bg_jya_megami.c:315:41: note: (near initialization for 'sDLists[7]')
/home/david/Documents/RockBox_Personal-master/devsrc/nano-soh-runtime/Shipwright/soh/src/overlays/actors/ovl_Bg_Jya_Megami/z_bg_jya_megami.c:315:59: warning: initialization of 'Gfx *' from incompatible pointer type 'const char *' [-Wincompatible-pointer-types]
  315 |     gMegamiPiece6DL,  gMegamiPiece7DL,  gMegamiPiece8DL,  gMegamiPiece9DL, gMegamiPiece10DL,
      |                                                           ^~~~~~~~~~~~~~~
/home/david/Documents/RockBox_Personal-master/devsrc/nano-soh-runtime/Shipwright/soh/src/overlays/actors/ovl_Bg_Jya_Megami/z_bg_jya_megami.c:315:59: note: (near initialization for 'sDLists[8]')
/home/david/Documents/RockBox_Personal-master/devsrc/nano-soh-runtime/Shipwright/soh/src/overlays/actors/ovl_Bg_Jya_Megami/z_bg_jya_megami.c:315:76: warning: initialization of 'Gfx *' from incompatible pointer type 'const char *' [-Wincompatible-pointer-types]
  315 |     gMegamiPiece6DL,  gMegamiPiece7DL,  gMegamiPiece8DL,  gMegamiPiece9DL, gMegamiPiece10DL,
      |                                                                            ^~~~~~~~~~~~~~~~
/home/david/Documents/RockBox_Personal-master/devsrc/nano-soh-runtime/Shipwright/soh/src/overlays/actors/ovl_Bg_Jya_Megami/z_bg_jya_megami.c:315:76: note: (near initialization for 'sDLists[9]')
/home/david/Documents/RockBox_Personal-master/devsrc/nano-soh-runtime/Shipwright/soh/src/overlays/actors/ovl_Bg_Jya_Megami/z_bg_jya_megami.c:316:5: warning: initialization of 'Gfx *' from incompatible pointer type 'const char *' [-Wincompatible-pointer-types]
  316 |     gMegamiPiece11DL, gMegamiPiece12DL, gMegamiPiece13DL,
      |     ^~~~~~~~~~~~~~~~
/home/david/Documents/RockBox_Personal-master/devsrc/nano-soh-runtime/Shipwright/soh/src/overlays/actors/ovl_Bg_Jya_Megami/z_bg_jya_megami.c:316:5: note: (near initialization for 'sDLists[10]')
/home/david/Documents/RockBox_Personal-master/devsrc/nano-soh-runtime/Shipwright/soh/src/overlays/actors/ovl_Bg_Jya_Megami/z_bg_jya_megami.c:316:23: warning: initialization of 'Gfx *' from incompatible pointer type 'const char *' [-Wincompatible-pointer-types]
  316 |     gMegamiPiece11DL, gMegamiPiece12DL, gMegamiPiece13DL,
      |                       ^~~~~~~~~~~~~~~~
/home/david/Documents/RockBox_Personal-master/devsrc/nano-soh-runtime/Shipwright/soh/src/overlays/actors/ovl_Bg_Jya_Megami/z_bg_jya_megami.c:316:23: note: (near initialization for 'sDLists[11]')
/home/david/Documents/RockBox_Personal-master/devsrc/nano-soh-runtime/Shipwright/soh/src/overlays/actors/ovl_Bg_Jya_Megami/z_bg_jya_megami.c:316:41: warning: initialization of 'Gfx *' from incompatible pointer type 'const char *' [-Wincompatible-pointer-types]
  316 |     gMegamiPiece11DL, gMegamiPiece12DL, gMegamiPiece13DL,
      |                                         ^~~~~~~~~~~~~~~~
/home/david/Documents/RockBox_Personal-master/devsrc/nano-soh-runtime/Shipwright/soh/src/overlays/actors/ovl_Bg_Jya_Megami/z_bg_jya_megami.c:316:41: note: (near initialization for 'sDLists[12]')
