/home/david/Documents/RockBox_Personal-master/devsrc/nano-soh-runtime/Shipwright/soh/src/overlays/effects/ovl_Effect_Ss_Solder_Srch_Ball/z_eff_ss_solder_srch_ball.c: In function 'EffectSsSolderSrchBall_Init':
/home/david/Documents/RockBox_Personal-master/devsrc/nano-soh-runtime/Shipwright/soh/src/overlays/effects/ovl_Effect_Ss_Solder_Srch_Ball/z_eff_ss_solder_srch_ball.c:32:17: warning: assignment to 'Actor *' from incompatible pointer type 's16 *' {aka 'short int *'} [-Wincompatible-pointer-types]
   32 |     this->actor = initParams->linkDetected; // actor field was incorrectly used as a pointer to something else
      |                 ^
/home/david/Documents/RockBox_Personal-master/devsrc/nano-soh-runtime/Shipwright/soh/src/overlays/effects/ovl_Effect_Ss_Solder_Srch_Ball/z_eff_ss_solder_srch_ball.c: In function 'EffectSsSolderSrchBall_Update':
/home/david/Documents/RockBox_Personal-master/devsrc/nano-soh-runtime/Shipwright/soh/src/overlays/effects/ovl_Effect_Ss_Solder_Srch_Ball/z_eff_ss_solder_srch_ball.c:44:18: warning: assignment to 's16 *' {aka 'short int *'} from incompatible pointer type 'Actor *' [-Wincompatible-pointer-types]
   44 |     linkDetected = this->actor;
      |                  ^
/home/david/Documents/RockBox_Personal-master/devsrc/nano-soh-runtime/Shipwright/soh/src/overlays/effects/ovl_Effect_Ss_Solder_Srch_Ball/z_eff_ss_solder_srch_ball.c: In function 'draw_ico_sphere':
/home/david/Documents/RockBox_Personal-master/devsrc/nano-soh-runtime/Shipwright/soh/src/overlays/effects/ovl_Effect_Ss_Solder_Srch_Ball/z_eff_ss_solder_srch_ball.c:139:32: warning: passing argument 2 of 'gSPVertex' makes integer from pointer without a cast [-Wint-conversion]
  139 |         gSPVertex(sph_gfx_p++, &sph_vtx[r0_i], r0_n + r1_n + r2_n + r3_n, r0_i - r0_i);
      |                                ^~~~~~~~~~~~~~
      |                                |
      |                                Vtx *
In file included from /home/david/Documents/RockBox_Personal-master/devsrc/nano-soh-runtime/Shipwright/soh/include/global.h:8,
                 from /home/david/Documents/RockBox_Personal-master/devsrc/nano-soh-runtime/Shipwright/soh/src/overlays/effects/ovl_Effect_Ss_Solder_Srch_Ball/z_eff_ss_solder_srch_ball.h:5,
                 from /home/david/Documents/RockBox_Personal-master/devsrc/nano-soh-runtime/Shipwright/soh/src/overlays/effects/ovl_Effect_Ss_Solder_Srch_Ball/z_eff_ss_solder_srch_ball.c:7:
/home/david/Documents/RockBox_Personal-master/devsrc/nano-soh-runtime/Shipwright/soh/include/functions.h:29:36: note: expected 'uintptr_t' {aka 'unsigned int'} but argument is of type 'Vtx *'
   29 | void gSPVertex(Gfx* pkt, uintptr_t v, int n, int v0);
      |                          ~~~~~~~~~~^
/home/david/Documents/RockBox_Personal-master/devsrc/nano-soh-runtime/Shipwright/soh/src/overlays/effects/ovl_Effect_Ss_Solder_Srch_Ball/z_eff_ss_solder_srch_ball.c:176:32: warning: passing argument 2 of 'gSPVertex' makes integer from pointer without a cast [-Wint-conversion]
  176 |         gSPVertex(sph_gfx_p++, &sph_vtx[r4_i], r4_n + r5_n + r6_n, r4_i - r4_i);
      |                                ^~~~~~~~~~~~~~
      |                                |
      |                                Vtx *
/home/david/Documents/RockBox_Personal-master/devsrc/nano-soh-runtime/Shipwright/soh/include/functions.h:29:36: note: expected 'uintptr_t' {aka 'unsigned int'} but argument is of type 'Vtx *'
   29 | void gSPVertex(Gfx* pkt, uintptr_t v, int n, int v0);
      |                          ~~~~~~~~~~^
/home/david/Documents/RockBox_Personal-master/devsrc/nano-soh-runtime/Shipwright/soh/src/overlays/effects/ovl_Effect_Ss_Solder_Srch_Ball/z_eff_ss_solder_srch_ball.c: In function 'EffectSsSolderSrchBall_Draw':
/home/david/Documents/RockBox_Personal-master/devsrc/nano-soh-runtime/Shipwright/soh/src/overlays/effects/ovl_Effect_Ss_Solder_Srch_Ball/z_eff_ss_solder_srch_ball.c:233:21: warning: initialization of 's16 *' {aka 'short int *'} from incompatible pointer type 'Actor *' [-Wincompatible-pointer-types]
  233 |     s16* seenLink = this->actor;
      |                     ^~~~
