/home/david/Documents/RockBox_Personal-master/devsrc/nano-soh-runtime/Shipwright/soh/src/overlays/effects/ovl_Effect_Ss_HitMark/z_eff_ss_hitmark.c:31:5: warning: initialization discards 'const' qualifier from pointer target type [-Wdiscarded-qualifiers]
   31 |     gEffHitMark1Tex,  gEffHitMark2Tex,  gEffHitMark3Tex,  gEffHitMark4Tex,  gEffHitMark5Tex,  gEffHitMark6Tex,
      |     ^~~~~~~~~~~~~~~
/home/david/Documents/RockBox_Personal-master/devsrc/nano-soh-runtime/Shipwright/soh/src/overlays/effects/ovl_Effect_Ss_HitMark/z_eff_ss_hitmark.c:31:23: warning: initialization discards 'const' qualifier from pointer target type [-Wdiscarded-qualifiers]
   31 |     gEffHitMark1Tex,  gEffHitMark2Tex,  gEffHitMark3Tex,  gEffHitMark4Tex,  gEffHitMark5Tex,  gEffHitMark6Tex,
      |                       ^~~~~~~~~~~~~~~
/home/david/Documents/RockBox_Personal-master/devsrc/nano-soh-runtime/Shipwright/soh/src/overlays/effects/ovl_Effect_Ss_HitMark/z_eff_ss_hitmark.c:31:41: warning: initialization discards 'const' qualifier from pointer target type [-Wdiscarded-qualifiers]
   31 |     gEffHitMark1Tex,  gEffHitMark2Tex,  gEffHitMark3Tex,  gEffHitMark4Tex,  gEffHitMark5Tex,  gEffHitMark6Tex,
      |                                         ^~~~~~~~~~~~~~~
/home/david/Documents/RockBox_Personal-master/devsrc/nano-soh-runtime/Shipwright/soh/src/overlays/effects/ovl_Effect_Ss_HitMark/z_eff_ss_hitmark.c:31:59: warning: initialization discards 'const' qualifier from pointer target type [-Wdiscarded-qualifiers]
   31 |     gEffHitMark1Tex,  gEffHitMark2Tex,  gEffHitMark3Tex,  gEffHitMark4Tex,  gEffHitMark5Tex,  gEffHitMark6Tex,
      |                                                           ^~~~~~~~~~~~~~~
/home/david/Documents/RockBox_Personal-master/devsrc/nano-soh-runtime/Shipwright/soh/src/overlays/effects/ovl_Effect_Ss_HitMark/z_eff_ss_hitmark.c:31:77: warning: initialization discards 'const' qualifier from pointer target type [-Wdiscarded-qualifiers]
   31 |     gEffHitMark1Tex,  gEffHitMark2Tex,  gEffHitMark3Tex,  gEffHitMark4Tex,  gEffHitMark5Tex,  gEffHitMark6Tex,
      |                                                                             ^~~~~~~~~~~~~~~
/home/david/Documents/RockBox_Personal-master/devsrc/nano-soh-runtime/Shipwright/soh/src/overlays/effects/ovl_Effect_Ss_HitMark/z_eff_ss_hitmark.c:31:95: warning: initialization discards 'const' qualifier from pointer target type [-Wdiscarded-qualifiers]
   31 |     gEffHitMark1Tex,  gEffHitMark2Tex,  gEffHitMark3Tex,  gEffHitMark4Tex,  gEffHitMark5Tex,  gEffHitMark6Tex,
      |                                                                                               ^~~~~~~~~~~~~~~
/home/david/Documents/RockBox_Personal-master/devsrc/nano-soh-runtime/Shipwright/soh/src/overlays/effects/ovl_Effect_Ss_HitMark/z_eff_ss_hitmark.c:32:5: warning: initialization discards 'const' qualifier from pointer target type [-Wdiscarded-qualifiers]
   32 |     gEffHitMark7Tex,  gEffHitMark8Tex,  gEffHitMark9Tex,  gEffHitMark10Tex, gEffHitMark11Tex, gEffHitMark12Tex,
      |     ^~~~~~~~~~~~~~~
/home/david/Documents/RockBox_Personal-master/devsrc/nano-soh-runtime/Shipwright/soh/src/overlays/effects/ovl_Effect_Ss_HitMark/z_eff_ss_hitmark.c:32:23: warning: initialization discards 'const' qualifier from pointer target type [-Wdiscarded-qualifiers]
   32 |     gEffHitMark7Tex,  gEffHitMark8Tex,  gEffHitMark9Tex,  gEffHitMark10Tex, gEffHitMark11Tex, gEffHitMark12Tex,
      |                       ^~~~~~~~~~~~~~~
/home/david/Documents/RockBox_Personal-master/devsrc/nano-soh-runtime/Shipwright/soh/src/overlays/effects/ovl_Effect_Ss_HitMark/z_eff_ss_hitmark.c:32:41: warning: initialization discards 'const' qualifier from pointer target type [-Wdiscarded-qualifiers]
   32 |     gEffHitMark7Tex,  gEffHitMark8Tex,  gEffHitMark9Tex,  gEffHitMark10Tex, gEffHitMark11Tex, gEffHitMark12Tex,
      |                                         ^~~~~~~~~~~~~~~
/home/david/Documents/RockBox_Personal-master/devsrc/nano-soh-runtime/Shipwright/soh/src/overlays/effects/ovl_Effect_Ss_HitMark/z_eff_ss_hitmark.c:32:59: warning: initialization discards 'const' qualifier from pointer target type [-Wdiscarded-qualifiers]
   32 |     gEffHitMark7Tex,  gEffHitMark8Tex,  gEffHitMark9Tex,  gEffHitMark10Tex, gEffHitMark11Tex, gEffHitMark12Tex,
      |                                                           ^~~~~~~~~~~~~~~~
/home/david/Documents/RockBox_Personal-master/devsrc/nano-soh-runtime/Shipwright/soh/src/overlays/effects/ovl_Effect_Ss_HitMark/z_eff_ss_hitmark.c:32:77: warning: initialization discards 'const' qualifier from pointer target type [-Wdiscarded-qualifiers]
   32 |     gEffHitMark7Tex,  gEffHitMark8Tex,  gEffHitMark9Tex,  gEffHitMark10Tex, gEffHitMark11Tex, gEffHitMark12Tex,
      |                                                                             ^~~~~~~~~~~~~~~~
/home/david/Documents/RockBox_Personal-master/devsrc/nano-soh-runtime/Shipwright/soh/src/overlays/effects/ovl_Effect_Ss_HitMark/z_eff_ss_hitmark.c:32:95: warning: initialization discards 'const' qualifier from pointer target type [-Wdiscarded-qualifiers]
   32 |     gEffHitMark7Tex,  gEffHitMark8Tex,  gEffHitMark9Tex,  gEffHitMark10Tex, gEffHitMark11Tex, gEffHitMark12Tex,
      |                                                                                               ^~~~~~~~~~~~~~~~
/home/david/Documents/RockBox_Personal-master/devsrc/nano-soh-runtime/Shipwright/soh/src/overlays/effects/ovl_Effect_Ss_HitMark/z_eff_ss_hitmark.c:33:5: warning: initialization discards 'const' qualifier from pointer target type [-Wdiscarded-qualifiers]
   33 |     gEffHitMark13Tex, gEffHitMark14Tex, gEffHitMark15Tex, gEffHitMark16Tex, gEffHitMark17Tex, gEffHitMark18Tex,
      |     ^~~~~~~~~~~~~~~~
/home/david/Documents/RockBox_Personal-master/devsrc/nano-soh-runtime/Shipwright/soh/src/overlays/effects/ovl_Effect_Ss_HitMark/z_eff_ss_hitmark.c:33:23: warning: initialization discards 'const' qualifier from pointer target type [-Wdiscarded-qualifiers]
   33 |     gEffHitMark13Tex, gEffHitMark14Tex, gEffHitMark15Tex, gEffHitMark16Tex, gEffHitMark17Tex, gEffHitMark18Tex,
      |                       ^~~~~~~~~~~~~~~~
/home/david/Documents/RockBox_Personal-master/devsrc/nano-soh-runtime/Shipwright/soh/src/overlays/effects/ovl_Effect_Ss_HitMark/z_eff_ss_hitmark.c:33:41: warning: initialization discards 'const' qualifier from pointer target type [-Wdiscarded-qualifiers]
   33 |     gEffHitMark13Tex, gEffHitMark14Tex, gEffHitMark15Tex, gEffHitMark16Tex, gEffHitMark17Tex, gEffHitMark18Tex,
      |                                         ^~~~~~~~~~~~~~~~
/home/david/Documents/RockBox_Personal-master/devsrc/nano-soh-runtime/Shipwright/soh/src/overlays/effects/ovl_Effect_Ss_HitMark/z_eff_ss_hitmark.c:33:59: warning: initialization discards 'const' qualifier from pointer target type [-Wdiscarded-qualifiers]
   33 |     gEffHitMark13Tex, gEffHitMark14Tex, gEffHitMark15Tex, gEffHitMark16Tex, gEffHitMark17Tex, gEffHitMark18Tex,
      |                                                           ^~~~~~~~~~~~~~~~
/home/david/Documents/RockBox_Personal-master/devsrc/nano-soh-runtime/Shipwright/soh/src/overlays/effects/ovl_Effect_Ss_HitMark/z_eff_ss_hitmark.c:33:77: warning: initialization discards 'const' qualifier from pointer target type [-Wdiscarded-qualifiers]
   33 |     gEffHitMark13Tex, gEffHitMark14Tex, gEffHitMark15Tex, gEffHitMark16Tex, gEffHitMark17Tex, gEffHitMark18Tex,
      |                                                                             ^~~~~~~~~~~~~~~~
/home/david/Documents/RockBox_Personal-master/devsrc/nano-soh-runtime/Shipwright/soh/src/overlays/effects/ovl_Effect_Ss_HitMark/z_eff_ss_hitmark.c:33:95: warning: initialization discards 'const' qualifier from pointer target type [-Wdiscarded-qualifiers]
   33 |     gEffHitMark13Tex, gEffHitMark14Tex, gEffHitMark15Tex, gEffHitMark16Tex, gEffHitMark17Tex, gEffHitMark18Tex,
      |                                                                                               ^~~~~~~~~~~~~~~~
/home/david/Documents/RockBox_Personal-master/devsrc/nano-soh-runtime/Shipwright/soh/src/overlays/effects/ovl_Effect_Ss_HitMark/z_eff_ss_hitmark.c:34:5: warning: initialization discards 'const' qualifier from pointer target type [-Wdiscarded-qualifiers]
   34 |     gEffHitMark19Tex, gEffHitMark20Tex, gEffHitMark21Tex, gEffHitMark22Tex, gEffHitMark23Tex, gEffHitMark24Tex,
      |     ^~~~~~~~~~~~~~~~
/home/david/Documents/RockBox_Personal-master/devsrc/nano-soh-runtime/Shipwright/soh/src/overlays/effects/ovl_Effect_Ss_HitMark/z_eff_ss_hitmark.c:34:23: warning: initialization discards 'const' qualifier from pointer target type [-Wdiscarded-qualifiers]
   34 |     gEffHitMark19Tex, gEffHitMark20Tex, gEffHitMark21Tex, gEffHitMark22Tex, gEffHitMark23Tex, gEffHitMark24Tex,
      |                       ^~~~~~~~~~~~~~~~
/home/david/Documents/RockBox_Personal-master/devsrc/nano-soh-runtime/Shipwright/soh/src/overlays/effects/ovl_Effect_Ss_HitMark/z_eff_ss_hitmark.c:34:41: warning: initialization discards 'const' qualifier from pointer target type [-Wdiscarded-qualifiers]
   34 |     gEffHitMark19Tex, gEffHitMark20Tex, gEffHitMark21Tex, gEffHitMark22Tex, gEffHitMark23Tex, gEffHitMark24Tex,
      |                                         ^~~~~~~~~~~~~~~~
/home/david/Documents/RockBox_Personal-master/devsrc/nano-soh-runtime/Shipwright/soh/src/overlays/effects/ovl_Effect_Ss_HitMark/z_eff_ss_hitmark.c:34:59: warning: initialization discards 'const' qualifier from pointer target type [-Wdiscarded-qualifiers]
   34 |     gEffHitMark19Tex, gEffHitMark20Tex, gEffHitMark21Tex, gEffHitMark22Tex, gEffHitMark23Tex, gEffHitMark24Tex,
      |                                                           ^~~~~~~~~~~~~~~~
/home/david/Documents/RockBox_Personal-master/devsrc/nano-soh-runtime/Shipwright/soh/src/overlays/effects/ovl_Effect_Ss_HitMark/z_eff_ss_hitmark.c:34:77: warning: initialization discards 'const' qualifier from pointer target type [-Wdiscarded-qualifiers]
   34 |     gEffHitMark19Tex, gEffHitMark20Tex, gEffHitMark21Tex, gEffHitMark22Tex, gEffHitMark23Tex, gEffHitMark24Tex,
      |                                                                             ^~~~~~~~~~~~~~~~
/home/david/Documents/RockBox_Personal-master/devsrc/nano-soh-runtime/Shipwright/soh/src/overlays/effects/ovl_Effect_Ss_HitMark/z_eff_ss_hitmark.c:34:95: warning: initialization discards 'const' qualifier from pointer target type [-Wdiscarded-qualifiers]
   34 |     gEffHitMark19Tex, gEffHitMark20Tex, gEffHitMark21Tex, gEffHitMark22Tex, gEffHitMark23Tex, gEffHitMark24Tex,
      |                                                                                               ^~~~~~~~~~~~~~~~
/home/david/Documents/RockBox_Personal-master/devsrc/nano-soh-runtime/Shipwright/soh/src/overlays/effects/ovl_Effect_Ss_HitMark/z_eff_ss_hitmark.c:35:5: warning: initialization discards 'const' qualifier from pointer target type [-Wdiscarded-qualifiers]
   35 |     gEffHitMark1Tex,  gEffHitMark2Tex,  gEffHitMark3Tex,  gEffHitMark4Tex,  gEffHitMark5Tex,  gEffHitMark6Tex,
      |     ^~~~~~~~~~~~~~~
/home/david/Documents/RockBox_Personal-master/devsrc/nano-soh-runtime/Shipwright/soh/src/overlays/effects/ovl_Effect_Ss_HitMark/z_eff_ss_hitmark.c:35:23: warning: initialization discards 'const' qualifier from pointer target type [-Wdiscarded-qualifiers]
   35 |     gEffHitMark1Tex,  gEffHitMark2Tex,  gEffHitMark3Tex,  gEffHitMark4Tex,  gEffHitMark5Tex,  gEffHitMark6Tex,
      |                       ^~~~~~~~~~~~~~~
/home/david/Documents/RockBox_Personal-master/devsrc/nano-soh-runtime/Shipwright/soh/src/overlays/effects/ovl_Effect_Ss_HitMark/z_eff_ss_hitmark.c:35:41: warning: initialization discards 'const' qualifier from pointer target type [-Wdiscarded-qualifiers]
   35 |     gEffHitMark1Tex,  gEffHitMark2Tex,  gEffHitMark3Tex,  gEffHitMark4Tex,  gEffHitMark5Tex,  gEffHitMark6Tex,
      |                                         ^~~~~~~~~~~~~~~
/home/david/Documents/RockBox_Personal-master/devsrc/nano-soh-runtime/Shipwright/soh/src/overlays/effects/ovl_Effect_Ss_HitMark/z_eff_ss_hitmark.c:35:59: warning: initialization discards 'const' qualifier from pointer target type [-Wdiscarded-qualifiers]
   35 |     gEffHitMark1Tex,  gEffHitMark2Tex,  gEffHitMark3Tex,  gEffHitMark4Tex,  gEffHitMark5Tex,  gEffHitMark6Tex,
      |                                                           ^~~~~~~~~~~~~~~
/home/david/Documents/RockBox_Personal-master/devsrc/nano-soh-runtime/Shipwright/soh/src/overlays/effects/ovl_Effect_Ss_HitMark/z_eff_ss_hitmark.c:35:77: warning: initialization discards 'const' qualifier from pointer target type [-Wdiscarded-qualifiers]
   35 |     gEffHitMark1Tex,  gEffHitMark2Tex,  gEffHitMark3Tex,  gEffHitMark4Tex,  gEffHitMark5Tex,  gEffHitMark6Tex,
      |                                                                             ^~~~~~~~~~~~~~~
/home/david/Documents/RockBox_Personal-master/devsrc/nano-soh-runtime/Shipwright/soh/src/overlays/effects/ovl_Effect_Ss_HitMark/z_eff_ss_hitmark.c:35:95: warning: initialization discards 'const' qualifier from pointer target type [-Wdiscarded-qualifiers]
   35 |     gEffHitMark1Tex,  gEffHitMark2Tex,  gEffHitMark3Tex,  gEffHitMark4Tex,  gEffHitMark5Tex,  gEffHitMark6Tex,
      |                                                                                               ^~~~~~~~~~~~~~~
/home/david/Documents/RockBox_Personal-master/devsrc/nano-soh-runtime/Shipwright/soh/src/overlays/effects/ovl_Effect_Ss_HitMark/z_eff_ss_hitmark.c:36:5: warning: initialization discards 'const' qualifier from pointer target type [-Wdiscarded-qualifiers]
   36 |     gEffHitMark7Tex,  gEffHitMark8Tex,
      |     ^~~~~~~~~~~~~~~
/home/david/Documents/RockBox_Personal-master/devsrc/nano-soh-runtime/Shipwright/soh/src/overlays/effects/ovl_Effect_Ss_HitMark/z_eff_ss_hitmark.c:36:23: warning: initialization discards 'const' qualifier from pointer target type [-Wdiscarded-qualifiers]
   36 |     gEffHitMark7Tex,  gEffHitMark8Tex,
      |                       ^~~~~~~~~~~~~~~
/home/david/Documents/RockBox_Personal-master/devsrc/nano-soh-runtime/Shipwright/soh/src/overlays/effects/ovl_Effect_Ss_HitMark/z_eff_ss_hitmark.c: In function 'EffectSsHitMark_Init':
/home/david/Documents/RockBox_Personal-master/devsrc/nano-soh-runtime/Shipwright/soh/src/overlays/effects/ovl_Effect_Ss_HitMark/z_eff_ss_hitmark.c:48:15: warning: assignment discards 'const' qualifier from pointer target type [-Wdiscarded-qualifiers]
   48 |     this->gfx = SEGMENTED_TO_VIRTUAL(gEffHitMarkDL);
      |               ^
In file included from /home/david/Documents/RockBox_Personal-master/devsrc/nano-soh-runtime/Shipwright/soh/include/global.h:10,
                 from /home/david/Documents/RockBox_Personal-master/devsrc/nano-soh-runtime/Shipwright/soh/src/overlays/effects/ovl_Effect_Ss_HitMark/z_eff_ss_hitmark.h:5,
                 from /home/david/Documents/RockBox_Personal-master/devsrc/nano-soh-runtime/Shipwright/soh/src/overlays/effects/ovl_Effect_Ss_HitMark/z_eff_ss_hitmark.c:7:
/home/david/Documents/RockBox_Personal-master/devsrc/nano-soh-runtime/Shipwright/soh/src/overlays/effects/ovl_Effect_Ss_HitMark/z_eff_ss_hitmark.c: In function 'EffectSsHitMark_Draw':
/home/david/Documents/RockBox_Personal-master/devsrc/nano-soh-runtime/Shipwright/soh/src/overlays/effects/ovl_Effect_Ss_HitMark/z_eff_ss_hitmark.c:95:73: warning: passing argument 3 of 'gSPSegment' makes integer from pointer without a cast [-Wint-conversion]
   95 |         gSPSegment(POLY_XLU_DISP++, 0x08, SEGMENTED_TO_VIRTUAL(sTextures[(this->rType * 8) + (this->rTexIdx)]));
      |                                                                ~~~~~~~~~^~~~~~~~~~~~~~~~~~~~~~~~~~~~~~~~~~~~~
      |                                                                         |
      |                                                                         void *
/home/david/Documents/RockBox_Personal-master/devsrc/nano-soh-runtime/Shipwright/soh/include/macros.h:37:36: note: in definition of macro 'SEGMENTED_TO_VIRTUAL'
   37 | #define SEGMENTED_TO_VIRTUAL(addr) addr
      |                                    ^~~~
In file included from /home/david/Documents/RockBox_Personal-master/devsrc/nano-soh-runtime/Shipwright/soh/include/global.h:8:
/home/david/Documents/RockBox_Personal-master/devsrc/nano-soh-runtime/Shipwright/soh/include/functions.h:22:52: note: expected 'uintptr_t' {aka 'unsigned int'} but argument is of type 'void *'
   22 | void gSPSegment(void* value, int segNum, uintptr_t target);
      |                                          ~~~~~~~~~~^~~~~~
