/home/david/Documents/RockBox_Personal-master/devsrc/nano-soh-runtime/Shipwright/soh/src/overlays/effects/ovl_Effect_Ss_Lightning/z_eff_ss_lightning.c: In function 'EffectSsLightning_Init':
/home/david/Documents/RockBox_Personal-master/devsrc/nano-soh-runtime/Shipwright/soh/src/overlays/effects/ovl_Effect_Ss_Lightning/z_eff_ss_lightning.c:36:15: warning: assignment discards 'const' qualifier from pointer target type [-Wdiscarded-qualifiers]
   36 |     this->gfx = SEGMENTED_TO_VIRTUAL(gEffLightningDL);
      |               ^
/home/david/Documents/RockBox_Personal-master/devsrc/nano-soh-runtime/Shipwright/soh/src/overlays/effects/ovl_Effect_Ss_Lightning/z_eff_ss_lightning.c: In function 'EffectSsLightning_Draw':
/home/david/Documents/RockBox_Personal-master/devsrc/nano-soh-runtime/Shipwright/soh/src/overlays/effects/ovl_Effect_Ss_Lightning/z_eff_ss_lightning.c:71:9: warning: initialization discards 'const' qualifier from pointer target type [-Wdiscarded-qualifiers]
   71 |         gEffLightning1Tex, gEffLightning2Tex, gEffLightning3Tex, gEffLightning4Tex,
      |         ^~~~~~~~~~~~~~~~~
/home/david/Documents/RockBox_Personal-master/devsrc/nano-soh-runtime/Shipwright/soh/src/overlays/effects/ovl_Effect_Ss_Lightning/z_eff_ss_lightning.c:71:28: warning: initialization discards 'const' qualifier from pointer target type [-Wdiscarded-qualifiers]
   71 |         gEffLightning1Tex, gEffLightning2Tex, gEffLightning3Tex, gEffLightning4Tex,
      |                            ^~~~~~~~~~~~~~~~~
/home/david/Documents/RockBox_Personal-master/devsrc/nano-soh-runtime/Shipwright/soh/src/overlays/effects/ovl_Effect_Ss_Lightning/z_eff_ss_lightning.c:71:47: warning: initialization discards 'const' qualifier from pointer target type [-Wdiscarded-qualifiers]
   71 |         gEffLightning1Tex, gEffLightning2Tex, gEffLightning3Tex, gEffLightning4Tex,
      |                                               ^~~~~~~~~~~~~~~~~
/home/david/Documents/RockBox_Personal-master/devsrc/nano-soh-runtime/Shipwright/soh/src/overlays/effects/ovl_Effect_Ss_Lightning/z_eff_ss_lightning.c:71:66: warning: initialization discards 'const' qualifier from pointer target type [-Wdiscarded-qualifiers]
   71 |         gEffLightning1Tex, gEffLightning2Tex, gEffLightning3Tex, gEffLightning4Tex,
      |                                                                  ^~~~~~~~~~~~~~~~~
/home/david/Documents/RockBox_Personal-master/devsrc/nano-soh-runtime/Shipwright/soh/src/overlays/effects/ovl_Effect_Ss_Lightning/z_eff_ss_lightning.c:72:9: warning: initialization discards 'const' qualifier from pointer target type [-Wdiscarded-qualifiers]
   72 |         gEffLightning5Tex, gEffLightning6Tex, gEffLightning7Tex, gEffLightning8Tex,
      |         ^~~~~~~~~~~~~~~~~
/home/david/Documents/RockBox_Personal-master/devsrc/nano-soh-runtime/Shipwright/soh/src/overlays/effects/ovl_Effect_Ss_Lightning/z_eff_ss_lightning.c:72:28: warning: initialization discards 'const' qualifier from pointer target type [-Wdiscarded-qualifiers]
   72 |         gEffLightning5Tex, gEffLightning6Tex, gEffLightning7Tex, gEffLightning8Tex,
      |                            ^~~~~~~~~~~~~~~~~
/home/david/Documents/RockBox_Personal-master/devsrc/nano-soh-runtime/Shipwright/soh/src/overlays/effects/ovl_Effect_Ss_Lightning/z_eff_ss_lightning.c:72:47: warning: initialization discards 'const' qualifier from pointer target type [-Wdiscarded-qualifiers]
   72 |         gEffLightning5Tex, gEffLightning6Tex, gEffLightning7Tex, gEffLightning8Tex,
      |                                               ^~~~~~~~~~~~~~~~~
/home/david/Documents/RockBox_Personal-master/devsrc/nano-soh-runtime/Shipwright/soh/src/overlays/effects/ovl_Effect_Ss_Lightning/z_eff_ss_lightning.c:72:66: warning: initialization discards 'const' qualifier from pointer target type [-Wdiscarded-qualifiers]
   72 |         gEffLightning5Tex, gEffLightning6Tex, gEffLightning7Tex, gEffLightning8Tex,
      |                                                                  ^~~~~~~~~~~~~~~~~
In file included from /home/david/Documents/RockBox_Personal-master/devsrc/nano-soh-runtime/Shipwright/soh/include/global.h:10,
                 from /home/david/Documents/RockBox_Personal-master/devsrc/nano-soh-runtime/Shipwright/soh/src/overlays/effects/ovl_Effect_Ss_Lightning/z_eff_ss_lightning.h:5,
                 from /home/david/Documents/RockBox_Personal-master/devsrc/nano-soh-runtime/Shipwright/soh/src/overlays/effects/ovl_Effect_Ss_Lightning/z_eff_ss_lightning.c:7:
/home/david/Documents/RockBox_Personal-master/devsrc/nano-soh-runtime/Shipwright/soh/src/overlays/effects/ovl_Effect_Ss_Lightning/z_eff_ss_lightning.c:110:81: warning: passing argument 3 of 'gSPSegment' makes integer from pointer without a cast [-Wint-conversion]
  110 |         gSPSegment(POLY_XLU_DISP++, 0x08, SEGMENTED_TO_VIRTUAL(lightningTextures[texIdx]));
      |                                                                ~~~~~~~~~~~~~~~~~^~~~~~~~
      |                                                                                 |
      |                                                                                 void *
/home/david/Documents/RockBox_Personal-master/devsrc/nano-soh-runtime/Shipwright/soh/include/macros.h:37:36: note: in definition of macro 'SEGMENTED_TO_VIRTUAL'
   37 | #define SEGMENTED_TO_VIRTUAL(addr) addr
      |                                    ^~~~
In file included from /home/david/Documents/RockBox_Personal-master/devsrc/nano-soh-runtime/Shipwright/soh/include/global.h:8:
/home/david/Documents/RockBox_Personal-master/devsrc/nano-soh-runtime/Shipwright/soh/include/functions.h:22:52: note: expected 'uintptr_t' {aka 'unsigned int'} but argument is of type 'void *'
   22 | void gSPSegment(void* value, int segNum, uintptr_t target);
      |                                          ~~~~~~~~~~^~~~~~
