Archive member included to satisfy reference by file (symbol)

/home/david/Documents/RockBox_Personal-master/build-sim-video-5g/lib/rbcodec/codecs/libtremor.a(vorbisfile.o)
                              /home/david/Documents/RockBox_Personal-master/build-sim-video-5g/lib/rbcodec/codecs/vorbis.o (ov_clear)
/home/david/Documents/RockBox_Personal-master/build-sim-video-5g/lib/rbcodec/codecs/libtremor.a(oggmalloc.o)
                              /home/david/Documents/RockBox_Personal-master/build-sim-video-5g/lib/rbcodec/codecs/vorbis.o (ogg_malloc_init)
/home/david/Documents/RockBox_Personal-master/build-sim-video-5g/lib/rbcodec/codecs/libtremor.a(block.o)
                              /home/david/Documents/RockBox_Personal-master/build-sim-video-5g/lib/rbcodec/codecs/libtremor.a(vorbisfile.o) (vorbis_block_init)
/home/david/Documents/RockBox_Personal-master/build-sim-video-5g/lib/rbcodec/codecs/libtremor.a(framing.o)
                              /home/david/Documents/RockBox_Personal-master/build-sim-video-5g/lib/rbcodec/codecs/libtremor.a(vorbisfile.o) (ogg_page_continued)
/home/david/Documents/RockBox_Personal-master/build-sim-video-5g/lib/rbcodec/codecs/libtremor.a(info.o)
                              /home/david/Documents/RockBox_Personal-master/build-sim-video-5g/lib/rbcodec/codecs/libtremor.a(vorbisfile.o) (vorbis_info_blocksize)
/home/david/Documents/RockBox_Personal-master/build-sim-video-5g/lib/rbcodec/codecs/libtremor.a(registry.o)
                              /home/david/Documents/RockBox_Personal-master/build-sim-video-5g/lib/rbcodec/codecs/libtremor.a(block.o) (_mapping_P)
/home/david/Documents/RockBox_Personal-master/build-sim-video-5g/lib/rbcodec/codecs/libtremor.a(res012.o)
                              /home/david/Documents/RockBox_Personal-master/build-sim-video-5g/lib/rbcodec/codecs/libtremor.a(registry.o) (residue2_exportbundle)
/home/david/Documents/RockBox_Personal-master/build-sim-video-5g/lib/rbcodec/codecs/libtremor.a(sharedbook.o)
                              /home/david/Documents/RockBox_Personal-master/build-sim-video-5g/lib/rbcodec/codecs/libtremor.a(block.o) (vorbis_staticbook_destroy)
/home/david/Documents/RockBox_Personal-master/build-sim-video-5g/lib/rbcodec/codecs/libtremor.a(synthesis.o)
                              /home/david/Documents/RockBox_Personal-master/build-sim-video-5g/lib/rbcodec/codecs/libtremor.a(vorbisfile.o) (vorbis_synthesis)
/home/david/Documents/RockBox_Personal-master/build-sim-video-5g/lib/rbcodec/codecs/libtremor.a(window.o)
                              /home/david/Documents/RockBox_Personal-master/build-sim-video-5g/lib/rbcodec/codecs/libtremor.a(block.o) (_vorbis_window)
/home/david/Documents/RockBox_Personal-master/build-sim-video-5g/lib/rbcodec/codecs/libtremor.a(bitwise.o)
                              /home/david/Documents/RockBox_Personal-master/build-sim-video-5g/lib/rbcodec/codecs/libtremor.a(info.o) (oggpack_readinit)
/home/david/Documents/RockBox_Personal-master/build-sim-video-5g/lib/rbcodec/codecs/libtremor.a(codebook.o)
                              /home/david/Documents/RockBox_Personal-master/build-sim-video-5g/lib/rbcodec/codecs/libtremor.a(info.o) (vorbis_staticbook_unpack)
/home/david/Documents/RockBox_Personal-master/build-sim-video-5g/lib/rbcodec/codecs/libtremor.a(floor0.o)
                              /home/david/Documents/RockBox_Personal-master/build-sim-video-5g/lib/rbcodec/codecs/libtremor.a(registry.o) (floor0_exportbundle)
/home/david/Documents/RockBox_Personal-master/build-sim-video-5g/lib/rbcodec/codecs/libtremor.a(floor1.o)
                              /home/david/Documents/RockBox_Personal-master/build-sim-video-5g/lib/rbcodec/codecs/libtremor.a(registry.o) (floor1_exportbundle)
/home/david/Documents/RockBox_Personal-master/build-sim-video-5g/lib/rbcodec/codecs/libtremor.a(mapping0.o)
                              /home/david/Documents/RockBox_Personal-master/build-sim-video-5g/lib/rbcodec/codecs/libtremor.a(registry.o) (mapping0_exportbundle)
/home/david/Documents/RockBox_Personal-master/build-sim-video-5g/lib/libtlsf.a(tlsf.o)
                              /home/david/Documents/RockBox_Personal-master/build-sim-video-5g/lib/rbcodec/codecs/libtremor.a(oggmalloc.o) (destroy_memory_pool)
/home/david/Documents/RockBox_Personal-master/build-sim-video-5g/lib/rbcodec/codecs/libcodec.a(codeclib.o)
                              /home/david/Documents/RockBox_Personal-master/build-sim-video-5g/lib/rbcodec/codecs/vorbis.o (codec_init)
/home/david/Documents/RockBox_Personal-master/build-sim-video-5g/lib/rbcodec/codecs/libcodec.a(mdct.o)
                              /home/david/Documents/RockBox_Personal-master/build-sim-video-5g/lib/rbcodec/codecs/libtremor.a(mapping0.o) (ff_imdct_half)
/home/david/Documents/RockBox_Personal-master/build-sim-video-5g/lib/rbcodec/codecs/libcodec.a(mdct_lookup.o)
                              /home/david/Documents/RockBox_Personal-master/build-sim-video-5g/lib/rbcodec/codecs/libcodec.a(mdct.o) (revtab)
/home/david/Documents/RockBox_Personal-master/build-sim-video-5g/lib/rbcodec/codecs/libcodec.a(fft-ffmpeg.o)
                              /home/david/Documents/RockBox_Personal-master/build-sim-video-5g/lib/rbcodec/codecs/libcodec.a(mdct.o) (ff_fft_calc_c)

Merging object attributes


Merging program properties

Removed property 0xc0000002 to merge /usr/lib/gcc/x86_64-pc-linux-gnu/15.2.1/../../../../lib/crti.o (0x3) and /home/david/Documents/RockBox_Personal-master/build-sim-video-5g/lib/rbcodec/codecs/vorbis.o (not found)
Updated property 0xc0010001 (0x9) to merge /usr/lib/gcc/x86_64-pc-linux-gnu/15.2.1/../../../../lib/crti.o (0x1) and /home/david/Documents/RockBox_Personal-master/build-sim-video-5g/lib/rbcodec/codecs/vorbis.o (0x9)
Updated property 0xc0010001 (0x9) to merge /usr/lib/gcc/x86_64-pc-linux-gnu/15.2.1/../../../../lib/crti.o (0x9) and /home/david/Documents/RockBox_Personal-master/build-sim-video-5g/lib/rbcodec/codecs/codec_crt0.o (0x1)
Updated property 0xc0010001 (0x9) to merge /usr/lib/gcc/x86_64-pc-linux-gnu/15.2.1/../../../../lib/crti.o (0x9) and /home/david/Documents/RockBox_Personal-master/build-sim-video-5g/lib/rbcodec/codecs/libtremor.a(oggmalloc.o) (0x1)
Updated property 0xc0010001 (0x9) to merge /usr/lib/gcc/x86_64-pc-linux-gnu/15.2.1/../../../../lib/crti.o (0x9) and /home/david/Documents/RockBox_Personal-master/build-sim-video-5g/lib/rbcodec/codecs/libtremor.a(block.o) (0x1)
Updated property 0xc0010001 (0x9) to merge /usr/lib/gcc/x86_64-pc-linux-gnu/15.2.1/../../../../lib/crti.o (0x9) and /home/david/Documents/RockBox_Personal-master/build-sim-video-5g/lib/rbcodec/codecs/libtremor.a(framing.o) (0x1)
Updated property 0xc0010001 (0x9) to merge /usr/lib/gcc/x86_64-pc-linux-gnu/15.2.1/../../../../lib/crti.o (0x9) and /home/david/Documents/RockBox_Personal-master/build-sim-video-5g/lib/rbcodec/codecs/libtremor.a(info.o) (0x1)
Updated property 0xc0010001 (0x9) to merge /usr/lib/gcc/x86_64-pc-linux-gnu/15.2.1/../../../../lib/crti.o (0x9) and /home/david/Documents/RockBox_Personal-master/build-sim-video-5g/lib/rbcodec/codecs/libtremor.a(registry.o) (0x1)
Updated property 0xc0010002 (0x1) to merge /usr/lib/gcc/x86_64-pc-linux-gnu/15.2.1/../../../../lib/crti.o (0x1) and /home/david/Documents/RockBox_Personal-master/build-sim-video-5g/lib/rbcodec/codecs/libtremor.a(registry.o) (0x0)
Updated property 0xc0010001 (0x9) to merge /usr/lib/gcc/x86_64-pc-linux-gnu/15.2.1/../../../../lib/crti.o (0x9) and /home/david/Documents/RockBox_Personal-master/build-sim-video-5g/lib/rbcodec/codecs/libtremor.a(res012.o) (0x1)
Updated property 0xc0010001 (0x9) to merge /usr/lib/gcc/x86_64-pc-linux-gnu/15.2.1/../../../../lib/crti.o (0x9) and /home/david/Documents/RockBox_Personal-master/build-sim-video-5g/lib/rbcodec/codecs/libtremor.a(sharedbook.o) (0x1)
Updated property 0xc0010001 (0x9) to merge /usr/lib/gcc/x86_64-pc-linux-gnu/15.2.1/../../../../lib/crti.o (0x9) and /home/david/Documents/RockBox_Personal-master/build-sim-video-5g/lib/rbcodec/codecs/libtremor.a(synthesis.o) (0x1)
Updated property 0xc0010001 (0x9) to merge /usr/lib/gcc/x86_64-pc-linux-gnu/15.2.1/../../../../lib/crti.o (0x9) and /home/david/Documents/RockBox_Personal-master/build-sim-video-5g/lib/rbcodec/codecs/libtremor.a(window.o) (0x1)
Updated property 0xc0010001 (0x9) to merge /usr/lib/gcc/x86_64-pc-linux-gnu/15.2.1/../../../../lib/crti.o (0x9) and /home/david/Documents/RockBox_Personal-master/build-sim-video-5g/lib/rbcodec/codecs/libtremor.a(bitwise.o) (0x1)
Updated property 0xc0010001 (0x9) to merge /usr/lib/gcc/x86_64-pc-linux-gnu/15.2.1/../../../../lib/crti.o (0x9) and /home/david/Documents/RockBox_Personal-master/build-sim-video-5g/lib/rbcodec/codecs/libtremor.a(codebook.o) (0x1)
Updated property 0xc0010001 (0x9) to merge /usr/lib/gcc/x86_64-pc-linux-gnu/15.2.1/../../../../lib/crti.o (0x9) and /home/david/Documents/RockBox_Personal-master/build-sim-video-5g/lib/rbcodec/codecs/libtremor.a(floor0.o) (0x1)
Updated property 0xc0010001 (0x9) to merge /usr/lib/gcc/x86_64-pc-linux-gnu/15.2.1/../../../../lib/crti.o (0x9) and /home/david/Documents/RockBox_Personal-master/build-sim-video-5g/lib/rbcodec/codecs/libtremor.a(floor1.o) (0x1)
Updated property 0xc0010001 (0x9) to merge /usr/lib/gcc/x86_64-pc-linux-gnu/15.2.1/../../../../lib/crti.o (0x9) and /home/david/Documents/RockBox_Personal-master/build-sim-video-5g/lib/rbcodec/codecs/libtremor.a(mapping0.o) (0x1)
Updated property 0xc0010001 (0x9) to merge /usr/lib/gcc/x86_64-pc-linux-gnu/15.2.1/../../../../lib/crti.o (0x9) and /home/david/Documents/RockBox_Personal-master/build-sim-video-5g/lib/libtlsf.a(tlsf.o) (0x1)
Updated property 0xc0010001 (0x9) to merge /usr/lib/gcc/x86_64-pc-linux-gnu/15.2.1/../../../../lib/crti.o (0x9) and /home/david/Documents/RockBox_Personal-master/build-sim-video-5g/lib/rbcodec/codecs/libcodec.a(codeclib.o) (0x1)
Updated property 0xc0010001 (0x9) to merge /usr/lib/gcc/x86_64-pc-linux-gnu/15.2.1/../../../../lib/crti.o (0x9) and /home/david/Documents/RockBox_Personal-master/build-sim-video-5g/lib/rbcodec/codecs/libcodec.a(mdct.o) (0x1)
Updated property 0xc0010001 (0x9) to merge /usr/lib/gcc/x86_64-pc-linux-gnu/15.2.1/../../../../lib/crti.o (0x9) and /home/david/Documents/RockBox_Personal-master/build-sim-video-5g/lib/rbcodec/codecs/libcodec.a(mdct_lookup.o) (0x1)
Updated property 0xc0010002 (0x1) to merge /usr/lib/gcc/x86_64-pc-linux-gnu/15.2.1/../../../../lib/crti.o (0x1) and /home/david/Documents/RockBox_Personal-master/build-sim-video-5g/lib/rbcodec/codecs/libcodec.a(mdct_lookup.o) (0x0)
Updated property 0xc0010001 (0x9) to merge /usr/lib/gcc/x86_64-pc-linux-gnu/15.2.1/../../../../lib/crti.o (0x9) and /home/david/Documents/RockBox_Personal-master/build-sim-video-5g/lib/rbcodec/codecs/libcodec.a(fft-ffmpeg.o) (0x1)
Updated property 0xc0010001 (0x9) to merge /usr/lib/gcc/x86_64-pc-linux-gnu/15.2.1/../../../../lib/crti.o (0x9) and /usr/lib/gcc/x86_64-pc-linux-gnu/15.2.1/crtendS.o (0x1)
Updated property 0xc0010002 (0x1) to merge /usr/lib/gcc/x86_64-pc-linux-gnu/15.2.1/../../../../lib/crti.o (0x1) and /usr/lib/gcc/x86_64-pc-linux-gnu/15.2.1/crtendS.o (0x0)
Removed property 0xc0000002 to merge /usr/lib/gcc/x86_64-pc-linux-gnu/15.2.1/../../../../lib/crti.o (not found) and /usr/lib/gcc/x86_64-pc-linux-gnu/15.2.1/crtendS.o (0x3)
Updated property 0xc0010001 (0x9) to merge /usr/lib/gcc/x86_64-pc-linux-gnu/15.2.1/../../../../lib/crti.o (0x9) and /usr/lib/gcc/x86_64-pc-linux-gnu/15.2.1/../../../../lib/crtn.o (0x1)
Removed property 0xc0000002 to merge /usr/lib/gcc/x86_64-pc-linux-gnu/15.2.1/../../../../lib/crti.o (not found) and /usr/lib/gcc/x86_64-pc-linux-gnu/15.2.1/../../../../lib/crtn.o (0x3)

Discarded input sections

 .text          0x0000000000000000        0x0 /usr/lib/gcc/x86_64-pc-linux-gnu/15.2.1/../../../../lib/crti.o
 .data          0x0000000000000000        0x0 /usr/lib/gcc/x86_64-pc-linux-gnu/15.2.1/../../../../lib/crti.o
 .bss           0x0000000000000000        0x0 /usr/lib/gcc/x86_64-pc-linux-gnu/15.2.1/../../../../lib/crti.o
 .data          0x0000000000000000        0x0 /usr/lib/gcc/x86_64-pc-linux-gnu/15.2.1/crtbeginS.o
 .note.gnu.property
                0x0000000000000000       0x50 /usr/lib/gcc/x86_64-pc-linux-gnu/15.2.1/crtbeginS.o
 .data          0x0000000000000000        0x0 /home/david/Documents/RockBox_Personal-master/build-sim-video-5g/lib/rbcodec/codecs/vorbis.o
 .bss           0x0000000000000000        0x0 /home/david/Documents/RockBox_Personal-master/build-sim-video-5g/lib/rbcodec/codecs/vorbis.o
 .note.gnu.property
                0x0000000000000000       0x30 /home/david/Documents/RockBox_Personal-master/build-sim-video-5g/lib/rbcodec/codecs/vorbis.o
 .bss           0x0000000000000000        0x0 /home/david/Documents/RockBox_Personal-master/build-sim-video-5g/lib/rbcodec/codecs/codec_crt0.o
 .note.gnu.property
                0x0000000000000000       0x30 /home/david/Documents/RockBox_Personal-master/build-sim-video-5g/lib/rbcodec/codecs/codec_crt0.o
 .data          0x0000000000000000        0x0 /home/david/Documents/RockBox_Personal-master/build-sim-video-5g/lib/rbcodec/codecs/libtremor.a(vorbisfile.o)
 .bss           0x0000000000000000        0x0 /home/david/Documents/RockBox_Personal-master/build-sim-video-5g/lib/rbcodec/codecs/libtremor.a(vorbisfile.o)
 .note.gnu.property
                0x0000000000000000       0x30 /home/david/Documents/RockBox_Personal-master/build-sim-video-5g/lib/rbcodec/codecs/libtremor.a(vorbisfile.o)
 .data          0x0000000000000000        0x0 /home/david/Documents/RockBox_Personal-master/build-sim-video-5g/lib/rbcodec/codecs/libtremor.a(oggmalloc.o)
 .bss           0x0000000000000000        0x0 /home/david/Documents/RockBox_Personal-master/build-sim-video-5g/lib/rbcodec/codecs/libtremor.a(oggmalloc.o)
 .note.gnu.property
                0x0000000000000000       0x30 /home/david/Documents/RockBox_Personal-master/build-sim-video-5g/lib/rbcodec/codecs/libtremor.a(oggmalloc.o)
 .data          0x0000000000000000        0x0 /home/david/Documents/RockBox_Personal-master/build-sim-video-5g/lib/rbcodec/codecs/libtremor.a(block.o)
 .note.gnu.property
                0x0000000000000000       0x30 /home/david/Documents/RockBox_Personal-master/build-sim-video-5g/lib/rbcodec/codecs/libtremor.a(block.o)
 .data          0x0000000000000000        0x0 /home/david/Documents/RockBox_Personal-master/build-sim-video-5g/lib/rbcodec/codecs/libtremor.a(framing.o)
 .bss           0x0000000000000000        0x0 /home/david/Documents/RockBox_Personal-master/build-sim-video-5g/lib/rbcodec/codecs/libtremor.a(framing.o)
 .note.gnu.property
                0x0000000000000000       0x30 /home/david/Documents/RockBox_Personal-master/build-sim-video-5g/lib/rbcodec/codecs/libtremor.a(framing.o)
 .data          0x0000000000000000        0x0 /home/david/Documents/RockBox_Personal-master/build-sim-video-5g/lib/rbcodec/codecs/libtremor.a(info.o)
 .bss           0x0000000000000000        0x0 /home/david/Documents/RockBox_Personal-master/build-sim-video-5g/lib/rbcodec/codecs/libtremor.a(info.o)
 .note.gnu.property
                0x0000000000000000       0x30 /home/david/Documents/RockBox_Personal-master/build-sim-video-5g/lib/rbcodec/codecs/libtremor.a(info.o)
 .text          0x0000000000000000        0x0 /home/david/Documents/RockBox_Personal-master/build-sim-video-5g/lib/rbcodec/codecs/libtremor.a(registry.o)
 .data          0x0000000000000000        0x0 /home/david/Documents/RockBox_Personal-master/build-sim-video-5g/lib/rbcodec/codecs/libtremor.a(registry.o)
 .bss           0x0000000000000000        0x0 /home/david/Documents/RockBox_Personal-master/build-sim-video-5g/lib/rbcodec/codecs/libtremor.a(registry.o)
 .note.gnu.property
                0x0000000000000000       0x30 /home/david/Documents/RockBox_Personal-master/build-sim-video-5g/lib/rbcodec/codecs/libtremor.a(registry.o)
 .data          0x0000000000000000        0x0 /home/david/Documents/RockBox_Personal-master/build-sim-video-5g/lib/rbcodec/codecs/libtremor.a(res012.o)
 .bss           0x0000000000000000        0x0 /home/david/Documents/RockBox_Personal-master/build-sim-video-5g/lib/rbcodec/codecs/libtremor.a(res012.o)
 .note.gnu.property
                0x0000000000000000       0x30 /home/david/Documents/RockBox_Personal-master/build-sim-video-5g/lib/rbcodec/codecs/libtremor.a(res012.o)
 .data          0x0000000000000000        0x0 /home/david/Documents/RockBox_Personal-master/build-sim-video-5g/lib/rbcodec/codecs/libtremor.a(sharedbook.o)
 .bss           0x0000000000000000        0x0 /home/david/Documents/RockBox_Personal-master/build-sim-video-5g/lib/rbcodec/codecs/libtremor.a(sharedbook.o)
 .note.gnu.property
                0x0000000000000000       0x30 /home/david/Documents/RockBox_Personal-master/build-sim-video-5g/lib/rbcodec/codecs/libtremor.a(sharedbook.o)
 .data          0x0000000000000000        0x0 /home/david/Documents/RockBox_Personal-master/build-sim-video-5g/lib/rbcodec/codecs/libtremor.a(synthesis.o)
 .bss           0x0000000000000000        0x0 /home/david/Documents/RockBox_Personal-master/build-sim-video-5g/lib/rbcodec/codecs/libtremor.a(synthesis.o)
 .note.gnu.property
                0x0000000000000000       0x30 /home/david/Documents/RockBox_Personal-master/build-sim-video-5g/lib/rbcodec/codecs/libtremor.a(synthesis.o)
 .data          0x0000000000000000        0x0 /home/david/Documents/RockBox_Personal-master/build-sim-video-5g/lib/rbcodec/codecs/libtremor.a(window.o)
 .bss           0x0000000000000000        0x0 /home/david/Documents/RockBox_Personal-master/build-sim-video-5g/lib/rbcodec/codecs/libtremor.a(window.o)
 .note.gnu.property
                0x0000000000000000       0x30 /home/david/Documents/RockBox_Personal-master/build-sim-video-5g/lib/rbcodec/codecs/libtremor.a(window.o)
 .data          0x0000000000000000        0x0 /home/david/Documents/RockBox_Personal-master/build-sim-video-5g/lib/rbcodec/codecs/libtremor.a(bitwise.o)
 .bss           0x0000000000000000        0x0 /home/david/Documents/RockBox_Personal-master/build-sim-video-5g/lib/rbcodec/codecs/libtremor.a(bitwise.o)
 .note.gnu.property
                0x0000000000000000       0x30 /home/david/Documents/RockBox_Personal-master/build-sim-video-5g/lib/rbcodec/codecs/libtremor.a(bitwise.o)
 .data          0x0000000000000000        0x0 /home/david/Documents/RockBox_Personal-master/build-sim-video-5g/lib/rbcodec/codecs/libtremor.a(codebook.o)
 .bss           0x0000000000000000        0x0 /home/david/Documents/RockBox_Personal-master/build-sim-video-5g/lib/rbcodec/codecs/libtremor.a(codebook.o)
 .note.gnu.property
                0x0000000000000000       0x30 /home/david/Documents/RockBox_Personal-master/build-sim-video-5g/lib/rbcodec/codecs/libtremor.a(codebook.o)
 .data          0x0000000000000000        0x0 /home/david/Documents/RockBox_Personal-master/build-sim-video-5g/lib/rbcodec/codecs/libtremor.a(floor0.o)
 .bss           0x0000000000000000        0x0 /home/david/Documents/RockBox_Personal-master/build-sim-video-5g/lib/rbcodec/codecs/libtremor.a(floor0.o)
 .note.gnu.property
                0x0000000000000000       0x30 /home/david/Documents/RockBox_Personal-master/build-sim-video-5g/lib/rbcodec/codecs/libtremor.a(floor0.o)
 .data          0x0000000000000000        0x0 /home/david/Documents/RockBox_Personal-master/build-sim-video-5g/lib/rbcodec/codecs/libtremor.a(floor1.o)
 .bss           0x0000000000000000        0x0 /home/david/Documents/RockBox_Personal-master/build-sim-video-5g/lib/rbcodec/codecs/libtremor.a(floor1.o)
 .note.gnu.property
                0x0000000000000000       0x30 /home/david/Documents/RockBox_Personal-master/build-sim-video-5g/lib/rbcodec/codecs/libtremor.a(floor1.o)
 .data          0x0000000000000000        0x0 /home/david/Documents/RockBox_Personal-master/build-sim-video-5g/lib/rbcodec/codecs/libtremor.a(mapping0.o)
 .bss           0x0000000000000000        0x0 /home/david/Documents/RockBox_Personal-master/build-sim-video-5g/lib/rbcodec/codecs/libtremor.a(mapping0.o)
 .note.gnu.property
                0x0000000000000000       0x30 /home/david/Documents/RockBox_Personal-master/build-sim-video-5g/lib/rbcodec/codecs/libtremor.a(mapping0.o)
 .text          0x0000000000000000        0x0 /home/david/Documents/RockBox_Personal-master/build-sim-video-5g/lib/libtlsf.a(tlsf.o)
 .data          0x0000000000000000        0x0 /home/david/Documents/RockBox_Personal-master/build-sim-video-5g/lib/libtlsf.a(tlsf.o)
 .text.get_used_size
                0x0000000000000000        0x3 /home/david/Documents/RockBox_Personal-master/build-sim-video-5g/lib/libtlsf.a(tlsf.o)
 .text.get_max_size
                0x0000000000000000        0x3 /home/david/Documents/RockBox_Personal-master/build-sim-video-5g/lib/libtlsf.a(tlsf.o)
 .note.gnu.property
                0x0000000000000000       0x30 /home/david/Documents/RockBox_Personal-master/build-sim-video-5g/lib/libtlsf.a(tlsf.o)
 .data          0x0000000000000000        0x0 /home/david/Documents/RockBox_Personal-master/build-sim-video-5g/lib/rbcodec/codecs/libcodec.a(codeclib.o)
 .rodata        0x0000000000000000      0x200 /home/david/Documents/RockBox_Personal-master/build-sim-video-5g/lib/rbcodec/codecs/libcodec.a(codeclib.o)
 .note.gnu.property
                0x0000000000000000       0x30 /home/david/Documents/RockBox_Personal-master/build-sim-video-5g/lib/rbcodec/codecs/libcodec.a(codeclib.o)
 .data          0x0000000000000000        0x0 /home/david/Documents/RockBox_Personal-master/build-sim-video-5g/lib/rbcodec/codecs/libcodec.a(mdct.o)
 .bss           0x0000000000000000        0x0 /home/david/Documents/RockBox_Personal-master/build-sim-video-5g/lib/rbcodec/codecs/libcodec.a(mdct.o)
 .note.gnu.property
                0x0000000000000000       0x30 /home/david/Documents/RockBox_Personal-master/build-sim-video-5g/lib/rbcodec/codecs/libcodec.a(mdct.o)
 .text          0x0000000000000000        0x0 /home/david/Documents/RockBox_Personal-master/build-sim-video-5g/lib/rbcodec/codecs/libcodec.a(mdct_lookup.o)
 .data          0x0000000000000000        0x0 /home/david/Documents/RockBox_Personal-master/build-sim-video-5g/lib/rbcodec/codecs/libcodec.a(mdct_lookup.o)
 .bss           0x0000000000000000        0x0 /home/david/Documents/RockBox_Personal-master/build-sim-video-5g/lib/rbcodec/codecs/libcodec.a(mdct_lookup.o)
 .note.gnu.property
                0x0000000000000000       0x30 /home/david/Documents/RockBox_Personal-master/build-sim-video-5g/lib/rbcodec/codecs/libcodec.a(mdct_lookup.o)
 .data          0x0000000000000000        0x0 /home/david/Documents/RockBox_Personal-master/build-sim-video-5g/lib/rbcodec/codecs/libcodec.a(fft-ffmpeg.o)
 .bss           0x0000000000000000        0x0 /home/david/Documents/RockBox_Personal-master/build-sim-video-5g/lib/rbcodec/codecs/libcodec.a(fft-ffmpeg.o)
 .note.gnu.property
                0x0000000000000000       0x30 /home/david/Documents/RockBox_Personal-master/build-sim-video-5g/lib/rbcodec/codecs/libcodec.a(fft-ffmpeg.o)
 .text          0x0000000000000000        0x0 /usr/lib/gcc/x86_64-pc-linux-gnu/15.2.1/crtendS.o
 .data          0x0000000000000000        0x0 /usr/lib/gcc/x86_64-pc-linux-gnu/15.2.1/crtendS.o
 .bss           0x0000000000000000        0x0 /usr/lib/gcc/x86_64-pc-linux-gnu/15.2.1/crtendS.o
 .note.gnu.property
                0x0000000000000000       0x50 /usr/lib/gcc/x86_64-pc-linux-gnu/15.2.1/crtendS.o
 .text          0x0000000000000000        0x0 /usr/lib/gcc/x86_64-pc-linux-gnu/15.2.1/../../../../lib/crtn.o
 .data          0x0000000000000000        0x0 /usr/lib/gcc/x86_64-pc-linux-gnu/15.2.1/../../../../lib/crtn.o
 .bss           0x0000000000000000        0x0 /usr/lib/gcc/x86_64-pc-linux-gnu/15.2.1/../../../../lib/crtn.o
 .note.gnu.property
                0x0000000000000000       0x50 /usr/lib/gcc/x86_64-pc-linux-gnu/15.2.1/../../../../lib/crtn.o

Memory Configuration

Name             Origin             Length             Attributes
*default*        0x0000000000000000 0xffffffffffffffff

Linker script and memory map

LOAD /usr/lib/gcc/x86_64-pc-linux-gnu/15.2.1/../../../../lib/crti.o
LOAD /usr/lib/gcc/x86_64-pc-linux-gnu/15.2.1/crtbeginS.o
LOAD /home/david/Documents/RockBox_Personal-master/build-sim-video-5g/lib/rbcodec/codecs/vorbis.o
LOAD /home/david/Documents/RockBox_Personal-master/build-sim-video-5g/lib/rbcodec/codecs/codec_crt0.o
LOAD /home/david/Documents/RockBox_Personal-master/build-sim-video-5g/lib/rbcodec/codecs/libtremor.a
LOAD /home/david/Documents/RockBox_Personal-master/build-sim-video-5g/lib/libtlsf.a
LOAD /home/david/Documents/RockBox_Personal-master/build-sim-video-5g/lib/rbcodec/codecs/libcodec.a
LOAD /home/david/Documents/RockBox_Personal-master/build-sim-video-5g/lib/libfixedpoint.a
LOAD /usr/lib/gcc/x86_64-pc-linux-gnu/15.2.1/libgcc.a
LOAD /usr/lib/gcc/x86_64-pc-linux-gnu/15.2.1/libgcc.a
LOAD /usr/lib/gcc/x86_64-pc-linux-gnu/15.2.1/../../../../lib/libgcc_s.so
START GROUP
LOAD /usr/lib/gcc/x86_64-pc-linux-gnu/15.2.1/../../../../lib/libgcc_s.so.1
LOAD /usr/lib/gcc/x86_64-pc-linux-gnu/15.2.1/libgcc.a
END GROUP
LOAD /usr/lib/gcc/x86_64-pc-linux-gnu/15.2.1/../../../../lib/libc.so
START GROUP
LOAD /usr/lib/libc.so.6
LOAD /usr/lib/libc_nonshared.a
LOAD /usr/lib/ld-linux-x86-64.so.2
END GROUP
LOAD /usr/lib/gcc/x86_64-pc-linux-gnu/15.2.1/libgcc.a
LOAD /usr/lib/gcc/x86_64-pc-linux-gnu/15.2.1/../../../../lib/libgcc_s.so
START GROUP
LOAD /usr/lib/gcc/x86_64-pc-linux-gnu/15.2.1/../../../../lib/libgcc_s.so.1
LOAD /usr/lib/gcc/x86_64-pc-linux-gnu/15.2.1/libgcc.a
END GROUP
LOAD /usr/lib/gcc/x86_64-pc-linux-gnu/15.2.1/crtendS.o
LOAD /usr/lib/gcc/x86_64-pc-linux-gnu/15.2.1/../../../../lib/crtn.o
                0x00000000000002a8                . = (SEGMENT_START ("text-segment", 0x0) + SIZEOF_HEADERS)

.note.gnu.build-id
                0x00000000000002a8       0x24
 *(.note.gnu.build-id)
 .note.gnu.build-id
                0x00000000000002a8       0x24 /usr/lib/gcc/x86_64-pc-linux-gnu/15.2.1/../../../../lib/crti.o

.hash
 *(.hash)

.gnu.hash       0x00000000000002d0       0x24
 *(.gnu.hash)
 .gnu.hash      0x00000000000002d0       0x24 /usr/lib/gcc/x86_64-pc-linux-gnu/15.2.1/../../../../lib/crti.o

.dynsym         0x00000000000002f8       0xd8
 *(.dynsym)
 .dynsym        0x00000000000002f8       0xd8 /usr/lib/gcc/x86_64-pc-linux-gnu/15.2.1/../../../../lib/crti.o

.dynstr         0x00000000000003d0       0x94
 *(.dynstr)
 .dynstr        0x00000000000003d0       0x94 /usr/lib/gcc/x86_64-pc-linux-gnu/15.2.1/../../../../lib/crti.o

.gnu.version    0x0000000000000464       0x12
 *(.gnu.version)
 .gnu.version   0x0000000000000464       0x12 /usr/lib/gcc/x86_64-pc-linux-gnu/15.2.1/../../../../lib/crti.o

.gnu.version_d  0x0000000000000478        0x0
 *(.gnu.version_d)
 .gnu.version_d
                0x0000000000000478        0x0 /usr/lib/gcc/x86_64-pc-linux-gnu/15.2.1/../../../../lib/crti.o

.gnu.version_r  0x0000000000000478       0x30
 *(.gnu.version_r)
 .gnu.version_r
                0x0000000000000478       0x30 /usr/lib/gcc/x86_64-pc-linux-gnu/15.2.1/../../../../lib/crti.o

.rela.dyn       0x00000000000004a8      0x5a0
 *(.rela.init)
 *(.rela.text .rela.text.* .rela.gnu.linkonce.t.*)
 .rela.text     0x00000000000004a8        0x0 /usr/lib/gcc/x86_64-pc-linux-gnu/15.2.1/../../../../lib/crti.o
 *(.rela.fini)
 *(.rela.rodata .rela.rodata.* .rela.gnu.linkonce.r.*)
 *(.rela.data .rela.data.* .rela.gnu.linkonce.d.*)
 .rela.data.rel.local
                0x00000000000004a8       0x18 /usr/lib/gcc/x86_64-pc-linux-gnu/15.2.1/../../../../lib/crti.o
 .rela.data.rel.ro
                0x00000000000004c0       0x48 /usr/lib/gcc/x86_64-pc-linux-gnu/15.2.1/../../../../lib/crti.o
 .rela.data.rel
                0x0000000000000508       0x90 /usr/lib/gcc/x86_64-pc-linux-gnu/15.2.1/../../../../lib/crti.o
 .rela.data.rel.ro.local
                0x0000000000000598      0x408 /usr/lib/gcc/x86_64-pc-linux-gnu/15.2.1/../../../../lib/crti.o
 *(.rela.tdata .rela.tdata.* .rela.gnu.linkonce.td.*)
 *(.rela.tbss .rela.tbss.* .rela.gnu.linkonce.tb.*)
 *(.rela.ctors)
 *(.rela.dtors)
 *(.rela.got)
 .rela.got      0x00000000000009a0       0x78 /usr/lib/gcc/x86_64-pc-linux-gnu/15.2.1/../../../../lib/crti.o
 *(.rela.tls)
 .rela.tls      0x0000000000000a18        0x0 /usr/lib/gcc/x86_64-pc-linux-gnu/15.2.1/../../../../lib/crti.o
 *(.rela.bss .rela.bss.* .rela.gnu.linkonce.b.*)
 *(.rela.ldata .rela.ldata.* .rela.gnu.linkonce.l.*)
 *(.rela.lbss .rela.lbss.* .rela.gnu.linkonce.lb.*)
 *(.rela.lrodata .rela.lrodata.* .rela.gnu.linkonce.lr.*)
 *(.rela.ifunc)
 .rela.ifunc    0x0000000000000a18        0x0 /usr/lib/gcc/x86_64-pc-linux-gnu/15.2.1/../../../../lib/crti.o
 .rela.fini_array
                0x0000000000000a18       0x18 /usr/lib/gcc/x86_64-pc-linux-gnu/15.2.1/../../../../lib/crti.o
 .rela.init_array
                0x0000000000000a30       0x18 /usr/lib/gcc/x86_64-pc-linux-gnu/15.2.1/../../../../lib/crti.o

.rela.plt       0x0000000000000a48       0x48
 *(.rela.plt)
 .rela.plt      0x0000000000000a48       0x48 /usr/lib/gcc/x86_64-pc-linux-gnu/15.2.1/../../../../lib/crti.o
 *(.rela.iplt)

.relr.dyn
 *(.relr.dyn)
                0x0000000000001000                . = ALIGN (CONSTANT (MAXPAGESIZE))

.init           0x0000000000001000       0x1b
 *(SORT_NONE(.init))
 .init          0x0000000000001000       0x16 /usr/lib/gcc/x86_64-pc-linux-gnu/15.2.1/../../../../lib/crti.o
                0x0000000000001000                _init
 .init          0x0000000000001016        0x5 /usr/lib/gcc/x86_64-pc-linux-gnu/15.2.1/../../../../lib/crtn.o

.plt            0x0000000000001020       0x40
 *(.plt)
 .plt           0x0000000000001020       0x40 /usr/lib/gcc/x86_64-pc-linux-gnu/15.2.1/../../../../lib/crti.o
 *(.iplt)

.plt.got        0x0000000000001060        0x0
 *(.plt.got)
 .plt.got       0x0000000000001060        0x0 /usr/lib/gcc/x86_64-pc-linux-gnu/15.2.1/../../../../lib/crti.o

.plt.sec
 *(.plt.sec)

.text           0x0000000000001060     0xa0d4
 *(.text.unlikely .text.*_unlikely .text.unlikely.*)
 *(.text.exit .text.exit.*)
 *(.text.startup .text.startup.*)
 *(.text.hot .text.hot.*)
 *(SORT_BY_NAME(.text.sorted.*))
 *(.text .stub .text.* .gnu.linkonce.t.*)
 .text          0x0000000000001060       0xc9 /usr/lib/gcc/x86_64-pc-linux-gnu/15.2.1/crtbeginS.o
 .text          0x0000000000001129      0x410 /home/david/Documents/RockBox_Personal-master/build-sim-video-5g/lib/rbcodec/codecs/vorbis.o
                0x000000000000117d                codec_run
                0x0000000000001508                codec_main
 .text          0x0000000000001539        0x8 /home/david/Documents/RockBox_Personal-master/build-sim-video-5g/lib/rbcodec/codecs/codec_crt0.o
                0x0000000000001539                _start
                0x000000000000153c                codec_start
 .text          0x0000000000001541     0x20cf /home/david/Documents/RockBox_Personal-master/build-sim-video-5g/lib/rbcodec/codecs/libtremor.a(vorbisfile.o)
                0x0000000000002322                ov_clear
                0x00000000000023f4                ov_pcm_total
                0x0000000000002454                ov_time_total
                0x00000000000024cc                ov_raw_seek
                0x000000000000285e                ov_open_callbacks
                0x0000000000002bab                rescale64
                0x0000000000002bfb                ov_pcm_seek_page
                0x000000000000311a                ov_pcm_seek
                0x00000000000033c4                ov_time_seek
                0x0000000000003464                ov_raw_tell
                0x0000000000003476                ov_time_tell
                0x000000000000350e                ov_info
                0x0000000000003549                ov_read_fixed
 .text          0x0000000000003610      0x115 /home/david/Documents/RockBox_Personal-master/build-sim-video-5g/lib/rbcodec/codecs/libtremor.a(oggmalloc.o)
                0x0000000000003610                ogg_malloc_init
                0x0000000000003658                ogg_malloc_destroy
                0x000000000000369c                ogg_malloc
                0x00000000000036c8                ogg_calloc
                0x00000000000036f4                ogg_realloc
                0x0000000000003720                ogg_free
 .text          0x0000000000003725      0x9e5 /home/david/Documents/RockBox_Personal-master/build-sim-video-5g/lib/rbcodec/codecs/libtremor.a(block.o)
                0x00000000000037ce                vorbis_block_init
                0x00000000000037fa                _vorbis_block_alloc
                0x000000000000386c                _vorbis_block_ripcord
                0x00000000000038eb                vorbis_block_clear
                0x0000000000003915                vorbis_synthesis_restart
                0x0000000000003961                vorbis_dsp_clear
                0x0000000000003a2d                vorbis_synthesis_init
                0x0000000000003d4f                vorbis_synthesis_blockin
                0x0000000000004096                vorbis_synthesis_pcmout
                0x00000000000040f1                vorbis_synthesis_read
 .text          0x000000000000410a      0x8f9 /home/david/Documents/RockBox_Personal-master/build-sim-video-5g/lib/rbcodec/codecs/libtremor.a(framing.o)
                0x0000000000004203                ogg_page_continued
                0x000000000000420d                ogg_page_bos
                0x0000000000004217                ogg_page_eos
                0x0000000000004221                ogg_page_granulepos
                0x0000000000004229                ogg_page_serialno
                0x0000000000004230                ogg_stream_clear
                0x0000000000004278                ogg_stream_init
                0x000000000000430c                _os_body_expand
                0x0000000000004367                ogg_sync_init
                0x0000000000004387                ogg_sync_clear
                0x00000000000043b3                ogg_sync_buffer
                0x0000000000004445                ogg_sync_wrote
                0x000000000000446f                ogg_sync_pageseek
                0x0000000000004665                ogg_stream_pagein
                0x0000000000004960                ogg_sync_reset
                0x000000000000497d                ogg_stream_reset
                0x00000000000049b9                ogg_stream_reset_serialno
                0x00000000000049da                ogg_stream_packetout
                0x00000000000049f0                ogg_stream_packetpeek
 .text          0x0000000000004a03      0x71b /home/david/Documents/RockBox_Personal-master/build-sim-video-5g/lib/rbcodec/codecs/libtremor.a(info.o)
                0x0000000000004a03                vorbis_info_blocksize
                0x0000000000004a19                vorbis_info_init
                0x0000000000004a3e                vorbis_info_clear
                0x0000000000004b5c                vorbis_synthesis_idheader
                0x0000000000004c17                vorbis_synthesis_headerin
 .text          0x000000000000511e      0x8cd /home/david/Documents/RockBox_Personal-master/build-sim-video-5g/lib/rbcodec/codecs/libtremor.a(res012.o)
 .text          0x00000000000059eb      0xa9a /home/david/Documents/RockBox_Personal-master/build-sim-video-5g/lib/rbcodec/codecs/libtremor.a(sharedbook.o)
                0x0000000000005afa                _ilog
                0x0000000000005b5b                _book_maptype1_quantvals
                0x0000000000005bc9                vorbis_staticbook_destroy
                0x0000000000005c01                vorbis_book_clear
                0x0000000000005c5b                vorbis_book_init_decode
 .text          0x0000000000006485      0x230 /home/david/Documents/RockBox_Personal-master/build-sim-video-5g/lib/rbcodec/codecs/libtremor.a(synthesis.o)
                0x0000000000006610                vorbis_synthesis
                0x000000000000661a                vorbis_synthesis_trackonly
                0x0000000000006621                vorbis_packet_blocksize
 .text          0x00000000000066b5       0x85 /home/david/Documents/RockBox_Personal-master/build-sim-video-5g/lib/rbcodec/codecs/libtremor.a(window.o)
                0x00000000000066b5                _vorbis_window
 .text          0x000000000000673a      0x12c /home/david/Documents/RockBox_Personal-master/build-sim-video-5g/lib/rbcodec/codecs/libtremor.a(bitwise.o)
                0x000000000000673a                oggpack_readinit
                0x0000000000006764                oggpack_read
 .text          0x0000000000006866      0xfb8 /home/david/Documents/RockBox_Personal-master/build-sim-video-5g/lib/rbcodec/codecs/libtremor.a(codebook.o)
                0x0000000000006c63                vorbis_staticbook_unpack
                0x0000000000006fed                vorbis_book_decode
                0x000000000000701d                vorbis_book_decodevs_add
                0x00000000000071d4                vorbis_book_decodev_add
                0x00000000000072cb                vorbis_book_decodev_set
                0x00000000000073d4                vorbis_book_decodevv_add
 .text          0x000000000000781e      0x8ee /home/david/Documents/RockBox_Personal-master/build-sim-video-5g/lib/rbcodec/codecs/libtremor.a(floor0.o)
 .text          0x000000000000810c      0x9c9 /home/david/Documents/RockBox_Personal-master/build-sim-video-5g/lib/rbcodec/codecs/libtremor.a(floor1.o)
 .text          0x0000000000008ad5      0x71d /home/david/Documents/RockBox_Personal-master/build-sim-video-5g/lib/rbcodec/codecs/libtremor.a(mapping0.o)
 .text.ls_bit   0x00000000000091f2       0x38 /home/david/Documents/RockBox_Personal-master/build-sim-video-5g/lib/libtlsf.a(tlsf.o)
 .text.ms_bit   0x000000000000922a       0x35 /home/david/Documents/RockBox_Personal-master/build-sim-video-5g/lib/libtlsf.a(tlsf.o)
 .text.set_bit  0x000000000000925f       0x14 /home/david/Documents/RockBox_Personal-master/build-sim-video-5g/lib/libtlsf.a(tlsf.o)
 .text.clear_bit
                0x0000000000009273       0x14 /home/david/Documents/RockBox_Personal-master/build-sim-video-5g/lib/libtlsf.a(tlsf.o)
 .text.FIND_SUITABLE_BLOCK
                0x0000000000009287       0x5c /home/david/Documents/RockBox_Personal-master/build-sim-video-5g/lib/libtlsf.a(tlsf.o)
 .text.process_area
                0x00000000000092e3       0x57 /home/david/Documents/RockBox_Personal-master/build-sim-video-5g/lib/libtlsf.a(tlsf.o)
 .text.MAPPING_INSERT
                0x000000000000933a       0x2d /home/david/Documents/RockBox_Personal-master/build-sim-video-5g/lib/libtlsf.a(tlsf.o)
 .text.panicf   0x0000000000009367        0x2 /home/david/Documents/RockBox_Personal-master/build-sim-video-5g/lib/libtlsf.a(tlsf.o)
                0x0000000000009367                panicf
 .text.get_new_area
                0x0000000000009369        0x6 /home/david/Documents/RockBox_Personal-master/build-sim-video-5g/lib/libtlsf.a(tlsf.o)
                0x0000000000009369                get_new_area
 .text.destroy_memory_pool
                0x000000000000936f        0x5 /home/david/Documents/RockBox_Personal-master/build-sim-video-5g/lib/libtlsf.a(tlsf.o)
                0x000000000000936f                destroy_memory_pool
 .text.free_ex  0x0000000000009374      0x2b4 /home/david/Documents/RockBox_Personal-master/build-sim-video-5g/lib/libtlsf.a(tlsf.o)
                0x0000000000009374                free_ex
 .text.init_memory_pool
                0x0000000000009628       0xaf /home/david/Documents/RockBox_Personal-master/build-sim-video-5g/lib/libtlsf.a(tlsf.o)
                0x0000000000009628                init_memory_pool
 .text.add_new_area
                0x00000000000096d7      0x140 /home/david/Documents/RockBox_Personal-master/build-sim-video-5g/lib/libtlsf.a(tlsf.o)
                0x00000000000096d7                add_new_area
 .text.malloc_ex
                0x0000000000009817      0x317 /home/david/Documents/RockBox_Personal-master/build-sim-video-5g/lib/libtlsf.a(tlsf.o)
                0x0000000000009817                malloc_ex
 .text.tlsf_malloc
                0x0000000000009b2e       0x8c /home/david/Documents/RockBox_Personal-master/build-sim-video-5g/lib/libtlsf.a(tlsf.o)
                0x0000000000009b2e                tlsf_malloc
 .text.tlsf_free
                0x0000000000009bba        0xc /home/david/Documents/RockBox_Personal-master/build-sim-video-5g/lib/libtlsf.a(tlsf.o)
                0x0000000000009bba                tlsf_free
 .text.realloc_ex
                0x0000000000009bc6      0x3b0 /home/david/Documents/RockBox_Personal-master/build-sim-video-5g/lib/libtlsf.a(tlsf.o)
                0x0000000000009bc6                realloc_ex
 .text.tlsf_realloc
                0x0000000000009f76       0x19 /home/david/Documents/RockBox_Personal-master/build-sim-video-5g/lib/libtlsf.a(tlsf.o)
                0x0000000000009f76                tlsf_realloc
 .text.calloc_ex
                0x0000000000009f8f       0x3f /home/david/Documents/RockBox_Personal-master/build-sim-video-5g/lib/libtlsf.a(tlsf.o)
                0x0000000000009f8f                calloc_ex
 .text.tlsf_calloc
                0x0000000000009fce        0xc /home/david/Documents/RockBox_Personal-master/build-sim-video-5g/lib/libtlsf.a(tlsf.o)
                0x0000000000009fce                tlsf_calloc
 .text          0x0000000000009fda      0x1dc /home/david/Documents/RockBox_Personal-master/build-sim-video-5g/lib/rbcodec/codecs/libcodec.a(codeclib.o)
                0x0000000000009fda                codec_init
                0x000000000000a003                codec_set_replaygain
                0x000000000000a076                codec_malloc
                0x000000000000a0ac                codec_calloc
                0x000000000000a0de                codec_free
                0x000000000000a0df                codec_realloc
                0x000000000000a116                codec_strlen
                0x000000000000a126                strcpy
                0x000000000000a136                strcat
                0x000000000000a146                strcmp
                0x000000000000a156                memcpy
                0x000000000000a166                memset
                0x000000000000a176                memcmp
                0x000000000000a186                memchr
                0x000000000000a196                memmove
                0x000000000000a1a6                qsort
 .text          0x000000000000a1b6      0x7b9 /home/david/Documents/RockBox_Personal-master/build-sim-video-5g/lib/rbcodec/codecs/libcodec.a(mdct.o)
                0x000000000000a1b6                ff_imdct_half
                0x000000000000a83a                ff_imdct_calc
 .text          0x000000000000a96f      0x7c5 /home/david/Documents/RockBox_Personal-master/build-sim-video-5g/lib/rbcodec/codecs/libcodec.a(fft-ffmpeg.o)
                0x000000000000b11e                ff_fft_calc_c
 *(.gnu.warning)

.fini           0x000000000000b134        0xd
 *(SORT_NONE(.fini))
 .fini          0x000000000000b134        0x8 /usr/lib/gcc/x86_64-pc-linux-gnu/15.2.1/../../../../lib/crti.o
                0x000000000000b134                _fini
 .fini          0x000000000000b13c        0x5 /usr/lib/gcc/x86_64-pc-linux-gnu/15.2.1/../../../../lib/crtn.o
                [!provide]                        PROVIDE (__etext = .)
                [!provide]                        PROVIDE (_etext = .)
                [!provide]                        PROVIDE (etext = .)
                0x000000000000c000                . = ALIGN (CONSTANT (MAXPAGESIZE))
                0x000000000000c000                . = SEGMENT_START ("rodata-segment", (ALIGN (CONSTANT (MAXPAGESIZE)) + (. & (CONSTANT (MAXPAGESIZE) - 0x1))))

.rodata         0x000000000000c000     0xd648
 *(.rodata .rodata.* .gnu.linkonce.r.*)
 .rodata.str1.1
                0x000000000000c000      0x104 /home/david/Documents/RockBox_Personal-master/build-sim-video-5g/lib/rbcodec/codecs/vorbis.o
                                         0x3a (size before relaxing)
 .rodata.str1.1
                0x000000000000c104        0x0 /home/david/Documents/RockBox_Personal-master/build-sim-video-5g/lib/rbcodec/codecs/libtremor.a(oggmalloc.o)
                                         0x1c (size before relaxing)
 .rodata.str1.1
                0x000000000000c104        0x0 /home/david/Documents/RockBox_Personal-master/build-sim-video-5g/lib/rbcodec/codecs/libtremor.a(framing.o)
                                          0x5 (size before relaxing)
 *fill*         0x000000000000c104       0x1c 
 .rodata        0x000000000000c120      0x400 /home/david/Documents/RockBox_Personal-master/build-sim-video-5g/lib/rbcodec/codecs/libtremor.a(framing.o)
 .rodata.str1.1
                0x000000000000c520        0x0 /home/david/Documents/RockBox_Personal-master/build-sim-video-5g/lib/rbcodec/codecs/libtremor.a(info.o)
                                          0x7 (size before relaxing)
 .rodata        0x000000000000c520     0x7f80 /home/david/Documents/RockBox_Personal-master/build-sim-video-5g/lib/rbcodec/codecs/libtremor.a(window.o)
 .rodata        0x00000000000144a0      0x108 /home/david/Documents/RockBox_Personal-master/build-sim-video-5g/lib/rbcodec/codecs/libtremor.a(bitwise.o)
                0x00000000000144a0                mask
 *fill*         0x00000000000145a8       0x18 
 .rodata        0x00000000000145c0      0x86c /home/david/Documents/RockBox_Personal-master/build-sim-video-5g/lib/rbcodec/codecs/libtremor.a(floor0.o)
 *fill*         0x0000000000014e2c       0x14 
 .rodata        0x0000000000014e40      0x400 /home/david/Documents/RockBox_Personal-master/build-sim-video-5g/lib/rbcodec/codecs/libtremor.a(floor1.o)
 .rodata.str1.1
                0x0000000000015240        0x0 /home/david/Documents/RockBox_Personal-master/build-sim-video-5g/lib/libtlsf.a(tlsf.o)
                                         0xa2 (size before relaxing)
 .rodata        0x0000000000015240      0x400 /home/david/Documents/RockBox_Personal-master/build-sim-video-5g/lib/libtlsf.a(tlsf.o)
 .rodata        0x0000000000015640     0x4008 /home/david/Documents/RockBox_Personal-master/build-sim-video-5g/lib/rbcodec/codecs/libcodec.a(mdct_lookup.o)
                0x0000000000015640                revtab
                0x0000000000017640                sincos_lookup1
                0x0000000000018640                sincos_lookup0

.rodata1
 *(.rodata1)

.eh_frame_hdr   0x0000000000019648      0x5fc
 *(.eh_frame_hdr)
 .eh_frame_hdr  0x0000000000019648      0x5fc /home/david/Documents/RockBox_Personal-master/build-sim-video-5g/lib/rbcodec/codecs/vorbis.o
                0x0000000000019648                __GNU_EH_FRAME_HDR
 *(.eh_frame_entry .eh_frame_entry.*)

.eh_frame       0x0000000000019c48     0x1d8c
 *(.eh_frame)
 .eh_frame      0x0000000000019c48       0x40 /usr/lib/gcc/x86_64-pc-linux-gnu/15.2.1/../../../../lib/crti.o
 .eh_frame      0x0000000000019c88        0x0 /usr/lib/gcc/x86_64-pc-linux-gnu/15.2.1/../../../../lib/crti.o
 .eh_frame      0x0000000000019c88       0xc8 /home/david/Documents/RockBox_Personal-master/build-sim-video-5g/lib/rbcodec/codecs/vorbis.o
                                         0xe0 (size before relaxing)
 .eh_frame      0x0000000000019d50       0x28 /home/david/Documents/RockBox_Personal-master/build-sim-video-5g/lib/rbcodec/codecs/codec_crt0.o
                                         0x40 (size before relaxing)
 .eh_frame      0x0000000000019d78      0x500 /home/david/Documents/RockBox_Personal-master/build-sim-video-5g/lib/rbcodec/codecs/libtremor.a(vorbisfile.o)
                                        0x518 (size before relaxing)
 .eh_frame      0x000000000001a278       0x98 /home/david/Documents/RockBox_Personal-master/build-sim-video-5g/lib/rbcodec/codecs/libtremor.a(oggmalloc.o)
                                         0xb0 (size before relaxing)
 .eh_frame      0x000000000001a310      0x1f0 /home/david/Documents/RockBox_Personal-master/build-sim-video-5g/lib/rbcodec/codecs/libtremor.a(block.o)
                                        0x208 (size before relaxing)
 .eh_frame      0x000000000001a500      0x288 /home/david/Documents/RockBox_Personal-master/build-sim-video-5g/lib/rbcodec/codecs/libtremor.a(framing.o)
                                        0x2a0 (size before relaxing)
 .eh_frame      0x000000000001a788       0xd8 /home/david/Documents/RockBox_Personal-master/build-sim-video-5g/lib/rbcodec/codecs/libtremor.a(info.o)
                                         0xf0 (size before relaxing)
 .eh_frame      0x000000000001a860      0x198 /home/david/Documents/RockBox_Personal-master/build-sim-video-5g/lib/rbcodec/codecs/libtremor.a(res012.o)
                                        0x1b0 (size before relaxing)
 .eh_frame      0x000000000001a9f8      0x138 /home/david/Documents/RockBox_Personal-master/build-sim-video-5g/lib/rbcodec/codecs/libtremor.a(sharedbook.o)
                                        0x150 (size before relaxing)
 .eh_frame      0x000000000001ab30       0xc0 /home/david/Documents/RockBox_Personal-master/build-sim-video-5g/lib/rbcodec/codecs/libtremor.a(synthesis.o)
                                         0xd8 (size before relaxing)
 .eh_frame      0x000000000001abf0       0x18 /home/david/Documents/RockBox_Personal-master/build-sim-video-5g/lib/rbcodec/codecs/libtremor.a(window.o)
                                         0x30 (size before relaxing)
 .eh_frame      0x000000000001ac08       0x40 /home/david/Documents/RockBox_Personal-master/build-sim-video-5g/lib/rbcodec/codecs/libtremor.a(bitwise.o)
                                         0x58 (size before relaxing)
 .eh_frame      0x000000000001ac48      0x248 /home/david/Documents/RockBox_Personal-master/build-sim-video-5g/lib/rbcodec/codecs/libtremor.a(codebook.o)
                                        0x260 (size before relaxing)
 .eh_frame      0x000000000001ae90      0x168 /home/david/Documents/RockBox_Personal-master/build-sim-video-5g/lib/rbcodec/codecs/libtremor.a(floor0.o)
                                        0x180 (size before relaxing)
 .eh_frame      0x000000000001aff8      0x170 /home/david/Documents/RockBox_Personal-master/build-sim-video-5g/lib/rbcodec/codecs/libtremor.a(floor1.o)
                                        0x188 (size before relaxing)
 .eh_frame      0x000000000001b168      0x130 /home/david/Documents/RockBox_Personal-master/build-sim-video-5g/lib/rbcodec/codecs/libtremor.a(mapping0.o)
                                        0x148 (size before relaxing)
 .eh_frame      0x000000000001b298      0x2a8 /home/david/Documents/RockBox_Personal-master/build-sim-video-5g/lib/libtlsf.a(tlsf.o)
                                        0x2e8 (size before relaxing)
 .eh_frame      0x000000000001b540      0x158 /home/david/Documents/RockBox_Personal-master/build-sim-video-5g/lib/rbcodec/codecs/libcodec.a(codeclib.o)
                                        0x170 (size before relaxing)
 .eh_frame      0x000000000001b698       0x88 /home/david/Documents/RockBox_Personal-master/build-sim-video-5g/lib/rbcodec/codecs/libcodec.a(mdct.o)
                                         0xa0 (size before relaxing)
 .eh_frame      0x000000000001b720      0x2b0 /home/david/Documents/RockBox_Personal-master/build-sim-video-5g/lib/rbcodec/codecs/libcodec.a(fft-ffmpeg.o)
                                        0x2c8 (size before relaxing)
 .eh_frame      0x000000000001b9d0        0x4 /usr/lib/gcc/x86_64-pc-linux-gnu/15.2.1/crtendS.o
 *(.eh_frame.*)

.sframe
 *(.sframe)
 *(.sframe.*)

.gcc_except_table
 *(.gcc_except_table .gcc_except_table.*)

.gnu_extab
 *(.gnu_extab*)

.exception_ranges
 *(.exception_ranges*)

.note.build-id
 *(.note.build-id)

.note.GNU-stack
                0x000000000001b9d4        0x0
 *(.note.GNU-stack)
 .note.GNU-stack
                0x000000000001b9d4        0x0 /usr/lib/gcc/x86_64-pc-linux-gnu/15.2.1/../../../../lib/crti.o
 .note.GNU-stack
                0x000000000001b9d4        0x0 /usr/lib/gcc/x86_64-pc-linux-gnu/15.2.1/crtbeginS.o
 .note.GNU-stack
                0x000000000001b9d4        0x0 /home/david/Documents/RockBox_Personal-master/build-sim-video-5g/lib/rbcodec/codecs/vorbis.o
 .note.GNU-stack
                0x000000000001b9d4        0x0 /home/david/Documents/RockBox_Personal-master/build-sim-video-5g/lib/rbcodec/codecs/codec_crt0.o
 .note.GNU-stack
                0x000000000001b9d4        0x0 /home/david/Documents/RockBox_Personal-master/build-sim-video-5g/lib/rbcodec/codecs/libtremor.a(vorbisfile.o)
 .note.GNU-stack
                0x000000000001b9d4        0x0 /home/david/Documents/RockBox_Personal-master/build-sim-video-5g/lib/rbcodec/codecs/libtremor.a(oggmalloc.o)
 .note.GNU-stack
                0x000000000001b9d4        0x0 /home/david/Documents/RockBox_Personal-master/build-sim-video-5g/lib/rbcodec/codecs/libtremor.a(block.o)
 .note.GNU-stack
                0x000000000001b9d4        0x0 /home/david/Documents/RockBox_Personal-master/build-sim-video-5g/lib/rbcodec/codecs/libtremor.a(framing.o)
 .note.GNU-stack
                0x000000000001b9d4        0x0 /home/david/Documents/RockBox_Personal-master/build-sim-video-5g/lib/rbcodec/codecs/libtremor.a(info.o)
 .note.GNU-stack
                0x000000000001b9d4        0x0 /home/david/Documents/RockBox_Personal-master/build-sim-video-5g/lib/rbcodec/codecs/libtremor.a(registry.o)
 .note.GNU-stack
                0x000000000001b9d4        0x0 /home/david/Documents/RockBox_Personal-master/build-sim-video-5g/lib/rbcodec/codecs/libtremor.a(res012.o)
 .note.GNU-stack
                0x000000000001b9d4        0x0 /home/david/Documents/RockBox_Personal-master/build-sim-video-5g/lib/rbcodec/codecs/libtremor.a(sharedbook.o)
 .note.GNU-stack
                0x000000000001b9d4        0x0 /home/david/Documents/RockBox_Personal-master/build-sim-video-5g/lib/rbcodec/codecs/libtremor.a(synthesis.o)
 .note.GNU-stack
                0x000000000001b9d4        0x0 /home/david/Documents/RockBox_Personal-master/build-sim-video-5g/lib/rbcodec/codecs/libtremor.a(window.o)
 .note.GNU-stack
                0x000000000001b9d4        0x0 /home/david/Documents/RockBox_Personal-master/build-sim-video-5g/lib/rbcodec/codecs/libtremor.a(bitwise.o)
 .note.GNU-stack
                0x000000000001b9d4        0x0 /home/david/Documents/RockBox_Personal-master/build-sim-video-5g/lib/rbcodec/codecs/libtremor.a(codebook.o)
 .note.GNU-stack
                0x000000000001b9d4        0x0 /home/david/Documents/RockBox_Personal-master/build-sim-video-5g/lib/rbcodec/codecs/libtremor.a(floor0.o)
 .note.GNU-stack
                0x000000000001b9d4        0x0 /home/david/Documents/RockBox_Personal-master/build-sim-video-5g/lib/rbcodec/codecs/libtremor.a(floor1.o)
 .note.GNU-stack
                0x000000000001b9d4        0x0 /home/david/Documents/RockBox_Personal-master/build-sim-video-5g/lib/rbcodec/codecs/libtremor.a(mapping0.o)
 .note.GNU-stack
                0x000000000001b9d4        0x0 /home/david/Documents/RockBox_Personal-master/build-sim-video-5g/lib/libtlsf.a(tlsf.o)
 .note.GNU-stack
                0x000000000001b9d4        0x0 /home/david/Documents/RockBox_Personal-master/build-sim-video-5g/lib/rbcodec/codecs/libcodec.a(codeclib.o)
 .note.GNU-stack
                0x000000000001b9d4        0x0 /home/david/Documents/RockBox_Personal-master/build-sim-video-5g/lib/rbcodec/codecs/libcodec.a(mdct.o)
 .note.GNU-stack
                0x000000000001b9d4        0x0 /home/david/Documents/RockBox_Personal-master/build-sim-video-5g/lib/rbcodec/codecs/libcodec.a(mdct_lookup.o)
 .note.GNU-stack
                0x000000000001b9d4        0x0 /home/david/Documents/RockBox_Personal-master/build-sim-video-5g/lib/rbcodec/codecs/libcodec.a(fft-ffmpeg.o)
 .note.GNU-stack
                0x000000000001b9d4        0x0 /usr/lib/gcc/x86_64-pc-linux-gnu/15.2.1/crtendS.o
 .note.GNU-stack
                0x000000000001b9d4        0x0 /usr/lib/gcc/x86_64-pc-linux-gnu/15.2.1/../../../../lib/crtn.o

.note.gnu.property
                0x000000000001b9d8       0x30
 *(.note.gnu.property)
 .note.gnu.property
                0x000000000001b9d8       0x30 /usr/lib/gcc/x86_64-pc-linux-gnu/15.2.1/../../../../lib/crti.o

.note.ABI-tag
 *(.note.ABI-tag)

.note.package
 *(.note.package)

.note.dlopen
 *(.note.dlopen)

.note.netbsd.ident
 *(.note.netbsd.ident)

.note.openbsd.ident
 *(.note.openbsd.ident)
                0x000000000001cbd0                . = DATA_SEGMENT_ALIGN (CONSTANT (MAXPAGESIZE), CONSTANT (COMMONPAGESIZE))

.eh_frame
 *(.eh_frame)
 *(.eh_frame.*)

.sframe
 *(.sframe)
 *(.sframe.*)

.gnu_extab
 *(.gnu_extab)

.gcc_except_table
 *(.gcc_except_table .gcc_except_table.*)

.exception_ranges
 *(.exception_ranges*)

.tdata
 *(.tdata .tdata.* .gnu.linkonce.td.*)

.tbss
 *(.tbss .tbss.* .gnu.linkonce.tb.*)
 *(.tcommon)

.preinit_array
 *(.preinit_array)

.init_array     0x000000000001cbd0        0x8
 *(SORT_BY_INIT_PRIORITY(.init_array.*) SORT_BY_INIT_PRIORITY(.ctors.*))
 *(.init_array EXCLUDE_FILE(*crtend?.o *crtend.o *crtbegin?.o *crtbegin.o) .ctors)
 .init_array    0x000000000001cbd0        0x8 /usr/lib/gcc/x86_64-pc-linux-gnu/15.2.1/crtbeginS.o

.fini_array     0x000000000001cbd8        0x8
 *(SORT_BY_INIT_PRIORITY(.fini_array.*) SORT_BY_INIT_PRIORITY(.dtors.*))
 *(.fini_array EXCLUDE_FILE(*crtend?.o *crtend.o *crtbegin?.o *crtbegin.o) .dtors)
 .fini_array    0x000000000001cbd8        0x8 /usr/lib/gcc/x86_64-pc-linux-gnu/15.2.1/crtbeginS.o

.ctors
 *crtbegin.o(.ctors)
 *crtbegin?.o(.ctors)
 *(EXCLUDE_FILE(*crtend?.o *crtend.o) .ctors)
 *(SORT_BY_NAME(.ctors.*))
 *(.ctors)

.dtors
 *crtbegin.o(.dtors)
 *crtbegin?.o(.dtors)
 *(EXCLUDE_FILE(*crtend?.o *crtend.o) .dtors)
 *(SORT_BY_NAME(.dtors.*))
 *(.dtors)

.jcr
 *(.jcr)

.data.rel.ro    0x000000000001cbe0      0x220
 *(.data.rel.ro.local* .gnu.linkonce.d.rel.ro.local.*)
 .data.rel.ro.local
                0x000000000001cbe0       0xa8 /home/david/Documents/RockBox_Personal-master/build-sim-video-5g/lib/rbcodec/codecs/libtremor.a(res012.o)
                0x000000000001cbe0                residue2_exportbundle
                0x000000000001cc20                residue1_exportbundle
                0x000000000001cc60                residue0_exportbundle
 *fill*         0x000000000001cc88       0x18 
 .data.rel.ro.local
                0x000000000001cca0       0x30 /home/david/Documents/RockBox_Personal-master/build-sim-video-5g/lib/rbcodec/codecs/libtremor.a(floor0.o)
                0x000000000001cca0                floor0_exportbundle
 *fill*         0x000000000001ccd0       0x10 
 .data.rel.ro.local
                0x000000000001cce0       0x30 /home/david/Documents/RockBox_Personal-master/build-sim-video-5g/lib/rbcodec/codecs/libtremor.a(floor1.o)
                0x000000000001cce0                floor1_exportbundle
 *fill*         0x000000000001cd10       0x10 
 .data.rel.ro.local
                0x000000000001cd20       0x28 /home/david/Documents/RockBox_Personal-master/build-sim-video-5g/lib/rbcodec/codecs/libtremor.a(mapping0.o)
                0x000000000001cd20                mapping0_exportbundle
 *fill*         0x000000000001cd48       0x18 
 .data.rel.ro.local
                0x000000000001cd60       0x58 /home/david/Documents/RockBox_Personal-master/build-sim-video-5g/lib/rbcodec/codecs/libcodec.a(fft-ffmpeg.o)
 *(.data.rel.ro .data.rel.ro.* .gnu.linkonce.d.rel.ro.*)
 .data.rel.ro   0x000000000001cdb8        0x0 /usr/lib/gcc/x86_64-pc-linux-gnu/15.2.1/../../../../lib/crti.o
 *fill*         0x000000000001cdb8        0x8 
 .data.rel.ro   0x000000000001cdc0       0x40 /home/david/Documents/RockBox_Personal-master/build-sim-video-5g/lib/rbcodec/codecs/vorbis.o
                0x000000000001cdc0                __header

.dynamic        0x000000000001ce00      0x1c0
 *(.dynamic)
 .dynamic       0x000000000001ce00      0x1c0 /usr/lib/gcc/x86_64-pc-linux-gnu/15.2.1/../../../../lib/crti.o
                0x000000000001ce00                _DYNAMIC

.got            0x000000000001cfc0       0x28
 *(.got)
 .got           0x000000000001cfc0       0x28 /usr/lib/gcc/x86_64-pc-linux-gnu/15.2.1/../../../../lib/crti.o
 *(.igot)
                0x000000000001cfe8                . = DATA_SEGMENT_RELRO_END (., (SIZEOF (.got.plt) >= 0x18)?0x18:0x0)

.got.plt        0x000000000001cfe8       0x30
 *(.got.plt)
 .got.plt       0x000000000001cfe8       0x30 /usr/lib/gcc/x86_64-pc-linux-gnu/15.2.1/../../../../lib/crti.o
                0x000000000001cfe8                _GLOBAL_OFFSET_TABLE_
 *(.igot.plt)

.data           0x000000000001d020       0x50
 *(.data .data.* .gnu.linkonce.d.*)
 .data.rel.local
                0x000000000001d020        0x8 /usr/lib/gcc/x86_64-pc-linux-gnu/15.2.1/crtbeginS.o
                0x000000000001d020                __dso_handle
 .data          0x000000000001d028        0x8 /home/david/Documents/RockBox_Personal-master/build-sim-video-5g/lib/rbcodec/codecs/codec_crt0.o
                0x000000000001d028                ci
 .data.rel      0x000000000001d030       0x40 /home/david/Documents/RockBox_Personal-master/build-sim-video-5g/lib/rbcodec/codecs/libtremor.a(registry.o)
                0x000000000001d030                _mapping_P
                0x000000000001d040                _residue_P
                0x000000000001d060                _floor_P

.tm_clone_table
                0x000000000001d070        0x0
 .tm_clone_table
                0x000000000001d070        0x0 /usr/lib/gcc/x86_64-pc-linux-gnu/15.2.1/crtbeginS.o
 .tm_clone_table
                0x000000000001d070        0x0 /usr/lib/gcc/x86_64-pc-linux-gnu/15.2.1/crtendS.o

.data1
 *(.data1)
                [!provide]                        PROVIDE (_edata = .)
                [!provide]                        PROVIDE (edata = .)
                0x000000000001d070                . = ALIGN (ALIGNOF (NEXT_SECTION))
                [!provide]                        PROVIDE (__bss_start = .)

.bss            0x000000000001d070       0x70
 *(.dynbss)
 .dynbss        0x000000000001d070        0x0 /usr/lib/gcc/x86_64-pc-linux-gnu/15.2.1/../../../../lib/crti.o
 *(.bss .bss.* .gnu.linkonce.b.*)
 .bss           0x000000000001d070        0x1 /usr/lib/gcc/x86_64-pc-linux-gnu/15.2.1/crtbeginS.o
 *fill*         0x000000000001d071        0xf 
 .bss           0x000000000001d080       0x40 /home/david/Documents/RockBox_Personal-master/build-sim-video-5g/lib/rbcodec/codecs/libtremor.a(block.o)
 .bss           0x000000000001d0c0        0x8 /home/david/Documents/RockBox_Personal-master/build-sim-video-5g/lib/libtlsf.a(tlsf.o)
 .bss           0x000000000001d0c8       0x18 /home/david/Documents/RockBox_Personal-master/build-sim-video-5g/lib/rbcodec/codecs/libcodec.a(codeclib.o)
 *(COMMON)
                0x000000000001d0e0                . = ALIGN ((. != 0x0)?0x8:0x1)

.lbss
 *(.dynlbss)
 *(.lbss .lbss.* .gnu.linkonce.lb.*)
 *(LARGE_COMMON)
                0x000000000001d0e0                . = ALIGN (0x8)
                0x000000000001d0e0                . = SEGMENT_START ("ldata-segment", .)

.lrodata
 *(.lrodata .lrodata.* .gnu.linkonce.lr.*)

.ldata          0x000000000001f0e0        0x0
 *(.ldata .ldata.* .gnu.linkonce.l.*)
                0x000000000001f0e0                . = ALIGN ((. != 0x0)?0x8:0x1)
                0x000000000001f0e0                . = ALIGN (0x8)
                [!provide]                        PROVIDE (_end = .)
                [!provide]                        PROVIDE (end = .)
                0x000000000001f0e0                . = DATA_SEGMENT_END (.)

.stab
 *(.stab)

.stabstr
 *(.stabstr)

.stab.excl
 *(.stab.excl)

.stab.exclstr
 *(.stab.exclstr)

.stab.index
 *(.stab.index)

.stab.indexstr
 *(.stab.indexstr)

.comment        0x0000000000000000       0x1b
 *(.comment)
 .comment       0x0000000000000000       0x1b /usr/lib/gcc/x86_64-pc-linux-gnu/15.2.1/crtbeginS.o
                                         0x1c (size before relaxing)
 .comment       0x000000000000001b        0x0 /home/david/Documents/RockBox_Personal-master/build-sim-video-5g/lib/rbcodec/codecs/vorbis.o
                                         0x1c (size before relaxing)
 .comment       0x000000000000001b        0x0 /home/david/Documents/RockBox_Personal-master/build-sim-video-5g/lib/rbcodec/codecs/codec_crt0.o
                                         0x1c (size before relaxing)
 .comment       0x000000000000001b        0x0 /home/david/Documents/RockBox_Personal-master/build-sim-video-5g/lib/rbcodec/codecs/libtremor.a(vorbisfile.o)
                                         0x1c (size before relaxing)
 .comment       0x000000000000001b        0x0 /home/david/Documents/RockBox_Personal-master/build-sim-video-5g/lib/rbcodec/codecs/libtremor.a(oggmalloc.o)
                                         0x1c (size before relaxing)
 .comment       0x000000000000001b        0x0 /home/david/Documents/RockBox_Personal-master/build-sim-video-5g/lib/rbcodec/codecs/libtremor.a(block.o)
                                         0x1c (size before relaxing)
 .comment       0x000000000000001b        0x0 /home/david/Documents/RockBox_Personal-master/build-sim-video-5g/lib/rbcodec/codecs/libtremor.a(framing.o)
                                         0x1c (size before relaxing)
 .comment       0x000000000000001b        0x0 /home/david/Documents/RockBox_Personal-master/build-sim-video-5g/lib/rbcodec/codecs/libtremor.a(info.o)
                                         0x1c (size before relaxing)
 .comment       0x000000000000001b        0x0 /home/david/Documents/RockBox_Personal-master/build-sim-video-5g/lib/rbcodec/codecs/libtremor.a(registry.o)
                                         0x1c (size before relaxing)
 .comment       0x000000000000001b        0x0 /home/david/Documents/RockBox_Personal-master/build-sim-video-5g/lib/rbcodec/codecs/libtremor.a(res012.o)
                                         0x1c (size before relaxing)
 .comment       0x000000000000001b        0x0 /home/david/Documents/RockBox_Personal-master/build-sim-video-5g/lib/rbcodec/codecs/libtremor.a(sharedbook.o)
                                         0x1c (size before relaxing)
 .comment       0x000000000000001b        0x0 /home/david/Documents/RockBox_Personal-master/build-sim-video-5g/lib/rbcodec/codecs/libtremor.a(synthesis.o)
                                         0x1c (size before relaxing)
 .comment       0x000000000000001b        0x0 /home/david/Documents/RockBox_Personal-master/build-sim-video-5g/lib/rbcodec/codecs/libtremor.a(window.o)
                                         0x1c (size before relaxing)
 .comment       0x000000000000001b        0x0 /home/david/Documents/RockBox_Personal-master/build-sim-video-5g/lib/rbcodec/codecs/libtremor.a(bitwise.o)
                                         0x1c (size before relaxing)
 .comment       0x000000000000001b        0x0 /home/david/Documents/RockBox_Personal-master/build-sim-video-5g/lib/rbcodec/codecs/libtremor.a(codebook.o)
                                         0x1c (size before relaxing)
 .comment       0x000000000000001b        0x0 /home/david/Documents/RockBox_Personal-master/build-sim-video-5g/lib/rbcodec/codecs/libtremor.a(floor0.o)
                                         0x1c (size before relaxing)
 .comment       0x000000000000001b        0x0 /home/david/Documents/RockBox_Personal-master/build-sim-video-5g/lib/rbcodec/codecs/libtremor.a(floor1.o)
                                         0x1c (size before relaxing)
 .comment       0x000000000000001b        0x0 /home/david/Documents/RockBox_Personal-master/build-sim-video-5g/lib/rbcodec/codecs/libtremor.a(mapping0.o)
                                         0x1c (size before relaxing)
 .comment       0x000000000000001b        0x0 /home/david/Documents/RockBox_Personal-master/build-sim-video-5g/lib/libtlsf.a(tlsf.o)
                                         0x1c (size before relaxing)
 .comment       0x000000000000001b        0x0 /home/david/Documents/RockBox_Personal-master/build-sim-video-5g/lib/rbcodec/codecs/libcodec.a(codeclib.o)
                                         0x1c (size before relaxing)
 .comment       0x000000000000001b        0x0 /home/david/Documents/RockBox_Personal-master/build-sim-video-5g/lib/rbcodec/codecs/libcodec.a(mdct.o)
                                         0x1c (size before relaxing)
 .comment       0x000000000000001b        0x0 /home/david/Documents/RockBox_Personal-master/build-sim-video-5g/lib/rbcodec/codecs/libcodec.a(mdct_lookup.o)
                                         0x1c (size before relaxing)
 .comment       0x000000000000001b        0x0 /home/david/Documents/RockBox_Personal-master/build-sim-video-5g/lib/rbcodec/codecs/libcodec.a(fft-ffmpeg.o)
                                         0x1c (size before relaxing)
 .comment       0x000000000000001b        0x0 /usr/lib/gcc/x86_64-pc-linux-gnu/15.2.1/crtendS.o
                                         0x1c (size before relaxing)

.gnu.build.attributes
 *(.gnu.build.attributes .gnu.build.attributes.*)

.debug
 *(.debug)

.line
 *(.line)

.debug_srcinfo
 *(.debug_srcinfo)

.debug_sfnames
 *(.debug_sfnames)

.debug_aranges  0x0000000000000000      0x550
 *(.debug_aranges)
 .debug_aranges
                0x0000000000000000       0x30 /home/david/Documents/RockBox_Personal-master/build-sim-video-5g/lib/rbcodec/codecs/vorbis.o
 .debug_aranges
                0x0000000000000030       0x30 /home/david/Documents/RockBox_Personal-master/build-sim-video-5g/lib/rbcodec/codecs/codec_crt0.o
 .debug_aranges
                0x0000000000000060       0x30 /home/david/Documents/RockBox_Personal-master/build-sim-video-5g/lib/rbcodec/codecs/libtremor.a(vorbisfile.o)
 .debug_aranges
                0x0000000000000090       0x30 /home/david/Documents/RockBox_Personal-master/build-sim-video-5g/lib/rbcodec/codecs/libtremor.a(oggmalloc.o)
 .debug_aranges
                0x00000000000000c0       0x30 /home/david/Documents/RockBox_Personal-master/build-sim-video-5g/lib/rbcodec/codecs/libtremor.a(block.o)
 .debug_aranges
                0x00000000000000f0       0x30 /home/david/Documents/RockBox_Personal-master/build-sim-video-5g/lib/rbcodec/codecs/libtremor.a(framing.o)
 .debug_aranges
                0x0000000000000120       0x30 /home/david/Documents/RockBox_Personal-master/build-sim-video-5g/lib/rbcodec/codecs/libtremor.a(info.o)
 .debug_aranges
                0x0000000000000150       0x20 /home/david/Documents/RockBox_Personal-master/build-sim-video-5g/lib/rbcodec/codecs/libtremor.a(registry.o)
 .debug_aranges
                0x0000000000000170       0x30 /home/david/Documents/RockBox_Personal-master/build-sim-video-5g/lib/rbcodec/codecs/libtremor.a(res012.o)
 .debug_aranges
                0x00000000000001a0       0x30 /home/david/Documents/RockBox_Personal-master/build-sim-video-5g/lib/rbcodec/codecs/libtremor.a(sharedbook.o)
 .debug_aranges
                0x00000000000001d0       0x30 /home/david/Documents/RockBox_Personal-master/build-sim-video-5g/lib/rbcodec/codecs/libtremor.a(synthesis.o)
 .debug_aranges
                0x0000000000000200       0x30 /home/david/Documents/RockBox_Personal-master/build-sim-video-5g/lib/rbcodec/codecs/libtremor.a(window.o)
 .debug_aranges
                0x0000000000000230       0x30 /home/david/Documents/RockBox_Personal-master/build-sim-video-5g/lib/rbcodec/codecs/libtremor.a(bitwise.o)
 .debug_aranges
                0x0000000000000260       0x30 /home/david/Documents/RockBox_Personal-master/build-sim-video-5g/lib/rbcodec/codecs/libtremor.a(codebook.o)
 .debug_aranges
                0x0000000000000290       0x30 /home/david/Documents/RockBox_Personal-master/build-sim-video-5g/lib/rbcodec/codecs/libtremor.a(floor0.o)
 .debug_aranges
                0x00000000000002c0       0x30 /home/david/Documents/RockBox_Personal-master/build-sim-video-5g/lib/rbcodec/codecs/libtremor.a(floor1.o)
 .debug_aranges
                0x00000000000002f0       0x30 /home/david/Documents/RockBox_Personal-master/build-sim-video-5g/lib/rbcodec/codecs/libtremor.a(mapping0.o)
 .debug_aranges
                0x0000000000000320      0x180 /home/david/Documents/RockBox_Personal-master/build-sim-video-5g/lib/libtlsf.a(tlsf.o)
 .debug_aranges
                0x00000000000004a0       0x30 /home/david/Documents/RockBox_Personal-master/build-sim-video-5g/lib/rbcodec/codecs/libcodec.a(codeclib.o)
 .debug_aranges
                0x00000000000004d0       0x30 /home/david/Documents/RockBox_Personal-master/build-sim-video-5g/lib/rbcodec/codecs/libcodec.a(mdct.o)
 .debug_aranges
                0x0000000000000500       0x20 /home/david/Documents/RockBox_Personal-master/build-sim-video-5g/lib/rbcodec/codecs/libcodec.a(mdct_lookup.o)
 .debug_aranges
                0x0000000000000520       0x30 /home/david/Documents/RockBox_Personal-master/build-sim-video-5g/lib/rbcodec/codecs/libcodec.a(fft-ffmpeg.o)

.debug_pubnames
 *(.debug_pubnames)

.debug_info     0x0000000000000000    0x1e385
 *(.debug_info .gnu.linkonce.wi.*)
 .debug_info    0x0000000000000000     0x1dba /home/david/Documents/RockBox_Personal-master/build-sim-video-5g/lib/rbcodec/codecs/vorbis.o
 .debug_info    0x0000000000001dba      0xebd /home/david/Documents/RockBox_Personal-master/build-sim-video-5g/lib/rbcodec/codecs/codec_crt0.o
 .debug_info    0x0000000000002c77     0x3d6d /home/david/Documents/RockBox_Personal-master/build-sim-video-5g/lib/rbcodec/codecs/libtremor.a(vorbisfile.o)
 .debug_info    0x00000000000069e4      0xebd /home/david/Documents/RockBox_Personal-master/build-sim-video-5g/lib/rbcodec/codecs/libtremor.a(oggmalloc.o)
 .debug_info    0x00000000000078a1     0x1b69 /home/david/Documents/RockBox_Personal-master/build-sim-video-5g/lib/rbcodec/codecs/libtremor.a(block.o)
 .debug_info    0x000000000000940a     0x159e /home/david/Documents/RockBox_Personal-master/build-sim-video-5g/lib/rbcodec/codecs/libtremor.a(framing.o)
 .debug_info    0x000000000000a9a8     0x14e5 /home/david/Documents/RockBox_Personal-master/build-sim-video-5g/lib/rbcodec/codecs/libtremor.a(info.o)
 .debug_info    0x000000000000be8d      0xa4e /home/david/Documents/RockBox_Personal-master/build-sim-video-5g/lib/rbcodec/codecs/libtremor.a(registry.o)
 .debug_info    0x000000000000c8db     0x1bb6 /home/david/Documents/RockBox_Personal-master/build-sim-video-5g/lib/rbcodec/codecs/libtremor.a(res012.o)
 .debug_info    0x000000000000e491     0x135a /home/david/Documents/RockBox_Personal-master/build-sim-video-5g/lib/rbcodec/codecs/libtremor.a(sharedbook.o)
 .debug_info    0x000000000000f7eb      0xd0c /home/david/Documents/RockBox_Personal-master/build-sim-video-5g/lib/rbcodec/codecs/libtremor.a(synthesis.o)
 .debug_info    0x00000000000104f7      0x4b2 /home/david/Documents/RockBox_Personal-master/build-sim-video-5g/lib/rbcodec/codecs/libtremor.a(window.o)
 .debug_info    0x00000000000109a9      0x4c7 /home/david/Documents/RockBox_Personal-master/build-sim-video-5g/lib/rbcodec/codecs/libtremor.a(bitwise.o)
 .debug_info    0x0000000000010e70     0x15cc /home/david/Documents/RockBox_Personal-master/build-sim-video-5g/lib/rbcodec/codecs/libtremor.a(codebook.o)
 .debug_info    0x000000000001243c     0x1bc4 /home/david/Documents/RockBox_Personal-master/build-sim-video-5g/lib/rbcodec/codecs/libtremor.a(floor0.o)
 .debug_info    0x0000000000014000     0x1c2d /home/david/Documents/RockBox_Personal-master/build-sim-video-5g/lib/rbcodec/codecs/libtremor.a(floor1.o)
 .debug_info    0x0000000000015c2d     0x1896 /home/david/Documents/RockBox_Personal-master/build-sim-video-5g/lib/rbcodec/codecs/libtremor.a(mapping0.o)
 .debug_info    0x00000000000174c3     0x1a7e /home/david/Documents/RockBox_Personal-master/build-sim-video-5g/lib/libtlsf.a(tlsf.o)
 .debug_info    0x0000000000018f41     0x1658 /home/david/Documents/RockBox_Personal-master/build-sim-video-5g/lib/rbcodec/codecs/libcodec.a(codeclib.o)
 .debug_info    0x000000000001a599     0x1b44 /home/david/Documents/RockBox_Personal-master/build-sim-video-5g/lib/rbcodec/codecs/libcodec.a(mdct.o)
 .debug_info    0x000000000001c0dd      0x3a3 /home/david/Documents/RockBox_Personal-master/build-sim-video-5g/lib/rbcodec/codecs/libcodec.a(mdct_lookup.o)
 .debug_info    0x000000000001c480     0x1f05 /home/david/Documents/RockBox_Personal-master/build-sim-video-5g/lib/rbcodec/codecs/libcodec.a(fft-ffmpeg.o)

.debug_abbrev   0x0000000000000000     0x4a8b
 *(.debug_abbrev)
 .debug_abbrev  0x0000000000000000      0x484 /home/david/Documents/RockBox_Personal-master/build-sim-video-5g/lib/rbcodec/codecs/vorbis.o
 .debug_abbrev  0x0000000000000484      0x287 /home/david/Documents/RockBox_Personal-master/build-sim-video-5g/lib/rbcodec/codecs/codec_crt0.o
 .debug_abbrev  0x000000000000070b      0x56c /home/david/Documents/RockBox_Personal-master/build-sim-video-5g/lib/rbcodec/codecs/libtremor.a(vorbisfile.o)
 .debug_abbrev  0x0000000000000c77      0x2da /home/david/Documents/RockBox_Personal-master/build-sim-video-5g/lib/rbcodec/codecs/libtremor.a(oggmalloc.o)
 .debug_abbrev  0x0000000000000f51      0x4c4 /home/david/Documents/RockBox_Personal-master/build-sim-video-5g/lib/rbcodec/codecs/libtremor.a(block.o)
 .debug_abbrev  0x0000000000001415      0x422 /home/david/Documents/RockBox_Personal-master/build-sim-video-5g/lib/rbcodec/codecs/libtremor.a(framing.o)
 .debug_abbrev  0x0000000000001837      0x35d /home/david/Documents/RockBox_Personal-master/build-sim-video-5g/lib/rbcodec/codecs/libtremor.a(info.o)
 .debug_abbrev  0x0000000000001b94      0x14d /home/david/Documents/RockBox_Personal-master/build-sim-video-5g/lib/rbcodec/codecs/libtremor.a(registry.o)
 .debug_abbrev  0x0000000000001ce1      0x409 /home/david/Documents/RockBox_Personal-master/build-sim-video-5g/lib/rbcodec/codecs/libtremor.a(res012.o)
 .debug_abbrev  0x00000000000020ea      0x453 /home/david/Documents/RockBox_Personal-master/build-sim-video-5g/lib/rbcodec/codecs/libtremor.a(sharedbook.o)
 .debug_abbrev  0x000000000000253d      0x235 /home/david/Documents/RockBox_Personal-master/build-sim-video-5g/lib/rbcodec/codecs/libtremor.a(synthesis.o)
 .debug_abbrev  0x0000000000002772      0x119 /home/david/Documents/RockBox_Personal-master/build-sim-video-5g/lib/rbcodec/codecs/libtremor.a(window.o)
 .debug_abbrev  0x000000000000288b      0x1dd /home/david/Documents/RockBox_Personal-master/build-sim-video-5g/lib/rbcodec/codecs/libtremor.a(bitwise.o)
 .debug_abbrev  0x0000000000002a68      0x3e1 /home/david/Documents/RockBox_Personal-master/build-sim-video-5g/lib/rbcodec/codecs/libtremor.a(codebook.o)
 .debug_abbrev  0x0000000000002e49      0x45f /home/david/Documents/RockBox_Personal-master/build-sim-video-5g/lib/rbcodec/codecs/libtremor.a(floor0.o)
 .debug_abbrev  0x00000000000032a8      0x488 /home/david/Documents/RockBox_Personal-master/build-sim-video-5g/lib/rbcodec/codecs/libtremor.a(floor1.o)
 .debug_abbrev  0x0000000000003730      0x45d /home/david/Documents/RockBox_Personal-master/build-sim-video-5g/lib/rbcodec/codecs/libtremor.a(mapping0.o)
 .debug_abbrev  0x0000000000003b8d      0x43c /home/david/Documents/RockBox_Personal-master/build-sim-video-5g/lib/libtlsf.a(tlsf.o)
 .debug_abbrev  0x0000000000003fc9      0x37f /home/david/Documents/RockBox_Personal-master/build-sim-video-5g/lib/rbcodec/codecs/libcodec.a(codeclib.o)
 .debug_abbrev  0x0000000000004348      0x2a9 /home/david/Documents/RockBox_Personal-master/build-sim-video-5g/lib/rbcodec/codecs/libcodec.a(mdct.o)
 .debug_abbrev  0x00000000000045f1       0xd1 /home/david/Documents/RockBox_Personal-master/build-sim-video-5g/lib/rbcodec/codecs/libcodec.a(mdct_lookup.o)
 .debug_abbrev  0x00000000000046c2      0x3c9 /home/david/Documents/RockBox_Personal-master/build-sim-video-5g/lib/rbcodec/codecs/libcodec.a(fft-ffmpeg.o)

.debug_line     0x0000000000000000     0xbaf9
 *(.debug_line .debug_line.* .debug_line_end)
 .debug_line    0x0000000000000000      0x42f /home/david/Documents/RockBox_Personal-master/build-sim-video-5g/lib/rbcodec/codecs/vorbis.o
 .debug_line    0x000000000000042f       0xa9 /home/david/Documents/RockBox_Personal-master/build-sim-video-5g/lib/rbcodec/codecs/codec_crt0.o
 .debug_line    0x00000000000004d8     0x1dbc /home/david/Documents/RockBox_Personal-master/build-sim-video-5g/lib/rbcodec/codecs/libtremor.a(vorbisfile.o)
 .debug_line    0x0000000000002294      0x152 /home/david/Documents/RockBox_Personal-master/build-sim-video-5g/lib/rbcodec/codecs/libtremor.a(oggmalloc.o)
 .debug_line    0x00000000000023e6      0xb70 /home/david/Documents/RockBox_Personal-master/build-sim-video-5g/lib/rbcodec/codecs/libtremor.a(block.o)
 .debug_line    0x0000000000002f56      0xbd2 /home/david/Documents/RockBox_Personal-master/build-sim-video-5g/lib/rbcodec/codecs/libtremor.a(framing.o)
 .debug_line    0x0000000000003b28      0x6d5 /home/david/Documents/RockBox_Personal-master/build-sim-video-5g/lib/rbcodec/codecs/libtremor.a(info.o)
 .debug_line    0x00000000000041fd       0x78 /home/david/Documents/RockBox_Personal-master/build-sim-video-5g/lib/rbcodec/codecs/libtremor.a(registry.o)
 .debug_line    0x0000000000004275      0xa40 /home/david/Documents/RockBox_Personal-master/build-sim-video-5g/lib/rbcodec/codecs/libtremor.a(res012.o)
 .debug_line    0x0000000000004cb5      0xcda /home/david/Documents/RockBox_Personal-master/build-sim-video-5g/lib/rbcodec/codecs/libtremor.a(sharedbook.o)
 .debug_line    0x000000000000598f      0x27b /home/david/Documents/RockBox_Personal-master/build-sim-video-5g/lib/rbcodec/codecs/libtremor.a(synthesis.o)
 .debug_line    0x0000000000005c0a       0xdf /home/david/Documents/RockBox_Personal-master/build-sim-video-5g/lib/rbcodec/codecs/libtremor.a(window.o)
 .debug_line    0x0000000000005ce9      0x1c8 /home/david/Documents/RockBox_Personal-master/build-sim-video-5g/lib/rbcodec/codecs/libtremor.a(bitwise.o)
 .debug_line    0x0000000000005eb1     0x1131 /home/david/Documents/RockBox_Personal-master/build-sim-video-5g/lib/rbcodec/codecs/libtremor.a(codebook.o)
 .debug_line    0x0000000000006fe2      0xa75 /home/david/Documents/RockBox_Personal-master/build-sim-video-5g/lib/rbcodec/codecs/libtremor.a(floor0.o)
 .debug_line    0x0000000000007a57      0xb0e /home/david/Documents/RockBox_Personal-master/build-sim-video-5g/lib/rbcodec/codecs/libtremor.a(floor1.o)
 .debug_line    0x0000000000008565      0x755 /home/david/Documents/RockBox_Personal-master/build-sim-video-5g/lib/rbcodec/codecs/libtremor.a(mapping0.o)
 .debug_line    0x0000000000008cba      0xf07 /home/david/Documents/RockBox_Personal-master/build-sim-video-5g/lib/libtlsf.a(tlsf.o)
 .debug_line    0x0000000000009bc1      0x2b3 /home/david/Documents/RockBox_Personal-master/build-sim-video-5g/lib/rbcodec/codecs/libcodec.a(codeclib.o)
 .debug_line    0x0000000000009e74     0x1032 /home/david/Documents/RockBox_Personal-master/build-sim-video-5g/lib/rbcodec/codecs/libcodec.a(mdct.o)
 .debug_line    0x000000000000aea6       0x5f /home/david/Documents/RockBox_Personal-master/build-sim-video-5g/lib/rbcodec/codecs/libcodec.a(mdct_lookup.o)
 .debug_line    0x000000000000af05      0xbf4 /home/david/Documents/RockBox_Personal-master/build-sim-video-5g/lib/rbcodec/codecs/libcodec.a(fft-ffmpeg.o)

.debug_frame
 *(.debug_frame)

.debug_str      0x0000000000000000     0x2e42
 *(.debug_str)
 .debug_str     0x0000000000000000     0x2e42 /home/david/Documents/RockBox_Personal-master/build-sim-video-5g/lib/rbcodec/codecs/vorbis.o
                                       0x1401 (size before relaxing)
 .debug_str     0x0000000000002e42        0x0 /home/david/Documents/RockBox_Personal-master/build-sim-video-5g/lib/rbcodec/codecs/codec_crt0.o
                                        0xc9f (size before relaxing)
 .debug_str     0x0000000000002e42        0x0 /home/david/Documents/RockBox_Personal-master/build-sim-video-5g/lib/rbcodec/codecs/libtremor.a(vorbisfile.o)
                                        0xc75 (size before relaxing)
 .debug_str     0x0000000000002e42        0x0 /home/david/Documents/RockBox_Personal-master/build-sim-video-5g/lib/rbcodec/codecs/libtremor.a(oggmalloc.o)
                                        0x851 (size before relaxing)
 .debug_str     0x0000000000002e42        0x0 /home/david/Documents/RockBox_Personal-master/build-sim-video-5g/lib/rbcodec/codecs/libtremor.a(block.o)
                                        0xca4 (size before relaxing)
 .debug_str     0x0000000000002e42        0x0 /home/david/Documents/RockBox_Personal-master/build-sim-video-5g/lib/rbcodec/codecs/libtremor.a(framing.o)
                                        0xa21 (size before relaxing)
 .debug_str     0x0000000000002e42        0x0 /home/david/Documents/RockBox_Personal-master/build-sim-video-5g/lib/rbcodec/codecs/libtremor.a(info.o)
                                        0x797 (size before relaxing)
 .debug_str     0x0000000000002e42        0x0 /home/david/Documents/RockBox_Personal-master/build-sim-video-5g/lib/rbcodec/codecs/libtremor.a(registry.o)
                                        0x969 (size before relaxing)
 .debug_str     0x0000000000002e42        0x0 /home/david/Documents/RockBox_Personal-master/build-sim-video-5g/lib/rbcodec/codecs/libtremor.a(res012.o)
                                        0xceb (size before relaxing)
 .debug_str     0x0000000000002e42        0x0 /home/david/Documents/RockBox_Personal-master/build-sim-video-5g/lib/rbcodec/codecs/libtremor.a(sharedbook.o)
                                        0x4a8 (size before relaxing)
 .debug_str     0x0000000000002e42        0x0 /home/david/Documents/RockBox_Personal-master/build-sim-video-5g/lib/rbcodec/codecs/libtremor.a(synthesis.o)
                                        0x6a7 (size before relaxing)
 .debug_str     0x0000000000002e42        0x0 /home/david/Documents/RockBox_Personal-master/build-sim-video-5g/lib/rbcodec/codecs/libtremor.a(window.o)
                                        0x680 (size before relaxing)
 .debug_str     0x0000000000002e42        0x0 /home/david/Documents/RockBox_Personal-master/build-sim-video-5g/lib/rbcodec/codecs/libtremor.a(bitwise.o)
                                        0x66b (size before relaxing)
 .debug_str     0x0000000000002e42        0x0 /home/david/Documents/RockBox_Personal-master/build-sim-video-5g/lib/rbcodec/codecs/libtremor.a(codebook.o)
                                        0x56c (size before relaxing)
 .debug_str     0x0000000000002e42        0x0 /home/david/Documents/RockBox_Personal-master/build-sim-video-5g/lib/rbcodec/codecs/libtremor.a(floor0.o)
                                        0xcf2 (size before relaxing)
 .debug_str     0x0000000000002e42        0x0 /home/david/Documents/RockBox_Personal-master/build-sim-video-5g/lib/rbcodec/codecs/libtremor.a(floor1.o)
                                        0xcd2 (size before relaxing)
 .debug_str     0x0000000000002e42        0x0 /home/david/Documents/RockBox_Personal-master/build-sim-video-5g/lib/rbcodec/codecs/libtremor.a(mapping0.o)
                                        0xca3 (size before relaxing)
 .debug_str     0x0000000000002e42        0x0 /home/david/Documents/RockBox_Personal-master/build-sim-video-5g/lib/libtlsf.a(tlsf.o)
                                        0x410 (size before relaxing)
 .debug_str     0x0000000000002e42        0x0 /home/david/Documents/RockBox_Personal-master/build-sim-video-5g/lib/rbcodec/codecs/libcodec.a(codeclib.o)
                                        0xebb (size before relaxing)
 .debug_str     0x0000000000002e42        0x0 /home/david/Documents/RockBox_Personal-master/build-sim-video-5g/lib/rbcodec/codecs/libcodec.a(mdct.o)
                                        0x29c (size before relaxing)
 .debug_str     0x0000000000002e42        0x0 /home/david/Documents/RockBox_Personal-master/build-sim-video-5g/lib/rbcodec/codecs/libcodec.a(mdct_lookup.o)
                                        0x64b (size before relaxing)
 .debug_str     0x0000000000002e42        0x0 /home/david/Documents/RockBox_Personal-master/build-sim-video-5g/lib/rbcodec/codecs/libcodec.a(fft-ffmpeg.o)
                                        0x782 (size before relaxing)

.debug_loc
 *(.debug_loc)

.debug_macinfo
 *(.debug_macinfo)

.debug_weaknames
 *(.debug_weaknames)

.debug_funcnames
 *(.debug_funcnames)

.debug_typenames
 *(.debug_typenames)

.debug_varnames
 *(.debug_varnames)

.debug_pubtypes
 *(.debug_pubtypes)

.debug_ranges
 *(.debug_ranges)

.debug_addr
 *(.debug_addr)

.debug_line_str
                0x0000000000000000      0xafc
 *(.debug_line_str)
 .debug_line_str
                0x0000000000000000      0xafc /home/david/Documents/RockBox_Personal-master/build-sim-video-5g/lib/rbcodec/codecs/vorbis.o
                                        0x388 (size before relaxing)
 .debug_line_str
                0x0000000000000afc        0x0 /home/david/Documents/RockBox_Personal-master/build-sim-video-5g/lib/rbcodec/codecs/codec_crt0.o
                                        0x268 (size before relaxing)
 .debug_line_str
                0x0000000000000afc        0x0 /home/david/Documents/RockBox_Personal-master/build-sim-video-5g/lib/rbcodec/codecs/libtremor.a(vorbisfile.o)
                                        0x1f3 (size before relaxing)
 .debug_line_str
                0x0000000000000afc        0x0 /home/david/Documents/RockBox_Personal-master/build-sim-video-5g/lib/rbcodec/codecs/libtremor.a(oggmalloc.o)
                                        0x340 (size before relaxing)
 .debug_line_str
                0x0000000000000afc        0x0 /home/david/Documents/RockBox_Personal-master/build-sim-video-5g/lib/rbcodec/codecs/libtremor.a(block.o)
                                        0x30d (size before relaxing)
 .debug_line_str
                0x0000000000000afc        0x0 /home/david/Documents/RockBox_Personal-master/build-sim-video-5g/lib/rbcodec/codecs/libtremor.a(framing.o)
                                        0x265 (size before relaxing)
 .debug_line_str
                0x0000000000000afc        0x0 /home/david/Documents/RockBox_Personal-master/build-sim-video-5g/lib/rbcodec/codecs/libtremor.a(info.o)
                                        0x205 (size before relaxing)
 .debug_line_str
                0x0000000000000afc        0x0 /home/david/Documents/RockBox_Personal-master/build-sim-video-5g/lib/rbcodec/codecs/libtremor.a(registry.o)
                                        0x240 (size before relaxing)
 .debug_line_str
                0x0000000000000afc        0x0 /home/david/Documents/RockBox_Personal-master/build-sim-video-5g/lib/rbcodec/codecs/libtremor.a(res012.o)
                                        0x29f (size before relaxing)
 .debug_line_str
                0x0000000000000afc        0x0 /home/david/Documents/RockBox_Personal-master/build-sim-video-5g/lib/rbcodec/codecs/libtremor.a(sharedbook.o)
                                        0x240 (size before relaxing)
 .debug_line_str
                0x0000000000000afc        0x0 /home/david/Documents/RockBox_Personal-master/build-sim-video-5g/lib/rbcodec/codecs/libtremor.a(synthesis.o)
                                        0x1cc (size before relaxing)
 .debug_line_str
                0x0000000000000afc        0x0 /home/david/Documents/RockBox_Personal-master/build-sim-video-5g/lib/rbcodec/codecs/libtremor.a(window.o)
                                        0x20e (size before relaxing)
 .debug_line_str
                0x0000000000000afc        0x0 /home/david/Documents/RockBox_Personal-master/build-sim-video-5g/lib/rbcodec/codecs/libtremor.a(bitwise.o)
                                        0x1ea (size before relaxing)
 .debug_line_str
                0x0000000000000afc        0x0 /home/david/Documents/RockBox_Personal-master/build-sim-video-5g/lib/rbcodec/codecs/libtremor.a(codebook.o)
                                        0x1e2 (size before relaxing)
 .debug_line_str
                0x0000000000000afc        0x0 /home/david/Documents/RockBox_Personal-master/build-sim-video-5g/lib/rbcodec/codecs/libtremor.a(floor0.o)
                                        0x30a (size before relaxing)
 .debug_line_str
                0x0000000000000afc        0x0 /home/david/Documents/RockBox_Personal-master/build-sim-video-5g/lib/rbcodec/codecs/libtremor.a(floor1.o)
                                        0x30c (size before relaxing)
 .debug_line_str
                0x0000000000000afc        0x0 /home/david/Documents/RockBox_Personal-master/build-sim-video-5g/lib/rbcodec/codecs/libtremor.a(mapping0.o)
                                        0x2f9 (size before relaxing)
 .debug_line_str
                0x0000000000000afc        0x0 /home/david/Documents/RockBox_Personal-master/build-sim-video-5g/lib/libtlsf.a(tlsf.o)
                                        0x165 (size before relaxing)
 .debug_line_str
                0x0000000000000afc        0x0 /home/david/Documents/RockBox_Personal-master/build-sim-video-5g/lib/rbcodec/codecs/libcodec.a(codeclib.o)
                                        0x330 (size before relaxing)
 .debug_line_str
                0x0000000000000afc        0x0 /home/david/Documents/RockBox_Personal-master/build-sim-video-5g/lib/rbcodec/codecs/libcodec.a(mdct.o)
                                        0x187 (size before relaxing)
 .debug_line_str
                0x0000000000000afc        0x0 /home/david/Documents/RockBox_Personal-master/build-sim-video-5g/lib/rbcodec/codecs/libcodec.a(mdct_lookup.o)
                                        0x205 (size before relaxing)
 .debug_line_str
                0x0000000000000afc        0x0 /home/david/Documents/RockBox_Personal-master/build-sim-video-5g/lib/rbcodec/codecs/libcodec.a(fft-ffmpeg.o)
                                        0x217 (size before relaxing)

.debug_loclists
                0x0000000000000000     0xb5f5
 *(.debug_loclists)
 .debug_loclists
                0x0000000000000000      0x101 /home/david/Documents/RockBox_Personal-master/build-sim-video-5g/lib/rbcodec/codecs/vorbis.o
 .debug_loclists
                0x0000000000000101       0x1e /home/david/Documents/RockBox_Personal-master/build-sim-video-5g/lib/rbcodec/codecs/codec_crt0.o
 .debug_loclists
                0x000000000000011f     0x18f3 /home/david/Documents/RockBox_Personal-master/build-sim-video-5g/lib/rbcodec/codecs/libtremor.a(vorbisfile.o)
 .debug_loclists
                0x0000000000001a12       0xf4 /home/david/Documents/RockBox_Personal-master/build-sim-video-5g/lib/rbcodec/codecs/libtremor.a(oggmalloc.o)
 .debug_loclists
                0x0000000000001b06      0x9b0 /home/david/Documents/RockBox_Personal-master/build-sim-video-5g/lib/rbcodec/codecs/libtremor.a(block.o)
 .debug_loclists
                0x00000000000024b6      0x80b /home/david/Documents/RockBox_Personal-master/build-sim-video-5g/lib/rbcodec/codecs/libtremor.a(framing.o)
 .debug_loclists
                0x0000000000002cc1      0x5cb /home/david/Documents/RockBox_Personal-master/build-sim-video-5g/lib/rbcodec/codecs/libtremor.a(info.o)
 .debug_loclists
                0x000000000000328c      0xc74 /home/david/Documents/RockBox_Personal-master/build-sim-video-5g/lib/rbcodec/codecs/libtremor.a(res012.o)
 .debug_loclists
                0x0000000000003f00      0xcaa /home/david/Documents/RockBox_Personal-master/build-sim-video-5g/lib/rbcodec/codecs/libtremor.a(sharedbook.o)
 .debug_loclists
                0x0000000000004baa      0x212 /home/david/Documents/RockBox_Personal-master/build-sim-video-5g/lib/rbcodec/codecs/libtremor.a(synthesis.o)
 .debug_loclists
                0x0000000000004dbc      0x13b /home/david/Documents/RockBox_Personal-master/build-sim-video-5g/lib/rbcodec/codecs/libtremor.a(bitwise.o)
 .debug_loclists
                0x0000000000004ef7     0x193f /home/david/Documents/RockBox_Personal-master/build-sim-video-5g/lib/rbcodec/codecs/libtremor.a(codebook.o)
 .debug_loclists
                0x0000000000006836      0xb40 /home/david/Documents/RockBox_Personal-master/build-sim-video-5g/lib/rbcodec/codecs/libtremor.a(floor0.o)
 .debug_loclists
                0x0000000000007376      0xf7a /home/david/Documents/RockBox_Personal-master/build-sim-video-5g/lib/rbcodec/codecs/libtremor.a(floor1.o)
 .debug_loclists
                0x00000000000082f0      0x672 /home/david/Documents/RockBox_Personal-master/build-sim-video-5g/lib/rbcodec/codecs/libtremor.a(mapping0.o)
 .debug_loclists
                0x0000000000008962      0xd69 /home/david/Documents/RockBox_Personal-master/build-sim-video-5g/lib/libtlsf.a(tlsf.o)
 .debug_loclists
                0x00000000000096cb      0x335 /home/david/Documents/RockBox_Personal-master/build-sim-video-5g/lib/rbcodec/codecs/libcodec.a(codeclib.o)
 .debug_loclists
                0x0000000000009a00     0x1054 /home/david/Documents/RockBox_Personal-master/build-sim-video-5g/lib/rbcodec/codecs/libcodec.a(mdct.o)
 .debug_loclists
                0x000000000000aa54      0xba1 /home/david/Documents/RockBox_Personal-master/build-sim-video-5g/lib/rbcodec/codecs/libcodec.a(fft-ffmpeg.o)

.debug_macro
 *(.debug_macro)

.debug_names
 *(.debug_names)

.debug_rnglists
                0x0000000000000000     0x10ad
 *(.debug_rnglists)
 .debug_rnglists
                0x0000000000000000      0x165 /home/david/Documents/RockBox_Personal-master/build-sim-video-5g/lib/rbcodec/codecs/libtremor.a(vorbisfile.o)
 .debug_rnglists
                0x0000000000000165       0xb6 /home/david/Documents/RockBox_Personal-master/build-sim-video-5g/lib/rbcodec/codecs/libtremor.a(block.o)
 .debug_rnglists
                0x000000000000021b       0xb7 /home/david/Documents/RockBox_Personal-master/build-sim-video-5g/lib/rbcodec/codecs/libtremor.a(framing.o)
 .debug_rnglists
                0x00000000000002d2       0x27 /home/david/Documents/RockBox_Personal-master/build-sim-video-5g/lib/rbcodec/codecs/libtremor.a(info.o)
 .debug_rnglists
                0x00000000000002f9       0x82 /home/david/Documents/RockBox_Personal-master/build-sim-video-5g/lib/rbcodec/codecs/libtremor.a(res012.o)
 .debug_rnglists
                0x000000000000037b       0xb3 /home/david/Documents/RockBox_Personal-master/build-sim-video-5g/lib/rbcodec/codecs/libtremor.a(sharedbook.o)
 .debug_rnglists
                0x000000000000042e       0xce /home/david/Documents/RockBox_Personal-master/build-sim-video-5g/lib/rbcodec/codecs/libtremor.a(codebook.o)
 .debug_rnglists
                0x00000000000004fc       0xbe /home/david/Documents/RockBox_Personal-master/build-sim-video-5g/lib/rbcodec/codecs/libtremor.a(floor0.o)
 .debug_rnglists
                0x00000000000005ba       0xc3 /home/david/Documents/RockBox_Personal-master/build-sim-video-5g/lib/rbcodec/codecs/libtremor.a(floor1.o)
 .debug_rnglists
                0x000000000000067d       0x75 /home/david/Documents/RockBox_Personal-master/build-sim-video-5g/lib/rbcodec/codecs/libtremor.a(mapping0.o)
 .debug_rnglists
                0x00000000000006f2      0x1fa /home/david/Documents/RockBox_Personal-master/build-sim-video-5g/lib/libtlsf.a(tlsf.o)
 .debug_rnglists
                0x00000000000008ec      0x3da /home/david/Documents/RockBox_Personal-master/build-sim-video-5g/lib/rbcodec/codecs/libcodec.a(mdct.o)
 .debug_rnglists
                0x0000000000000cc6      0x3e7 /home/david/Documents/RockBox_Personal-master/build-sim-video-5g/lib/rbcodec/codecs/libcodec.a(fft-ffmpeg.o)

.debug_str_offsets
 *(.debug_str_offsets)

.debug_sup
 *(.debug_sup)

.gnu.attributes
 *(.gnu.attributes)

/DISCARD/
 *(.note.GNU-stack)
 *(.gnu_debuglink)
 *(.gnu.lto_*)
 *(.gnu_object_only)
OUTPUT(/home/david/Documents/RockBox_Personal-master/build-sim-video-5g/lib/rbcodec/codecs/vorbis.elf elf64-x86-64)
