/home/david/Documents/RockBox_Personal-master/devsrc/nano-soh-runtime/Shipwright/soh/src/overlays/effects/ovl_Effect_Ss_Sibuki2/z_eff_ss_sibuki2.c: In function 'EffectSsSibuki2_Draw':
/home/david/Documents/RockBox_Personal-master/devsrc/nano-soh-runtime/Shipwright/soh/src/overlays/effects/ovl_Effect_Ss_Sibuki2/z_eff_ss_sibuki2.c:55:9: warning: initialization discards 'const' qualifier from pointer target type [-Wdiscarded-qualifiers]
   55 |         gEffUnusedBubbles1Tex, gEffUnusedBubbles1Tex, gEffUnusedBubbles2Tex,
      |         ^~~~~~~~~~~~~~~~~~~~~
/home/david/Documents/RockBox_Personal-master/devsrc/nano-soh-runtime/Shipwright/soh/src/overlays/effects/ovl_Effect_Ss_Sibuki2/z_eff_ss_sibuki2.c:55:32: warning: initialization discards 'const' qualifier from pointer target type [-Wdiscarded-qualifiers]
   55 |         gEffUnusedBubbles1Tex, gEffUnusedBubbles1Tex, gEffUnusedBubbles2Tex,
      |                                ^~~~~~~~~~~~~~~~~~~~~
/home/david/Documents/RockBox_Personal-master/devsrc/nano-soh-runtime/Shipwright/soh/src/overlays/effects/ovl_Effect_Ss_Sibuki2/z_eff_ss_sibuki2.c:55:55: warning: initialization discards 'const' qualifier from pointer target type [-Wdiscarded-qualifiers]
   55 |         gEffUnusedBubbles1Tex, gEffUnusedBubbles1Tex, gEffUnusedBubbles2Tex,
      |                                                       ^~~~~~~~~~~~~~~~~~~~~
/home/david/Documents/RockBox_Personal-master/devsrc/nano-soh-runtime/Shipwright/soh/src/overlays/effects/ovl_Effect_Ss_Sibuki2/z_eff_ss_sibuki2.c:56:9: warning: initialization discards 'const' qualifier from pointer target type [-Wdiscarded-qualifiers]
   56 |         gEffUnusedBubbles3Tex, gEffUnusedBubbles4Tex, gEffUnusedBubbles5Tex,
      |         ^~~~~~~~~~~~~~~~~~~~~
/home/david/Documents/RockBox_Personal-master/devsrc/nano-soh-runtime/Shipwright/soh/src/overlays/effects/ovl_Effect_Ss_Sibuki2/z_eff_ss_sibuki2.c:56:32: warning: initialization discards 'const' qualifier from pointer target type [-Wdiscarded-qualifiers]
   56 |         gEffUnusedBubbles3Tex, gEffUnusedBubbles4Tex, gEffUnusedBubbles5Tex,
      |                                ^~~~~~~~~~~~~~~~~~~~~
/home/david/Documents/RockBox_Personal-master/devsrc/nano-soh-runtime/Shipwright/soh/src/overlays/effects/ovl_Effect_Ss_Sibuki2/z_eff_ss_sibuki2.c:56:55: warning: initialization discards 'const' qualifier from pointer target type [-Wdiscarded-qualifiers]
   56 |         gEffUnusedBubbles3Tex, gEffUnusedBubbles4Tex, gEffUnusedBubbles5Tex,
      |                                                       ^~~~~~~~~~~~~~~~~~~~~
/home/david/Documents/RockBox_Personal-master/devsrc/nano-soh-runtime/Shipwright/soh/src/overlays/effects/ovl_Effect_Ss_Sibuki2/z_eff_ss_sibuki2.c:57:9: warning: initialization discards 'const' qualifier from pointer target type [-Wdiscarded-qualifiers]
   57 |         gEffUnusedBubbles6Tex, gEffUnusedBubbles7Tex, gEffUnusedBubbles8Tex,
      |         ^~~~~~~~~~~~~~~~~~~~~
/home/david/Documents/RockBox_Personal-master/devsrc/nano-soh-runtime/Shipwright/soh/src/overlays/effects/ovl_Effect_Ss_Sibuki2/z_eff_ss_sibuki2.c:57:32: warning: initialization discards 'const' qualifier from pointer target type [-Wdiscarded-qualifiers]
   57 |         gEffUnusedBubbles6Tex, gEffUnusedBubbles7Tex, gEffUnusedBubbles8Tex,
      |                                ^~~~~~~~~~~~~~~~~~~~~
/home/david/Documents/RockBox_Personal-master/devsrc/nano-soh-runtime/Shipwright/soh/src/overlays/effects/ovl_Effect_Ss_Sibuki2/z_eff_ss_sibuki2.c:57:55: warning: initialization discards 'const' qualifier from pointer target type [-Wdiscarded-qualifiers]
   57 |         gEffUnusedBubbles6Tex, gEffUnusedBubbles7Tex, gEffUnusedBubbles8Tex,
      |                                                       ^~~~~~~~~~~~~~~~~~~~~
In file included from /home/david/Documents/RockBox_Personal-master/devsrc/nano-soh-runtime/Shipwright/soh/include/global.h:10,
                 from /home/david/Documents/RockBox_Personal-master/devsrc/nano-soh-runtime/Shipwright/soh/src/overlays/effects/ovl_Effect_Ss_Sibuki2/z_eff_ss_sibuki2.h:5,
                 from /home/david/Documents/RockBox_Personal-master/devsrc/nano-soh-runtime/Shipwright/soh/src/overlays/effects/ovl_Effect_Ss_Sibuki2/z_eff_ss_sibuki2.c:7:
/home/david/Documents/RockBox_Personal-master/devsrc/nano-soh-runtime/Shipwright/soh/src/overlays/effects/ovl_Effect_Ss_Sibuki2/z_eff_ss_sibuki2.c:70:74: warning: passing argument 3 of 'gSPSegment' makes integer from pointer without a cast [-Wint-conversion]
   70 |     gSPSegment(POLY_XLU_DISP++, 0x08, SEGMENTED_TO_VIRTUAL(bubbleTextures[this->rTexIdx]));
      |                                                            ~~~~~~~~~~~~~~^~~~~~~~~~~~~~~
      |                                                                          |
      |                                                                          void *
/home/david/Documents/RockBox_Personal-master/devsrc/nano-soh-runtime/Shipwright/soh/include/macros.h:37:36: note: in definition of macro 'SEGMENTED_TO_VIRTUAL'
   37 | #define SEGMENTED_TO_VIRTUAL(addr) addr
      |                                    ^~~~
In file included from /home/david/Documents/RockBox_Personal-master/devsrc/nano-soh-runtime/Shipwright/soh/include/global.h:8:
/home/david/Documents/RockBox_Personal-master/devsrc/nano-soh-runtime/Shipwright/soh/include/functions.h:22:52: note: expected 'uintptr_t' {aka 'unsigned int'} but argument is of type 'void *'
   22 | void gSPSegment(void* value, int segNum, uintptr_t target);
      |                                          ~~~~~~~~~~^~~~~~
/home/david/Documents/RockBox_Personal-master/devsrc/nano-soh-runtime/Shipwright/soh/src/overlays/effects/ovl_Effect_Ss_Sibuki2/z_eff_ss_sibuki2.c:71:58: warning: passing argument 2 of 'gSPDisplayList' from incompatible pointer type [-Wincompatible-pointer-types]
   71 |     gSPDisplayList(POLY_XLU_DISP++, SEGMENTED_TO_VIRTUAL(gEffUnusedBubblesDL));
      |                                                          ^~~~~~~~~~~~~~~~~~~
      |                                                          |
      |                                                          const char *
/home/david/Documents/RockBox_Personal-master/devsrc/nano-soh-runtime/Shipwright/soh/include/macros.h:37:36: note: in definition of macro 'SEGMENTED_TO_VIRTUAL'
   37 | #define SEGMENTED_TO_VIRTUAL(addr) addr
      |                                    ^~~~
/home/david/Documents/RockBox_Personal-master/devsrc/nano-soh-runtime/Shipwright/soh/include/functions.h:24:36: note: expected 'Gfx *' but argument is of type 'const char *'
   24 | void gSPDisplayList(Gfx* pkt, Gfx* dl);
      |                               ~~~~~^~
