/home/david/Documents/RockBox_Personal-master/devsrc/nano-soh-runtime/Shipwright/soh/src/overlays/actors/ovl_Elf_Msg2/z_elf_msg2.c: In function 'ElfMsg2_KillCheck':
/home/david/Documents/RockBox_Personal-master/devsrc/nano-soh-runtime/Shipwright/soh/include/macros.h:135:40: warning: passing argument 2 of 'LogUtils_LogThreadId' makes integer from pointer without a cast [-Wint-conversion]
  135 |         LogUtils_LogThreadId(__FILE__, __FILE__);           \
      |                                        ^~~~~~~~
      |                                        |
      |                                        char *
/home/david/Documents/RockBox_Personal-master/devsrc/nano-soh-runtime/Shipwright/soh/include/macros.h:143:28: note: in expansion of macro 'LOG'
  143 | #define LOG_STRING(string) LOG(#string, string, "%s")
      |                            ^~~
/home/david/Documents/RockBox_Personal-master/devsrc/nano-soh-runtime/Shipwright/soh/src/overlays/actors/ovl_Elf_Msg2/z_elf_msg2.c:50:9: note: in expansion of macro 'LOG_STRING'
   50 |         LOG_STRING("共倒れ"); // "Mutual destruction"
      |         ^~~~~~~~~~
In file included from /home/david/Documents/RockBox_Personal-master/devsrc/nano-soh-runtime/Shipwright/soh/include/global.h:8,
                 from /home/david/Documents/RockBox_Personal-master/devsrc/nano-soh-runtime/Shipwright/soh/src/overlays/actors/ovl_Elf_Msg2/z_elf_msg2.h:5,
                 from /home/david/Documents/RockBox_Personal-master/devsrc/nano-soh-runtime/Shipwright/soh/src/overlays/actors/ovl_Elf_Msg2/z_elf_msg2.c:7:
/home/david/Documents/RockBox_Personal-master/devsrc/nano-soh-runtime/Shipwright/soh/include/functions.h:94:49: note: expected 's32' {aka 'long int'} but argument is of type 'char *'
   94 | void LogUtils_LogThreadId(const char* name, s32 line);
      |                                             ~~~~^~~~
/home/david/Documents/RockBox_Personal-master/devsrc/nano-soh-runtime/Shipwright/soh/include/macros.h:135:40: warning: passing argument 2 of 'LogUtils_LogThreadId' makes integer from pointer without a cast [-Wint-conversion]
  135 |         LogUtils_LogThreadId(__FILE__, __FILE__);           \
      |                                        ^~~~~~~~
      |                                        |
      |                                        char *
/home/david/Documents/RockBox_Personal-master/devsrc/nano-soh-runtime/Shipwright/soh/include/macros.h:143:28: note: in expansion of macro 'LOG'
  143 | #define LOG_STRING(string) LOG(#string, string, "%s")
      |                            ^~~
/home/david/Documents/RockBox_Personal-master/devsrc/nano-soh-runtime/Shipwright/soh/src/overlays/actors/ovl_Elf_Msg2/z_elf_msg2.c:57:9: note: in expansion of macro 'LOG_STRING'
   57 |         LOG_STRING("共倒れ２"); // "Mutual destruction 2"
      |         ^~~~~~~~~~
/home/david/Documents/RockBox_Personal-master/devsrc/nano-soh-runtime/Shipwright/soh/include/functions.h:94:49: note: expected 's32' {aka 'long int'} but argument is of type 'char *'
   94 | void LogUtils_LogThreadId(const char* name, s32 line);
      |                                             ~~~~^~~~
/home/david/Documents/RockBox_Personal-master/devsrc/nano-soh-runtime/Shipwright/soh/include/macros.h:135:40: warning: passing argument 2 of 'LogUtils_LogThreadId' makes integer from pointer without a cast [-Wint-conversion]
  135 |         LogUtils_LogThreadId(__FILE__, __FILE__);           \
      |                                        ^~~~~~~~
      |                                        |
      |                                        char *
/home/david/Documents/RockBox_Personal-master/devsrc/nano-soh-runtime/Shipwright/soh/include/macros.h:143:28: note: in expansion of macro 'LOG'
  143 | #define LOG_STRING(string) LOG(#string, string, "%s")
      |                            ^~~
/home/david/Documents/RockBox_Personal-master/devsrc/nano-soh-runtime/Shipwright/soh/src/overlays/actors/ovl_Elf_Msg2/z_elf_msg2.c:66:9: note: in expansion of macro 'LOG_STRING'
   66 |         LOG_STRING("共倒れ"); // "Mutual destruction"
      |         ^~~~~~~~~~
/home/david/Documents/RockBox_Personal-master/devsrc/nano-soh-runtime/Shipwright/soh/include/functions.h:94:49: note: expected 's32' {aka 'long int'} but argument is of type 'char *'
   94 | void LogUtils_LogThreadId(const char* name, s32 line);
      |                                             ~~~~^~~~
