/home/david/Documents/RockBox_Personal-master/devsrc/nano-soh-runtime/Shipwright/soh/src/overlays/effects/ovl_Effect_Ss_G_Spk/z_eff_ss_g_spk.c: In function 'EffectSsGSpk_Init':
/home/david/Documents/RockBox_Personal-master/devsrc/nano-soh-runtime/Shipwright/soh/src/overlays/effects/ovl_Effect_Ss_G_Spk/z_eff_ss_g_spk.c:38:15: warning: assignment discards 'const' qualifier from pointer target type [-Wdiscarded-qualifiers]
   38 |     this->gfx = SEGMENTED_TO_VIRTUAL(gEffSparkDL);
      |               ^
/home/david/Documents/RockBox_Personal-master/devsrc/nano-soh-runtime/Shipwright/soh/src/overlays/effects/ovl_Effect_Ss_G_Spk/z_eff_ss_g_spk.c: In function 'EffectSsGSpk_Draw':
/home/david/Documents/RockBox_Personal-master/devsrc/nano-soh-runtime/Shipwright/soh/src/overlays/effects/ovl_Effect_Ss_G_Spk/z_eff_ss_g_spk.c:70:9: warning: initialization discards 'const' qualifier from pointer target type [-Wdiscarded-qualifiers]
   70 |         gEffSpark1Tex,
      |         ^~~~~~~~~~~~~
/home/david/Documents/RockBox_Personal-master/devsrc/nano-soh-runtime/Shipwright/soh/src/overlays/effects/ovl_Effect_Ss_G_Spk/z_eff_ss_g_spk.c:71:9: warning: initialization discards 'const' qualifier from pointer target type [-Wdiscarded-qualifiers]
   71 |         gEffSpark2Tex,
      |         ^~~~~~~~~~~~~
/home/david/Documents/RockBox_Personal-master/devsrc/nano-soh-runtime/Shipwright/soh/src/overlays/effects/ovl_Effect_Ss_G_Spk/z_eff_ss_g_spk.c:72:9: warning: initialization discards 'const' qualifier from pointer target type [-Wdiscarded-qualifiers]
   72 |         gEffSpark3Tex,
      |         ^~~~~~~~~~~~~
/home/david/Documents/RockBox_Personal-master/devsrc/nano-soh-runtime/Shipwright/soh/src/overlays/effects/ovl_Effect_Ss_G_Spk/z_eff_ss_g_spk.c:73:9: warning: initialization discards 'const' qualifier from pointer target type [-Wdiscarded-qualifiers]
   73 |         gEffSpark4Tex,
      |         ^~~~~~~~~~~~~
In file included from /home/david/Documents/RockBox_Personal-master/devsrc/nano-soh-runtime/Shipwright/soh/include/global.h:10,
                 from /home/david/Documents/RockBox_Personal-master/devsrc/nano-soh-runtime/Shipwright/soh/src/overlays/effects/ovl_Effect_Ss_G_Spk/z_eff_ss_g_spk.h:5,
                 from /home/david/Documents/RockBox_Personal-master/devsrc/nano-soh-runtime/Shipwright/soh/src/overlays/effects/ovl_Effect_Ss_G_Spk/z_eff_ss_g_spk.c:7:
/home/david/Documents/RockBox_Personal-master/devsrc/nano-soh-runtime/Shipwright/soh/src/overlays/effects/ovl_Effect_Ss_G_Spk/z_eff_ss_g_spk.c:96:77: warning: passing argument 3 of 'gSPSegment' makes integer from pointer without a cast [-Wint-conversion]
   96 |         gSPSegment(POLY_XLU_DISP++, 0x08, SEGMENTED_TO_VIRTUAL(sparkTextures[this->rTexIdx]));
      |                                                                ~~~~~~~~~~~~~^~~~~~~~~~~~~~~
      |                                                                             |
      |                                                                             void *
/home/david/Documents/RockBox_Personal-master/devsrc/nano-soh-runtime/Shipwright/soh/include/macros.h:37:36: note: in definition of macro 'SEGMENTED_TO_VIRTUAL'
   37 | #define SEGMENTED_TO_VIRTUAL(addr) addr
      |                                    ^~~~
In file included from /home/david/Documents/RockBox_Personal-master/devsrc/nano-soh-runtime/Shipwright/soh/include/global.h:8:
/home/david/Documents/RockBox_Personal-master/devsrc/nano-soh-runtime/Shipwright/soh/include/functions.h:22:52: note: expected 'uintptr_t' {aka 'unsigned int'} but argument is of type 'void *'
   22 | void gSPSegment(void* value, int segNum, uintptr_t target);
      |                                          ~~~~~~~~~~^~~~~~
