/home/david/Documents/RockBox_Personal-master/devsrc/nano-soh-runtime/Shipwright/soh/src/overlays/actors/ovl_En_Skj/z_en_skj.c:243:7: warning: initialization of 'AnimationHeader *' from incompatible pointer type 'const char (*)[48]' [-Wincompatible-pointer-types]
  243 |     { &gSkullKidBackflipAnim, ANIMMODE_ONCE, 0.0f },
      |       ^
/home/david/Documents/RockBox_Personal-master/devsrc/nano-soh-runtime/Shipwright/soh/src/overlays/actors/ovl_En_Skj/z_en_skj.c:243:7: note: (near initialization for 'sAnimationInfo[0].animation')
/home/david/Documents/RockBox_Personal-master/devsrc/nano-soh-runtime/Shipwright/soh/src/overlays/actors/ovl_En_Skj/z_en_skj.c:244:7: warning: initialization of 'AnimationHeader *' from incompatible pointer type 'const char (*)[51]' [-Wincompatible-pointer-types]
  244 |     { &gSkullKidShootNeedleAnim, ANIMMODE_ONCE, 0.0f },
      |       ^
/home/david/Documents/RockBox_Personal-master/devsrc/nano-soh-runtime/Shipwright/soh/src/overlays/actors/ovl_En_Skj/z_en_skj.c:244:7: note: (near initialization for 'sAnimationInfo[1].animation')
/home/david/Documents/RockBox_Personal-master/devsrc/nano-soh-runtime/Shipwright/soh/src/overlays/actors/ovl_En_Skj/z_en_skj.c:245:7: warning: initialization of 'AnimationHeader *' from incompatible pointer type 'const char (*)[49]' [-Wincompatible-pointer-types]
  245 |     { &gSkullKidPlayFluteAnim, ANIMMODE_LOOP, 0.0f },
      |       ^
/home/david/Documents/RockBox_Personal-master/devsrc/nano-soh-runtime/Shipwright/soh/src/overlays/actors/ovl_En_Skj/z_en_skj.c:245:7: note: (near initialization for 'sAnimationInfo[2].animation')
/home/david/Documents/RockBox_Personal-master/devsrc/nano-soh-runtime/Shipwright/soh/src/overlays/actors/ovl_En_Skj/z_en_skj.c:246:7: warning: initialization of 'AnimationHeader *' from incompatible pointer type 'const char (*)[43]' [-Wincompatible-pointer-types]
  246 |     { &gSkullKidDieAnim, ANIMMODE_ONCE, 0.0f },
      |       ^
/home/david/Documents/RockBox_Personal-master/devsrc/nano-soh-runtime/Shipwright/soh/src/overlays/actors/ovl_En_Skj/z_en_skj.c:246:7: note: (near initialization for 'sAnimationInfo[3].animation')
/home/david/Documents/RockBox_Personal-master/devsrc/nano-soh-runtime/Shipwright/soh/src/overlays/actors/ovl_En_Skj/z_en_skj.c:247:7: warning: initialization of 'AnimationHeader *' from incompatible pointer type 'const char (*)[43]' [-Wincompatible-pointer-types]
  247 |     { &gSkullKidHitAnim, ANIMMODE_ONCE, 0.0f },
      |       ^
/home/david/Documents/RockBox_Personal-master/devsrc/nano-soh-runtime/Shipwright/soh/src/overlays/actors/ovl_En_Skj/z_en_skj.c:247:7: note: (near initialization for 'sAnimationInfo[4].animation')
/home/david/Documents/RockBox_Personal-master/devsrc/nano-soh-runtime/Shipwright/soh/src/overlays/actors/ovl_En_Skj/z_en_skj.c:248:7: warning: initialization of 'AnimationHeader *' from incompatible pointer type 'const char (*)[44]' [-Wincompatible-pointer-types]
  248 |     { &gSkullKidLandAnim, ANIMMODE_ONCE, 0.0f },
      |       ^
/home/david/Documents/RockBox_Personal-master/devsrc/nano-soh-runtime/Shipwright/soh/src/overlays/actors/ovl_En_Skj/z_en_skj.c:248:7: note: (near initialization for 'sAnimationInfo[5].animation')
/home/david/Documents/RockBox_Personal-master/devsrc/nano-soh-runtime/Shipwright/soh/src/overlays/actors/ovl_En_Skj/z_en_skj.c:249:7: warning: initialization of 'AnimationHeader *' from incompatible pointer type 'const char (*)[56]' [-Wincompatible-pointer-types]
  249 |     { &gSkullKidLookLeftAndRightAnim, ANIMMODE_LOOP, 0.0f },
      |       ^
/home/david/Documents/RockBox_Personal-master/devsrc/nano-soh-runtime/Shipwright/soh/src/overlays/actors/ovl_En_Skj/z_en_skj.c:249:7: note: (near initialization for 'sAnimationInfo[6].animation')
/home/david/Documents/RockBox_Personal-master/devsrc/nano-soh-runtime/Shipwright/soh/src/overlays/actors/ovl_En_Skj/z_en_skj.c:250:7: warning: initialization of 'AnimationHeader *' from incompatible pointer type 'const char (*)[54]' [-Wincompatible-pointer-types]
  250 |     { &gSkullKidFightingStanceAnim, ANIMMODE_LOOP, 0.0f },
      |       ^
/home/david/Documents/RockBox_Personal-master/devsrc/nano-soh-runtime/Shipwright/soh/src/overlays/actors/ovl_En_Skj/z_en_skj.c:250:7: note: (near initialization for 'sAnimationInfo[7].animation')
/home/david/Documents/RockBox_Personal-master/devsrc/nano-soh-runtime/Shipwright/soh/src/overlays/actors/ovl_En_Skj/z_en_skj.c:251:7: warning: initialization of 'AnimationHeader *' from incompatible pointer type 'const char (*)[52]' [-Wincompatible-pointer-types]
  251 |     { &gSkullKidWalkToPlayerAnim, ANIMMODE_LOOP, 0.0f },
      |       ^
/home/david/Documents/RockBox_Personal-master/devsrc/nano-soh-runtime/Shipwright/soh/src/overlays/actors/ovl_En_Skj/z_en_skj.c:251:7: note: (near initialization for 'sAnimationInfo[8].animation')
/home/david/Documents/RockBox_Personal-master/devsrc/nano-soh-runtime/Shipwright/soh/src/overlays/actors/ovl_En_Skj/z_en_skj.c:252:7: warning: initialization of 'AnimationHeader *' from incompatible pointer type 'const char (*)[44]' [-Wincompatible-pointer-types]
  252 |     { &gSkullKidWaitAnim, ANIMMODE_LOOP, 0.0f },
      |       ^
/home/david/Documents/RockBox_Personal-master/devsrc/nano-soh-runtime/Shipwright/soh/src/overlays/actors/ovl_En_Skj/z_en_skj.c:252:7: note: (near initialization for 'sAnimationInfo[9].animation')
/home/david/Documents/RockBox_Personal-master/devsrc/nano-soh-runtime/Shipwright/soh/src/overlays/actors/ovl_En_Skj/z_en_skj.c: In function 'EnSkj_Init':
/home/david/Documents/RockBox_Personal-master/devsrc/nano-soh-runtime/Shipwright/soh/src/overlays/actors/ovl_En_Skj/z_en_skj.c:416:56: warning: passing argument 3 of 'SkelAnime_InitFlex' from incompatible pointer type [-Wincompatible-pointer-types]
  416 |             SkelAnime_InitFlex(play, &this->skelAnime, &gSkullKidSkel, &gSkullKidPlayFluteAnim, this->jointTable,
      |                                                        ^~~~~~~~~~~~~~
      |                                                        |
      |                                                        const char (*)[40]
In file included from /home/david/Documents/RockBox_Personal-master/devsrc/nano-soh-runtime/Shipwright/soh/include/global.h:8,
                 from /home/david/Documents/RockBox_Personal-master/devsrc/nano-soh-runtime/Shipwright/soh/src/overlays/actors/ovl_En_Skj/z_en_skj.h:5,
                 from /home/david/Documents/RockBox_Personal-master/devsrc/nano-soh-runtime/Shipwright/soh/src/overlays/actors/ovl_En_Skj/z_en_skj.c:1:
/home/david/Documents/RockBox_Personal-master/devsrc/nano-soh-runtime/Shipwright/soh/include/functions.h:1329:83: note: expected 'FlexSkeletonHeader *' but argument is of type 'const char (*)[40]'
 1329 | s32 SkelAnime_InitFlex(PlayState* play, SkelAnime* skelAnime, FlexSkeletonHeader* skeletonHeaderSeg,
      |                                                               ~~~~~~~~~~~~~~~~~~~~^~~~~~~~~~~~~~~~~
/home/david/Documents/RockBox_Personal-master/devsrc/nano-soh-runtime/Shipwright/soh/src/overlays/actors/ovl_En_Skj/z_en_skj.c:416:72: warning: passing argument 4 of 'SkelAnime_InitFlex' from incompatible pointer type [-Wincompatible-pointer-types]
  416 |             SkelAnime_InitFlex(play, &this->skelAnime, &gSkullKidSkel, &gSkullKidPlayFluteAnim, this->jointTable,
      |                                                                        ^~~~~~~~~~~~~~~~~~~~~~~
      |                                                                        |
      |                                                                        const char (*)[49]
/home/david/Documents/RockBox_Personal-master/devsrc/nano-soh-runtime/Shipwright/soh/include/functions.h:1330:41: note: expected 'AnimationHeader *' but argument is of type 'const char (*)[49]'
 1330 |                        AnimationHeader* animation, Vec3s* jointTable, Vec3s* morphTable, s32 limbCount);
      |                        ~~~~~~~~~~~~~~~~~^~~~~~~~~
/home/david/Documents/RockBox_Personal-master/devsrc/nano-soh-runtime/Shipwright/soh/src/overlays/actors/ovl_En_Skj/z_en_skj.c: In function 'EnSkj_WaitToShootNeedle':
/home/david/Documents/RockBox_Personal-master/devsrc/nano-soh-runtime/Shipwright/soh/src/overlays/actors/ovl_En_Skj/z_en_skj.c:697:44: warning: passing argument 1 of 'Animation_GetLastFrame' discards 'const' qualifier from pointer target type [-Wdiscarded-array-qualifiers]
  697 |     s16 lastFrame = Animation_GetLastFrame(&gSkullKidShootNeedleAnim);
      |                                            ^~~~~~~~~~~~~~~~~~~~~~~~~
/home/david/Documents/RockBox_Personal-master/devsrc/nano-soh-runtime/Shipwright/soh/include/functions.h:1278:34: note: expected 'void *' but argument is of type 'const char (*)[51]'
 1278 | s16 Animation_GetLastFrame(void* animation);
      |                            ~~~~~~^~~~~~~~~
/home/david/Documents/RockBox_Personal-master/devsrc/nano-soh-runtime/Shipwright/soh/src/overlays/actors/ovl_En_Skj/z_en_skj.c: In function 'EnSkj_WaitForDeathAnim':
/home/david/Documents/RockBox_Personal-master/devsrc/nano-soh-runtime/Shipwright/soh/src/overlays/actors/ovl_En_Skj/z_en_skj.c:747:44: warning: passing argument 1 of 'Animation_GetLastFrame' discards 'const' qualifier from pointer target type [-Wdiscarded-array-qualifiers]
  747 |     s16 lastFrame = Animation_GetLastFrame(&gSkullKidDieAnim);
      |                                            ^~~~~~~~~~~~~~~~~
/home/david/Documents/RockBox_Personal-master/devsrc/nano-soh-runtime/Shipwright/soh/include/functions.h:1278:34: note: expected 'void *' but argument is of type 'const char (*)[43]'
 1278 | s16 Animation_GetLastFrame(void* animation);
      |                            ~~~~~~^~~~~~~~~
/home/david/Documents/RockBox_Personal-master/devsrc/nano-soh-runtime/Shipwright/soh/src/overlays/actors/ovl_En_Skj/z_en_skj.c: In function 'EnSkj_PickNextFightAction':
/home/david/Documents/RockBox_Personal-master/devsrc/nano-soh-runtime/Shipwright/soh/src/overlays/actors/ovl_En_Skj/z_en_skj.c:760:44: warning: passing argument 1 of 'Animation_GetLastFrame' discards 'const' qualifier from pointer target type [-Wdiscarded-array-qualifiers]
  760 |     s16 lastFrame = Animation_GetLastFrame(&gSkullKidHitAnim);
      |                                            ^~~~~~~~~~~~~~~~~
/home/david/Documents/RockBox_Personal-master/devsrc/nano-soh-runtime/Shipwright/soh/include/functions.h:1278:34: note: expected 'void *' but argument is of type 'const char (*)[43]'
 1278 | s16 Animation_GetLastFrame(void* animation);
      |                            ~~~~~~^~~~~~~~~
/home/david/Documents/RockBox_Personal-master/devsrc/nano-soh-runtime/Shipwright/soh/src/overlays/actors/ovl_En_Skj/z_en_skj.c: In function 'EnSkj_WaitForLandAnim':
/home/david/Documents/RockBox_Personal-master/devsrc/nano-soh-runtime/Shipwright/soh/src/overlays/actors/ovl_En_Skj/z_en_skj.c:780:44: warning: passing argument 1 of 'Animation_GetLastFrame' discards 'const' qualifier from pointer target type [-Wdiscarded-array-qualifiers]
  780 |     s16 lastFrame = Animation_GetLastFrame(&gSkullKidLandAnim);
      |                                            ^~~~~~~~~~~~~~~~~~
/home/david/Documents/RockBox_Personal-master/devsrc/nano-soh-runtime/Shipwright/soh/include/functions.h:1278:34: note: expected 'void *' but argument is of type 'const char (*)[44]'
 1278 | s16 Animation_GetLastFrame(void* animation);
      |                            ~~~~~~^~~~~~~~~
/home/david/Documents/RockBox_Personal-master/devsrc/nano-soh-runtime/Shipwright/soh/src/overlays/actors/ovl_En_Skj/z_en_skj.c: In function 'EnSkj_WaitForLandAnimFinish':
/home/david/Documents/RockBox_Personal-master/devsrc/nano-soh-runtime/Shipwright/soh/src/overlays/actors/ovl_En_Skj/z_en_skj.c:1121:44: warning: passing argument 1 of 'Animation_GetLastFrame' discards 'const' qualifier from pointer target type [-Wdiscarded-array-qualifiers]
 1121 |     s16 lastFrame = Animation_GetLastFrame(&gSkullKidLandAnim);
      |                                            ^~~~~~~~~~~~~~~~~~
/home/david/Documents/RockBox_Personal-master/devsrc/nano-soh-runtime/Shipwright/soh/include/functions.h:1278:34: note: expected 'void *' but argument is of type 'const char (*)[44]'
 1278 | s16 Animation_GetLastFrame(void* animation);
      |                            ~~~~~~^~~~~~~~~
/home/david/Documents/RockBox_Personal-master/devsrc/nano-soh-runtime/Shipwright/soh/src/overlays/actors/ovl_En_Skj/z_en_skj.c: In function 'EnSkj_PostLimbDraw':
/home/david/Documents/RockBox_Personal-master/devsrc/nano-soh-runtime/Shipwright/soh/src/overlays/actors/ovl_En_Skj/z_en_skj.c:1630:41: warning: passing argument 2 of 'gSPDisplayList' from incompatible pointer type [-Wincompatible-pointer-types]
 1630 |         gSPDisplayList(POLY_OPA_DISP++, gSkullKidSkullMaskDL);
      |                                         ^~~~~~~~~~~~~~~~~~~~
      |                                         |
      |                                         const char *
/home/david/Documents/RockBox_Personal-master/devsrc/nano-soh-runtime/Shipwright/soh/include/functions.h:24:36: note: expected 'Gfx *' but argument is of type 'const char *'
   24 | void gSPDisplayList(Gfx* pkt, Gfx* dl);
      |                               ~~~~~^~
/home/david/Documents/RockBox_Personal-master/devsrc/nano-soh-runtime/Shipwright/soh/src/overlays/actors/ovl_En_Skj/z_en_skj.c: In function 'EnSkj_Draw':
/home/david/Documents/RockBox_Personal-master/devsrc/nano-soh-runtime/Shipwright/soh/src/overlays/actors/ovl_En_Skj/z_en_skj.c:1671:43: warning: passing argument 3 of 'gSPSegment' makes integer from pointer without a cast [-Wint-conversion]
 1671 |         gSPSegment(POLY_OPA_DISP++, 0x0C, EnSkj_TranslucentDL(play->state.gfxCtx, this->alpha));
      |                                           ^~~~~~~~~~~~~~~~~~~~~~~~~~~~~~~~~~~~~~~~~~~~~~~~~~~~
      |                                           |
      |                                           Gfx *
/home/david/Documents/RockBox_Personal-master/devsrc/nano-soh-runtime/Shipwright/soh/include/functions.h:22:52: note: expected 'uintptr_t' {aka 'unsigned int'} but argument is of type 'Gfx *'
   22 | void gSPSegment(void* value, int segNum, uintptr_t target);
      |                                          ~~~~~~~~~~^~~~~~
/home/david/Documents/RockBox_Personal-master/devsrc/nano-soh-runtime/Shipwright/soh/src/overlays/actors/ovl_En_Skj/z_en_skj.c:1673:43: warning: passing argument 3 of 'gSPSegment' makes integer from pointer without a cast [-Wint-conversion]
 1673 |         gSPSegment(POLY_OPA_DISP++, 0x0C, EnSkj_OpaqueDL(play->state.gfxCtx, this->alpha));
      |                                           ^~~~~~~~~~~~~~~~~~~~~~~~~~~~~~~~~~~~~~~~~~~~~~~
      |                                           |
      |                                           Gfx *
/home/david/Documents/RockBox_Personal-master/devsrc/nano-soh-runtime/Shipwright/soh/include/functions.h:22:52: note: expected 'uintptr_t' {aka 'unsigned int'} but argument is of type 'Gfx *'
   22 | void gSPSegment(void* value, int segNum, uintptr_t target);
      |                                          ~~~~~~~~~~^~~~~~
