/home/david/Documents/RockBox_Personal-master/devsrc/nano-soh-runtime/Shipwright/soh/src/overlays/actors/ovl_En_Daiku/z_en_daiku.c:124:7: warning: initialization of 'AnimationHeader *' from incompatible pointer type 'const char (*)[53]' [-Wincompatible-pointer-types]
  124 |     { &object_daiku_Anim_001AB0, 1.0f, 0, 0 }, { &object_daiku_Anim_007DE0, 1.0f, 0, 0 },
      |       ^
/home/david/Documents/RockBox_Personal-master/devsrc/nano-soh-runtime/Shipwright/soh/src/overlays/actors/ovl_En_Daiku/z_en_daiku.c:124:7: note: (near initialization for 'sAnimationInfo[0].animation')
/home/david/Documents/RockBox_Personal-master/devsrc/nano-soh-runtime/Shipwright/soh/src/overlays/actors/ovl_En_Daiku/z_en_daiku.c:124:50: warning: initialization of 'AnimationHeader *' from incompatible pointer type 'const char (*)[53]' [-Wincompatible-pointer-types]
  124 |     { &object_daiku_Anim_001AB0, 1.0f, 0, 0 }, { &object_daiku_Anim_007DE0, 1.0f, 0, 0 },
      |                                                  ^
/home/david/Documents/RockBox_Personal-master/devsrc/nano-soh-runtime/Shipwright/soh/src/overlays/actors/ovl_En_Daiku/z_en_daiku.c:124:50: note: (near initialization for 'sAnimationInfo[1].animation')
/home/david/Documents/RockBox_Personal-master/devsrc/nano-soh-runtime/Shipwright/soh/src/overlays/actors/ovl_En_Daiku/z_en_daiku.c:125:7: warning: initialization of 'AnimationHeader *' from incompatible pointer type 'const char (*)[53]' [-Wincompatible-pointer-types]
  125 |     { &object_daiku_Anim_00885C, 1.0f, 0, 0 }, { &object_daiku_Anim_000C44, 1.0f, 0, 0 },
      |       ^
/home/david/Documents/RockBox_Personal-master/devsrc/nano-soh-runtime/Shipwright/soh/src/overlays/actors/ovl_En_Daiku/z_en_daiku.c:125:7: note: (near initialization for 'sAnimationInfo[2].animation')
/home/david/Documents/RockBox_Personal-master/devsrc/nano-soh-runtime/Shipwright/soh/src/overlays/actors/ovl_En_Daiku/z_en_daiku.c:125:50: warning: initialization of 'AnimationHeader *' from incompatible pointer type 'const char (*)[53]' [-Wincompatible-pointer-types]
  125 |     { &object_daiku_Anim_00885C, 1.0f, 0, 0 }, { &object_daiku_Anim_000C44, 1.0f, 0, 0 },
      |                                                  ^
/home/david/Documents/RockBox_Personal-master/devsrc/nano-soh-runtime/Shipwright/soh/src/overlays/actors/ovl_En_Daiku/z_en_daiku.c:125:50: note: (near initialization for 'sAnimationInfo[3].animation')
/home/david/Documents/RockBox_Personal-master/devsrc/nano-soh-runtime/Shipwright/soh/src/overlays/actors/ovl_En_Daiku/z_en_daiku.c:126:7: warning: initialization of 'AnimationHeader *' from incompatible pointer type 'const char (*)[53]' [-Wincompatible-pointer-types]
  126 |     { &object_daiku_Anim_008164, 1.0f, 0, 0 },
      |       ^
/home/david/Documents/RockBox_Personal-master/devsrc/nano-soh-runtime/Shipwright/soh/src/overlays/actors/ovl_En_Daiku/z_en_daiku.c:126:7: note: (near initialization for 'sAnimationInfo[4].animation')
/home/david/Documents/RockBox_Personal-master/devsrc/nano-soh-runtime/Shipwright/soh/src/overlays/actors/ovl_En_Daiku/z_en_daiku.c: In function 'EnDaiku_Init':
/home/david/Documents/RockBox_Personal-master/devsrc/nano-soh-runtime/Shipwright/soh/src/overlays/actors/ovl_En_Daiku/z_en_daiku.c:177:48: warning: passing argument 3 of 'SkelAnime_InitFlex' from incompatible pointer type [-Wincompatible-pointer-types]
  177 |     SkelAnime_InitFlex(play, &this->skelAnime, &object_daiku_Skel_007958, NULL, this->jointTable, this->morphTable, 17);
      |                                                ^~~~~~~~~~~~~~~~~~~~~~~~~
      |                                                |
      |                                                const char (*)[53]
In file included from /home/david/Documents/RockBox_Personal-master/devsrc/nano-soh-runtime/Shipwright/soh/include/global.h:8,
                 from /home/david/Documents/RockBox_Personal-master/devsrc/nano-soh-runtime/Shipwright/soh/src/overlays/actors/ovl_En_Daiku/z_en_daiku.h:5,
                 from /home/david/Documents/RockBox_Personal-master/devsrc/nano-soh-runtime/Shipwright/soh/src/overlays/actors/ovl_En_Daiku/z_en_daiku.c:1:
/home/david/Documents/RockBox_Personal-master/devsrc/nano-soh-runtime/Shipwright/soh/include/functions.h:1329:83: note: expected 'FlexSkeletonHeader *' but argument is of type 'const char (*)[53]'
 1329 | s32 SkelAnime_InitFlex(PlayState* play, SkelAnime* skelAnime, FlexSkeletonHeader* skeletonHeaderSeg,
      |                                                               ~~~~~~~~~~~~~~~~~~~~^~~~~~~~~~~~~~~~~
/home/david/Documents/RockBox_Personal-master/devsrc/nano-soh-runtime/Shipwright/soh/src/overlays/actors/ovl_En_Daiku/z_en_daiku.c: In function 'EnDaiku_PostLimbDraw':
/home/david/Documents/RockBox_Personal-master/devsrc/nano-soh-runtime/Shipwright/soh/src/overlays/actors/ovl_En_Daiku/z_en_daiku.c:640:34: warning: initialization of 'Gfx *' from incompatible pointer type 'const char *' [-Wincompatible-pointer-types]
  640 |     static Gfx* hairDLists[] = { object_daiku_DL_005BD0, object_daiku_DL_005AC0, object_daiku_DL_005990,
      |                                  ^~~~~~~~~~~~~~~~~~~~~~
/home/david/Documents/RockBox_Personal-master/devsrc/nano-soh-runtime/Shipwright/soh/src/overlays/actors/ovl_En_Daiku/z_en_daiku.c:640:34: note: (near initialization for 'hairDLists[0]')
/home/david/Documents/RockBox_Personal-master/devsrc/nano-soh-runtime/Shipwright/soh/src/overlays/actors/ovl_En_Daiku/z_en_daiku.c:640:58: warning: initialization of 'Gfx *' from incompatible pointer type 'const char *' [-Wincompatible-pointer-types]
  640 |     static Gfx* hairDLists[] = { object_daiku_DL_005BD0, object_daiku_DL_005AC0, object_daiku_DL_005990,
      |                                                          ^~~~~~~~~~~~~~~~~~~~~~
/home/david/Documents/RockBox_Personal-master/devsrc/nano-soh-runtime/Shipwright/soh/src/overlays/actors/ovl_En_Daiku/z_en_daiku.c:640:58: note: (near initialization for 'hairDLists[1]')
/home/david/Documents/RockBox_Personal-master/devsrc/nano-soh-runtime/Shipwright/soh/src/overlays/actors/ovl_En_Daiku/z_en_daiku.c:640:82: warning: initialization of 'Gfx *' from incompatible pointer type 'const char *' [-Wincompatible-pointer-types]
  640 |     static Gfx* hairDLists[] = { object_daiku_DL_005BD0, object_daiku_DL_005AC0, object_daiku_DL_005990,
      |                                                                                  ^~~~~~~~~~~~~~~~~~~~~~
/home/david/Documents/RockBox_Personal-master/devsrc/nano-soh-runtime/Shipwright/soh/src/overlays/actors/ovl_En_Daiku/z_en_daiku.c:640:82: note: (near initialization for 'hairDLists[2]')
/home/david/Documents/RockBox_Personal-master/devsrc/nano-soh-runtime/Shipwright/soh/src/overlays/actors/ovl_En_Daiku/z_en_daiku.c:641:34: warning: initialization of 'Gfx *' from incompatible pointer type 'const char *' [-Wincompatible-pointer-types]
  641 |                                  object_daiku_DL_005880 };
      |                                  ^~~~~~~~~~~~~~~~~~~~~~
/home/david/Documents/RockBox_Personal-master/devsrc/nano-soh-runtime/Shipwright/soh/src/overlays/actors/ovl_En_Daiku/z_en_daiku.c:641:34: note: (near initialization for 'hairDLists[3]')
