/home/david/Documents/RockBox_Personal-master/devsrc/nano-soh-runtime/Shipwright/soh/src/overlays/actors/ovl_En_Hy/z_en_hy.c:73:36: warning: initialization discards 'const' qualifier from pointer target type [-Wdiscarded-qualifiers]
   73 | static void* sEyeTexturesAOB[] = { gDogLadyEyeOpenTex, gDogLadyEyeHalfTex, gDogLadyEyeClosedTex, NULL };
      |                                    ^~~~~~~~~~~~~~~~~~
/home/david/Documents/RockBox_Personal-master/devsrc/nano-soh-runtime/Shipwright/soh/src/overlays/actors/ovl_En_Hy/z_en_hy.c:73:56: warning: initialization discards 'const' qualifier from pointer target type [-Wdiscarded-qualifiers]
   73 | static void* sEyeTexturesAOB[] = { gDogLadyEyeOpenTex, gDogLadyEyeHalfTex, gDogLadyEyeClosedTex, NULL };
      |                                                        ^~~~~~~~~~~~~~~~~~
/home/david/Documents/RockBox_Personal-master/devsrc/nano-soh-runtime/Shipwright/soh/src/overlays/actors/ovl_En_Hy/z_en_hy.c:73:76: warning: initialization discards 'const' qualifier from pointer target type [-Wdiscarded-qualifiers]
   73 | static void* sEyeTexturesAOB[] = { gDogLadyEyeOpenTex, gDogLadyEyeHalfTex, gDogLadyEyeClosedTex, NULL };
      |                                                                            ^~~~~~~~~~~~~~~~~~~~
/home/david/Documents/RockBox_Personal-master/devsrc/nano-soh-runtime/Shipwright/soh/src/overlays/actors/ovl_En_Hy/z_en_hy.c:74:37: warning: initialization discards 'const' qualifier from pointer target type [-Wdiscarded-qualifiers]
   74 | static void* sEyeTexturesAHG7[] = { object_ahg_Tex_00057C, object_ahg_Tex_00067C, object_ahg_Tex_00077C, NULL };
      |                                     ^~~~~~~~~~~~~~~~~~~~~
/home/david/Documents/RockBox_Personal-master/devsrc/nano-soh-runtime/Shipwright/soh/src/overlays/actors/ovl_En_Hy/z_en_hy.c:74:60: warning: initialization discards 'const' qualifier from pointer target type [-Wdiscarded-qualifiers]
   74 | static void* sEyeTexturesAHG7[] = { object_ahg_Tex_00057C, object_ahg_Tex_00067C, object_ahg_Tex_00077C, NULL };
      |                                                            ^~~~~~~~~~~~~~~~~~~~~
/home/david/Documents/RockBox_Personal-master/devsrc/nano-soh-runtime/Shipwright/soh/src/overlays/actors/ovl_En_Hy/z_en_hy.c:74:83: warning: initialization discards 'const' qualifier from pointer target type [-Wdiscarded-qualifiers]
   74 | static void* sEyeTexturesAHG7[] = { object_ahg_Tex_00057C, object_ahg_Tex_00067C, object_ahg_Tex_00077C, NULL };
      |                                                                                   ^~~~~~~~~~~~~~~~~~~~~
/home/david/Documents/RockBox_Personal-master/devsrc/nano-soh-runtime/Shipwright/soh/src/overlays/actors/ovl_En_Hy/z_en_hy.c:75:36: warning: initialization discards 'const' qualifier from pointer target type [-Wdiscarded-qualifiers]
   75 | static void* sEyeTexturesBBA[] = { object_bba_Tex_0004C8, NULL };
      |                                    ^~~~~~~~~~~~~~~~~~~~~
/home/david/Documents/RockBox_Personal-master/devsrc/nano-soh-runtime/Shipwright/soh/src/overlays/actors/ovl_En_Hy/z_en_hy.c:76:38: warning: initialization discards 'const' qualifier from pointer target type [-Wdiscarded-qualifiers]
   76 | static void* sEyeTexturesBJI13[] = { object_bji_Tex_0005FC, object_bji_Tex_0009FC, object_bji_Tex_000DFC, NULL };
      |                                      ^~~~~~~~~~~~~~~~~~~~~
/home/david/Documents/RockBox_Personal-master/devsrc/nano-soh-runtime/Shipwright/soh/src/overlays/actors/ovl_En_Hy/z_en_hy.c:76:61: warning: initialization discards 'const' qualifier from pointer target type [-Wdiscarded-qualifiers]
   76 | static void* sEyeTexturesBJI13[] = { object_bji_Tex_0005FC, object_bji_Tex_0009FC, object_bji_Tex_000DFC, NULL };
      |                                                             ^~~~~~~~~~~~~~~~~~~~~
/home/david/Documents/RockBox_Personal-master/devsrc/nano-soh-runtime/Shipwright/soh/src/overlays/actors/ovl_En_Hy/z_en_hy.c:76:84: warning: initialization discards 'const' qualifier from pointer target type [-Wdiscarded-qualifiers]
   76 | static void* sEyeTexturesBJI13[] = { object_bji_Tex_0005FC, object_bji_Tex_0009FC, object_bji_Tex_000DFC, NULL };
      |                                                                                    ^~~~~~~~~~~~~~~~~~~~~
/home/david/Documents/RockBox_Personal-master/devsrc/nano-soh-runtime/Shipwright/soh/src/overlays/actors/ovl_En_Hy/z_en_hy.c:77:37: warning: initialization discards 'const' qualifier from pointer target type [-Wdiscarded-qualifiers]
   77 | static void* sEyeTexturesBOJ2[] = { object_boj_Tex_0005FC, object_boj_Tex_0006FC, object_boj_Tex_0007FC, NULL };
      |                                     ^~~~~~~~~~~~~~~~~~~~~
/home/david/Documents/RockBox_Personal-master/devsrc/nano-soh-runtime/Shipwright/soh/src/overlays/actors/ovl_En_Hy/z_en_hy.c:77:60: warning: initialization discards 'const' qualifier from pointer target type [-Wdiscarded-qualifiers]
   77 | static void* sEyeTexturesBOJ2[] = { object_boj_Tex_0005FC, object_boj_Tex_0006FC, object_boj_Tex_0007FC, NULL };
      |                                                            ^~~~~~~~~~~~~~~~~~~~~
/home/david/Documents/RockBox_Personal-master/devsrc/nano-soh-runtime/Shipwright/soh/src/overlays/actors/ovl_En_Hy/z_en_hy.c:77:83: warning: initialization discards 'const' qualifier from pointer target type [-Wdiscarded-qualifiers]
   77 | static void* sEyeTexturesBOJ2[] = { object_boj_Tex_0005FC, object_boj_Tex_0006FC, object_boj_Tex_0007FC, NULL };
      |                                                                                   ^~~~~~~~~~~~~~~~~~~~~
/home/david/Documents/RockBox_Personal-master/devsrc/nano-soh-runtime/Shipwright/soh/src/overlays/actors/ovl_En_Hy/z_en_hy.c:78:36: warning: initialization discards 'const' qualifier from pointer target type [-Wdiscarded-qualifiers]
   78 | static void* sEyeTexturesBOB[] = { object_bob_Tex_0007C8, object_bob_Tex_000FC8, object_bob_Tex_0017C8, NULL };
      |                                    ^~~~~~~~~~~~~~~~~~~~~
/home/david/Documents/RockBox_Personal-master/devsrc/nano-soh-runtime/Shipwright/soh/src/overlays/actors/ovl_En_Hy/z_en_hy.c:78:59: warning: initialization discards 'const' qualifier from pointer target type [-Wdiscarded-qualifiers]
   78 | static void* sEyeTexturesBOB[] = { object_bob_Tex_0007C8, object_bob_Tex_000FC8, object_bob_Tex_0017C8, NULL };
      |                                                           ^~~~~~~~~~~~~~~~~~~~~
/home/david/Documents/RockBox_Personal-master/devsrc/nano-soh-runtime/Shipwright/soh/src/overlays/actors/ovl_En_Hy/z_en_hy.c:78:82: warning: initialization discards 'const' qualifier from pointer target type [-Wdiscarded-qualifiers]
   78 | static void* sEyeTexturesBOB[] = { object_bob_Tex_0007C8, object_bob_Tex_000FC8, object_bob_Tex_0017C8, NULL };
      |                                                                                  ^~~~~~~~~~~~~~~~~~~~~
/home/david/Documents/RockBox_Personal-master/devsrc/nano-soh-runtime/Shipwright/soh/src/overlays/actors/ovl_En_Hy/z_en_hy.c:106:39: warning: initialization of 'Gfx *' from incompatible pointer type 'const char *' [-Wincompatible-pointer-types]
  106 |     /* ENHY_HEAD_AOB */ { OBJECT_AOB, gDogLadyHeadDL, sEyeTexturesAOB },
      |                                       ^~~~~~~~~~~~~~
/home/david/Documents/RockBox_Personal-master/devsrc/nano-soh-runtime/Shipwright/soh/src/overlays/actors/ovl_En_Hy/z_en_hy.c:106:39: note: (near initialization for 'sHeadInfo[0].headDList')
/home/david/Documents/RockBox_Personal-master/devsrc/nano-soh-runtime/Shipwright/soh/src/overlays/actors/ovl_En_Hy/z_en_hy.c:107:39: warning: initialization of 'Gfx *' from incompatible pointer type 'const char *' [-Wincompatible-pointer-types]
  107 |     /* ENHY_HEAD_BOB */ { OBJECT_BOB, object_bob_DL_003B78, sEyeTexturesBOB },
      |                                       ^~~~~~~~~~~~~~~~~~~~
/home/david/Documents/RockBox_Personal-master/devsrc/nano-soh-runtime/Shipwright/soh/src/overlays/actors/ovl_En_Hy/z_en_hy.c:107:39: note: (near initialization for 'sHeadInfo[1].headDList')
/home/david/Documents/RockBox_Personal-master/devsrc/nano-soh-runtime/Shipwright/soh/src/overlays/actors/ovl_En_Hy/z_en_hy.c:108:41: warning: initialization of 'Gfx *' from incompatible pointer type 'const char *' [-Wincompatible-pointer-types]
  108 |     /* ENHY_HEAD_BOJ_2 */ { OBJECT_BOJ, object_boj_DL_0026F0, sEyeTexturesBOJ2 },
      |                                         ^~~~~~~~~~~~~~~~~~~~
/home/david/Documents/RockBox_Personal-master/devsrc/nano-soh-runtime/Shipwright/soh/src/overlays/actors/ovl_En_Hy/z_en_hy.c:108:41: note: (near initialization for 'sHeadInfo[2].headDList')
/home/david/Documents/RockBox_Personal-master/devsrc/nano-soh-runtime/Shipwright/soh/src/overlays/actors/ovl_En_Hy/z_en_hy.c:109:41: warning: initialization of 'Gfx *' from incompatible pointer type 'const char *' [-Wincompatible-pointer-types]
  109 |     /* ENHY_HEAD_BOJ_3 */ { OBJECT_BOJ, object_boj_DL_0052E0, NULL },
      |                                         ^~~~~~~~~~~~~~~~~~~~
/home/david/Documents/RockBox_Personal-master/devsrc/nano-soh-runtime/Shipwright/soh/src/overlays/actors/ovl_En_Hy/z_en_hy.c:109:41: note: (near initialization for 'sHeadInfo[3].headDList')
/home/david/Documents/RockBox_Personal-master/devsrc/nano-soh-runtime/Shipwright/soh/src/overlays/actors/ovl_En_Hy/z_en_hy.c:110:41: warning: initialization of 'Gfx *' from incompatible pointer type 'const char *' [-Wincompatible-pointer-types]
  110 |     /* ENHY_HEAD_BOJ_4 */ { OBJECT_BOJ, object_boj_DL_005528, NULL },
      |                                         ^~~~~~~~~~~~~~~~~~~~
/home/david/Documents/RockBox_Personal-master/devsrc/nano-soh-runtime/Shipwright/soh/src/overlays/actors/ovl_En_Hy/z_en_hy.c:110:41: note: (near initialization for 'sHeadInfo[4].headDList')
/home/david/Documents/RockBox_Personal-master/devsrc/nano-soh-runtime/Shipwright/soh/src/overlays/actors/ovl_En_Hy/z_en_hy.c:111:41: warning: initialization of 'Gfx *' from incompatible pointer type 'const char *' [-Wincompatible-pointer-types]
  111 |     /* ENHY_HEAD_BOJ_5 */ { OBJECT_BOJ, object_boj_DL_005738, NULL },
      |                                         ^~~~~~~~~~~~~~~~~~~~
/home/david/Documents/RockBox_Personal-master/devsrc/nano-soh-runtime/Shipwright/soh/src/overlays/actors/ovl_En_Hy/z_en_hy.c:111:41: note: (near initialization for 'sHeadInfo[5].headDList')
/home/david/Documents/RockBox_Personal-master/devsrc/nano-soh-runtime/Shipwright/soh/src/overlays/actors/ovl_En_Hy/z_en_hy.c:112:41: warning: initialization of 'Gfx *' from incompatible pointer type 'const char *' [-Wincompatible-pointer-types]
  112 |     /* ENHY_HEAD_BOJ_6 */ { OBJECT_BOJ, object_boj_DL_0059B0, NULL },
      |                                         ^~~~~~~~~~~~~~~~~~~~
/home/david/Documents/RockBox_Personal-master/devsrc/nano-soh-runtime/Shipwright/soh/src/overlays/actors/ovl_En_Hy/z_en_hy.c:112:41: note: (near initialization for 'sHeadInfo[6].headDList')
/home/david/Documents/RockBox_Personal-master/devsrc/nano-soh-runtime/Shipwright/soh/src/overlays/actors/ovl_En_Hy/z_en_hy.c:113:41: warning: initialization of 'Gfx *' from incompatible pointer type 'const char *' [-Wincompatible-pointer-types]
  113 |     /* ENHY_HEAD_AHG_7 */ { OBJECT_AHG, object_ahg_DL_0030F0, sEyeTexturesAHG7 },
      |                                         ^~~~~~~~~~~~~~~~~~~~
/home/david/Documents/RockBox_Personal-master/devsrc/nano-soh-runtime/Shipwright/soh/src/overlays/actors/ovl_En_Hy/z_en_hy.c:113:41: note: (near initialization for 'sHeadInfo[7].headDList')
/home/david/Documents/RockBox_Personal-master/devsrc/nano-soh-runtime/Shipwright/soh/src/overlays/actors/ovl_En_Hy/z_en_hy.c:114:41: warning: initialization of 'Gfx *' from incompatible pointer type 'const char *' [-Wincompatible-pointer-types]
  114 |     /* ENHY_HEAD_AHG_8 */ { OBJECT_AHG, object_ahg_DL_005508, NULL },
      |                                         ^~~~~~~~~~~~~~~~~~~~
/home/david/Documents/RockBox_Personal-master/devsrc/nano-soh-runtime/Shipwright/soh/src/overlays/actors/ovl_En_Hy/z_en_hy.c:114:41: note: (near initialization for 'sHeadInfo[8].headDList')
/home/david/Documents/RockBox_Personal-master/devsrc/nano-soh-runtime/Shipwright/soh/src/overlays/actors/ovl_En_Hy/z_en_hy.c:115:41: warning: initialization of 'Gfx *' from incompatible pointer type 'const char *' [-Wincompatible-pointer-types]
  115 |     /* ENHY_HEAD_AHG_9 */ { OBJECT_AHG, object_ahg_DL_005728, NULL },
      |                                         ^~~~~~~~~~~~~~~~~~~~
/home/david/Documents/RockBox_Personal-master/devsrc/nano-soh-runtime/Shipwright/soh/src/overlays/actors/ovl_En_Hy/z_en_hy.c:115:41: note: (near initialization for 'sHeadInfo[9].headDList')
/home/david/Documents/RockBox_Personal-master/devsrc/nano-soh-runtime/Shipwright/soh/src/overlays/actors/ovl_En_Hy/z_en_hy.c:116:39: warning: initialization of 'Gfx *' from incompatible pointer type 'const char *' [-Wincompatible-pointer-types]
  116 |     /* ENHY_HEAD_BBA */ { OBJECT_BBA, object_bba_DL_002948, sEyeTexturesBBA },
      |                                       ^~~~~~~~~~~~~~~~~~~~
/home/david/Documents/RockBox_Personal-master/devsrc/nano-soh-runtime/Shipwright/soh/src/overlays/actors/ovl_En_Hy/z_en_hy.c:116:39: note: (near initialization for 'sHeadInfo[10].headDList')
/home/david/Documents/RockBox_Personal-master/devsrc/nano-soh-runtime/Shipwright/soh/src/overlays/actors/ovl_En_Hy/z_en_hy.c:117:42: warning: initialization of 'Gfx *' from incompatible pointer type 'const char *' [-Wincompatible-pointer-types]
  117 |     /* ENHY_HEAD_CNE_11 */ { OBJECT_CNE, gCneHeadBrownHairDL, NULL },
      |                                          ^~~~~~~~~~~~~~~~~~~
/home/david/Documents/RockBox_Personal-master/devsrc/nano-soh-runtime/Shipwright/soh/src/overlays/actors/ovl_En_Hy/z_en_hy.c:117:42: note: (near initialization for 'sHeadInfo[11].headDList')
/home/david/Documents/RockBox_Personal-master/devsrc/nano-soh-runtime/Shipwright/soh/src/overlays/actors/ovl_En_Hy/z_en_hy.c:118:42: warning: initialization of 'Gfx *' from incompatible pointer type 'const char *' [-Wincompatible-pointer-types]
  118 |     /* ENHY_HEAD_CNE_12 */ { OBJECT_CNE, gCneHeadOrangeHairDL, NULL },
      |                                          ^~~~~~~~~~~~~~~~~~~~
/home/david/Documents/RockBox_Personal-master/devsrc/nano-soh-runtime/Shipwright/soh/src/overlays/actors/ovl_En_Hy/z_en_hy.c:118:42: note: (near initialization for 'sHeadInfo[12].headDList')
/home/david/Documents/RockBox_Personal-master/devsrc/nano-soh-runtime/Shipwright/soh/src/overlays/actors/ovl_En_Hy/z_en_hy.c:119:42: warning: initialization of 'Gfx *' from incompatible pointer type 'const char *' [-Wincompatible-pointer-types]
  119 |     /* ENHY_HEAD_BJI_13 */ { OBJECT_BJI, object_bji_DL_002560, sEyeTexturesBJI13 },
      |                                          ^~~~~~~~~~~~~~~~~~~~
/home/david/Documents/RockBox_Personal-master/devsrc/nano-soh-runtime/Shipwright/soh/src/overlays/actors/ovl_En_Hy/z_en_hy.c:119:42: note: (near initialization for 'sHeadInfo[13].headDList')
/home/david/Documents/RockBox_Personal-master/devsrc/nano-soh-runtime/Shipwright/soh/src/overlays/actors/ovl_En_Hy/z_en_hy.c:120:42: warning: initialization of 'Gfx *' from incompatible pointer type 'const char *' [-Wincompatible-pointer-types]
  120 |     /* ENHY_HEAD_BJI_14 */ { OBJECT_BJI, object_bji_DL_003F68, NULL },
      |                                          ^~~~~~~~~~~~~~~~~~~~
/home/david/Documents/RockBox_Personal-master/devsrc/nano-soh-runtime/Shipwright/soh/src/overlays/actors/ovl_En_Hy/z_en_hy.c:120:42: note: (near initialization for 'sHeadInfo[14].headDList')
/home/david/Documents/RockBox_Personal-master/devsrc/nano-soh-runtime/Shipwright/soh/src/overlays/actors/ovl_En_Hy/z_en_hy.c:121:39: warning: initialization of 'Gfx *' from incompatible pointer type 'const char *' [-Wincompatible-pointer-types]
  121 |     /* ENHY_HEAD_COB */ { OBJECT_COB, object_cob_DL_001300, NULL },
      |                                       ^~~~~~~~~~~~~~~~~~~~
/home/david/Documents/RockBox_Personal-master/devsrc/nano-soh-runtime/Shipwright/soh/src/overlays/actors/ovl_En_Hy/z_en_hy.c:121:39: note: (near initialization for 'sHeadInfo[15].headDList')
/home/david/Documents/RockBox_Personal-master/devsrc/nano-soh-runtime/Shipwright/soh/src/overlays/actors/ovl_En_Hy/z_en_hy.c:141:39: warning: initialization of 'FlexSkeletonHeader *' from incompatible pointer type 'const char (*)[39]' [-Wincompatible-pointer-types]
  141 |     /* ENHY_SKEL_AOB */ { OBJECT_AOB, &gDogLadySkel },
      |                                       ^
/home/david/Documents/RockBox_Personal-master/devsrc/nano-soh-runtime/Shipwright/soh/src/overlays/actors/ovl_En_Hy/z_en_hy.c:141:39: note: (near initialization for 'sSkeletonInfo[0].skeleton')
/home/david/Documents/RockBox_Personal-master/devsrc/nano-soh-runtime/Shipwright/soh/src/overlays/actors/ovl_En_Hy/z_en_hy.c:142:39: warning: initialization of 'FlexSkeletonHeader *' from incompatible pointer type 'const char (*)[49]' [-Wincompatible-pointer-types]
  142 |     /* ENHY_SKEL_BOB */ { OBJECT_BOB, &object_bob_Skel_0000F0 },
      |                                       ^
/home/david/Documents/RockBox_Personal-master/devsrc/nano-soh-runtime/Shipwright/soh/src/overlays/actors/ovl_En_Hy/z_en_hy.c:142:39: note: (near initialization for 'sSkeletonInfo[1].skeleton')
/home/david/Documents/RockBox_Personal-master/devsrc/nano-soh-runtime/Shipwright/soh/src/overlays/actors/ovl_En_Hy/z_en_hy.c:143:39: warning: initialization of 'FlexSkeletonHeader *' from incompatible pointer type 'const char (*)[49]' [-Wincompatible-pointer-types]
  143 |     /* ENHY_SKEL_BOJ */ { OBJECT_BOJ, &object_boj_Skel_0000F0 },
      |                                       ^
/home/david/Documents/RockBox_Personal-master/devsrc/nano-soh-runtime/Shipwright/soh/src/overlays/actors/ovl_En_Hy/z_en_hy.c:143:39: note: (near initialization for 'sSkeletonInfo[2].skeleton')
/home/david/Documents/RockBox_Personal-master/devsrc/nano-soh-runtime/Shipwright/soh/src/overlays/actors/ovl_En_Hy/z_en_hy.c:144:39: warning: initialization of 'FlexSkeletonHeader *' from incompatible pointer type 'const char (*)[49]' [-Wincompatible-pointer-types]
  144 |     /* ENHY_SKEL_AHG */ { OBJECT_AHG, &object_ahg_Skel_0000F0 },
      |                                       ^
/home/david/Documents/RockBox_Personal-master/devsrc/nano-soh-runtime/Shipwright/soh/src/overlays/actors/ovl_En_Hy/z_en_hy.c:144:39: note: (near initialization for 'sSkeletonInfo[3].skeleton')
/home/david/Documents/RockBox_Personal-master/devsrc/nano-soh-runtime/Shipwright/soh/src/overlays/actors/ovl_En_Hy/z_en_hy.c:145:39: warning: initialization of 'FlexSkeletonHeader *' from incompatible pointer type 'const char (*)[49]' [-Wincompatible-pointer-types]
  145 |     /* ENHY_SKEL_BBA */ { OBJECT_BBA, &object_bba_Skel_0000F0 },
      |                                       ^
/home/david/Documents/RockBox_Personal-master/devsrc/nano-soh-runtime/Shipwright/soh/src/overlays/actors/ovl_En_Hy/z_en_hy.c:145:39: note: (near initialization for 'sSkeletonInfo[4].skeleton')
/home/david/Documents/RockBox_Personal-master/devsrc/nano-soh-runtime/Shipwright/soh/src/overlays/actors/ovl_En_Hy/z_en_hy.c:146:39: warning: initialization of 'FlexSkeletonHeader *' from incompatible pointer type 'const char (*)[35]' [-Wincompatible-pointer-types]
  146 |     /* ENHY_SKEL_CNE */ { OBJECT_CNE, &gCneSkel },
      |                                       ^
/home/david/Documents/RockBox_Personal-master/devsrc/nano-soh-runtime/Shipwright/soh/src/overlays/actors/ovl_En_Hy/z_en_hy.c:146:39: note: (near initialization for 'sSkeletonInfo[5].skeleton')
/home/david/Documents/RockBox_Personal-master/devsrc/nano-soh-runtime/Shipwright/soh/src/overlays/actors/ovl_En_Hy/z_en_hy.c:147:39: warning: initialization of 'FlexSkeletonHeader *' from incompatible pointer type 'const char (*)[49]' [-Wincompatible-pointer-types]
  147 |     /* ENHY_SKEL_BJI */ { OBJECT_BJI, &object_bji_Skel_0000F0 },
      |                                       ^
/home/david/Documents/RockBox_Personal-master/devsrc/nano-soh-runtime/Shipwright/soh/src/overlays/actors/ovl_En_Hy/z_en_hy.c:147:39: note: (near initialization for 'sSkeletonInfo[6].skeleton')
/home/david/Documents/RockBox_Personal-master/devsrc/nano-soh-runtime/Shipwright/soh/src/overlays/actors/ovl_En_Hy/z_en_hy.c:148:39: warning: initialization of 'FlexSkeletonHeader *' from incompatible pointer type 'const char (*)[49]' [-Wincompatible-pointer-types]
  148 |     /* ENHY_SKEL_COB */ { OBJECT_COB, &object_cob_Skel_0021F8 },
      |                                       ^
/home/david/Documents/RockBox_Personal-master/devsrc/nano-soh-runtime/Shipwright/soh/src/overlays/actors/ovl_En_Hy/z_en_hy.c:148:39: note: (near initialization for 'sSkeletonInfo[7].skeleton')
/home/david/Documents/RockBox_Personal-master/devsrc/nano-soh-runtime/Shipwright/soh/src/overlays/actors/ovl_En_Hy/z_en_hy.c:182:25: warning: initialization of 'AnimationHeader *' from incompatible pointer type 'const char (*)[47]' [-Wincompatible-pointer-types]
  182 |     /* ENHY_ANIM_0 */ { &gObjOsAnim_092C, 1.0f, 0.0f, -1.0f, 0x00, 0.0f },
      |                         ^
/home/david/Documents/RockBox_Personal-master/devsrc/nano-soh-runtime/Shipwright/soh/src/overlays/actors/ovl_En_Hy/z_en_hy.c:182:25: note: (near initialization for 'sAnimationInfo[0].animation')
/home/david/Documents/RockBox_Personal-master/devsrc/nano-soh-runtime/Shipwright/soh/src/overlays/actors/ovl_En_Hy/z_en_hy.c:183:25: warning: initialization of 'AnimationHeader *' from incompatible pointer type 'const char (*)[47]' [-Wincompatible-pointer-types]
  183 |     /* ENHY_ANIM_1 */ { &gObjOsAnim_0228, 1.0f, 0.0f, -1.0f, 0x00, 0.0f },
      |                         ^
/home/david/Documents/RockBox_Personal-master/devsrc/nano-soh-runtime/Shipwright/soh/src/overlays/actors/ovl_En_Hy/z_en_hy.c:183:25: note: (near initialization for 'sAnimationInfo[1].animation')
/home/david/Documents/RockBox_Personal-master/devsrc/nano-soh-runtime/Shipwright/soh/src/overlays/actors/ovl_En_Hy/z_en_hy.c:184:25: warning: initialization of 'AnimationHeader *' from incompatible pointer type 'const char (*)[47]' [-Wincompatible-pointer-types]
  184 |     /* ENHY_ANIM_2 */ { &gObjOsAnim_4CF4, 1.0f, 0.0f, -1.0f, 0x00, 0.0f },
      |                         ^
/home/david/Documents/RockBox_Personal-master/devsrc/nano-soh-runtime/Shipwright/soh/src/overlays/actors/ovl_En_Hy/z_en_hy.c:184:25: note: (near initialization for 'sAnimationInfo[2].animation')
/home/david/Documents/RockBox_Personal-master/devsrc/nano-soh-runtime/Shipwright/soh/src/overlays/actors/ovl_En_Hy/z_en_hy.c:185:25: warning: initialization of 'AnimationHeader *' from incompatible pointer type 'const char (*)[47]' [-Wincompatible-pointer-types]
  185 |     /* ENHY_ANIM_3 */ { &gObjOsAnim_16EC, 1.0f, 0.0f, -1.0f, 0x00, 0.0f },
      |                         ^
/home/david/Documents/RockBox_Personal-master/devsrc/nano-soh-runtime/Shipwright/soh/src/overlays/actors/ovl_En_Hy/z_en_hy.c:185:25: note: (near initialization for 'sAnimationInfo[3].animation')
/home/david/Documents/RockBox_Personal-master/devsrc/nano-soh-runtime/Shipwright/soh/src/overlays/actors/ovl_En_Hy/z_en_hy.c:186:25: warning: initialization of 'AnimationHeader *' from incompatible pointer type 'const char (*)[47]' [-Wincompatible-pointer-types]
  186 |     /* ENHY_ANIM_4 */ { &gObjOsAnim_265C, 1.0f, 0.0f, -1.0f, 0x00, 0.0f },
      |                         ^
/home/david/Documents/RockBox_Personal-master/devsrc/nano-soh-runtime/Shipwright/soh/src/overlays/actors/ovl_En_Hy/z_en_hy.c:186:25: note: (near initialization for 'sAnimationInfo[4].animation')
/home/david/Documents/RockBox_Personal-master/devsrc/nano-soh-runtime/Shipwright/soh/src/overlays/actors/ovl_En_Hy/z_en_hy.c:187:25: warning: initialization of 'AnimationHeader *' from incompatible pointer type 'const char (*)[47]' [-Wincompatible-pointer-types]
  187 |     /* ENHY_ANIM_5 */ { &gObjOsAnim_42AC, 1.0f, 0.0f, -1.0f, 0x00, 0.0f },
      |                         ^
/home/david/Documents/RockBox_Personal-master/devsrc/nano-soh-runtime/Shipwright/soh/src/overlays/actors/ovl_En_Hy/z_en_hy.c:187:25: note: (near initialization for 'sAnimationInfo[5].animation')
/home/david/Documents/RockBox_Personal-master/devsrc/nano-soh-runtime/Shipwright/soh/src/overlays/actors/ovl_En_Hy/z_en_hy.c:188:25: warning: initialization of 'AnimationHeader *' from incompatible pointer type 'const char (*)[47]' [-Wincompatible-pointer-types]
  188 |     /* ENHY_ANIM_6 */ { &gObjOsAnim_28DC, 1.0f, 0.0f, -1.0f, 0x00, 0.0f },
      |                         ^
/home/david/Documents/RockBox_Personal-master/devsrc/nano-soh-runtime/Shipwright/soh/src/overlays/actors/ovl_En_Hy/z_en_hy.c:188:25: note: (near initialization for 'sAnimationInfo[6].animation')
/home/david/Documents/RockBox_Personal-master/devsrc/nano-soh-runtime/Shipwright/soh/src/overlays/actors/ovl_En_Hy/z_en_hy.c:189:25: warning: initialization of 'AnimationHeader *' from incompatible pointer type 'const char (*)[47]' [-Wincompatible-pointer-types]
  189 |     /* ENHY_ANIM_7 */ { &gObjOsAnim_2160, 1.0f, 0.0f, -1.0f, 0x00, -10.0f },
      |                         ^
/home/david/Documents/RockBox_Personal-master/devsrc/nano-soh-runtime/Shipwright/soh/src/overlays/actors/ovl_En_Hy/z_en_hy.c:189:25: note: (near initialization for 'sAnimationInfo[7].animation')
/home/david/Documents/RockBox_Personal-master/devsrc/nano-soh-runtime/Shipwright/soh/src/overlays/actors/ovl_En_Hy/z_en_hy.c:190:25: warning: initialization of 'AnimationHeader *' from incompatible pointer type 'const char (*)[47]' [-Wincompatible-pointer-types]
  190 |     /* ENHY_ANIM_8 */ { &gObjOsAnim_265C, 1.0f, 0.0f, -1.0f, 0x00, -10.0f },
      |                         ^
/home/david/Documents/RockBox_Personal-master/devsrc/nano-soh-runtime/Shipwright/soh/src/overlays/actors/ovl_En_Hy/z_en_hy.c:190:25: note: (near initialization for 'sAnimationInfo[8].animation')
/home/david/Documents/RockBox_Personal-master/devsrc/nano-soh-runtime/Shipwright/soh/src/overlays/actors/ovl_En_Hy/z_en_hy.c:191:25: warning: initialization of 'AnimationHeader *' from incompatible pointer type 'const char (*)[47]' [-Wincompatible-pointer-types]
  191 |     /* ENHY_ANIM_9 */ { &gObjOsAnim_4E90, 1.0f, 0.0f, -1.0f, 0x00, 0.0f },
      |                         ^
/home/david/Documents/RockBox_Personal-master/devsrc/nano-soh-runtime/Shipwright/soh/src/overlays/actors/ovl_En_Hy/z_en_hy.c:191:25: note: (near initialization for 'sAnimationInfo[9].animation')
/home/david/Documents/RockBox_Personal-master/devsrc/nano-soh-runtime/Shipwright/soh/src/overlays/actors/ovl_En_Hy/z_en_hy.c:192:26: warning: initialization of 'AnimationHeader *' from incompatible pointer type 'const char (*)[47]' [-Wincompatible-pointer-types]
  192 |     /* ENHY_ANIM_10 */ { &gObjOsAnim_1E7C, 1.0f, 0.0f, -1.0f, 0x00, 0.0f },
      |                          ^
/home/david/Documents/RockBox_Personal-master/devsrc/nano-soh-runtime/Shipwright/soh/src/overlays/actors/ovl_En_Hy/z_en_hy.c:192:26: note: (near initialization for 'sAnimationInfo[10].animation')
/home/david/Documents/RockBox_Personal-master/devsrc/nano-soh-runtime/Shipwright/soh/src/overlays/actors/ovl_En_Hy/z_en_hy.c:193:26: warning: initialization of 'AnimationHeader *' from incompatible pointer type 'const char (*)[47]' [-Wincompatible-pointer-types]
  193 |     /* ENHY_ANIM_11 */ { &gObjOsAnim_0170, 1.0f, 0.0f, -1.0f, 0x00, 0.0f },
      |                          ^
/home/david/Documents/RockBox_Personal-master/devsrc/nano-soh-runtime/Shipwright/soh/src/overlays/actors/ovl_En_Hy/z_en_hy.c:193:26: note: (near initialization for 'sAnimationInfo[11].animation')
/home/david/Documents/RockBox_Personal-master/devsrc/nano-soh-runtime/Shipwright/soh/src/overlays/actors/ovl_En_Hy/z_en_hy.c:194:26: warning: initialization of 'AnimationHeader *' from incompatible pointer type 'const char (*)[47]' [-Wincompatible-pointer-types]
  194 |     /* ENHY_ANIM_12 */ { &gObjOsAnim_00B4, 1.0f, 0.0f, -1.0f, 0x00, 0.0f },
      |                          ^
/home/david/Documents/RockBox_Personal-master/devsrc/nano-soh-runtime/Shipwright/soh/src/overlays/actors/ovl_En_Hy/z_en_hy.c:194:26: note: (near initialization for 'sAnimationInfo[12].animation')
/home/david/Documents/RockBox_Personal-master/devsrc/nano-soh-runtime/Shipwright/soh/src/overlays/actors/ovl_En_Hy/z_en_hy.c:195:26: warning: initialization of 'AnimationHeader *' from incompatible pointer type 'const char (*)[47]' [-Wincompatible-pointer-types]
  195 |     /* ENHY_ANIM_13 */ { &gObjOsAnim_3D84, 1.0f, 0.0f, -1.0f, 0x00, 0.0f },
      |                          ^
/home/david/Documents/RockBox_Personal-master/devsrc/nano-soh-runtime/Shipwright/soh/src/overlays/actors/ovl_En_Hy/z_en_hy.c:195:26: note: (near initialization for 'sAnimationInfo[13].animation')
/home/david/Documents/RockBox_Personal-master/devsrc/nano-soh-runtime/Shipwright/soh/src/overlays/actors/ovl_En_Hy/z_en_hy.c:196:26: warning: initialization of 'AnimationHeader *' from incompatible pointer type 'const char (*)[47]' [-Wincompatible-pointer-types]
  196 |     /* ENHY_ANIM_14 */ { &gObjOsAnim_41F8, 1.0f, 0.0f, -1.0f, 0x00, 0.0f },
      |                          ^
/home/david/Documents/RockBox_Personal-master/devsrc/nano-soh-runtime/Shipwright/soh/src/overlays/actors/ovl_En_Hy/z_en_hy.c:196:26: note: (near initialization for 'sAnimationInfo[14].animation')
/home/david/Documents/RockBox_Personal-master/devsrc/nano-soh-runtime/Shipwright/soh/src/overlays/actors/ovl_En_Hy/z_en_hy.c:197:26: warning: initialization of 'AnimationHeader *' from incompatible pointer type 'const char (*)[47]' [-Wincompatible-pointer-types]
  197 |     /* ENHY_ANIM_15 */ { &gObjOsAnim_300C, 1.0f, 0.0f, -1.0f, 0x00, 0.0f },
      |                          ^
/home/david/Documents/RockBox_Personal-master/devsrc/nano-soh-runtime/Shipwright/soh/src/overlays/actors/ovl_En_Hy/z_en_hy.c:197:26: note: (near initialization for 'sAnimationInfo[15].animation')
/home/david/Documents/RockBox_Personal-master/devsrc/nano-soh-runtime/Shipwright/soh/src/overlays/actors/ovl_En_Hy/z_en_hy.c:198:26: warning: initialization of 'AnimationHeader *' from incompatible pointer type 'const char (*)[47]' [-Wincompatible-pointer-types]
  198 |     /* ENHY_ANIM_16 */ { &gObjOsAnim_31B0, 1.0f, 0.0f, -1.0f, 0x00, 0.0f },
      |                          ^
/home/david/Documents/RockBox_Personal-master/devsrc/nano-soh-runtime/Shipwright/soh/src/overlays/actors/ovl_En_Hy/z_en_hy.c:198:26: note: (near initialization for 'sAnimationInfo[16].animation')
/home/david/Documents/RockBox_Personal-master/devsrc/nano-soh-runtime/Shipwright/soh/src/overlays/actors/ovl_En_Hy/z_en_hy.c:199:26: warning: initialization of 'AnimationHeader *' from incompatible pointer type 'const char (*)[47]' [-Wincompatible-pointer-types]
  199 |     /* ENHY_ANIM_17 */ { &gObjOsAnim_31B0, 1.0f, 0.0f, -1.0f, 0x00, -8.0f },
      |                          ^
/home/david/Documents/RockBox_Personal-master/devsrc/nano-soh-runtime/Shipwright/soh/src/overlays/actors/ovl_En_Hy/z_en_hy.c:199:26: note: (near initialization for 'sAnimationInfo[17].animation')
/home/david/Documents/RockBox_Personal-master/devsrc/nano-soh-runtime/Shipwright/soh/src/overlays/actors/ovl_En_Hy/z_en_hy.c:200:26: warning: initialization of 'AnimationHeader *' from incompatible pointer type 'const char (*)[47]' [-Wincompatible-pointer-types]
  200 |     /* ENHY_ANIM_18 */ { &gObjOsAnim_2D0C, 1.0f, 0.0f, -1.0f, 0x00, 0.0f },
      |                          ^
/home/david/Documents/RockBox_Personal-master/devsrc/nano-soh-runtime/Shipwright/soh/src/overlays/actors/ovl_En_Hy/z_en_hy.c:200:26: note: (near initialization for 'sAnimationInfo[18].animation')
/home/david/Documents/RockBox_Personal-master/devsrc/nano-soh-runtime/Shipwright/soh/src/overlays/actors/ovl_En_Hy/z_en_hy.c:201:26: warning: initialization of 'AnimationHeader *' from incompatible pointer type 'const char (*)[47]' [-Wincompatible-pointer-types]
  201 |     /* ENHY_ANIM_19 */ { &gObjOsAnim_2DC0, 1.0f, 0.0f, -1.0f, 0x00, 0.0f },
      |                          ^
/home/david/Documents/RockBox_Personal-master/devsrc/nano-soh-runtime/Shipwright/soh/src/overlays/actors/ovl_En_Hy/z_en_hy.c:201:26: note: (near initialization for 'sAnimationInfo[19].animation')
/home/david/Documents/RockBox_Personal-master/devsrc/nano-soh-runtime/Shipwright/soh/src/overlays/actors/ovl_En_Hy/z_en_hy.c:202:26: warning: initialization of 'AnimationHeader *' from incompatible pointer type 'const char (*)[47]' [-Wincompatible-pointer-types]
  202 |     /* ENHY_ANIM_20 */ { &gObjOsAnim_4408, 1.0f, 0.0f, -1.0f, 0x00, 0.0f },
      |                          ^
/home/david/Documents/RockBox_Personal-master/devsrc/nano-soh-runtime/Shipwright/soh/src/overlays/actors/ovl_En_Hy/z_en_hy.c:202:26: note: (near initialization for 'sAnimationInfo[20].animation')
/home/david/Documents/RockBox_Personal-master/devsrc/nano-soh-runtime/Shipwright/soh/src/overlays/actors/ovl_En_Hy/z_en_hy.c:203:26: warning: initialization of 'AnimationHeader *' from incompatible pointer type 'const char (*)[47]' [-Wincompatible-pointer-types]
  203 |     /* ENHY_ANIM_21 */ { &gObjOsAnim_1F18, 1.0f, 0.0f, -1.0f, 0x00, 0.0f },
      |                          ^
/home/david/Documents/RockBox_Personal-master/devsrc/nano-soh-runtime/Shipwright/soh/src/overlays/actors/ovl_En_Hy/z_en_hy.c:203:26: note: (near initialization for 'sAnimationInfo[21].animation')
/home/david/Documents/RockBox_Personal-master/devsrc/nano-soh-runtime/Shipwright/soh/src/overlays/actors/ovl_En_Hy/z_en_hy.c:204:26: warning: initialization of 'AnimationHeader *' from incompatible pointer type 'const char (*)[47]' [-Wincompatible-pointer-types]
  204 |     /* ENHY_ANIM_22 */ { &gObjOsAnim_4F28, 1.0f, 0.0f, -1.0f, 0x00, 0.0f },
      |                          ^
/home/david/Documents/RockBox_Personal-master/devsrc/nano-soh-runtime/Shipwright/soh/src/overlays/actors/ovl_En_Hy/z_en_hy.c:204:26: note: (near initialization for 'sAnimationInfo[22].animation')
/home/david/Documents/RockBox_Personal-master/devsrc/nano-soh-runtime/Shipwright/soh/src/overlays/actors/ovl_En_Hy/z_en_hy.c:205:26: warning: initialization of 'AnimationHeader *' from incompatible pointer type 'const char (*)[47]' [-Wincompatible-pointer-types]
  205 |     /* ENHY_ANIM_23 */ { &gObjOsAnim_33B4, 1.0f, 0.0f, -1.0f, 0x00, -8.0f },
      |                          ^
/home/david/Documents/RockBox_Personal-master/devsrc/nano-soh-runtime/Shipwright/soh/src/overlays/actors/ovl_En_Hy/z_en_hy.c:205:26: note: (near initialization for 'sAnimationInfo[23].animation')
/home/david/Documents/RockBox_Personal-master/devsrc/nano-soh-runtime/Shipwright/soh/src/overlays/actors/ovl_En_Hy/z_en_hy.c:206:26: warning: initialization of 'AnimationHeader *' from incompatible pointer type 'const char (*)[47]' [-Wincompatible-pointer-types]
  206 |     /* ENHY_ANIM_24 */ { &gObjOsAnim_12E8, 1.0f, 0.0f, -1.0f, 0x00, -8.0f },
      |                          ^
/home/david/Documents/RockBox_Personal-master/devsrc/nano-soh-runtime/Shipwright/soh/src/overlays/actors/ovl_En_Hy/z_en_hy.c:206:26: note: (near initialization for 'sAnimationInfo[24].animation')
/home/david/Documents/RockBox_Personal-master/devsrc/nano-soh-runtime/Shipwright/soh/src/overlays/actors/ovl_En_Hy/z_en_hy.c:207:26: warning: initialization of 'AnimationHeader *' from incompatible pointer type 'const char (*)[47]' [-Wincompatible-pointer-types]
  207 |     /* ENHY_ANIM_25 */ { &gObjOsAnim_0FE4, 1.0f, 0.0f, -1.0f, 0x00, -8.0f },
      |                          ^
/home/david/Documents/RockBox_Personal-master/devsrc/nano-soh-runtime/Shipwright/soh/src/overlays/actors/ovl_En_Hy/z_en_hy.c:207:26: note: (near initialization for 'sAnimationInfo[25].animation')
/home/david/Documents/RockBox_Personal-master/devsrc/nano-soh-runtime/Shipwright/soh/src/overlays/actors/ovl_En_Hy/z_en_hy.c:208:26: warning: initialization of 'AnimationHeader *' from incompatible pointer type 'const char (*)[47]' [-Wincompatible-pointer-types]
  208 |     /* ENHY_ANIM_26 */ { &gObjOsAnim_0BFC, 1.0f, 0.0f, -1.0f, 0x00, -8.0f },
      |                          ^
/home/david/Documents/RockBox_Personal-master/devsrc/nano-soh-runtime/Shipwright/soh/src/overlays/actors/ovl_En_Hy/z_en_hy.c:208:26: note: (near initialization for 'sAnimationInfo[26].animation')
/home/david/Documents/RockBox_Personal-master/devsrc/nano-soh-runtime/Shipwright/soh/src/overlays/actors/ovl_En_Hy/z_en_hy.c: In function 'EnHy_OverrideLimbDraw':
/home/david/Documents/RockBox_Personal-master/devsrc/nano-soh-runtime/Shipwright/soh/src/overlays/actors/ovl_En_Hy/z_en_hy.c:1134:89: warning: passing argument 3 of 'gSPSegment' makes integer from pointer without a cast [-Wint-conversion]
 1134 |         gSPSegment(POLY_OPA_DISP++, 0x06, play->objectCtx.status[this->objBankIndexHead].segment);
      |                                           ~~~~~~~~~~~~~~~~~~~~~~~~~~~~~~~~~~~~~~~~~~~~~~^~~~~~~~
      |                                                                                         |
      |                                                                                         void *
In file included from /home/david/Documents/RockBox_Personal-master/devsrc/nano-soh-runtime/Shipwright/soh/include/global.h:8,
                 from /home/david/Documents/RockBox_Personal-master/devsrc/nano-soh-runtime/Shipwright/soh/src/overlays/actors/ovl_En_Hy/z_en_hy.h:5,
                 from /home/david/Documents/RockBox_Personal-master/devsrc/nano-soh-runtime/Shipwright/soh/src/overlays/actors/ovl_En_Hy/z_en_hy.c:7:
/home/david/Documents/RockBox_Personal-master/devsrc/nano-soh-runtime/Shipwright/soh/include/functions.h:22:52: note: expected 'uintptr_t' {aka 'unsigned int'} but argument is of type 'void *'
   22 | void gSPSegment(void* value, int segNum, uintptr_t target);
      |                                          ~~~~~~~~~~^~~~~~
In file included from /home/david/Documents/RockBox_Personal-master/devsrc/nano-soh-runtime/Shipwright/soh/include/global.h:10:
/home/david/Documents/RockBox_Personal-master/devsrc/nano-soh-runtime/Shipwright/soh/src/overlays/actors/ovl_En_Hy/z_en_hy.c:1141:68: warning: passing argument 3 of 'gSPSegment' makes integer from pointer without a cast [-Wint-conversion]
 1141 |             gSPSegment(POLY_OPA_DISP++, 0x0A, SEGMENTED_TO_VIRTUAL(ptr));
      |                                                                    ^~~
      |                                                                    |
      |                                                                    void *
/home/david/Documents/RockBox_Personal-master/devsrc/nano-soh-runtime/Shipwright/soh/include/macros.h:37:36: note: in definition of macro 'SEGMENTED_TO_VIRTUAL'
   37 | #define SEGMENTED_TO_VIRTUAL(addr) addr
      |                                    ^~~~
/home/david/Documents/RockBox_Personal-master/devsrc/nano-soh-runtime/Shipwright/soh/include/functions.h:22:52: note: expected 'uintptr_t' {aka 'unsigned int'} but argument is of type 'void *'
   22 | void gSPSegment(void* value, int segNum, uintptr_t target);
      |                                          ~~~~~~~~~~^~~~~~
/home/david/Documents/RockBox_Personal-master/devsrc/nano-soh-runtime/Shipwright/soh/src/overlays/actors/ovl_En_Hy/z_en_hy.c: In function 'EnHy_PostLimbDraw':
/home/david/Documents/RockBox_Personal-master/devsrc/nano-soh-runtime/Shipwright/soh/src/overlays/actors/ovl_En_Hy/z_en_hy.c:1179:90: warning: passing argument 3 of 'gSPSegment' makes integer from pointer without a cast [-Wint-conversion]
 1179 |         gSPSegment(POLY_OPA_DISP++, 0x06, play->objectCtx.status[this->objBankIndexSkel2].segment);
      |                                           ~~~~~~~~~~~~~~~~~~~~~~~~~~~~~~~~~~~~~~~~~~~~~~~^~~~~~~~
      |                                                                                          |
      |                                                                                          void *
/home/david/Documents/RockBox_Personal-master/devsrc/nano-soh-runtime/Shipwright/soh/include/functions.h:22:52: note: expected 'uintptr_t' {aka 'unsigned int'} but argument is of type 'void *'
   22 | void gSPSegment(void* value, int segNum, uintptr_t target);
      |                                          ~~~~~~~~~~^~~~~~
/home/david/Documents/RockBox_Personal-master/devsrc/nano-soh-runtime/Shipwright/soh/src/overlays/actors/ovl_En_Hy/z_en_hy.c:1184:41: warning: passing argument 2 of 'gSPDisplayList' from incompatible pointer type [-Wincompatible-pointer-types]
 1184 |         gSPDisplayList(POLY_OPA_DISP++, object_boj_DL_005BC8);
      |                                         ^~~~~~~~~~~~~~~~~~~~
      |                                         |
      |                                         const char *
/home/david/Documents/RockBox_Personal-master/devsrc/nano-soh-runtime/Shipwright/soh/include/functions.h:24:36: note: expected 'Gfx *' but argument is of type 'const char *'
   24 | void gSPDisplayList(Gfx* pkt, Gfx* dl);
      |                               ~~~~~^~
/home/david/Documents/RockBox_Personal-master/devsrc/nano-soh-runtime/Shipwright/soh/src/overlays/actors/ovl_En_Hy/z_en_hy.c: In function 'EnHy_Draw':
/home/david/Documents/RockBox_Personal-master/devsrc/nano-soh-runtime/Shipwright/soh/src/overlays/actors/ovl_En_Hy/z_en_hy.c:1241:28: warning: passing argument 3 of 'gSPSegment' makes integer from pointer without a cast [-Wint-conversion]
 1241 |                            EnHy_SetEnvColor(play->state.gfxCtx, envColorSeg8.r, envColorSeg8.g, envColorSeg8.b,
      |                            ^~~~~~~~~~~~~~~~~~~~~~~~~~~~~~~~~~~~~~~~~~~~~~~~~~~~~~~~~~~~~~~~~~~~~~~~~~~~~~~~~~~~
      |                            |
      |                            Gfx *
 1242 |                                             envColorSeg8.a));
      |                                             ~~~~~~~~~~~~~~~
/home/david/Documents/RockBox_Personal-master/devsrc/nano-soh-runtime/Shipwright/soh/include/functions.h:22:52: note: expected 'uintptr_t' {aka 'unsigned int'} but argument is of type 'Gfx *'
   22 | void gSPSegment(void* value, int segNum, uintptr_t target);
      |                                          ~~~~~~~~~~^~~~~~
/home/david/Documents/RockBox_Personal-master/devsrc/nano-soh-runtime/Shipwright/soh/src/overlays/actors/ovl_En_Hy/z_en_hy.c:1244:28: warning: passing argument 3 of 'gSPSegment' makes integer from pointer without a cast [-Wint-conversion]
 1244 |                            EnHy_SetEnvColor(play->state.gfxCtx, envColorSeg9.r, envColorSeg9.g, envColorSeg9.b,
      |                            ^~~~~~~~~~~~~~~~~~~~~~~~~~~~~~~~~~~~~~~~~~~~~~~~~~~~~~~~~~~~~~~~~~~~~~~~~~~~~~~~~~~~
      |                            |
      |                            Gfx *
 1245 |                                             envColorSeg9.a));
      |                                             ~~~~~~~~~~~~~~~
/home/david/Documents/RockBox_Personal-master/devsrc/nano-soh-runtime/Shipwright/soh/include/functions.h:22:52: note: expected 'uintptr_t' {aka 'unsigned int'} but argument is of type 'Gfx *'
   22 | void gSPSegment(void* value, int segNum, uintptr_t target);
      |                                          ~~~~~~~~~~^~~~~~
/home/david/Documents/RockBox_Personal-master/devsrc/nano-soh-runtime/Shipwright/soh/src/overlays/actors/ovl_En_Hy/z_en_hy.c:1256:32: warning: passing argument 3 of 'gSPSegment' makes integer from pointer without a cast [-Wint-conversion]
 1256 |                                EnHy_SetEnvColor(play->state.gfxCtx, envColorSeg10.r, envColorSeg10.g, envColorSeg10.b,
      |                                ^~~~~~~~~~~~~~~~~~~~~~~~~~~~~~~~~~~~~~~~~~~~~~~~~~~~~~~~~~~~~~~~~~~~~~~~~~~~~~~~~~~~~~~
      |                                |
      |                                Gfx *
 1257 |                                                 envColorSeg10.a));
      |                                                 ~~~~~~~~~~~~~~~~
/home/david/Documents/RockBox_Personal-master/devsrc/nano-soh-runtime/Shipwright/soh/include/functions.h:22:52: note: expected 'uintptr_t' {aka 'unsigned int'} but argument is of type 'Gfx *'
   22 | void gSPSegment(void* value, int segNum, uintptr_t target);
      |                                          ~~~~~~~~~~^~~~~~
