/home/david/Documents/RockBox_Personal-master/devsrc/nano-soh-runtime/Shipwright/soh/src/overlays/actors/ovl_En_Mm2/z_en_mm2.c:72:7: warning: initialization of 'AnimationHeader *' from incompatible pointer type 'const char (*)[44]' [-Wincompatible-pointer-types]
   72 |     { &gRunningManRunAnim, 1.0f, ANIMMODE_LOOP, -7.0f },     { &gRunningManSitStandAnim, -1.0f, ANIMMODE_ONCE, -7.0f },
      |       ^
/home/david/Documents/RockBox_Personal-master/devsrc/nano-soh-runtime/Shipwright/soh/src/overlays/actors/ovl_En_Mm2/z_en_mm2.c:72:7: note: (near initialization for 'sAnimationInfo[0].animation')
/home/david/Documents/RockBox_Personal-master/devsrc/nano-soh-runtime/Shipwright/soh/src/overlays/actors/ovl_En_Mm2/z_en_mm2.c:72:64: warning: initialization of 'AnimationHeader *' from incompatible pointer type 'const char (*)[49]' [-Wincompatible-pointer-types]
   72 |     { &gRunningManRunAnim, 1.0f, ANIMMODE_LOOP, -7.0f },     { &gRunningManSitStandAnim, -1.0f, ANIMMODE_ONCE, -7.0f },
      |                                                                ^
/home/david/Documents/RockBox_Personal-master/devsrc/nano-soh-runtime/Shipwright/soh/src/overlays/actors/ovl_En_Mm2/z_en_mm2.c:72:64: note: (near initialization for 'sAnimationInfo[1].animation')
/home/david/Documents/RockBox_Personal-master/devsrc/nano-soh-runtime/Shipwright/soh/src/overlays/actors/ovl_En_Mm2/z_en_mm2.c:73:7: warning: initialization of 'AnimationHeader *' from incompatible pointer type 'const char (*)[48]' [-Wincompatible-pointer-types]
   73 |     { &gRunningManSitWaitAnim, 1.0f, ANIMMODE_LOOP, -7.0f }, { &gRunningManSitStandAnim, 1.0f, ANIMMODE_ONCE, -7.0f },
      |       ^
/home/david/Documents/RockBox_Personal-master/devsrc/nano-soh-runtime/Shipwright/soh/src/overlays/actors/ovl_En_Mm2/z_en_mm2.c:73:7: note: (near initialization for 'sAnimationInfo[2].animation')
/home/david/Documents/RockBox_Personal-master/devsrc/nano-soh-runtime/Shipwright/soh/src/overlays/actors/ovl_En_Mm2/z_en_mm2.c:73:64: warning: initialization of 'AnimationHeader *' from incompatible pointer type 'const char (*)[49]' [-Wincompatible-pointer-types]
   73 |     { &gRunningManSitWaitAnim, 1.0f, ANIMMODE_LOOP, -7.0f }, { &gRunningManSitStandAnim, 1.0f, ANIMMODE_ONCE, -7.0f },
      |                                                                ^
/home/david/Documents/RockBox_Personal-master/devsrc/nano-soh-runtime/Shipwright/soh/src/overlays/actors/ovl_En_Mm2/z_en_mm2.c:73:64: note: (near initialization for 'sAnimationInfo[3].animation')
/home/david/Documents/RockBox_Personal-master/devsrc/nano-soh-runtime/Shipwright/soh/src/overlays/actors/ovl_En_Mm2/z_en_mm2.c:74:7: warning: initialization of 'AnimationHeader *' from incompatible pointer type 'const char (*)[47]' [-Wincompatible-pointer-types]
   74 |     { &gRunningManSprintAnim, 1.0f, ANIMMODE_LOOP, -7.0f },  { &gRunningManExcitedAnim, 1.0f, ANIMMODE_LOOP, -12.0f },
      |       ^
/home/david/Documents/RockBox_Personal-master/devsrc/nano-soh-runtime/Shipwright/soh/src/overlays/actors/ovl_En_Mm2/z_en_mm2.c:74:7: note: (near initialization for 'sAnimationInfo[4].animation')
/home/david/Documents/RockBox_Personal-master/devsrc/nano-soh-runtime/Shipwright/soh/src/overlays/actors/ovl_En_Mm2/z_en_mm2.c:74:64: warning: initialization of 'AnimationHeader *' from incompatible pointer type 'const char (*)[48]' [-Wincompatible-pointer-types]
   74 |     { &gRunningManSprintAnim, 1.0f, ANIMMODE_LOOP, -7.0f },  { &gRunningManExcitedAnim, 1.0f, ANIMMODE_LOOP, -12.0f },
      |                                                                ^
/home/david/Documents/RockBox_Personal-master/devsrc/nano-soh-runtime/Shipwright/soh/src/overlays/actors/ovl_En_Mm2/z_en_mm2.c:74:64: note: (near initialization for 'sAnimationInfo[5].animation')
/home/david/Documents/RockBox_Personal-master/devsrc/nano-soh-runtime/Shipwright/soh/src/overlays/actors/ovl_En_Mm2/z_en_mm2.c:75:7: warning: initialization of 'AnimationHeader *' from incompatible pointer type 'const char (*)[46]' [-Wincompatible-pointer-types]
   75 |     { &gRunningManHappyAnim, 1.0f, ANIMMODE_LOOP, -12.0f },
      |       ^
/home/david/Documents/RockBox_Personal-master/devsrc/nano-soh-runtime/Shipwright/soh/src/overlays/actors/ovl_En_Mm2/z_en_mm2.c:75:7: note: (near initialization for 'sAnimationInfo[6].animation')
/home/david/Documents/RockBox_Personal-master/devsrc/nano-soh-runtime/Shipwright/soh/src/overlays/actors/ovl_En_Mm2/z_en_mm2.c: In function 'EnMm2_Init':
/home/david/Documents/RockBox_Personal-master/devsrc/nano-soh-runtime/Shipwright/soh/src/overlays/actors/ovl_En_Mm2/z_en_mm2.c:131:48: warning: passing argument 3 of 'SkelAnime_InitFlex' from incompatible pointer type [-Wincompatible-pointer-types]
  131 |     SkelAnime_InitFlex(play, &this->skelAnime, &gRunningManSkel, NULL, this->jointTable, this->morphTable, 16);
      |                                                ^~~~~~~~~~~~~~~~
      |                                                |
      |                                                const char (*)[41]
In file included from /home/david/Documents/RockBox_Personal-master/devsrc/nano-soh-runtime/Shipwright/soh/include/global.h:8,
                 from /home/david/Documents/RockBox_Personal-master/devsrc/nano-soh-runtime/Shipwright/soh/src/overlays/actors/ovl_En_Mm2/z_en_mm2.h:5,
                 from /home/david/Documents/RockBox_Personal-master/devsrc/nano-soh-runtime/Shipwright/soh/src/overlays/actors/ovl_En_Mm2/z_en_mm2.c:7:
/home/david/Documents/RockBox_Personal-master/devsrc/nano-soh-runtime/Shipwright/soh/include/functions.h:1329:83: note: expected 'FlexSkeletonHeader *' but argument is of type 'const char (*)[41]'
 1329 | s32 SkelAnime_InitFlex(PlayState* play, SkelAnime* skelAnime, FlexSkeletonHeader* skeletonHeaderSeg,
      |                                                               ~~~~~~~~~~~~~~~~~~~~^~~~~~~~~~~~~~~~~
/home/david/Documents/RockBox_Personal-master/devsrc/nano-soh-runtime/Shipwright/soh/src/overlays/actors/ovl_En_Mm2/z_en_mm2.c: In function 'func_80AAF668':
/home/david/Documents/RockBox_Personal-master/devsrc/nano-soh-runtime/Shipwright/soh/include/macros.h:135:40: warning: passing argument 2 of 'LogUtils_LogThreadId' makes integer from pointer without a cast [-Wint-conversion]
  135 |         LogUtils_LogThreadId(__FILE__, __FILE__);           \
      |                                        ^~~~~~~~
      |                                        |
      |                                        char *
/home/david/Documents/RockBox_Personal-master/devsrc/nano-soh-runtime/Shipwright/soh/include/macros.h:147:29: note: in expansion of macro 'LOG'
  147 | #define LOG_HEX(exp, value) LOG(exp, value, "%x")
      |                             ^~~
/home/david/Documents/RockBox_Personal-master/devsrc/nano-soh-runtime/Shipwright/soh/src/overlays/actors/ovl_En_Mm2/z_en_mm2.c:280:9: note: in expansion of macro 'LOG_HEX'
  280 |         LOG_HEX("((z_common_data.event_inf[1]) & (0x0001))", gSaveContext.eventInf[1] & 1);
      |         ^~~~~~~
/home/david/Documents/RockBox_Personal-master/devsrc/nano-soh-runtime/Shipwright/soh/include/functions.h:94:49: note: expected 's32' {aka 'long int'} but argument is of type 'char *'
   94 | void LogUtils_LogThreadId(const char* name, s32 line);
      |                                             ~~~~^~~~
/home/david/Documents/RockBox_Personal-master/devsrc/nano-soh-runtime/Shipwright/soh/src/overlays/actors/ovl_En_Mm2/z_en_mm2.c: In function 'EnMm2_Draw':
/home/david/Documents/RockBox_Personal-master/devsrc/nano-soh-runtime/Shipwright/soh/src/overlays/actors/ovl_En_Mm2/z_en_mm2.c:310:38: warning: initialization discards 'const' qualifier from pointer target type [-Wdiscarded-qualifiers]
  310 |     static void* mouthTextures[] = { gRunningManMouthOpenTex, gRunningManMouthClosedTex };
      |                                      ^~~~~~~~~~~~~~~~~~~~~~~
/home/david/Documents/RockBox_Personal-master/devsrc/nano-soh-runtime/Shipwright/soh/src/overlays/actors/ovl_En_Mm2/z_en_mm2.c:310:63: warning: initialization discards 'const' qualifier from pointer target type [-Wdiscarded-qualifiers]
  310 |     static void* mouthTextures[] = { gRunningManMouthOpenTex, gRunningManMouthClosedTex };
      |                                                               ^~~~~~~~~~~~~~~~~~~~~~~~~
In file included from /home/david/Documents/RockBox_Personal-master/devsrc/nano-soh-runtime/Shipwright/soh/include/global.h:10:
/home/david/Documents/RockBox_Personal-master/devsrc/nano-soh-runtime/Shipwright/soh/src/overlays/actors/ovl_En_Mm2/z_en_mm2.c:315:73: warning: passing argument 3 of 'gSPSegment' makes integer from pointer without a cast [-Wint-conversion]
  315 |     gSPSegment(POLY_OPA_DISP++, 0x08, SEGMENTED_TO_VIRTUAL(mouthTextures[this->mouthTexIndex]));
      |                                                            ~~~~~~~~~~~~~^~~~~~~~~~~~~~~~~~~~~
      |                                                                         |
      |                                                                         void *
/home/david/Documents/RockBox_Personal-master/devsrc/nano-soh-runtime/Shipwright/soh/include/macros.h:37:36: note: in definition of macro 'SEGMENTED_TO_VIRTUAL'
   37 | #define SEGMENTED_TO_VIRTUAL(addr) addr
      |                                    ^~~~
/home/david/Documents/RockBox_Personal-master/devsrc/nano-soh-runtime/Shipwright/soh/include/functions.h:22:52: note: expected 'uintptr_t' {aka 'unsigned int'} but argument is of type 'void *'
   22 | void gSPSegment(void* value, int segNum, uintptr_t target);
      |                                          ~~~~~~~~~~^~~~~~
