/home/david/Documents/RockBox_Personal-master/devsrc/nano-soh-runtime/Shipwright/soh/src/overlays/actors/ovl_En_Go2/z_en_go2.c:71:29: warning: initialization discards 'const' qualifier from pointer target type [-Wdiscarded-qualifiers]
   71 | static void* sDustTex[] = { gDust8Tex, gDust7Tex, gDust6Tex, gDust5Tex, gDust4Tex, gDust3Tex, gDust2Tex, gDust1Tex };
      |                             ^~~~~~~~~
/home/david/Documents/RockBox_Personal-master/devsrc/nano-soh-runtime/Shipwright/soh/src/overlays/actors/ovl_En_Go2/z_en_go2.c:71:40: warning: initialization discards 'const' qualifier from pointer target type [-Wdiscarded-qualifiers]
   71 | static void* sDustTex[] = { gDust8Tex, gDust7Tex, gDust6Tex, gDust5Tex, gDust4Tex, gDust3Tex, gDust2Tex, gDust1Tex };
      |                                        ^~~~~~~~~
/home/david/Documents/RockBox_Personal-master/devsrc/nano-soh-runtime/Shipwright/soh/src/overlays/actors/ovl_En_Go2/z_en_go2.c:71:51: warning: initialization discards 'const' qualifier from pointer target type [-Wdiscarded-qualifiers]
   71 | static void* sDustTex[] = { gDust8Tex, gDust7Tex, gDust6Tex, gDust5Tex, gDust4Tex, gDust3Tex, gDust2Tex, gDust1Tex };
      |                                                   ^~~~~~~~~
/home/david/Documents/RockBox_Personal-master/devsrc/nano-soh-runtime/Shipwright/soh/src/overlays/actors/ovl_En_Go2/z_en_go2.c:71:62: warning: initialization discards 'const' qualifier from pointer target type [-Wdiscarded-qualifiers]
   71 | static void* sDustTex[] = { gDust8Tex, gDust7Tex, gDust6Tex, gDust5Tex, gDust4Tex, gDust3Tex, gDust2Tex, gDust1Tex };
      |                                                              ^~~~~~~~~
/home/david/Documents/RockBox_Personal-master/devsrc/nano-soh-runtime/Shipwright/soh/src/overlays/actors/ovl_En_Go2/z_en_go2.c:71:73: warning: initialization discards 'const' qualifier from pointer target type [-Wdiscarded-qualifiers]
   71 | static void* sDustTex[] = { gDust8Tex, gDust7Tex, gDust6Tex, gDust5Tex, gDust4Tex, gDust3Tex, gDust2Tex, gDust1Tex };
      |                                                                         ^~~~~~~~~
/home/david/Documents/RockBox_Personal-master/devsrc/nano-soh-runtime/Shipwright/soh/src/overlays/actors/ovl_En_Go2/z_en_go2.c:71:84: warning: initialization discards 'const' qualifier from pointer target type [-Wdiscarded-qualifiers]
   71 | static void* sDustTex[] = { gDust8Tex, gDust7Tex, gDust6Tex, gDust5Tex, gDust4Tex, gDust3Tex, gDust2Tex, gDust1Tex };
      |                                                                                    ^~~~~~~~~
/home/david/Documents/RockBox_Personal-master/devsrc/nano-soh-runtime/Shipwright/soh/src/overlays/actors/ovl_En_Go2/z_en_go2.c:71:95: warning: initialization discards 'const' qualifier from pointer target type [-Wdiscarded-qualifiers]
   71 | static void* sDustTex[] = { gDust8Tex, gDust7Tex, gDust6Tex, gDust5Tex, gDust4Tex, gDust3Tex, gDust2Tex, gDust1Tex };
      |                                                                                               ^~~~~~~~~
/home/david/Documents/RockBox_Personal-master/devsrc/nano-soh-runtime/Shipwright/soh/src/overlays/actors/ovl_En_Go2/z_en_go2.c:71:106: warning: initialization discards 'const' qualifier from pointer target type [-Wdiscarded-qualifiers]
   71 | static void* sDustTex[] = { gDust8Tex, gDust7Tex, gDust6Tex, gDust5Tex, gDust4Tex, gDust3Tex, gDust2Tex, gDust1Tex };
      |                                                                                                          ^~~~~~~~~
/home/david/Documents/RockBox_Personal-master/devsrc/nano-soh-runtime/Shipwright/soh/src/overlays/actors/ovl_En_Go2/z_en_go2.c:150:7: warning: initialization of 'AnimationHeader *' from incompatible pointer type 'const char (*)[49]' [-Wincompatible-pointer-types]
  150 |     { &gGoronAnim_004930, 0.0f, 0.0f, -1.0f, 0x00, 0.0f },  { &gGoronAnim_004930, 0.0f, 0.0f, -1.0f, 0x00, -8.0f },
      |       ^
/home/david/Documents/RockBox_Personal-master/devsrc/nano-soh-runtime/Shipwright/soh/src/overlays/actors/ovl_En_Go2/z_en_go2.c:150:7: note: (near initialization for 'sAnimationInfo[0].animation')
/home/david/Documents/RockBox_Personal-master/devsrc/nano-soh-runtime/Shipwright/soh/src/overlays/actors/ovl_En_Go2/z_en_go2.c:150:63: warning: initialization of 'AnimationHeader *' from incompatible pointer type 'const char (*)[49]' [-Wincompatible-pointer-types]
  150 |     { &gGoronAnim_004930, 0.0f, 0.0f, -1.0f, 0x00, 0.0f },  { &gGoronAnim_004930, 0.0f, 0.0f, -1.0f, 0x00, -8.0f },
      |                                                               ^
/home/david/Documents/RockBox_Personal-master/devsrc/nano-soh-runtime/Shipwright/soh/src/overlays/actors/ovl_En_Go2/z_en_go2.c:150:63: note: (near initialization for 'sAnimationInfo[1].animation')
/home/david/Documents/RockBox_Personal-master/devsrc/nano-soh-runtime/Shipwright/soh/src/overlays/actors/ovl_En_Go2/z_en_go2.c:151:7: warning: initialization of 'AnimationHeader *' from incompatible pointer type 'const char (*)[49]' [-Wincompatible-pointer-types]
  151 |     { &gGoronAnim_0029A8, 1.0f, 0.0f, -1.0f, 0x00, -8.0f }, { &gGoronAnim_010590, 1.0f, 0.0f, -1.0f, 0x00, -8.0f },
      |       ^
/home/david/Documents/RockBox_Personal-master/devsrc/nano-soh-runtime/Shipwright/soh/src/overlays/actors/ovl_En_Go2/z_en_go2.c:151:7: note: (near initialization for 'sAnimationInfo[2].animation')
/home/david/Documents/RockBox_Personal-master/devsrc/nano-soh-runtime/Shipwright/soh/src/overlays/actors/ovl_En_Go2/z_en_go2.c:151:63: warning: initialization of 'AnimationHeader *' from incompatible pointer type 'const char (*)[49]' [-Wincompatible-pointer-types]
  151 |     { &gGoronAnim_0029A8, 1.0f, 0.0f, -1.0f, 0x00, -8.0f }, { &gGoronAnim_010590, 1.0f, 0.0f, -1.0f, 0x00, -8.0f },
      |                                                               ^
/home/david/Documents/RockBox_Personal-master/devsrc/nano-soh-runtime/Shipwright/soh/src/overlays/actors/ovl_En_Go2/z_en_go2.c:151:63: note: (near initialization for 'sAnimationInfo[3].animation')
/home/david/Documents/RockBox_Personal-master/devsrc/nano-soh-runtime/Shipwright/soh/src/overlays/actors/ovl_En_Go2/z_en_go2.c:152:7: warning: initialization of 'AnimationHeader *' from incompatible pointer type 'const char (*)[49]' [-Wincompatible-pointer-types]
  152 |     { &gGoronAnim_003768, 1.0f, 0.0f, -1.0f, 0x00, -8.0f }, { &gGoronAnim_0038E4, 1.0f, 0.0f, -1.0f, 0x02, -8.0f },
      |       ^
/home/david/Documents/RockBox_Personal-master/devsrc/nano-soh-runtime/Shipwright/soh/src/overlays/actors/ovl_En_Go2/z_en_go2.c:152:7: note: (near initialization for 'sAnimationInfo[4].animation')
/home/david/Documents/RockBox_Personal-master/devsrc/nano-soh-runtime/Shipwright/soh/src/overlays/actors/ovl_En_Go2/z_en_go2.c:152:63: warning: initialization of 'AnimationHeader *' from incompatible pointer type 'const char (*)[49]' [-Wincompatible-pointer-types]
  152 |     { &gGoronAnim_003768, 1.0f, 0.0f, -1.0f, 0x00, -8.0f }, { &gGoronAnim_0038E4, 1.0f, 0.0f, -1.0f, 0x02, -8.0f },
      |                                                               ^
/home/david/Documents/RockBox_Personal-master/devsrc/nano-soh-runtime/Shipwright/soh/src/overlays/actors/ovl_En_Go2/z_en_go2.c:152:63: note: (near initialization for 'sAnimationInfo[5].animation')
/home/david/Documents/RockBox_Personal-master/devsrc/nano-soh-runtime/Shipwright/soh/src/overlays/actors/ovl_En_Go2/z_en_go2.c:153:7: warning: initialization of 'AnimationHeader *' from incompatible pointer type 'const char (*)[49]' [-Wincompatible-pointer-types]
  153 |     { &gGoronAnim_002D80, 1.0f, 0.0f, -1.0f, 0x02, -8.0f }, { &gGoronAnim_00161C, 1.0f, 0.0f, -1.0f, 0x00, -8.0f },
      |       ^
/home/david/Documents/RockBox_Personal-master/devsrc/nano-soh-runtime/Shipwright/soh/src/overlays/actors/ovl_En_Go2/z_en_go2.c:153:7: note: (near initialization for 'sAnimationInfo[6].animation')
/home/david/Documents/RockBox_Personal-master/devsrc/nano-soh-runtime/Shipwright/soh/src/overlays/actors/ovl_En_Go2/z_en_go2.c:153:63: warning: initialization of 'AnimationHeader *' from incompatible pointer type 'const char (*)[49]' [-Wincompatible-pointer-types]
  153 |     { &gGoronAnim_002D80, 1.0f, 0.0f, -1.0f, 0x02, -8.0f }, { &gGoronAnim_00161C, 1.0f, 0.0f, -1.0f, 0x00, -8.0f },
      |                                                               ^
/home/david/Documents/RockBox_Personal-master/devsrc/nano-soh-runtime/Shipwright/soh/src/overlays/actors/ovl_En_Go2/z_en_go2.c:153:63: note: (near initialization for 'sAnimationInfo[7].animation')
/home/david/Documents/RockBox_Personal-master/devsrc/nano-soh-runtime/Shipwright/soh/src/overlays/actors/ovl_En_Go2/z_en_go2.c:154:7: warning: initialization of 'AnimationHeader *' from incompatible pointer type 'const char (*)[49]' [-Wincompatible-pointer-types]
  154 |     { &gGoronAnim_001A00, 1.0f, 0.0f, -1.0f, 0x00, -8.0f }, { &gGoronAnim_0021D0, 1.0f, 0.0f, -1.0f, 0x00, -8.0f },
      |       ^
/home/david/Documents/RockBox_Personal-master/devsrc/nano-soh-runtime/Shipwright/soh/src/overlays/actors/ovl_En_Go2/z_en_go2.c:154:7: note: (near initialization for 'sAnimationInfo[8].animation')
/home/david/Documents/RockBox_Personal-master/devsrc/nano-soh-runtime/Shipwright/soh/src/overlays/actors/ovl_En_Go2/z_en_go2.c:154:63: warning: initialization of 'AnimationHeader *' from incompatible pointer type 'const char (*)[49]' [-Wincompatible-pointer-types]
  154 |     { &gGoronAnim_001A00, 1.0f, 0.0f, -1.0f, 0x00, -8.0f }, { &gGoronAnim_0021D0, 1.0f, 0.0f, -1.0f, 0x00, -8.0f },
      |                                                               ^
/home/david/Documents/RockBox_Personal-master/devsrc/nano-soh-runtime/Shipwright/soh/src/overlays/actors/ovl_En_Go2/z_en_go2.c:154:63: note: (near initialization for 'sAnimationInfo[9].animation')
/home/david/Documents/RockBox_Personal-master/devsrc/nano-soh-runtime/Shipwright/soh/src/overlays/actors/ovl_En_Go2/z_en_go2.c:155:7: warning: initialization of 'AnimationHeader *' from incompatible pointer type 'const char (*)[49]' [-Wincompatible-pointer-types]
  155 |     { &gGoronAnim_004930, 0.0f, 0.0f, -1.0f, 0x01, -8.0f }, { &gGoronAnim_000750, 1.0f, 0.0f, -1.0f, 0x00, -8.0f },
      |       ^
/home/david/Documents/RockBox_Personal-master/devsrc/nano-soh-runtime/Shipwright/soh/src/overlays/actors/ovl_En_Go2/z_en_go2.c:155:7: note: (near initialization for 'sAnimationInfo[10].animation')
/home/david/Documents/RockBox_Personal-master/devsrc/nano-soh-runtime/Shipwright/soh/src/overlays/actors/ovl_En_Go2/z_en_go2.c:155:63: warning: initialization of 'AnimationHeader *' from incompatible pointer type 'const char (*)[49]' [-Wincompatible-pointer-types]
  155 |     { &gGoronAnim_004930, 0.0f, 0.0f, -1.0f, 0x01, -8.0f }, { &gGoronAnim_000750, 1.0f, 0.0f, -1.0f, 0x00, -8.0f },
      |                                                               ^
/home/david/Documents/RockBox_Personal-master/devsrc/nano-soh-runtime/Shipwright/soh/src/overlays/actors/ovl_En_Go2/z_en_go2.c:155:63: note: (near initialization for 'sAnimationInfo[11].animation')
/home/david/Documents/RockBox_Personal-master/devsrc/nano-soh-runtime/Shipwright/soh/src/overlays/actors/ovl_En_Go2/z_en_go2.c:156:7: warning: initialization of 'AnimationHeader *' from incompatible pointer type 'const char (*)[49]' [-Wincompatible-pointer-types]
  156 |     { &gGoronAnim_000D5C, 1.0f, 0.0f, -1.0f, 0x00, -8.0f },
      |       ^
/home/david/Documents/RockBox_Personal-master/devsrc/nano-soh-runtime/Shipwright/soh/src/overlays/actors/ovl_En_Go2/z_en_go2.c:156:7: note: (near initialization for 'sAnimationInfo[12].animation')
/home/david/Documents/RockBox_Personal-master/devsrc/nano-soh-runtime/Shipwright/soh/src/overlays/actors/ovl_En_Go2/z_en_go2.c: In function 'EnGo2_DrawDust':
/home/david/Documents/RockBox_Personal-master/devsrc/nano-soh-runtime/Shipwright/soh/src/overlays/actors/ovl_En_Go2/z_en_go2.c:239:49: warning: passing argument 2 of 'gSPDisplayList' from incompatible pointer type [-Wincompatible-pointer-types]
  239 |                 gSPDisplayList(POLY_XLU_DISP++, gGoronDL_00FD40);
      |                                                 ^~~~~~~~~~~~~~~
      |                                                 |
      |                                                 const char *
In file included from /home/david/Documents/RockBox_Personal-master/devsrc/nano-soh-runtime/Shipwright/soh/include/global.h:8,
                 from /home/david/Documents/RockBox_Personal-master/devsrc/nano-soh-runtime/Shipwright/soh/src/overlays/actors/ovl_En_Go2/z_en_go2.h:5,
                 from /home/david/Documents/RockBox_Personal-master/devsrc/nano-soh-runtime/Shipwright/soh/src/overlays/actors/ovl_En_Go2/z_en_go2.c:1:
/home/david/Documents/RockBox_Personal-master/devsrc/nano-soh-runtime/Shipwright/soh/include/functions.h:24:36: note: expected 'Gfx *' but argument is of type 'const char *'
   24 | void gSPDisplayList(Gfx* pkt, Gfx* dl);
      |                               ~~~~~^~
In file included from /home/david/Documents/RockBox_Personal-master/devsrc/nano-soh-runtime/Shipwright/soh/include/global.h:10:
/home/david/Documents/RockBox_Personal-master/devsrc/nano-soh-runtime/Shipwright/soh/src/overlays/actors/ovl_En_Go2/z_en_go2.c:253:76: warning: passing argument 3 of 'gSPSegment' makes integer from pointer without a cast [-Wint-conversion]
  253 |             gSPSegment(POLY_XLU_DISP++, 0x08, SEGMENTED_TO_VIRTUAL(sDustTex[index]));
      |                                                                    ~~~~~~~~^~~~~~~
      |                                                                            |
      |                                                                            void *
/home/david/Documents/RockBox_Personal-master/devsrc/nano-soh-runtime/Shipwright/soh/include/macros.h:37:36: note: in definition of macro 'SEGMENTED_TO_VIRTUAL'
   37 | #define SEGMENTED_TO_VIRTUAL(addr) addr
      |                                    ^~~~
/home/david/Documents/RockBox_Personal-master/devsrc/nano-soh-runtime/Shipwright/soh/include/functions.h:22:52: note: expected 'uintptr_t' {aka 'unsigned int'} but argument is of type 'void *'
   22 | void gSPSegment(void* value, int segNum, uintptr_t target);
      |                                          ~~~~~~~~~~^~~~~~
/home/david/Documents/RockBox_Personal-master/devsrc/nano-soh-runtime/Shipwright/soh/src/overlays/actors/ovl_En_Go2/z_en_go2.c:254:45: warning: passing argument 2 of 'gSPDisplayList' from incompatible pointer type [-Wincompatible-pointer-types]
  254 |             gSPDisplayList(POLY_XLU_DISP++, gGoronDL_00FD50);
      |                                             ^~~~~~~~~~~~~~~
      |                                             |
      |                                             const char *
/home/david/Documents/RockBox_Personal-master/devsrc/nano-soh-runtime/Shipwright/soh/include/functions.h:24:36: note: expected 'Gfx *' but argument is of type 'const char *'
   24 | void gSPDisplayList(Gfx* pkt, Gfx* dl);
      |                               ~~~~~^~
/home/david/Documents/RockBox_Personal-master/devsrc/nano-soh-runtime/Shipwright/soh/src/overlays/actors/ovl_En_Go2/z_en_go2.c: In function 'EnGo2_Init':
/home/david/Documents/RockBox_Personal-master/devsrc/nano-soh-runtime/Shipwright/soh/src/overlays/actors/ovl_En_Go2/z_en_go2.c:1532:48: warning: passing argument 3 of 'SkelAnime_InitFlex' from incompatible pointer type [-Wincompatible-pointer-types]
 1532 |     SkelAnime_InitFlex(play, &this->skelAnime, &gGoronSkel, NULL, this->jointTable, this->morphTable, 18);
      |                                                ^~~~~~~~~~~
      |                                                |
      |                                                const char (*)[42]
/home/david/Documents/RockBox_Personal-master/devsrc/nano-soh-runtime/Shipwright/soh/include/functions.h:1329:83: note: expected 'FlexSkeletonHeader *' but argument is of type 'const char (*)[42]'
 1329 | s32 SkelAnime_InitFlex(PlayState* play, SkelAnime* skelAnime, FlexSkeletonHeader* skeletonHeaderSeg,
      |                                                               ~~~~~~~~~~~~~~~~~~~~^~~~~~~~~~~~~~~~~
/home/david/Documents/RockBox_Personal-master/devsrc/nano-soh-runtime/Shipwright/soh/src/overlays/actors/ovl_En_Go2/z_en_go2.c: In function 'EnGo2_DrawCurledUp':
/home/david/Documents/RockBox_Personal-master/devsrc/nano-soh-runtime/Shipwright/soh/src/overlays/actors/ovl_En_Go2/z_en_go2.c:2031:37: warning: passing argument 2 of 'gSPDisplayList' from incompatible pointer type [-Wincompatible-pointer-types]
 2031 |     gSPDisplayList(POLY_OPA_DISP++, gGoronDL_00BD80);
      |                                     ^~~~~~~~~~~~~~~
      |                                     |
      |                                     const char *
/home/david/Documents/RockBox_Personal-master/devsrc/nano-soh-runtime/Shipwright/soh/include/functions.h:24:36: note: expected 'Gfx *' but argument is of type 'const char *'
   24 | void gSPDisplayList(Gfx* pkt, Gfx* dl);
      |                               ~~~~~^~
/home/david/Documents/RockBox_Personal-master/devsrc/nano-soh-runtime/Shipwright/soh/src/overlays/actors/ovl_En_Go2/z_en_go2.c: In function 'EnGo2_DrawRolling':
/home/david/Documents/RockBox_Personal-master/devsrc/nano-soh-runtime/Shipwright/soh/src/overlays/actors/ovl_En_Go2/z_en_go2.c:2048:37: warning: passing argument 2 of 'gSPDisplayList' from incompatible pointer type [-Wincompatible-pointer-types]
 2048 |     gSPDisplayList(POLY_OPA_DISP++, gGoronDL_00C140);
      |                                     ^~~~~~~~~~~~~~~
      |                                     |
      |                                     const char *
/home/david/Documents/RockBox_Personal-master/devsrc/nano-soh-runtime/Shipwright/soh/include/functions.h:24:36: note: expected 'Gfx *' but argument is of type 'const char *'
   24 | void gSPDisplayList(Gfx* pkt, Gfx* dl);
      |                               ~~~~~^~
/home/david/Documents/RockBox_Personal-master/devsrc/nano-soh-runtime/Shipwright/soh/src/overlays/actors/ovl_En_Go2/z_en_go2.c: In function 'EnGo2_Draw':
/home/david/Documents/RockBox_Personal-master/devsrc/nano-soh-runtime/Shipwright/soh/src/overlays/actors/ovl_En_Go2/z_en_go2.c:2095:29: warning: initialization discards 'const' qualifier from pointer target type [-Wdiscarded-qualifiers]
 2095 |     void* eyeTextures[] = { gGoronCsEyeClosed2Tex, gGoronCsEyeOpenTex, gGoronCsEyeHalfTex, gGoronCsEyeClosedTex };
      |                             ^~~~~~~~~~~~~~~~~~~~~
/home/david/Documents/RockBox_Personal-master/devsrc/nano-soh-runtime/Shipwright/soh/src/overlays/actors/ovl_En_Go2/z_en_go2.c:2095:52: warning: initialization discards 'const' qualifier from pointer target type [-Wdiscarded-qualifiers]
 2095 |     void* eyeTextures[] = { gGoronCsEyeClosed2Tex, gGoronCsEyeOpenTex, gGoronCsEyeHalfTex, gGoronCsEyeClosedTex };
      |                                                    ^~~~~~~~~~~~~~~~~~
/home/david/Documents/RockBox_Personal-master/devsrc/nano-soh-runtime/Shipwright/soh/src/overlays/actors/ovl_En_Go2/z_en_go2.c:2095:72: warning: initialization discards 'const' qualifier from pointer target type [-Wdiscarded-qualifiers]
 2095 |     void* eyeTextures[] = { gGoronCsEyeClosed2Tex, gGoronCsEyeOpenTex, gGoronCsEyeHalfTex, gGoronCsEyeClosedTex };
      |                                                                        ^~~~~~~~~~~~~~~~~~
/home/david/Documents/RockBox_Personal-master/devsrc/nano-soh-runtime/Shipwright/soh/src/overlays/actors/ovl_En_Go2/z_en_go2.c:2095:92: warning: initialization discards 'const' qualifier from pointer target type [-Wdiscarded-qualifiers]
 2095 |     void* eyeTextures[] = { gGoronCsEyeClosed2Tex, gGoronCsEyeOpenTex, gGoronCsEyeHalfTex, gGoronCsEyeClosedTex };
      |                                                                                            ^~~~~~~~~~~~~~~~~~~~
/home/david/Documents/RockBox_Personal-master/devsrc/nano-soh-runtime/Shipwright/soh/src/overlays/actors/ovl_En_Go2/z_en_go2.c:2096:31: warning: initialization discards 'const' qualifier from pointer target type [-Wdiscarded-qualifiers]
 2096 |     void* mouthTextures[] = { gGoronCsMouthNeutralTex, gGoronCsMouthSmileTex };
      |                               ^~~~~~~~~~~~~~~~~~~~~~~
/home/david/Documents/RockBox_Personal-master/devsrc/nano-soh-runtime/Shipwright/soh/src/overlays/actors/ovl_En_Go2/z_en_go2.c:2096:56: warning: initialization discards 'const' qualifier from pointer target type [-Wdiscarded-qualifiers]
 2096 |     void* mouthTextures[] = { gGoronCsMouthNeutralTex, gGoronCsMouthSmileTex };
      |                                                        ^~~~~~~~~~~~~~~~~~~~~
/home/david/Documents/RockBox_Personal-master/devsrc/nano-soh-runtime/Shipwright/soh/src/overlays/actors/ovl_En_Go2/z_en_go2.c:2113:75: warning: passing argument 3 of 'gSPSegment' makes integer from pointer without a cast [-Wint-conversion]
 2113 |         gSPSegment(POLY_OPA_DISP++, 0x08, SEGMENTED_TO_VIRTUAL(eyeTextures[this->eyeTexIndex]));
      |                                                                ~~~~~~~~~~~^~~~~~~~~~~~~~~~~~~
      |                                                                           |
      |                                                                           void *
/home/david/Documents/RockBox_Personal-master/devsrc/nano-soh-runtime/Shipwright/soh/include/macros.h:37:36: note: in definition of macro 'SEGMENTED_TO_VIRTUAL'
   37 | #define SEGMENTED_TO_VIRTUAL(addr) addr
      |                                    ^~~~
/home/david/Documents/RockBox_Personal-master/devsrc/nano-soh-runtime/Shipwright/soh/include/functions.h:22:52: note: expected 'uintptr_t' {aka 'unsigned int'} but argument is of type 'void *'
   22 | void gSPSegment(void* value, int segNum, uintptr_t target);
      |                                          ~~~~~~~~~~^~~~~~
/home/david/Documents/RockBox_Personal-master/devsrc/nano-soh-runtime/Shipwright/soh/src/overlays/actors/ovl_En_Go2/z_en_go2.c:2114:77: warning: passing argument 3 of 'gSPSegment' makes integer from pointer without a cast [-Wint-conversion]
 2114 |         gSPSegment(POLY_OPA_DISP++, 0x09, SEGMENTED_TO_VIRTUAL(mouthTextures[this->mouthTexIndex]));
      |                                                                ~~~~~~~~~~~~~^~~~~~~~~~~~~~~~~~~~~
      |                                                                             |
      |                                                                             void *
/home/david/Documents/RockBox_Personal-master/devsrc/nano-soh-runtime/Shipwright/soh/include/macros.h:37:36: note: in definition of macro 'SEGMENTED_TO_VIRTUAL'
   37 | #define SEGMENTED_TO_VIRTUAL(addr) addr
      |                                    ^~~~
/home/david/Documents/RockBox_Personal-master/devsrc/nano-soh-runtime/Shipwright/soh/include/functions.h:22:52: note: expected 'uintptr_t' {aka 'unsigned int'} but argument is of type 'void *'
   22 | void gSPSegment(void* value, int segNum, uintptr_t target);
      |                                          ~~~~~~~~~~^~~~~~
