/home/david/Documents/RockBox_Personal-master/devsrc/nano-soh-runtime/Shipwright/soh/src/overlays/actors/ovl_En_Heishi4/z_en_heishi4.c: In function 'EnHeishi4_Init':
/home/david/Documents/RockBox_Personal-master/devsrc/nano-soh-runtime/Shipwright/soh/src/overlays/actors/ovl_En_Heishi4/z_en_heishi4.c:71:48: warning: passing argument 3 of 'SkelAnime_Init' from incompatible pointer type [-Wincompatible-pointer-types]
   71 |         SkelAnime_Init(play, &this->skelAnime, &gEnHeishiSkel, &gEnHeishiDyingGuardAnim_00C444, this->jointTable,
      |                                                ^~~~~~~~~~~~~~
      |                                                |
      |                                                const char (*)[39]
In file included from /home/david/Documents/RockBox_Personal-master/devsrc/nano-soh-runtime/Shipwright/soh/include/global.h:8,
                 from /home/david/Documents/RockBox_Personal-master/devsrc/nano-soh-runtime/Shipwright/soh/src/overlays/actors/ovl_En_Heishi4/z_en_heishi4.h:5,
                 from /home/david/Documents/RockBox_Personal-master/devsrc/nano-soh-runtime/Shipwright/soh/src/overlays/actors/ovl_En_Heishi4/z_en_heishi4.c:1:
/home/david/Documents/RockBox_Personal-master/devsrc/nano-soh-runtime/Shipwright/soh/include/functions.h:1327:75: note: expected 'SkeletonHeader *' but argument is of type 'const char (*)[39]'
 1327 | s32 SkelAnime_Init(PlayState* play, SkelAnime* skelAnime, SkeletonHeader* skeletonHeaderSeg,
      |                                                           ~~~~~~~~~~~~~~~~^~~~~~~~~~~~~~~~~
/home/david/Documents/RockBox_Personal-master/devsrc/nano-soh-runtime/Shipwright/soh/src/overlays/actors/ovl_En_Heishi4/z_en_heishi4.c:71:64: warning: passing argument 4 of 'SkelAnime_Init' from incompatible pointer type [-Wincompatible-pointer-types]
   71 |         SkelAnime_Init(play, &this->skelAnime, &gEnHeishiSkel, &gEnHeishiDyingGuardAnim_00C444, this->jointTable,
      |                                                                ^~~~~~~~~~~~~~~~~~~~~~~~~~~~~~~
      |                                                                |
      |                                                                const char (*)[56]
/home/david/Documents/RockBox_Personal-master/devsrc/nano-soh-runtime/Shipwright/soh/include/functions.h:1328:37: note: expected 'AnimationHeader *' but argument is of type 'const char (*)[56]'
 1328 |                    AnimationHeader* animation, Vec3s* jointTable, Vec3s* morphTable, s32 limbCount);
      |                    ~~~~~~~~~~~~~~~~~^~~~~~~~~
/home/david/Documents/RockBox_Personal-master/devsrc/nano-soh-runtime/Shipwright/soh/src/overlays/actors/ovl_En_Heishi4/z_en_heishi4.c:76:48: warning: passing argument 3 of 'SkelAnime_Init' from incompatible pointer type [-Wincompatible-pointer-types]
   76 |         SkelAnime_Init(play, &this->skelAnime, &gEnHeishiSkel, &gEnHeishiIdleAnim, this->jointTable, this->morphTable,
      |                                                ^~~~~~~~~~~~~~
      |                                                |
      |                                                const char (*)[39]
/home/david/Documents/RockBox_Personal-master/devsrc/nano-soh-runtime/Shipwright/soh/include/functions.h:1327:75: note: expected 'SkeletonHeader *' but argument is of type 'const char (*)[39]'
 1327 | s32 SkelAnime_Init(PlayState* play, SkelAnime* skelAnime, SkeletonHeader* skeletonHeaderSeg,
      |                                                           ~~~~~~~~~~~~~~~~^~~~~~~~~~~~~~~~~
/home/david/Documents/RockBox_Personal-master/devsrc/nano-soh-runtime/Shipwright/soh/src/overlays/actors/ovl_En_Heishi4/z_en_heishi4.c:76:64: warning: passing argument 4 of 'SkelAnime_Init' from incompatible pointer type [-Wincompatible-pointer-types]
   76 |         SkelAnime_Init(play, &this->skelAnime, &gEnHeishiSkel, &gEnHeishiIdleAnim, this->jointTable, this->morphTable,
      |                                                                ^~~~~~~~~~~~~~~~~~
      |                                                                |
      |                                                                const char (*)[43]
/home/david/Documents/RockBox_Personal-master/devsrc/nano-soh-runtime/Shipwright/soh/include/functions.h:1328:37: note: expected 'AnimationHeader *' but argument is of type 'const char (*)[43]'
 1328 |                    AnimationHeader* animation, Vec3s* jointTable, Vec3s* morphTable, s32 limbCount);
      |                    ~~~~~~~~~~~~~~~~~^~~~~~~~~
/home/david/Documents/RockBox_Personal-master/devsrc/nano-soh-runtime/Shipwright/soh/src/overlays/actors/ovl_En_Heishi4/z_en_heishi4.c: In function 'func_80A56328':
/home/david/Documents/RockBox_Personal-master/devsrc/nano-soh-runtime/Shipwright/soh/src/overlays/actors/ovl_En_Heishi4/z_en_heishi4.c:113:41: warning: passing argument 1 of 'Animation_GetLastFrame' discards 'const' qualifier from pointer target type [-Wdiscarded-array-qualifiers]
  113 |     f32 frames = Animation_GetLastFrame(&gEnHeishiIdleAnim);
      |                                         ^~~~~~~~~~~~~~~~~~
/home/david/Documents/RockBox_Personal-master/devsrc/nano-soh-runtime/Shipwright/soh/include/functions.h:1278:34: note: expected 'void *' but argument is of type 'const char (*)[43]'
 1278 | s16 Animation_GetLastFrame(void* animation);
      |                            ~~~~~~^~~~~~~~~
/home/david/Documents/RockBox_Personal-master/devsrc/nano-soh-runtime/Shipwright/soh/src/overlays/actors/ovl_En_Heishi4/z_en_heishi4.c:115:40: warning: passing argument 2 of 'Animation_Change' from incompatible pointer type [-Wincompatible-pointer-types]
  115 |     Animation_Change(&this->skelAnime, &gEnHeishiIdleAnim, 1.0f, 0.0f, (s16)frames, ANIMMODE_LOOP, -10.0f);
      |                                        ^~~~~~~~~~~~~~~~~~
      |                                        |
      |                                        const char (*)[43]
/home/david/Documents/RockBox_Personal-master/devsrc/nano-soh-runtime/Shipwright/soh/include/functions.h:1336:62: note: expected 'AnimationHeader *' but argument is of type 'const char (*)[43]'
 1336 | void Animation_Change(SkelAnime* skelAnime, AnimationHeader* animation, f32 playSpeed, f32 startFrame, f32 endFrame,
      |                                             ~~~~~~~~~~~~~~~~~^~~~~~~~~
/home/david/Documents/RockBox_Personal-master/devsrc/nano-soh-runtime/Shipwright/soh/src/overlays/actors/ovl_En_Heishi4/z_en_heishi4.c: In function 'func_80A56544':
/home/david/Documents/RockBox_Personal-master/devsrc/nano-soh-runtime/Shipwright/soh/src/overlays/actors/ovl_En_Heishi4/z_en_heishi4.c:168:41: warning: passing argument 1 of 'Animation_GetLastFrame' discards 'const' qualifier from pointer target type [-Wdiscarded-array-qualifiers]
  168 |     f32 frames = Animation_GetLastFrame(&gEnHeishiIdleAnim);
      |                                         ^~~~~~~~~~~~~~~~~~
/home/david/Documents/RockBox_Personal-master/devsrc/nano-soh-runtime/Shipwright/soh/include/functions.h:1278:34: note: expected 'void *' but argument is of type 'const char (*)[43]'
 1278 | s16 Animation_GetLastFrame(void* animation);
      |                            ~~~~~~^~~~~~~~~
/home/david/Documents/RockBox_Personal-master/devsrc/nano-soh-runtime/Shipwright/soh/src/overlays/actors/ovl_En_Heishi4/z_en_heishi4.c:170:40: warning: passing argument 2 of 'Animation_Change' from incompatible pointer type [-Wincompatible-pointer-types]
  170 |     Animation_Change(&this->skelAnime, &gEnHeishiIdleAnim, 1.0f, 0.0f, (s16)frames, ANIMMODE_LOOP, -10.0f);
      |                                        ^~~~~~~~~~~~~~~~~~
      |                                        |
      |                                        const char (*)[43]
/home/david/Documents/RockBox_Personal-master/devsrc/nano-soh-runtime/Shipwright/soh/include/functions.h:1336:62: note: expected 'AnimationHeader *' but argument is of type 'const char (*)[43]'
 1336 | void Animation_Change(SkelAnime* skelAnime, AnimationHeader* animation, f32 playSpeed, f32 startFrame, f32 endFrame,
      |                                             ~~~~~~~~~~~~~~~~~^~~~~~~~~
/home/david/Documents/RockBox_Personal-master/devsrc/nano-soh-runtime/Shipwright/soh/src/overlays/actors/ovl_En_Heishi4/z_en_heishi4.c: In function 'func_80A5673C':
/home/david/Documents/RockBox_Personal-master/devsrc/nano-soh-runtime/Shipwright/soh/src/overlays/actors/ovl_En_Heishi4/z_en_heishi4.c:224:49: warning: passing argument 1 of 'Animation_GetLastFrame' discards 'const' qualifier from pointer target type [-Wdiscarded-array-qualifiers]
  224 |             f32 frames = Animation_GetLastFrame(&gEnHeishiDyingGuardAnim_00C444);
      |                                                 ^~~~~~~~~~~~~~~~~~~~~~~~~~~~~~~
/home/david/Documents/RockBox_Personal-master/devsrc/nano-soh-runtime/Shipwright/soh/include/functions.h:1278:34: note: expected 'void *' but argument is of type 'const char (*)[56]'
 1278 | s16 Animation_GetLastFrame(void* animation);
      |                            ~~~~~~^~~~~~~~~
/home/david/Documents/RockBox_Personal-master/devsrc/nano-soh-runtime/Shipwright/soh/src/overlays/actors/ovl_En_Heishi4/z_en_heishi4.c:225:48: warning: passing argument 2 of 'Animation_Change' from incompatible pointer type [-Wincompatible-pointer-types]
  225 |             Animation_Change(&this->skelAnime, &gEnHeishiDyingGuardAnim_00C444, 1.0f, 0.0f, (s16)frames, ANIMMODE_LOOP,
      |                                                ^~~~~~~~~~~~~~~~~~~~~~~~~~~~~~~
      |                                                |
      |                                                const char (*)[56]
/home/david/Documents/RockBox_Personal-master/devsrc/nano-soh-runtime/Shipwright/soh/include/functions.h:1336:62: note: expected 'AnimationHeader *' but argument is of type 'const char (*)[56]'
 1336 | void Animation_Change(SkelAnime* skelAnime, AnimationHeader* animation, f32 playSpeed, f32 startFrame, f32 endFrame,
      |                                             ~~~~~~~~~~~~~~~~~^~~~~~~~~
/home/david/Documents/RockBox_Personal-master/devsrc/nano-soh-runtime/Shipwright/soh/src/overlays/actors/ovl_En_Heishi4/z_en_heishi4.c: In function 'func_80A56900':
/home/david/Documents/RockBox_Personal-master/devsrc/nano-soh-runtime/Shipwright/soh/src/overlays/actors/ovl_En_Heishi4/z_en_heishi4.c:259:41: warning: passing argument 1 of 'Animation_GetLastFrame' discards 'const' qualifier from pointer target type [-Wdiscarded-array-qualifiers]
  259 |     f32 frames = Animation_GetLastFrame(&gEnHeishiDyingGuardTalkAnim);
      |                                         ^~~~~~~~~~~~~~~~~~~~~~~~~~~~
/home/david/Documents/RockBox_Personal-master/devsrc/nano-soh-runtime/Shipwright/soh/include/functions.h:1278:34: note: expected 'void *' but argument is of type 'const char (*)[53]'
 1278 | s16 Animation_GetLastFrame(void* animation);
      |                            ~~~~~~^~~~~~~~~
/home/david/Documents/RockBox_Personal-master/devsrc/nano-soh-runtime/Shipwright/soh/src/overlays/actors/ovl_En_Heishi4/z_en_heishi4.c:261:40: warning: passing argument 2 of 'Animation_Change' from incompatible pointer type [-Wincompatible-pointer-types]
  261 |     Animation_Change(&this->skelAnime, &gEnHeishiDyingGuardTalkAnim, 1.0f, 0.0f, (s16)frames, ANIMMODE_LOOP, -10.0f);
      |                                        ^~~~~~~~~~~~~~~~~~~~~~~~~~~~
      |                                        |
      |                                        const char (*)[53]
/home/david/Documents/RockBox_Personal-master/devsrc/nano-soh-runtime/Shipwright/soh/include/functions.h:1336:62: note: expected 'AnimationHeader *' but argument is of type 'const char (*)[53]'
 1336 | void Animation_Change(SkelAnime* skelAnime, AnimationHeader* animation, f32 playSpeed, f32 startFrame, f32 endFrame,
      |                                             ~~~~~~~~~~~~~~~~~^~~~~~~~~
/home/david/Documents/RockBox_Personal-master/devsrc/nano-soh-runtime/Shipwright/soh/src/overlays/actors/ovl_En_Heishi4/z_en_heishi4.c: In function 'func_80A56A50':
/home/david/Documents/RockBox_Personal-master/devsrc/nano-soh-runtime/Shipwright/soh/src/overlays/actors/ovl_En_Heishi4/z_en_heishi4.c:277:41: warning: passing argument 1 of 'Animation_GetLastFrame' discards 'const' qualifier from pointer target type [-Wdiscarded-array-qualifiers]
  277 |     f32 frames = Animation_GetLastFrame(&gEnHeishiDyingGuardDieAnim);
      |                                         ^~~~~~~~~~~~~~~~~~~~~~~~~~~
/home/david/Documents/RockBox_Personal-master/devsrc/nano-soh-runtime/Shipwright/soh/include/functions.h:1278:34: note: expected 'void *' but argument is of type 'const char (*)[52]'
 1278 | s16 Animation_GetLastFrame(void* animation);
      |                            ~~~~~~^~~~~~~~~
/home/david/Documents/RockBox_Personal-master/devsrc/nano-soh-runtime/Shipwright/soh/src/overlays/actors/ovl_En_Heishi4/z_en_heishi4.c:280:40: warning: passing argument 2 of 'Animation_Change' from incompatible pointer type [-Wincompatible-pointer-types]
  280 |     Animation_Change(&this->skelAnime, &gEnHeishiDyingGuardDieAnim, 1.0f, 0.0f, frames, ANIMMODE_ONCE, -10.0f);
      |                                        ^~~~~~~~~~~~~~~~~~~~~~~~~~~
      |                                        |
      |                                        const char (*)[52]
/home/david/Documents/RockBox_Personal-master/devsrc/nano-soh-runtime/Shipwright/soh/include/functions.h:1336:62: note: expected 'AnimationHeader *' but argument is of type 'const char (*)[52]'
 1336 | void Animation_Change(SkelAnime* skelAnime, AnimationHeader* animation, f32 playSpeed, f32 startFrame, f32 endFrame,
      |                                             ~~~~~~~~~~~~~~~~~^~~~~~~~~
