/home/david/Documents/RockBox_Personal-master/devsrc/nano-soh-runtime/Shipwright/soh/src/overlays/actors/ovl_En_Door/z_en_door.c:69:42: warning: initialization of 'AnimationHeader *' from incompatible pointer type 'const char (*)[55]' [-Wincompatible-pointer-types]
   69 | static AnimationHeader* D_809FCECC[] = { &gDoorAdultOpeningLeftAnim, &gDoorChildOpeningLeftAnim,
      |                                          ^
/home/david/Documents/RockBox_Personal-master/devsrc/nano-soh-runtime/Shipwright/soh/src/overlays/actors/ovl_En_Door/z_en_door.c:69:42: note: (near initialization for 'D_809FCECC[0]')
/home/david/Documents/RockBox_Personal-master/devsrc/nano-soh-runtime/Shipwright/soh/src/overlays/actors/ovl_En_Door/z_en_door.c:69:70: warning: initialization of 'AnimationHeader *' from incompatible pointer type 'const char (*)[55]' [-Wincompatible-pointer-types]
   69 | static AnimationHeader* D_809FCECC[] = { &gDoorAdultOpeningLeftAnim, &gDoorChildOpeningLeftAnim,
      |                                                                      ^
/home/david/Documents/RockBox_Personal-master/devsrc/nano-soh-runtime/Shipwright/soh/src/overlays/actors/ovl_En_Door/z_en_door.c:69:70: note: (near initialization for 'D_809FCECC[1]')
/home/david/Documents/RockBox_Personal-master/devsrc/nano-soh-runtime/Shipwright/soh/src/overlays/actors/ovl_En_Door/z_en_door.c:70:42: warning: initialization of 'AnimationHeader *' from incompatible pointer type 'const char (*)[56]' [-Wincompatible-pointer-types]
   70 |                                          &gDoorAdultOpeningRightAnim, &gDoorChildOpeningRightAnim };
      |                                          ^
/home/david/Documents/RockBox_Personal-master/devsrc/nano-soh-runtime/Shipwright/soh/src/overlays/actors/ovl_En_Door/z_en_door.c:70:42: note: (near initialization for 'D_809FCECC[2]')
/home/david/Documents/RockBox_Personal-master/devsrc/nano-soh-runtime/Shipwright/soh/src/overlays/actors/ovl_En_Door/z_en_door.c:70:71: warning: initialization of 'AnimationHeader *' from incompatible pointer type 'const char (*)[56]' [-Wincompatible-pointer-types]
   70 |                                          &gDoorAdultOpeningRightAnim, &gDoorChildOpeningRightAnim };
      |                                                                       ^
/home/david/Documents/RockBox_Personal-master/devsrc/nano-soh-runtime/Shipwright/soh/src/overlays/actors/ovl_En_Door/z_en_door.c:70:71: note: (near initialization for 'D_809FCECC[3]')
/home/david/Documents/RockBox_Personal-master/devsrc/nano-soh-runtime/Shipwright/soh/src/overlays/actors/ovl_En_Door/z_en_door.c:77:7: warning: initialization of 'Gfx *' from incompatible pointer type 'const char *' [-Wincompatible-pointer-types]
   77 |     { gDoorLeftDL, gDoorRightDL },
      |       ^~~~~~~~~~~
/home/david/Documents/RockBox_Personal-master/devsrc/nano-soh-runtime/Shipwright/soh/src/overlays/actors/ovl_En_Door/z_en_door.c:77:7: note: (near initialization for 'D_809FCEE4[0][0]')
/home/david/Documents/RockBox_Personal-master/devsrc/nano-soh-runtime/Shipwright/soh/src/overlays/actors/ovl_En_Door/z_en_door.c:77:20: warning: initialization of 'Gfx *' from incompatible pointer type 'const char *' [-Wincompatible-pointer-types]
   77 |     { gDoorLeftDL, gDoorRightDL },
      |                    ^~~~~~~~~~~~
/home/david/Documents/RockBox_Personal-master/devsrc/nano-soh-runtime/Shipwright/soh/src/overlays/actors/ovl_En_Door/z_en_door.c:77:20: note: (near initialization for 'D_809FCEE4[0][1]')
/home/david/Documents/RockBox_Personal-master/devsrc/nano-soh-runtime/Shipwright/soh/src/overlays/actors/ovl_En_Door/z_en_door.c:78:7: warning: initialization of 'Gfx *' from incompatible pointer type 'const char *' [-Wincompatible-pointer-types]
   78 |     { gFireTempleDoorWithHandleLeftDL, gFireTempleDoorWithHandleRightDL },
      |       ^~~~~~~~~~~~~~~~~~~~~~~~~~~~~~~
/home/david/Documents/RockBox_Personal-master/devsrc/nano-soh-runtime/Shipwright/soh/src/overlays/actors/ovl_En_Door/z_en_door.c:78:7: note: (near initialization for 'D_809FCEE4[1][0]')
/home/david/Documents/RockBox_Personal-master/devsrc/nano-soh-runtime/Shipwright/soh/src/overlays/actors/ovl_En_Door/z_en_door.c:78:40: warning: initialization of 'Gfx *' from incompatible pointer type 'const char *' [-Wincompatible-pointer-types]
   78 |     { gFireTempleDoorWithHandleLeftDL, gFireTempleDoorWithHandleRightDL },
      |                                        ^~~~~~~~~~~~~~~~~~~~~~~~~~~~~~~~
/home/david/Documents/RockBox_Personal-master/devsrc/nano-soh-runtime/Shipwright/soh/src/overlays/actors/ovl_En_Door/z_en_door.c:78:40: note: (near initialization for 'D_809FCEE4[1][1]')
/home/david/Documents/RockBox_Personal-master/devsrc/nano-soh-runtime/Shipwright/soh/src/overlays/actors/ovl_En_Door/z_en_door.c:79:7: warning: initialization of 'Gfx *' from incompatible pointer type 'const char *' [-Wincompatible-pointer-types]
   79 |     { gWaterTempleDoorLeftDL, gWaterTempleDoorRightDL },
      |       ^~~~~~~~~~~~~~~~~~~~~~
/home/david/Documents/RockBox_Personal-master/devsrc/nano-soh-runtime/Shipwright/soh/src/overlays/actors/ovl_En_Door/z_en_door.c:79:7: note: (near initialization for 'D_809FCEE4[2][0]')
/home/david/Documents/RockBox_Personal-master/devsrc/nano-soh-runtime/Shipwright/soh/src/overlays/actors/ovl_En_Door/z_en_door.c:79:31: warning: initialization of 'Gfx *' from incompatible pointer type 'const char *' [-Wincompatible-pointer-types]
   79 |     { gWaterTempleDoorLeftDL, gWaterTempleDoorRightDL },
      |                               ^~~~~~~~~~~~~~~~~~~~~~~
/home/david/Documents/RockBox_Personal-master/devsrc/nano-soh-runtime/Shipwright/soh/src/overlays/actors/ovl_En_Door/z_en_door.c:79:31: note: (near initialization for 'D_809FCEE4[2][1]')
/home/david/Documents/RockBox_Personal-master/devsrc/nano-soh-runtime/Shipwright/soh/src/overlays/actors/ovl_En_Door/z_en_door.c:80:7: warning: initialization of 'Gfx *' from incompatible pointer type 'const char *' [-Wincompatible-pointer-types]
   80 |     { gShadowDoorLeftDL, gShadowDoorRightDL },
      |       ^~~~~~~~~~~~~~~~~
/home/david/Documents/RockBox_Personal-master/devsrc/nano-soh-runtime/Shipwright/soh/src/overlays/actors/ovl_En_Door/z_en_door.c:80:7: note: (near initialization for 'D_809FCEE4[3][0]')
/home/david/Documents/RockBox_Personal-master/devsrc/nano-soh-runtime/Shipwright/soh/src/overlays/actors/ovl_En_Door/z_en_door.c:80:26: warning: initialization of 'Gfx *' from incompatible pointer type 'const char *' [-Wincompatible-pointer-types]
   80 |     { gShadowDoorLeftDL, gShadowDoorRightDL },
      |                          ^~~~~~~~~~~~~~~~~~
/home/david/Documents/RockBox_Personal-master/devsrc/nano-soh-runtime/Shipwright/soh/src/overlays/actors/ovl_En_Door/z_en_door.c:80:26: note: (near initialization for 'D_809FCEE4[3][1]')
/home/david/Documents/RockBox_Personal-master/devsrc/nano-soh-runtime/Shipwright/soh/src/overlays/actors/ovl_En_Door/z_en_door.c:81:7: warning: initialization of 'Gfx *' from incompatible pointer type 'const char *' [-Wincompatible-pointer-types]
   81 |     { gFieldDoorLeftDL, gFieldDoorRightDL },
      |       ^~~~~~~~~~~~~~~~
/home/david/Documents/RockBox_Personal-master/devsrc/nano-soh-runtime/Shipwright/soh/src/overlays/actors/ovl_En_Door/z_en_door.c:81:7: note: (near initialization for 'D_809FCEE4[4][0]')
/home/david/Documents/RockBox_Personal-master/devsrc/nano-soh-runtime/Shipwright/soh/src/overlays/actors/ovl_En_Door/z_en_door.c:81:25: warning: initialization of 'Gfx *' from incompatible pointer type 'const char *' [-Wincompatible-pointer-types]
   81 |     { gFieldDoorLeftDL, gFieldDoorRightDL },
      |                         ^~~~~~~~~~~~~~~~~
/home/david/Documents/RockBox_Personal-master/devsrc/nano-soh-runtime/Shipwright/soh/src/overlays/actors/ovl_En_Door/z_en_door.c:81:25: note: (near initialization for 'D_809FCEE4[4][1]')
/home/david/Documents/RockBox_Personal-master/devsrc/nano-soh-runtime/Shipwright/soh/src/overlays/actors/ovl_En_Door/z_en_door.c: In function 'EnDoor_Init':
/home/david/Documents/RockBox_Personal-master/devsrc/nano-soh-runtime/Shipwright/soh/src/overlays/actors/ovl_En_Door/z_en_door.c:95:44: warning: passing argument 3 of 'SkelAnime_Init' from incompatible pointer type [-Wincompatible-pointer-types]
   95 |     SkelAnime_Init(play, &this->skelAnime, &gDoorSkel, &gDoorAdultOpeningLeftAnim, this->jointTable, this->morphTable,
      |                                            ^~~~~~~~~~
      |                                            |
      |                                            const char (*)[39]
In file included from /home/david/Documents/RockBox_Personal-master/devsrc/nano-soh-runtime/Shipwright/soh/include/global.h:8,
                 from /home/david/Documents/RockBox_Personal-master/devsrc/nano-soh-runtime/Shipwright/soh/src/overlays/actors/ovl_En_Door/z_en_door.h:5,
                 from /home/david/Documents/RockBox_Personal-master/devsrc/nano-soh-runtime/Shipwright/soh/src/overlays/actors/ovl_En_Door/z_en_door.c:7:
/home/david/Documents/RockBox_Personal-master/devsrc/nano-soh-runtime/Shipwright/soh/include/functions.h:1327:75: note: expected 'SkeletonHeader *' but argument is of type 'const char (*)[39]'
 1327 | s32 SkelAnime_Init(PlayState* play, SkelAnime* skelAnime, SkeletonHeader* skeletonHeaderSeg,
      |                                                           ~~~~~~~~~~~~~~~~^~~~~~~~~~~~~~~~~
/home/david/Documents/RockBox_Personal-master/devsrc/nano-soh-runtime/Shipwright/soh/src/overlays/actors/ovl_En_Door/z_en_door.c:95:56: warning: passing argument 4 of 'SkelAnime_Init' from incompatible pointer type [-Wincompatible-pointer-types]
   95 |     SkelAnime_Init(play, &this->skelAnime, &gDoorSkel, &gDoorAdultOpeningLeftAnim, this->jointTable, this->morphTable,
      |                                                        ^~~~~~~~~~~~~~~~~~~~~~~~~~
      |                                                        |
      |                                                        const char (*)[55]
/home/david/Documents/RockBox_Personal-master/devsrc/nano-soh-runtime/Shipwright/soh/include/functions.h:1328:37: note: expected 'AnimationHeader *' but argument is of type 'const char (*)[55]'
 1328 |                    AnimationHeader* animation, Vec3s* jointTable, Vec3s* morphTable, s32 limbCount);
      |                    ~~~~~~~~~~~~~~~~~^~~~~~~~~
/home/david/Documents/RockBox_Personal-master/devsrc/nano-soh-runtime/Shipwright/soh/src/overlays/actors/ovl_En_Door/z_en_door.c: In function 'EnDoor_Draw':
/home/david/Documents/RockBox_Personal-master/devsrc/nano-soh-runtime/Shipwright/soh/src/overlays/actors/ovl_En_Door/z_en_door.c:351:49: warning: passing argument 2 of 'gSPDisplayList' from incompatible pointer type [-Wincompatible-pointer-types]
  351 |                 gSPDisplayList(POLY_OPA_DISP++, gDoorRightDL);
      |                                                 ^~~~~~~~~~~~
      |                                                 |
      |                                                 const char *
/home/david/Documents/RockBox_Personal-master/devsrc/nano-soh-runtime/Shipwright/soh/include/functions.h:24:36: note: expected 'Gfx *' but argument is of type 'const char *'
   24 | void gSPDisplayList(Gfx* pkt, Gfx* dl);
      |                               ~~~~~^~
/home/david/Documents/RockBox_Personal-master/devsrc/nano-soh-runtime/Shipwright/soh/src/overlays/actors/ovl_En_Door/z_en_door.c:353:49: warning: passing argument 2 of 'gSPDisplayList' from incompatible pointer type [-Wincompatible-pointer-types]
  353 |                 gSPDisplayList(POLY_OPA_DISP++, gDoorLeftDL);
      |                                                 ^~~~~~~~~~~
      |                                                 |
      |                                                 const char *
/home/david/Documents/RockBox_Personal-master/devsrc/nano-soh-runtime/Shipwright/soh/include/functions.h:24:36: note: expected 'Gfx *' but argument is of type 'const char *'
   24 | void gSPDisplayList(Gfx* pkt, Gfx* dl);
      |                               ~~~~~^~
