/home/david/Documents/RockBox_Personal-master/devsrc/nano-soh-runtime/Shipwright/soh/src/overlays/actors/ovl_Magic_Wind/z_magic_wind.c: In function 'MagicWind_Init':
/home/david/Documents/RockBox_Personal-master/devsrc/nano-soh-runtime/Shipwright/soh/src/overlays/actors/ovl_Magic_Wind/z_magic_wind.c:50:48: warning: passing argument 3 of 'SkelCurve_Init' from incompatible pointer type [-Wincompatible-pointer-types]
   50 |     if (SkelCurve_Init(play, &this->skelCurve, &sSkel, &sAnim) == 0) {
      |                                                ^~~~~~
      |                                                |
      |                                                const char (*)[37]
In file included from /home/david/Documents/RockBox_Personal-master/devsrc/nano-soh-runtime/Shipwright/soh/include/global.h:8,
                 from /home/david/Documents/RockBox_Personal-master/devsrc/nano-soh-runtime/Shipwright/soh/src/overlays/actors/ovl_Magic_Wind/z_magic_wind.h:5,
                 from /home/david/Documents/RockBox_Personal-master/devsrc/nano-soh-runtime/Shipwright/soh/src/overlays/actors/ovl_Magic_Wind/z_magic_wind.c:7:
/home/david/Documents/RockBox_Personal-master/devsrc/nano-soh-runtime/Shipwright/soh/include/functions.h:887:83: note: expected 'SkelCurveLimbList *' but argument is of type 'const char (*)[37]'
  887 | s32 SkelCurve_Init(PlayState* play, SkelAnimeCurve* skelCurve, SkelCurveLimbList* limbListSeg,
      |                                                                ~~~~~~~~~~~~~~~~~~~^~~~~~~~~~~
/home/david/Documents/RockBox_Personal-master/devsrc/nano-soh-runtime/Shipwright/soh/src/overlays/actors/ovl_Magic_Wind/z_magic_wind.c:50:56: warning: passing argument 4 of 'SkelCurve_Init' from incompatible pointer type [-Wincompatible-pointer-types]
   50 |     if (SkelCurve_Init(play, &this->skelCurve, &sSkel, &sAnim) == 0) {
      |                                                        ^~~~~~
      |                                                        |
      |                                                        const char (*)[37]
/home/david/Documents/RockBox_Personal-master/devsrc/nano-soh-runtime/Shipwright/soh/include/functions.h:888:42: note: expected 'TransformUpdateIndex *' but argument is of type 'const char (*)[37]'
  888 |                    TransformUpdateIndex* transUpdIdx);
      |                    ~~~~~~~~~~~~~~~~~~~~~~^~~~~~~~~~~
/home/david/Documents/RockBox_Personal-master/devsrc/nano-soh-runtime/Shipwright/soh/src/overlays/actors/ovl_Magic_Wind/z_magic_wind.c:57:49: warning: passing argument 2 of 'SkelCurve_SetAnim' from incompatible pointer type [-Wincompatible-pointer-types]
   57 |             SkelCurve_SetAnim(&this->skelCurve, &sAnim, 0.0f, 60.0f, 0.0f, 1.0f);
      |                                                 ^~~~~~
      |                                                 |
      |                                                 const char (*)[37]
/home/david/Documents/RockBox_Personal-master/devsrc/nano-soh-runtime/Shipwright/soh/include/functions.h:890:73: note: expected 'TransformUpdateIndex *' but argument is of type 'const char (*)[37]'
  890 | void SkelCurve_SetAnim(SkelAnimeCurve* skelCurve, TransformUpdateIndex* transUpdIdx, f32 arg2, f32 animFinalFrame,
      |                                                   ~~~~~~~~~~~~~~~~~~~~~~^~~~~~~~~~~
/home/david/Documents/RockBox_Personal-master/devsrc/nano-soh-runtime/Shipwright/soh/src/overlays/actors/ovl_Magic_Wind/z_magic_wind.c:62:49: warning: passing argument 2 of 'SkelCurve_SetAnim' from incompatible pointer type [-Wincompatible-pointer-types]
   62 |             SkelCurve_SetAnim(&this->skelCurve, &sAnim, 60.0f, 0.0f, 60.0f, -1.0f);
      |                                                 ^~~~~~
      |                                                 |
      |                                                 const char (*)[37]
/home/david/Documents/RockBox_Personal-master/devsrc/nano-soh-runtime/Shipwright/soh/include/functions.h:890:73: note: expected 'TransformUpdateIndex *' but argument is of type 'const char (*)[37]'
  890 | void SkelCurve_SetAnim(SkelAnimeCurve* skelCurve, TransformUpdateIndex* transUpdIdx, f32 arg2, f32 animFinalFrame,
      |                                                   ~~~~~~~~~~~~~~~~~~~~~~^~~~~~~~~~~
/home/david/Documents/RockBox_Personal-master/devsrc/nano-soh-runtime/Shipwright/soh/include/macros.h:135:40: warning: passing argument 2 of 'LogUtils_LogThreadId' makes integer from pointer without a cast [-Wint-conversion]
  135 |         LogUtils_LogThreadId(__FILE__, __FILE__);           \
      |                                        ^~~~~~~~
      |                                        |
      |                                        char *
/home/david/Documents/RockBox_Personal-master/devsrc/nano-soh-runtime/Shipwright/soh/include/macros.h:143:28: note: in expansion of macro 'LOG'
  143 | #define LOG_STRING(string) LOG(#string, string, "%s")
      |                            ^~~
/home/david/Documents/RockBox_Personal-master/devsrc/nano-soh-runtime/Shipwright/soh/src/overlays/actors/ovl_Magic_Wind/z_magic_wind.c:65:13: note: in expansion of macro 'LOG_STRING'
   65 |             LOG_STRING("表示開始");
      |             ^~~~~~~~~~
/home/david/Documents/RockBox_Personal-master/devsrc/nano-soh-runtime/Shipwright/soh/include/functions.h:94:49: note: expected 's32' {aka 'long int'} but argument is of type 'char *'
   94 | void LogUtils_LogThreadId(const char* name, s32 line);
      |                                             ~~~~^~~~
/home/david/Documents/RockBox_Personal-master/devsrc/nano-soh-runtime/Shipwright/soh/src/overlays/actors/ovl_Magic_Wind/z_magic_wind.c: In function 'MagicWind_Destroy':
/home/david/Documents/RockBox_Personal-master/devsrc/nano-soh-runtime/Shipwright/soh/include/macros.h:135:40: warning: passing argument 2 of 'LogUtils_LogThreadId' makes integer from pointer without a cast [-Wint-conversion]
  135 |         LogUtils_LogThreadId(__FILE__, __FILE__);           \
      |                                        ^~~~~~~~
      |                                        |
      |                                        char *
/home/david/Documents/RockBox_Personal-master/devsrc/nano-soh-runtime/Shipwright/soh/include/macros.h:143:28: note: in expansion of macro 'LOG'
  143 | #define LOG_STRING(string) LOG(#string, string, "%s")
      |                            ^~~
/home/david/Documents/RockBox_Personal-master/devsrc/nano-soh-runtime/Shipwright/soh/src/overlays/actors/ovl_Magic_Wind/z_magic_wind.c:76:5: note: in expansion of macro 'LOG_STRING'
   76 |     LOG_STRING("消滅");
      |     ^~~~~~~~~~
/home/david/Documents/RockBox_Personal-master/devsrc/nano-soh-runtime/Shipwright/soh/include/functions.h:94:49: note: expected 's32' {aka 'long int'} but argument is of type 'char *'
   94 | void LogUtils_LogThreadId(const char* name, s32 line);
      |                                             ~~~~^~~~
/home/david/Documents/RockBox_Personal-master/devsrc/nano-soh-runtime/Shipwright/soh/src/overlays/actors/ovl_Magic_Wind/z_magic_wind.c: In function 'MagicWind_UpdateAlpha':
/home/david/Documents/RockBox_Personal-master/devsrc/nano-soh-runtime/Shipwright/soh/src/overlays/actors/ovl_Magic_Wind/z_magic_wind.c:82:42: warning: passing argument 1 of 'ResourceMgr_LoadVtxByName' discards 'const' qualifier from pointer target type [-Wdiscarded-qualifiers]
   82 |     Vtx* vtx = ResourceMgr_LoadVtxByName(sCylinderVtx);
      |                                          ^~~~~~~~~~~~
In file included from /home/david/Documents/RockBox_Personal-master/devsrc/nano-soh-runtime/Shipwright/soh/src/overlays/actors/ovl_Magic_Wind/z_magic_wind.c:8:
/home/david/Documents/RockBox_Personal-master/devsrc/nano-soh-runtime/Shipwright/soh/soh/ResourceManagerHelpers.h:59:38: note: expected 'char *' but argument is of type 'const char *'
   59 | Vtx* ResourceMgr_LoadVtxByName(char* path);
      |                                ~~~~~~^~~~
/home/david/Documents/RockBox_Personal-master/devsrc/nano-soh-runtime/Shipwright/soh/src/overlays/actors/ovl_Magic_Wind/z_magic_wind.c: In function 'MagicWind_WaitForTimer':
/home/david/Documents/RockBox_Personal-master/devsrc/nano-soh-runtime/Shipwright/soh/include/macros.h:135:40: warning: passing argument 2 of 'LogUtils_LogThreadId' makes integer from pointer without a cast [-Wint-conversion]
  135 |         LogUtils_LogThreadId(__FILE__, __FILE__);           \
      |                                        ^~~~~~~~
      |                                        |
      |                                        char *
/home/david/Documents/RockBox_Personal-master/devsrc/nano-soh-runtime/Shipwright/soh/include/macros.h:143:28: note: in expansion of macro 'LOG'
  143 | #define LOG_STRING(string) LOG(#string, string, "%s")
      |                            ^~~
/home/david/Documents/RockBox_Personal-master/devsrc/nano-soh-runtime/Shipwright/soh/src/overlays/actors/ovl_Magic_Wind/z_magic_wind.c:98:5: note: in expansion of macro 'LOG_STRING'
   98 |     LOG_STRING("表示開始");
      |     ^~~~~~~~~~
/home/david/Documents/RockBox_Personal-master/devsrc/nano-soh-runtime/Shipwright/soh/include/functions.h:94:49: note: expected 's32' {aka 'long int'} but argument is of type 'char *'
   94 | void LogUtils_LogThreadId(const char* name, s32 line);
      |                                             ~~~~^~~~
/home/david/Documents/RockBox_Personal-master/devsrc/nano-soh-runtime/Shipwright/soh/src/overlays/actors/ovl_Magic_Wind/z_magic_wind.c: In function 'MagicWind_OverrideLimbDraw':
/home/david/Documents/RockBox_Personal-master/devsrc/nano-soh-runtime/Shipwright/soh/src/overlays/actors/ovl_Magic_Wind/z_magic_wind.c:153:20: warning: passing argument 3 of 'gSPSegment' makes integer from pointer without a cast [-Wint-conversion]
  153 |                    Gfx_TwoTexScrollEx(play->state.gfxCtx, 0, (play->state.frames * 9) & 0xFF,
      |                    ^~~~~~~~~~~~~~~~~~~~~~~~~~~~~~~~~~~~~~~~~~~~~~~~~~~~~~~~~~~~~~~~~~~~~~~~~~
      |                    |
      |                    Gfx *
  154 |                                       0xFF - ((play->state.frames * 0xF) & 0xFF), 0x40, 0x40, 1,
      |                                       ~~~~~~~~~~~~~~~~~~~~~~~~~~~~~~~~~~~~~~~~~~~~~~~~~~~~~~~~~~
  155 |                                       (play->state.frames * 0xF) & 0xFF, 0xFF - ((play->state.frames * 0x1E) & 0xFF),
      |                                       ~~~~~~~~~~~~~~~~~~~~~~~~~~~~~~~~~~~~~~~~~~~~~~~~~~~~~~~~~~~~~~~~~~~~~~~~~~~~~~~
  156 |                                       0x40, 0x40, 9, -0xF, 0xF, -0x1E));
      |                                       ~~~~~~~~~~~~~~~~~~~~~~~~~~~~~~~~
/home/david/Documents/RockBox_Personal-master/devsrc/nano-soh-runtime/Shipwright/soh/include/functions.h:22:52: note: expected 'uintptr_t' {aka 'unsigned int'} but argument is of type 'Gfx *'
   22 | void gSPSegment(void* value, int segNum, uintptr_t target);
      |                                          ~~~~~~~~~~^~~~~~
/home/david/Documents/RockBox_Personal-master/devsrc/nano-soh-runtime/Shipwright/soh/src/overlays/actors/ovl_Magic_Wind/z_magic_wind.c:160:20: warning: passing argument 3 of 'gSPSegment' makes integer from pointer without a cast [-Wint-conversion]
  160 |                    Gfx_TwoTexScrollEx(play->state.gfxCtx, 0, (play->state.frames * 3) & 0xFF,
      |                    ^~~~~~~~~~~~~~~~~~~~~~~~~~~~~~~~~~~~~~~~~~~~~~~~~~~~~~~~~~~~~~~~~~~~~~~~~~
      |                    |
      |                    Gfx *
  161 |                                       0xFF - ((play->state.frames * 5) & 0xFF), 0x40, 0x40, 1,
      |                                       ~~~~~~~~~~~~~~~~~~~~~~~~~~~~~~~~~~~~~~~~~~~~~~~~~~~~~~~~
  162 |                                       (play->state.frames * 6) & 0xFF, 0xFF - ((play->state.frames * 0xA) & 0xFF), 0x40,
      |                                       ~~~~~~~~~~~~~~~~~~~~~~~~~~~~~~~~~~~~~~~~~~~~~~~~~~~~~~~~~~~~~~~~~~~~~~~~~~~~~~~~~~
  163 |                                       0x40, 3, -5, 6, -0xA));
      |                                       ~~~~~~~~~~~~~~~~~~~~~
/home/david/Documents/RockBox_Personal-master/devsrc/nano-soh-runtime/Shipwright/soh/include/functions.h:22:52: note: expected 'uintptr_t' {aka 'unsigned int'} but argument is of type 'Gfx *'
   22 | void gSPSegment(void* value, int segNum, uintptr_t target);
      |                                          ~~~~~~~~~~^~~~~~
