/home/david/Documents/RockBox_Personal-master/devsrc/nano-soh-runtime/Shipwright/soh/src/overlays/actors/ovl_En_Ma2/z_en_ma2.c:69:7: warning: initialization of 'AnimationHeader *' from incompatible pointer type 'const char (*)[46]' [-Wincompatible-pointer-types]
   69 |     { &gMalonAdultIdleAnim, 1.0f, ANIMMODE_LOOP, 0.0f },       { &gMalonAdultIdleAnim, 1.0f, ANIMMODE_LOOP, -10.0f },
      |       ^
/home/david/Documents/RockBox_Personal-master/devsrc/nano-soh-runtime/Shipwright/soh/src/overlays/actors/ovl_En_Ma2/z_en_ma2.c:69:7: note: (near initialization for 'sAnimationInfo[0].animation')
/home/david/Documents/RockBox_Personal-master/devsrc/nano-soh-runtime/Shipwright/soh/src/overlays/actors/ovl_En_Ma2/z_en_ma2.c:69:66: warning: initialization of 'AnimationHeader *' from incompatible pointer type 'const char (*)[46]' [-Wincompatible-pointer-types]
   69 |     { &gMalonAdultIdleAnim, 1.0f, ANIMMODE_LOOP, 0.0f },       { &gMalonAdultIdleAnim, 1.0f, ANIMMODE_LOOP, -10.0f },
      |                                                                  ^
/home/david/Documents/RockBox_Personal-master/devsrc/nano-soh-runtime/Shipwright/soh/src/overlays/actors/ovl_En_Ma2/z_en_ma2.c:69:66: note: (near initialization for 'sAnimationInfo[1].animation')
/home/david/Documents/RockBox_Personal-master/devsrc/nano-soh-runtime/Shipwright/soh/src/overlays/actors/ovl_En_Ma2/z_en_ma2.c:70:7: warning: initialization of 'AnimationHeader *' from incompatible pointer type 'const char (*)[52]' [-Wincompatible-pointer-types]
   70 |     { &gMalonAdultStandStillAnim, 1.0f, ANIMMODE_LOOP, 0.0f }, { &gMalonAdultSingAnim, 1.0f, ANIMMODE_LOOP, 0.0f },
      |       ^
/home/david/Documents/RockBox_Personal-master/devsrc/nano-soh-runtime/Shipwright/soh/src/overlays/actors/ovl_En_Ma2/z_en_ma2.c:70:7: note: (near initialization for 'sAnimationInfo[2].animation')
/home/david/Documents/RockBox_Personal-master/devsrc/nano-soh-runtime/Shipwright/soh/src/overlays/actors/ovl_En_Ma2/z_en_ma2.c:70:66: warning: initialization of 'AnimationHeader *' from incompatible pointer type 'const char (*)[46]' [-Wincompatible-pointer-types]
   70 |     { &gMalonAdultStandStillAnim, 1.0f, ANIMMODE_LOOP, 0.0f }, { &gMalonAdultSingAnim, 1.0f, ANIMMODE_LOOP, 0.0f },
      |                                                                  ^
/home/david/Documents/RockBox_Personal-master/devsrc/nano-soh-runtime/Shipwright/soh/src/overlays/actors/ovl_En_Ma2/z_en_ma2.c:70:66: note: (near initialization for 'sAnimationInfo[3].animation')
/home/david/Documents/RockBox_Personal-master/devsrc/nano-soh-runtime/Shipwright/soh/src/overlays/actors/ovl_En_Ma2/z_en_ma2.c:71:7: warning: initialization of 'AnimationHeader *' from incompatible pointer type 'const char (*)[46]' [-Wincompatible-pointer-types]
   71 |     { &gMalonAdultSingAnim, 1.0f, ANIMMODE_LOOP, -10.0f },
      |       ^
/home/david/Documents/RockBox_Personal-master/devsrc/nano-soh-runtime/Shipwright/soh/src/overlays/actors/ovl_En_Ma2/z_en_ma2.c:71:7: note: (near initialization for 'sAnimationInfo[4].animation')
/home/david/Documents/RockBox_Personal-master/devsrc/nano-soh-runtime/Shipwright/soh/src/overlays/actors/ovl_En_Ma2/z_en_ma2.c: In function 'EnMa2_Init':
/home/david/Documents/RockBox_Personal-master/devsrc/nano-soh-runtime/Shipwright/soh/src/overlays/actors/ovl_En_Ma2/z_en_ma2.c:220:48: warning: passing argument 3 of 'SkelAnime_InitFlex' from incompatible pointer type [-Wincompatible-pointer-types]
  220 |     SkelAnime_InitFlex(play, &this->skelAnime, &gMalonAdultSkel, NULL, NULL, NULL, 0);
      |                                                ^~~~~~~~~~~~~~~~
      |                                                |
      |                                                const char (*)[42]
In file included from /home/david/Documents/RockBox_Personal-master/devsrc/nano-soh-runtime/Shipwright/soh/include/global.h:8,
                 from /home/david/Documents/RockBox_Personal-master/devsrc/nano-soh-runtime/Shipwright/soh/src/overlays/actors/ovl_En_Ma2/z_en_ma2.h:5,
                 from /home/david/Documents/RockBox_Personal-master/devsrc/nano-soh-runtime/Shipwright/soh/src/overlays/actors/ovl_En_Ma2/z_en_ma2.c:1:
/home/david/Documents/RockBox_Personal-master/devsrc/nano-soh-runtime/Shipwright/soh/include/functions.h:1329:83: note: expected 'FlexSkeletonHeader *' but argument is of type 'const char (*)[42]'
 1329 | s32 SkelAnime_InitFlex(PlayState* play, SkelAnime* skelAnime, FlexSkeletonHeader* skeletonHeaderSeg,
      |                                                               ~~~~~~~~~~~~~~~~~~~~^~~~~~~~~~~~~~~~~
/home/david/Documents/RockBox_Personal-master/devsrc/nano-soh-runtime/Shipwright/soh/src/overlays/actors/ovl_En_Ma2/z_en_ma2.c: In function 'EnMa2_PostLimbDraw':
/home/david/Documents/RockBox_Personal-master/devsrc/nano-soh-runtime/Shipwright/soh/src/overlays/actors/ovl_En_Ma2/z_en_ma2.c:368:41: warning: passing argument 2 of 'gSPDisplayList' from incompatible pointer type [-Wincompatible-pointer-types]
  368 |         gSPDisplayList(POLY_OPA_DISP++, gMalonAdultBasketDL);
      |                                         ^~~~~~~~~~~~~~~~~~~
      |                                         |
      |                                         const char *
/home/david/Documents/RockBox_Personal-master/devsrc/nano-soh-runtime/Shipwright/soh/include/functions.h:24:36: note: expected 'Gfx *' but argument is of type 'const char *'
   24 | void gSPDisplayList(Gfx* pkt, Gfx* dl);
      |                               ~~~~~^~
/home/david/Documents/RockBox_Personal-master/devsrc/nano-soh-runtime/Shipwright/soh/src/overlays/actors/ovl_En_Ma2/z_en_ma2.c: In function 'EnMa2_Draw':
/home/david/Documents/RockBox_Personal-master/devsrc/nano-soh-runtime/Shipwright/soh/src/overlays/actors/ovl_En_Ma2/z_en_ma2.c:375:39: warning: initialization discards 'const' qualifier from pointer target type [-Wdiscarded-qualifiers]
  375 |     static void* sMouthTextures[] = { gMalonAdultMouthNeutralTex, gMalonAdultMouthSadTex, gMalonAdultMouthHappyTex };
      |                                       ^~~~~~~~~~~~~~~~~~~~~~~~~~
/home/david/Documents/RockBox_Personal-master/devsrc/nano-soh-runtime/Shipwright/soh/src/overlays/actors/ovl_En_Ma2/z_en_ma2.c:375:67: warning: initialization discards 'const' qualifier from pointer target type [-Wdiscarded-qualifiers]
  375 |     static void* sMouthTextures[] = { gMalonAdultMouthNeutralTex, gMalonAdultMouthSadTex, gMalonAdultMouthHappyTex };
      |                                                                   ^~~~~~~~~~~~~~~~~~~~~~
/home/david/Documents/RockBox_Personal-master/devsrc/nano-soh-runtime/Shipwright/soh/src/overlays/actors/ovl_En_Ma2/z_en_ma2.c:375:91: warning: initialization discards 'const' qualifier from pointer target type [-Wdiscarded-qualifiers]
  375 |     static void* sMouthTextures[] = { gMalonAdultMouthNeutralTex, gMalonAdultMouthSadTex, gMalonAdultMouthHappyTex };
      |                                                                                           ^~~~~~~~~~~~~~~~~~~~~~~~
/home/david/Documents/RockBox_Personal-master/devsrc/nano-soh-runtime/Shipwright/soh/src/overlays/actors/ovl_En_Ma2/z_en_ma2.c:376:37: warning: initialization discards 'const' qualifier from pointer target type [-Wdiscarded-qualifiers]
  376 |     static void* sEyeTextures[] = { gMalonAdultEyeOpenTex, gMalonAdultEyeHalfTex, gMalonAdultEyeClosedTex };
      |                                     ^~~~~~~~~~~~~~~~~~~~~
/home/david/Documents/RockBox_Personal-master/devsrc/nano-soh-runtime/Shipwright/soh/src/overlays/actors/ovl_En_Ma2/z_en_ma2.c:376:60: warning: initialization discards 'const' qualifier from pointer target type [-Wdiscarded-qualifiers]
  376 |     static void* sEyeTextures[] = { gMalonAdultEyeOpenTex, gMalonAdultEyeHalfTex, gMalonAdultEyeClosedTex };
      |                                                            ^~~~~~~~~~~~~~~~~~~~~
/home/david/Documents/RockBox_Personal-master/devsrc/nano-soh-runtime/Shipwright/soh/src/overlays/actors/ovl_En_Ma2/z_en_ma2.c:376:83: warning: initialization discards 'const' qualifier from pointer target type [-Wdiscarded-qualifiers]
  376 |     static void* sEyeTextures[] = { gMalonAdultEyeOpenTex, gMalonAdultEyeHalfTex, gMalonAdultEyeClosedTex };
      |                                                                                   ^~~~~~~~~~~~~~~~~~~~~~~
In file included from /home/david/Documents/RockBox_Personal-master/devsrc/nano-soh-runtime/Shipwright/soh/include/global.h:10:
/home/david/Documents/RockBox_Personal-master/devsrc/nano-soh-runtime/Shipwright/soh/src/overlays/actors/ovl_En_Ma2/z_en_ma2.c:390:74: warning: passing argument 3 of 'gSPSegment' makes integer from pointer without a cast [-Wint-conversion]
  390 |     gSPSegment(POLY_OPA_DISP++, 0x09, SEGMENTED_TO_VIRTUAL(sMouthTextures[this->mouthIndex]));
      |                                                            ~~~~~~~~~~~~~~^~~~~~~~~~~~~~~~~~
      |                                                                          |
      |                                                                          void *
/home/david/Documents/RockBox_Personal-master/devsrc/nano-soh-runtime/Shipwright/soh/include/macros.h:37:36: note: in definition of macro 'SEGMENTED_TO_VIRTUAL'
   37 | #define SEGMENTED_TO_VIRTUAL(addr) addr
      |                                    ^~~~
/home/david/Documents/RockBox_Personal-master/devsrc/nano-soh-runtime/Shipwright/soh/include/functions.h:22:52: note: expected 'uintptr_t' {aka 'unsigned int'} but argument is of type 'void *'
   22 | void gSPSegment(void* value, int segNum, uintptr_t target);
      |                                          ~~~~~~~~~~^~~~~~
/home/david/Documents/RockBox_Personal-master/devsrc/nano-soh-runtime/Shipwright/soh/src/overlays/actors/ovl_En_Ma2/z_en_ma2.c:391:72: warning: passing argument 3 of 'gSPSegment' makes integer from pointer without a cast [-Wint-conversion]
  391 |     gSPSegment(POLY_OPA_DISP++, 0x08, SEGMENTED_TO_VIRTUAL(sEyeTextures[this->eyeIndex]));
      |                                                            ~~~~~~~~~~~~^~~~~~~~~~~~~~~~
      |                                                                        |
      |                                                                        void *
/home/david/Documents/RockBox_Personal-master/devsrc/nano-soh-runtime/Shipwright/soh/include/macros.h:37:36: note: in definition of macro 'SEGMENTED_TO_VIRTUAL'
   37 | #define SEGMENTED_TO_VIRTUAL(addr) addr
      |                                    ^~~~
/home/david/Documents/RockBox_Personal-master/devsrc/nano-soh-runtime/Shipwright/soh/include/functions.h:22:52: note: expected 'uintptr_t' {aka 'unsigned int'} but argument is of type 'void *'
   22 | void gSPSegment(void* value, int segNum, uintptr_t target);
      |                                          ~~~~~~~~~~^~~~~~
