/home/david/Documents/RockBox_Personal-master/devsrc/nano-soh-runtime/Shipwright/soh/src/overlays/actors/ovl_Obj_Bean/z_obj_bean.c:121:32: warning: initialization of 'Gfx *' from incompatible pointer type 'const char *' [-Wincompatible-pointer-types]
  121 | static Gfx* sBreakDlists[] = { gCuttableShrubStalkDL, gCuttableShrubTipDL };
      |                                ^~~~~~~~~~~~~~~~~~~~~
/home/david/Documents/RockBox_Personal-master/devsrc/nano-soh-runtime/Shipwright/soh/src/overlays/actors/ovl_Obj_Bean/z_obj_bean.c:121:32: note: (near initialization for 'sBreakDlists[0]')
/home/david/Documents/RockBox_Personal-master/devsrc/nano-soh-runtime/Shipwright/soh/src/overlays/actors/ovl_Obj_Bean/z_obj_bean.c:121:55: warning: initialization of 'Gfx *' from incompatible pointer type 'const char *' [-Wincompatible-pointer-types]
  121 | static Gfx* sBreakDlists[] = { gCuttableShrubStalkDL, gCuttableShrubTipDL };
      |                                                       ^~~~~~~~~~~~~~~~~~~
/home/david/Documents/RockBox_Personal-master/devsrc/nano-soh-runtime/Shipwright/soh/src/overlays/actors/ovl_Obj_Bean/z_obj_bean.c:121:55: note: (near initialization for 'sBreakDlists[1]')
/home/david/Documents/RockBox_Personal-master/devsrc/nano-soh-runtime/Shipwright/soh/src/overlays/actors/ovl_Obj_Bean/z_obj_bean.c: In function 'ObjBean_Init':
/home/david/Documents/RockBox_Personal-master/devsrc/nano-soh-runtime/Shipwright/soh/src/overlays/actors/ovl_Obj_Bean/z_obj_bean.c:498:46: warning: passing argument 3 of 'ObjBean_InitDynaPoly' from incompatible pointer type [-Wincompatible-pointer-types]
  498 |             ObjBean_InitDynaPoly(this, play, &gMagicBeanPlatformCol, DPM_UNK3);
      |                                              ^~~~~~~~~~~~~~~~~~~~~~
      |                                              |
      |                                              const char (*)[53]
/home/david/Documents/RockBox_Personal-master/devsrc/nano-soh-runtime/Shipwright/soh/src/overlays/actors/ovl_Obj_Bean/z_obj_bean.c:138:76: note: expected 'CollisionHeader *' but argument is of type 'const char (*)[53]'
  138 | void ObjBean_InitDynaPoly(ObjBean* this, PlayState* play, CollisionHeader* collision, s32 moveFlag) {
      |                                                           ~~~~~~~~~~~~~~~~~^~~~~~~~~
/home/david/Documents/RockBox_Personal-master/devsrc/nano-soh-runtime/Shipwright/soh/src/overlays/actors/ovl_Obj_Bean/z_obj_bean.c: In function 'ObjBean_DrawSoftSoilSpot':
/home/david/Documents/RockBox_Personal-master/devsrc/nano-soh-runtime/Shipwright/soh/src/overlays/actors/ovl_Obj_Bean/z_obj_bean.c:923:28: warning: passing argument 2 of 'Gfx_DrawDListOpa' from incompatible pointer type [-Wincompatible-pointer-types]
  923 |     Gfx_DrawDListOpa(play, gMagicBeanSoftSoilDL);
      |                            ^~~~~~~~~~~~~~~~~~~~
      |                            |
      |                            const char *
In file included from /home/david/Documents/RockBox_Personal-master/devsrc/nano-soh-runtime/Shipwright/soh/include/global.h:8,
                 from /home/david/Documents/RockBox_Personal-master/devsrc/nano-soh-runtime/Shipwright/soh/src/overlays/actors/ovl_Obj_Bean/z_obj_bean.h:5,
                 from /home/david/Documents/RockBox_Personal-master/devsrc/nano-soh-runtime/Shipwright/soh/src/overlays/actors/ovl_Obj_Bean/z_obj_bean.c:7:
/home/david/Documents/RockBox_Personal-master/devsrc/nano-soh-runtime/Shipwright/soh/include/functions.h:546:45: note: expected 'Gfx *' but argument is of type 'const char *'
  546 | void Gfx_DrawDListOpa(PlayState* play, Gfx* dlist);
      |                                        ~~~~~^~~~~
/home/david/Documents/RockBox_Personal-master/devsrc/nano-soh-runtime/Shipwright/soh/src/overlays/actors/ovl_Obj_Bean/z_obj_bean.c: In function 'ObjBean_DrawBeanstalk':
/home/david/Documents/RockBox_Personal-master/devsrc/nano-soh-runtime/Shipwright/soh/src/overlays/actors/ovl_Obj_Bean/z_obj_bean.c:931:28: warning: passing argument 2 of 'Gfx_DrawDListOpa' from incompatible pointer type [-Wincompatible-pointer-types]
  931 |     Gfx_DrawDListOpa(play, gMagicBeanStemDL);
      |                            ^~~~~~~~~~~~~~~~
      |                            |
      |                            const char *
/home/david/Documents/RockBox_Personal-master/devsrc/nano-soh-runtime/Shipwright/soh/include/functions.h:546:45: note: expected 'Gfx *' but argument is of type 'const char *'
  546 | void Gfx_DrawDListOpa(PlayState* play, Gfx* dlist);
      |                                        ~~~~~^~~~~
/home/david/Documents/RockBox_Personal-master/devsrc/nano-soh-runtime/Shipwright/soh/src/overlays/actors/ovl_Obj_Bean/z_obj_bean.c: In function 'ObjBean_Draw':
/home/david/Documents/RockBox_Personal-master/devsrc/nano-soh-runtime/Shipwright/soh/src/overlays/actors/ovl_Obj_Bean/z_obj_bean.c:938:32: warning: passing argument 2 of 'Gfx_DrawDListOpa' from incompatible pointer type [-Wincompatible-pointer-types]
  938 |         Gfx_DrawDListOpa(play, gMagicBeanSeedlingDL);
      |                                ^~~~~~~~~~~~~~~~~~~~
      |                                |
      |                                const char *
/home/david/Documents/RockBox_Personal-master/devsrc/nano-soh-runtime/Shipwright/soh/include/functions.h:546:45: note: expected 'Gfx *' but argument is of type 'const char *'
  546 | void Gfx_DrawDListOpa(PlayState* play, Gfx* dlist);
      |                                        ~~~~~^~~~~
/home/david/Documents/RockBox_Personal-master/devsrc/nano-soh-runtime/Shipwright/soh/src/overlays/actors/ovl_Obj_Bean/z_obj_bean.c:941:32: warning: passing argument 2 of 'Gfx_DrawDListOpa' from incompatible pointer type [-Wincompatible-pointer-types]
  941 |         Gfx_DrawDListOpa(play, gMagicBeanPlatformDL);
      |                                ^~~~~~~~~~~~~~~~~~~~
      |                                |
      |                                const char *
/home/david/Documents/RockBox_Personal-master/devsrc/nano-soh-runtime/Shipwright/soh/include/functions.h:546:45: note: expected 'Gfx *' but argument is of type 'const char *'
  546 | void Gfx_DrawDListOpa(PlayState* play, Gfx* dlist);
      |                                        ~~~~~^~~~~
