/home/david/Documents/RockBox_Personal-master/devsrc/nano-soh-runtime/Shipwright/soh/src/overlays/actors/ovl_Boss_Fd/z_boss_fd.c: In function 'BossFd_Init':
/home/david/Documents/RockBox_Personal-master/devsrc/nano-soh-runtime/Shipwright/soh/src/overlays/actors/ovl_Boss_Fd/z_boss_fd.c:195:48: warning: passing argument 3 of 'SkelAnime_Init' from incompatible pointer type [-Wincompatible-pointer-types]
  195 |     SkelAnime_Init(play, &this->skelAnimeHead, &gVolvagiaHeadSkel, &gVolvagiaHeadEmergeAnim, NULL, NULL, 0);
      |                                                ^~~~~~~~~~~~~~~~~~
      |                                                |
      |                                                const char (*)[43]
In file included from /home/david/Documents/RockBox_Personal-master/devsrc/nano-soh-runtime/Shipwright/soh/include/global.h:8,
                 from /home/david/Documents/RockBox_Personal-master/devsrc/nano-soh-runtime/Shipwright/soh/src/overlays/actors/ovl_Boss_Fd/z_boss_fd.h:5,
                 from /home/david/Documents/RockBox_Personal-master/devsrc/nano-soh-runtime/Shipwright/soh/src/overlays/actors/ovl_Boss_Fd/z_boss_fd.c:7:
/home/david/Documents/RockBox_Personal-master/devsrc/nano-soh-runtime/Shipwright/soh/include/functions.h:1327:75: note: expected 'SkeletonHeader *' but argument is of type 'const char (*)[43]'
 1327 | s32 SkelAnime_Init(PlayState* play, SkelAnime* skelAnime, SkeletonHeader* skeletonHeaderSeg,
      |                                                           ~~~~~~~~~~~~~~~~^~~~~~~~~~~~~~~~~
/home/david/Documents/RockBox_Personal-master/devsrc/nano-soh-runtime/Shipwright/soh/src/overlays/actors/ovl_Boss_Fd/z_boss_fd.c:195:68: warning: passing argument 4 of 'SkelAnime_Init' from incompatible pointer type [-Wincompatible-pointer-types]
  195 |     SkelAnime_Init(play, &this->skelAnimeHead, &gVolvagiaHeadSkel, &gVolvagiaHeadEmergeAnim, NULL, NULL, 0);
      |                                                                    ^~~~~~~~~~~~~~~~~~~~~~~~
      |                                                                    |
      |                                                                    const char (*)[49]
/home/david/Documents/RockBox_Personal-master/devsrc/nano-soh-runtime/Shipwright/soh/include/functions.h:1328:37: note: expected 'AnimationHeader *' but argument is of type 'const char (*)[49]'
 1328 |                    AnimationHeader* animation, Vec3s* jointTable, Vec3s* morphTable, s32 limbCount);
      |                    ~~~~~~~~~~~~~~~~~^~~~~~~~~
/home/david/Documents/RockBox_Personal-master/devsrc/nano-soh-runtime/Shipwright/soh/src/overlays/actors/ovl_Boss_Fd/z_boss_fd.c:196:52: warning: passing argument 3 of 'SkelAnime_Init' from incompatible pointer type [-Wincompatible-pointer-types]
  196 |     SkelAnime_Init(play, &this->skelAnimeRightArm, &gVolvagiaRightArmSkel, &gVolvagiaRightArmEmergeAnim, NULL, NULL, 0);
      |                                                    ^~~~~~~~~~~~~~~~~~~~~~
      |                                                    |
      |                                                    const char (*)[47]
/home/david/Documents/RockBox_Personal-master/devsrc/nano-soh-runtime/Shipwright/soh/include/functions.h:1327:75: note: expected 'SkeletonHeader *' but argument is of type 'const char (*)[47]'
 1327 | s32 SkelAnime_Init(PlayState* play, SkelAnime* skelAnime, SkeletonHeader* skeletonHeaderSeg,
      |                                                           ~~~~~~~~~~~~~~~~^~~~~~~~~~~~~~~~~
/home/david/Documents/RockBox_Personal-master/devsrc/nano-soh-runtime/Shipwright/soh/src/overlays/actors/ovl_Boss_Fd/z_boss_fd.c:196:76: warning: passing argument 4 of 'SkelAnime_Init' from incompatible pointer type [-Wincompatible-pointer-types]
  196 |     SkelAnime_Init(play, &this->skelAnimeRightArm, &gVolvagiaRightArmSkel, &gVolvagiaRightArmEmergeAnim, NULL, NULL, 0);
      |                                                                            ^~~~~~~~~~~~~~~~~~~~~~~~~~~~
      |                                                                            |
      |                                                                            const char (*)[53]
/home/david/Documents/RockBox_Personal-master/devsrc/nano-soh-runtime/Shipwright/soh/include/functions.h:1328:37: note: expected 'AnimationHeader *' but argument is of type 'const char (*)[53]'
 1328 |                    AnimationHeader* animation, Vec3s* jointTable, Vec3s* morphTable, s32 limbCount);
      |                    ~~~~~~~~~~~~~~~~~^~~~~~~~~
/home/david/Documents/RockBox_Personal-master/devsrc/nano-soh-runtime/Shipwright/soh/src/overlays/actors/ovl_Boss_Fd/z_boss_fd.c:197:51: warning: passing argument 3 of 'SkelAnime_Init' from incompatible pointer type [-Wincompatible-pointer-types]
  197 |     SkelAnime_Init(play, &this->skelAnimeLeftArm, &gVolvagiaLeftArmSkel, &gVolvagiaLeftArmEmergeAnim, NULL, NULL, 0);
      |                                                   ^~~~~~~~~~~~~~~~~~~~~
      |                                                   |
      |                                                   const char (*)[46]
/home/david/Documents/RockBox_Personal-master/devsrc/nano-soh-runtime/Shipwright/soh/include/functions.h:1327:75: note: expected 'SkeletonHeader *' but argument is of type 'const char (*)[46]'
 1327 | s32 SkelAnime_Init(PlayState* play, SkelAnime* skelAnime, SkeletonHeader* skeletonHeaderSeg,
      |                                                           ~~~~~~~~~~~~~~~~^~~~~~~~~~~~~~~~~
/home/david/Documents/RockBox_Personal-master/devsrc/nano-soh-runtime/Shipwright/soh/src/overlays/actors/ovl_Boss_Fd/z_boss_fd.c:197:74: warning: passing argument 4 of 'SkelAnime_Init' from incompatible pointer type [-Wincompatible-pointer-types]
  197 |     SkelAnime_Init(play, &this->skelAnimeLeftArm, &gVolvagiaLeftArmSkel, &gVolvagiaLeftArmEmergeAnim, NULL, NULL, 0);
      |                                                                          ^~~~~~~~~~~~~~~~~~~~~~~~~~~
      |                                                                          |
      |                                                                          const char (*)[52]
/home/david/Documents/RockBox_Personal-master/devsrc/nano-soh-runtime/Shipwright/soh/include/functions.h:1328:37: note: expected 'AnimationHeader *' but argument is of type 'const char (*)[52]'
 1328 |                    AnimationHeader* animation, Vec3s* jointTable, Vec3s* morphTable, s32 limbCount);
      |                    ~~~~~~~~~~~~~~~~~^~~~~~~~~
/home/david/Documents/RockBox_Personal-master/devsrc/nano-soh-runtime/Shipwright/soh/src/overlays/actors/ovl_Boss_Fd/z_boss_fd.c: In function 'BossFd_SetupFly':
/home/david/Documents/RockBox_Personal-master/devsrc/nano-soh-runtime/Shipwright/soh/src/overlays/actors/ovl_Boss_Fd/z_boss_fd.c:255:46: warning: passing argument 2 of 'Animation_PlayOnce' from incompatible pointer type [-Wincompatible-pointer-types]
  255 |     Animation_PlayOnce(&this->skelAnimeHead, &gVolvagiaHeadEmergeAnim);
      |                                              ^~~~~~~~~~~~~~~~~~~~~~~~
      |                                              |
      |                                              const char (*)[49]
/home/david/Documents/RockBox_Personal-master/devsrc/nano-soh-runtime/Shipwright/soh/include/functions.h:1338:64: note: expected 'AnimationHeader *' but argument is of type 'const char (*)[49]'
 1338 | void Animation_PlayOnce(SkelAnime* skelAnime, AnimationHeader* animation);
      |                                               ~~~~~~~~~~~~~~~~~^~~~~~~~~
/home/david/Documents/RockBox_Personal-master/devsrc/nano-soh-runtime/Shipwright/soh/src/overlays/actors/ovl_Boss_Fd/z_boss_fd.c:256:50: warning: passing argument 2 of 'Animation_PlayOnce' from incompatible pointer type [-Wincompatible-pointer-types]
  256 |     Animation_PlayOnce(&this->skelAnimeRightArm, &gVolvagiaRightArmEmergeAnim);
      |                                                  ^~~~~~~~~~~~~~~~~~~~~~~~~~~~
      |                                                  |
      |                                                  const char (*)[53]
/home/david/Documents/RockBox_Personal-master/devsrc/nano-soh-runtime/Shipwright/soh/include/functions.h:1338:64: note: expected 'AnimationHeader *' but argument is of type 'const char (*)[53]'
 1338 | void Animation_PlayOnce(SkelAnime* skelAnime, AnimationHeader* animation);
      |                                               ~~~~~~~~~~~~~~~~~^~~~~~~~~
/home/david/Documents/RockBox_Personal-master/devsrc/nano-soh-runtime/Shipwright/soh/src/overlays/actors/ovl_Boss_Fd/z_boss_fd.c:257:49: warning: passing argument 2 of 'Animation_PlayOnce' from incompatible pointer type [-Wincompatible-pointer-types]
  257 |     Animation_PlayOnce(&this->skelAnimeLeftArm, &gVolvagiaLeftArmEmergeAnim);
      |                                                 ^~~~~~~~~~~~~~~~~~~~~~~~~~~
      |                                                 |
      |                                                 const char (*)[52]
/home/david/Documents/RockBox_Personal-master/devsrc/nano-soh-runtime/Shipwright/soh/include/functions.h:1338:64: note: expected 'AnimationHeader *' but argument is of type 'const char (*)[52]'
 1338 | void Animation_PlayOnce(SkelAnime* skelAnime, AnimationHeader* animation);
      |                                               ~~~~~~~~~~~~~~~~~^~~~~~~~~
In file included from /home/david/Documents/RockBox_Personal-master/devsrc/nano-soh-runtime/Shipwright/soh/include/global.h:10:
/home/david/Documents/RockBox_Personal-master/devsrc/nano-soh-runtime/Shipwright/soh/src/overlays/actors/ovl_Boss_Fd/z_boss_fd.c: In function 'BossFd_Fly':
/home/david/Documents/RockBox_Personal-master/devsrc/nano-soh-runtime/Shipwright/soh/src/overlays/actors/ovl_Boss_Fd/z_boss_fd.c:506:65: warning: passing argument 3 of 'TitleCard_InitBossName' discards 'const' qualifier from pointer target type [-Wdiscarded-qualifiers]
  506 |                                            SEGMENTED_TO_VIRTUAL(gVolvagiaBossTitleCardENGTex), 160, 180, 128, 40, true);
      |                                                                 ^~~~~~~~~~~~~~~~~~~~~~~~~~~~
/home/david/Documents/RockBox_Personal-master/devsrc/nano-soh-runtime/Shipwright/soh/include/macros.h:37:36: note: in definition of macro 'SEGMENTED_TO_VIRTUAL'
   37 | #define SEGMENTED_TO_VIRTUAL(addr) addr
      |                                    ^~~~
/home/david/Documents/RockBox_Personal-master/devsrc/nano-soh-runtime/Shipwright/soh/include/functions.h:394:80: note: expected 'void *' but argument is of type 'const char *'
  394 | void TitleCard_InitBossName(PlayState* play, TitleCardContext* titleCtx, void* texture, s16 x, s16 y, u8 width,
      |                                                                          ~~~~~~^~~~~~~
/home/david/Documents/RockBox_Personal-master/devsrc/nano-soh-runtime/Shipwright/soh/src/overlays/actors/ovl_Boss_Fd/z_boss_fd.c: In function 'BossFd_DrawEffects':
/home/david/Documents/RockBox_Personal-master/devsrc/nano-soh-runtime/Shipwright/soh/src/overlays/actors/ovl_Boss_Fd/z_boss_fd.c:1521:9: warning: initialization discards 'const' qualifier from pointer target type [-Wdiscarded-qualifiers]
 1521 |         gDust1Tex, gDust1Tex, gDust2Tex, gDust3Tex, gDust4Tex, gDust5Tex, gDust6Tex, gDust7Tex, gDust8Tex,
      |         ^~~~~~~~~
/home/david/Documents/RockBox_Personal-master/devsrc/nano-soh-runtime/Shipwright/soh/src/overlays/actors/ovl_Boss_Fd/z_boss_fd.c:1521:20: warning: initialization discards 'const' qualifier from pointer target type [-Wdiscarded-qualifiers]
 1521 |         gDust1Tex, gDust1Tex, gDust2Tex, gDust3Tex, gDust4Tex, gDust5Tex, gDust6Tex, gDust7Tex, gDust8Tex,
      |                    ^~~~~~~~~
/home/david/Documents/RockBox_Personal-master/devsrc/nano-soh-runtime/Shipwright/soh/src/overlays/actors/ovl_Boss_Fd/z_boss_fd.c:1521:31: warning: initialization discards 'const' qualifier from pointer target type [-Wdiscarded-qualifiers]
 1521 |         gDust1Tex, gDust1Tex, gDust2Tex, gDust3Tex, gDust4Tex, gDust5Tex, gDust6Tex, gDust7Tex, gDust8Tex,
      |                               ^~~~~~~~~
/home/david/Documents/RockBox_Personal-master/devsrc/nano-soh-runtime/Shipwright/soh/src/overlays/actors/ovl_Boss_Fd/z_boss_fd.c:1521:42: warning: initialization discards 'const' qualifier from pointer target type [-Wdiscarded-qualifiers]
 1521 |         gDust1Tex, gDust1Tex, gDust2Tex, gDust3Tex, gDust4Tex, gDust5Tex, gDust6Tex, gDust7Tex, gDust8Tex,
      |                                          ^~~~~~~~~
/home/david/Documents/RockBox_Personal-master/devsrc/nano-soh-runtime/Shipwright/soh/src/overlays/actors/ovl_Boss_Fd/z_boss_fd.c:1521:53: warning: initialization discards 'const' qualifier from pointer target type [-Wdiscarded-qualifiers]
 1521 |         gDust1Tex, gDust1Tex, gDust2Tex, gDust3Tex, gDust4Tex, gDust5Tex, gDust6Tex, gDust7Tex, gDust8Tex,
      |                                                     ^~~~~~~~~
/home/david/Documents/RockBox_Personal-master/devsrc/nano-soh-runtime/Shipwright/soh/src/overlays/actors/ovl_Boss_Fd/z_boss_fd.c:1521:64: warning: initialization discards 'const' qualifier from pointer target type [-Wdiscarded-qualifiers]
 1521 |         gDust1Tex, gDust1Tex, gDust2Tex, gDust3Tex, gDust4Tex, gDust5Tex, gDust6Tex, gDust7Tex, gDust8Tex,
      |                                                                ^~~~~~~~~
/home/david/Documents/RockBox_Personal-master/devsrc/nano-soh-runtime/Shipwright/soh/src/overlays/actors/ovl_Boss_Fd/z_boss_fd.c:1521:75: warning: initialization discards 'const' qualifier from pointer target type [-Wdiscarded-qualifiers]
 1521 |         gDust1Tex, gDust1Tex, gDust2Tex, gDust3Tex, gDust4Tex, gDust5Tex, gDust6Tex, gDust7Tex, gDust8Tex,
      |                                                                           ^~~~~~~~~
/home/david/Documents/RockBox_Personal-master/devsrc/nano-soh-runtime/Shipwright/soh/src/overlays/actors/ovl_Boss_Fd/z_boss_fd.c:1521:86: warning: initialization discards 'const' qualifier from pointer target type [-Wdiscarded-qualifiers]
 1521 |         gDust1Tex, gDust1Tex, gDust2Tex, gDust3Tex, gDust4Tex, gDust5Tex, gDust6Tex, gDust7Tex, gDust8Tex,
      |                                                                                      ^~~~~~~~~
/home/david/Documents/RockBox_Personal-master/devsrc/nano-soh-runtime/Shipwright/soh/src/overlays/actors/ovl_Boss_Fd/z_boss_fd.c:1521:97: warning: initialization discards 'const' qualifier from pointer target type [-Wdiscarded-qualifiers]
 1521 |         gDust1Tex, gDust1Tex, gDust2Tex, gDust3Tex, gDust4Tex, gDust5Tex, gDust6Tex, gDust7Tex, gDust8Tex,
      |                                                                                                 ^~~~~~~~~
/home/david/Documents/RockBox_Personal-master/devsrc/nano-soh-runtime/Shipwright/soh/src/overlays/actors/ovl_Boss_Fd/z_boss_fd.c:1535:49: warning: passing argument 2 of 'gSPDisplayList' from incompatible pointer type [-Wincompatible-pointer-types]
 1535 |                 gSPDisplayList(POLY_XLU_DISP++, gVolvagiaEmberMaterialDL);
      |                                                 ^~~~~~~~~~~~~~~~~~~~~~~~
      |                                                 |
      |                                                 const char *
/home/david/Documents/RockBox_Personal-master/devsrc/nano-soh-runtime/Shipwright/soh/include/functions.h:24:36: note: expected 'Gfx *' but argument is of type 'const char *'
   24 | void gSPDisplayList(Gfx* pkt, Gfx* dl);
      |                               ~~~~~^~
/home/david/Documents/RockBox_Personal-master/devsrc/nano-soh-runtime/Shipwright/soh/src/overlays/actors/ovl_Boss_Fd/z_boss_fd.c:1545:45: warning: passing argument 2 of 'gSPDisplayList' from incompatible pointer type [-Wincompatible-pointer-types]
 1545 |             gSPDisplayList(POLY_XLU_DISP++, gVolvagiaEmberModelDL);
      |                                             ^~~~~~~~~~~~~~~~~~~~~
      |                                             |
      |                                             const char *
/home/david/Documents/RockBox_Personal-master/devsrc/nano-soh-runtime/Shipwright/soh/include/functions.h:24:36: note: expected 'Gfx *' but argument is of type 'const char *'
   24 | void gSPDisplayList(Gfx* pkt, Gfx* dl);
      |                               ~~~~~^~
/home/david/Documents/RockBox_Personal-master/devsrc/nano-soh-runtime/Shipwright/soh/src/overlays/actors/ovl_Boss_Fd/z_boss_fd.c:1557:49: warning: passing argument 2 of 'gSPDisplayList' from incompatible pointer type [-Wincompatible-pointer-types]
 1557 |                 gSPDisplayList(POLY_OPA_DISP++, gVolvagiaDebrisMaterialDL);
      |                                                 ^~~~~~~~~~~~~~~~~~~~~~~~~
      |                                                 |
      |                                                 const char *
/home/david/Documents/RockBox_Personal-master/devsrc/nano-soh-runtime/Shipwright/soh/include/functions.h:24:36: note: expected 'Gfx *' but argument is of type 'const char *'
   24 | void gSPDisplayList(Gfx* pkt, Gfx* dl);
      |                               ~~~~~^~
/home/david/Documents/RockBox_Personal-master/devsrc/nano-soh-runtime/Shipwright/soh/src/overlays/actors/ovl_Boss_Fd/z_boss_fd.c:1567:45: warning: passing argument 2 of 'gSPDisplayList' from incompatible pointer type [-Wincompatible-pointer-types]
 1567 |             gSPDisplayList(POLY_OPA_DISP++, gVolvagiaDebrisModelDL);
      |                                             ^~~~~~~~~~~~~~~~~~~~~~
      |                                             |
      |                                             const char *
/home/david/Documents/RockBox_Personal-master/devsrc/nano-soh-runtime/Shipwright/soh/include/functions.h:24:36: note: expected 'Gfx *' but argument is of type 'const char *'
   24 | void gSPDisplayList(Gfx* pkt, Gfx* dl);
      |                               ~~~~~^~
/home/david/Documents/RockBox_Personal-master/devsrc/nano-soh-runtime/Shipwright/soh/src/overlays/actors/ovl_Boss_Fd/z_boss_fd.c:1579:49: warning: passing argument 2 of 'gSPDisplayList' from incompatible pointer type [-Wincompatible-pointer-types]
 1579 |                 gSPDisplayList(POLY_XLU_DISP++, gVolvagiaDustMaterialDL);
      |                                                 ^~~~~~~~~~~~~~~~~~~~~~~
      |                                                 |
      |                                                 const char *
/home/david/Documents/RockBox_Personal-master/devsrc/nano-soh-runtime/Shipwright/soh/include/functions.h:24:36: note: expected 'Gfx *' but argument is of type 'const char *'
   24 | void gSPDisplayList(Gfx* pkt, Gfx* dl);
      |                               ~~~~~^~
/home/david/Documents/RockBox_Personal-master/devsrc/nano-soh-runtime/Shipwright/soh/src/overlays/actors/ovl_Boss_Fd/z_boss_fd.c:1590:75: warning: passing argument 3 of 'gSPSegment' makes integer from pointer without a cast [-Wint-conversion]
 1590 |             gSPSegment(POLY_XLU_DISP++, 0x08, SEGMENTED_TO_VIRTUAL(dustTex[effect->timer2]));
      |                                                                    ~~~~~~~^~~~~~~~~~~~~~~~
      |                                                                           |
      |                                                                           void *
/home/david/Documents/RockBox_Personal-master/devsrc/nano-soh-runtime/Shipwright/soh/include/macros.h:37:36: note: in definition of macro 'SEGMENTED_TO_VIRTUAL'
   37 | #define SEGMENTED_TO_VIRTUAL(addr) addr
      |                                    ^~~~
/home/david/Documents/RockBox_Personal-master/devsrc/nano-soh-runtime/Shipwright/soh/include/functions.h:22:52: note: expected 'uintptr_t' {aka 'unsigned int'} but argument is of type 'void *'
   22 | void gSPSegment(void* value, int segNum, uintptr_t target);
      |                                          ~~~~~~~~~~^~~~~~
/home/david/Documents/RockBox_Personal-master/devsrc/nano-soh-runtime/Shipwright/soh/src/overlays/actors/ovl_Boss_Fd/z_boss_fd.c:1591:45: warning: passing argument 2 of 'gSPDisplayList' from incompatible pointer type [-Wincompatible-pointer-types]
 1591 |             gSPDisplayList(POLY_XLU_DISP++, gVolvagiaDustModelDL);
      |                                             ^~~~~~~~~~~~~~~~~~~~
      |                                             |
      |                                             const char *
/home/david/Documents/RockBox_Personal-master/devsrc/nano-soh-runtime/Shipwright/soh/include/functions.h:24:36: note: expected 'Gfx *' but argument is of type 'const char *'
   24 | void gSPDisplayList(Gfx* pkt, Gfx* dl);
      |                               ~~~~~^~
/home/david/Documents/RockBox_Personal-master/devsrc/nano-soh-runtime/Shipwright/soh/src/overlays/actors/ovl_Boss_Fd/z_boss_fd.c:1603:49: warning: passing argument 2 of 'gSPDisplayList' from incompatible pointer type [-Wincompatible-pointer-types]
 1603 |                 gSPDisplayList(POLY_XLU_DISP++, gVolvagiaDustMaterialDL);
      |                                                 ^~~~~~~~~~~~~~~~~~~~~~~
      |                                                 |
      |                                                 const char *
/home/david/Documents/RockBox_Personal-master/devsrc/nano-soh-runtime/Shipwright/soh/include/functions.h:24:36: note: expected 'Gfx *' but argument is of type 'const char *'
   24 | void gSPDisplayList(Gfx* pkt, Gfx* dl);
      |                               ~~~~~^~
/home/david/Documents/RockBox_Personal-master/devsrc/nano-soh-runtime/Shipwright/soh/src/overlays/actors/ovl_Boss_Fd/z_boss_fd.c:1614:75: warning: passing argument 3 of 'gSPSegment' makes integer from pointer without a cast [-Wint-conversion]
 1614 |             gSPSegment(POLY_XLU_DISP++, 0x08, SEGMENTED_TO_VIRTUAL(dustTex[effect->timer2]));
      |                                                                    ~~~~~~~^~~~~~~~~~~~~~~~
      |                                                                           |
      |                                                                           void *
/home/david/Documents/RockBox_Personal-master/devsrc/nano-soh-runtime/Shipwright/soh/include/macros.h:37:36: note: in definition of macro 'SEGMENTED_TO_VIRTUAL'
   37 | #define SEGMENTED_TO_VIRTUAL(addr) addr
      |                                    ^~~~
/home/david/Documents/RockBox_Personal-master/devsrc/nano-soh-runtime/Shipwright/soh/include/functions.h:22:52: note: expected 'uintptr_t' {aka 'unsigned int'} but argument is of type 'void *'
   22 | void gSPSegment(void* value, int segNum, uintptr_t target);
      |                                          ~~~~~~~~~~^~~~~~
/home/david/Documents/RockBox_Personal-master/devsrc/nano-soh-runtime/Shipwright/soh/src/overlays/actors/ovl_Boss_Fd/z_boss_fd.c:1615:45: warning: passing argument 2 of 'gSPDisplayList' from incompatible pointer type [-Wincompatible-pointer-types]
 1615 |             gSPDisplayList(POLY_XLU_DISP++, gVolvagiaDustModelDL);
      |                                             ^~~~~~~~~~~~~~~~~~~~
      |                                             |
      |                                             const char *
/home/david/Documents/RockBox_Personal-master/devsrc/nano-soh-runtime/Shipwright/soh/include/functions.h:24:36: note: expected 'Gfx *' but argument is of type 'const char *'
   24 | void gSPDisplayList(Gfx* pkt, Gfx* dl);
      |                               ~~~~~^~
/home/david/Documents/RockBox_Personal-master/devsrc/nano-soh-runtime/Shipwright/soh/src/overlays/actors/ovl_Boss_Fd/z_boss_fd.c:1627:49: warning: passing argument 2 of 'gSPDisplayList' from incompatible pointer type [-Wincompatible-pointer-types]
 1627 |                 gSPDisplayList(POLY_XLU_DISP++, gVolvagiaSkullPieceMaterialDL);
      |                                                 ^~~~~~~~~~~~~~~~~~~~~~~~~~~~~
      |                                                 |
      |                                                 const char *
/home/david/Documents/RockBox_Personal-master/devsrc/nano-soh-runtime/Shipwright/soh/include/functions.h:24:36: note: expected 'Gfx *' but argument is of type 'const char *'
   24 | void gSPDisplayList(Gfx* pkt, Gfx* dl);
      |                               ~~~~~^~
/home/david/Documents/RockBox_Personal-master/devsrc/nano-soh-runtime/Shipwright/soh/src/overlays/actors/ovl_Boss_Fd/z_boss_fd.c:1637:45: warning: passing argument 2 of 'gSPDisplayList' from incompatible pointer type [-Wincompatible-pointer-types]
 1637 |             gSPDisplayList(POLY_XLU_DISP++, gVolvagiaSkullPieceModelDL);
      |                                             ^~~~~~~~~~~~~~~~~~~~~~~~~~
      |                                             |
      |                                             const char *
/home/david/Documents/RockBox_Personal-master/devsrc/nano-soh-runtime/Shipwright/soh/include/functions.h:24:36: note: expected 'Gfx *' but argument is of type 'const char *'
   24 | void gSPDisplayList(Gfx* pkt, Gfx* dl);
      |                               ~~~~~^~
/home/david/Documents/RockBox_Personal-master/devsrc/nano-soh-runtime/Shipwright/soh/src/overlays/actors/ovl_Boss_Fd/z_boss_fd.c: In function 'BossFd_DrawMane':
/home/david/Documents/RockBox_Personal-master/devsrc/nano-soh-runtime/Shipwright/soh/src/overlays/actors/ovl_Boss_Fd/z_boss_fd.c:1772:41: warning: passing argument 2 of 'gSPDisplayList' from incompatible pointer type [-Wincompatible-pointer-types]
 1772 |         gSPDisplayList(POLY_XLU_DISP++, gVolvagiaManeModelDL);
      |                                         ^~~~~~~~~~~~~~~~~~~~
      |                                         |
      |                                         const char *
/home/david/Documents/RockBox_Personal-master/devsrc/nano-soh-runtime/Shipwright/soh/include/functions.h:24:36: note: expected 'Gfx *' but argument is of type 'const char *'
   24 | void gSPDisplayList(Gfx* pkt, Gfx* dl);
      |                               ~~~~~^~
/home/david/Documents/RockBox_Personal-master/devsrc/nano-soh-runtime/Shipwright/soh/src/overlays/actors/ovl_Boss_Fd/z_boss_fd.c: In function 'BossFd_OverrideHeadDraw':
/home/david/Documents/RockBox_Personal-master/devsrc/nano-soh-runtime/Shipwright/soh/src/overlays/actors/ovl_Boss_Fd/z_boss_fd.c:1791:16: warning: assignment to 'Gfx *' from incompatible pointer type 'const char *' [-Wincompatible-pointer-types]
 1791 |         *dList = gVolvagiaBrokenFaceDL;
      |                ^
/home/david/Documents/RockBox_Personal-master/devsrc/nano-soh-runtime/Shipwright/soh/src/overlays/actors/ovl_Boss_Fd/z_boss_fd.c:1795:20: warning: assignment to 'Gfx *' from incompatible pointer type 'const char *' [-Wincompatible-pointer-types]
 1795 |             *dList = gVolvagiaSkullDL;
      |                    ^
/home/david/Documents/RockBox_Personal-master/devsrc/nano-soh-runtime/Shipwright/soh/src/overlays/actors/ovl_Boss_Fd/z_boss_fd.c:1797:20: warning: assignment to 'Gfx *' from incompatible pointer type 'const char *' [-Wincompatible-pointer-types]
 1797 |             *dList = gVolvagiaJawboneDL;
      |                    ^
/home/david/Documents/RockBox_Personal-master/devsrc/nano-soh-runtime/Shipwright/soh/src/overlays/actors/ovl_Boss_Fd/z_boss_fd.c: At top level:
/home/david/Documents/RockBox_Personal-master/devsrc/nano-soh-runtime/Shipwright/soh/src/overlays/actors/ovl_Boss_Fd/z_boss_fd.c:1817:5: warning: initialization discards 'const' qualifier from pointer target type [-Wdiscarded-qualifiers]
 1817 |     gVolvagiaEyeOpenTex,
      |     ^~~~~~~~~~~~~~~~~~~
/home/david/Documents/RockBox_Personal-master/devsrc/nano-soh-runtime/Shipwright/soh/src/overlays/actors/ovl_Boss_Fd/z_boss_fd.c:1818:5: warning: initialization discards 'const' qualifier from pointer target type [-Wdiscarded-qualifiers]
 1818 |     gVolvagiaEyeHalfTex,
      |     ^~~~~~~~~~~~~~~~~~~
/home/david/Documents/RockBox_Personal-master/devsrc/nano-soh-runtime/Shipwright/soh/src/overlays/actors/ovl_Boss_Fd/z_boss_fd.c:1819:5: warning: initialization discards 'const' qualifier from pointer target type [-Wdiscarded-qualifiers]
 1819 |     gVolvagiaEyeClosedTex,
      |     ^~~~~~~~~~~~~~~~~~~~~
/home/david/Documents/RockBox_Personal-master/devsrc/nano-soh-runtime/Shipwright/soh/src/overlays/actors/ovl_Boss_Fd/z_boss_fd.c:1823:5: warning: initialization of 'Gfx *' from incompatible pointer type 'const char *' [-Wincompatible-pointer-types]
 1823 |     gVolvagiaBodySeg1DL,  gVolvagiaBodySeg2DL,  gVolvagiaBodySeg3DL,  gVolvagiaBodySeg4DL,  gVolvagiaBodySeg5DL,
      |     ^~~~~~~~~~~~~~~~~~~
/home/david/Documents/RockBox_Personal-master/devsrc/nano-soh-runtime/Shipwright/soh/src/overlays/actors/ovl_Boss_Fd/z_boss_fd.c:1823:5: note: (near initialization for 'sBodyDLists[0]')
/home/david/Documents/RockBox_Personal-master/devsrc/nano-soh-runtime/Shipwright/soh/src/overlays/actors/ovl_Boss_Fd/z_boss_fd.c:1823:27: warning: initialization of 'Gfx *' from incompatible pointer type 'const char *' [-Wincompatible-pointer-types]
 1823 |     gVolvagiaBodySeg1DL,  gVolvagiaBodySeg2DL,  gVolvagiaBodySeg3DL,  gVolvagiaBodySeg4DL,  gVolvagiaBodySeg5DL,
      |                           ^~~~~~~~~~~~~~~~~~~
/home/david/Documents/RockBox_Personal-master/devsrc/nano-soh-runtime/Shipwright/soh/src/overlays/actors/ovl_Boss_Fd/z_boss_fd.c:1823:27: note: (near initialization for 'sBodyDLists[1]')
/home/david/Documents/RockBox_Personal-master/devsrc/nano-soh-runtime/Shipwright/soh/src/overlays/actors/ovl_Boss_Fd/z_boss_fd.c:1823:49: warning: initialization of 'Gfx *' from incompatible pointer type 'const char *' [-Wincompatible-pointer-types]
 1823 |     gVolvagiaBodySeg1DL,  gVolvagiaBodySeg2DL,  gVolvagiaBodySeg3DL,  gVolvagiaBodySeg4DL,  gVolvagiaBodySeg5DL,
      |                                                 ^~~~~~~~~~~~~~~~~~~
/home/david/Documents/RockBox_Personal-master/devsrc/nano-soh-runtime/Shipwright/soh/src/overlays/actors/ovl_Boss_Fd/z_boss_fd.c:1823:49: note: (near initialization for 'sBodyDLists[2]')
/home/david/Documents/RockBox_Personal-master/devsrc/nano-soh-runtime/Shipwright/soh/src/overlays/actors/ovl_Boss_Fd/z_boss_fd.c:1823:71: warning: initialization of 'Gfx *' from incompatible pointer type 'const char *' [-Wincompatible-pointer-types]
 1823 |     gVolvagiaBodySeg1DL,  gVolvagiaBodySeg2DL,  gVolvagiaBodySeg3DL,  gVolvagiaBodySeg4DL,  gVolvagiaBodySeg5DL,
      |                                                                       ^~~~~~~~~~~~~~~~~~~
/home/david/Documents/RockBox_Personal-master/devsrc/nano-soh-runtime/Shipwright/soh/src/overlays/actors/ovl_Boss_Fd/z_boss_fd.c:1823:71: note: (near initialization for 'sBodyDLists[3]')
/home/david/Documents/RockBox_Personal-master/devsrc/nano-soh-runtime/Shipwright/soh/src/overlays/actors/ovl_Boss_Fd/z_boss_fd.c:1823:93: warning: initialization of 'Gfx *' from incompatible pointer type 'const char *' [-Wincompatible-pointer-types]
 1823 |     gVolvagiaBodySeg1DL,  gVolvagiaBodySeg2DL,  gVolvagiaBodySeg3DL,  gVolvagiaBodySeg4DL,  gVolvagiaBodySeg5DL,
      |                                                                                             ^~~~~~~~~~~~~~~~~~~
/home/david/Documents/RockBox_Personal-master/devsrc/nano-soh-runtime/Shipwright/soh/src/overlays/actors/ovl_Boss_Fd/z_boss_fd.c:1823:93: note: (near initialization for 'sBodyDLists[4]')
/home/david/Documents/RockBox_Personal-master/devsrc/nano-soh-runtime/Shipwright/soh/src/overlays/actors/ovl_Boss_Fd/z_boss_fd.c:1824:5: warning: initialization of 'Gfx *' from incompatible pointer type 'const char *' [-Wincompatible-pointer-types]
 1824 |     gVolvagiaBodySeg6DL,  gVolvagiaBodySeg7DL,  gVolvagiaBodySeg8DL,  gVolvagiaBodySeg9DL,  gVolvagiaBodySeg10DL,
      |     ^~~~~~~~~~~~~~~~~~~
/home/david/Documents/RockBox_Personal-master/devsrc/nano-soh-runtime/Shipwright/soh/src/overlays/actors/ovl_Boss_Fd/z_boss_fd.c:1824:5: note: (near initialization for 'sBodyDLists[5]')
/home/david/Documents/RockBox_Personal-master/devsrc/nano-soh-runtime/Shipwright/soh/src/overlays/actors/ovl_Boss_Fd/z_boss_fd.c:1824:27: warning: initialization of 'Gfx *' from incompatible pointer type 'const char *' [-Wincompatible-pointer-types]
 1824 |     gVolvagiaBodySeg6DL,  gVolvagiaBodySeg7DL,  gVolvagiaBodySeg8DL,  gVolvagiaBodySeg9DL,  gVolvagiaBodySeg10DL,
      |                           ^~~~~~~~~~~~~~~~~~~
/home/david/Documents/RockBox_Personal-master/devsrc/nano-soh-runtime/Shipwright/soh/src/overlays/actors/ovl_Boss_Fd/z_boss_fd.c:1824:27: note: (near initialization for 'sBodyDLists[6]')
/home/david/Documents/RockBox_Personal-master/devsrc/nano-soh-runtime/Shipwright/soh/src/overlays/actors/ovl_Boss_Fd/z_boss_fd.c:1824:49: warning: initialization of 'Gfx *' from incompatible pointer type 'const char *' [-Wincompatible-pointer-types]
 1824 |     gVolvagiaBodySeg6DL,  gVolvagiaBodySeg7DL,  gVolvagiaBodySeg8DL,  gVolvagiaBodySeg9DL,  gVolvagiaBodySeg10DL,
      |                                                 ^~~~~~~~~~~~~~~~~~~
/home/david/Documents/RockBox_Personal-master/devsrc/nano-soh-runtime/Shipwright/soh/src/overlays/actors/ovl_Boss_Fd/z_boss_fd.c:1824:49: note: (near initialization for 'sBodyDLists[7]')
/home/david/Documents/RockBox_Personal-master/devsrc/nano-soh-runtime/Shipwright/soh/src/overlays/actors/ovl_Boss_Fd/z_boss_fd.c:1824:71: warning: initialization of 'Gfx *' from incompatible pointer type 'const char *' [-Wincompatible-pointer-types]
 1824 |     gVolvagiaBodySeg6DL,  gVolvagiaBodySeg7DL,  gVolvagiaBodySeg8DL,  gVolvagiaBodySeg9DL,  gVolvagiaBodySeg10DL,
      |                                                                       ^~~~~~~~~~~~~~~~~~~
/home/david/Documents/RockBox_Personal-master/devsrc/nano-soh-runtime/Shipwright/soh/src/overlays/actors/ovl_Boss_Fd/z_boss_fd.c:1824:71: note: (near initialization for 'sBodyDLists[8]')
/home/david/Documents/RockBox_Personal-master/devsrc/nano-soh-runtime/Shipwright/soh/src/overlays/actors/ovl_Boss_Fd/z_boss_fd.c:1824:93: warning: initialization of 'Gfx *' from incompatible pointer type 'const char *' [-Wincompatible-pointer-types]
 1824 |     gVolvagiaBodySeg6DL,  gVolvagiaBodySeg7DL,  gVolvagiaBodySeg8DL,  gVolvagiaBodySeg9DL,  gVolvagiaBodySeg10DL,
      |                                                                                             ^~~~~~~~~~~~~~~~~~~~
/home/david/Documents/RockBox_Personal-master/devsrc/nano-soh-runtime/Shipwright/soh/src/overlays/actors/ovl_Boss_Fd/z_boss_fd.c:1824:93: note: (near initialization for 'sBodyDLists[9]')
/home/david/Documents/RockBox_Personal-master/devsrc/nano-soh-runtime/Shipwright/soh/src/overlays/actors/ovl_Boss_Fd/z_boss_fd.c:1825:5: warning: initialization of 'Gfx *' from incompatible pointer type 'const char *' [-Wincompatible-pointer-types]
 1825 |     gVolvagiaBodySeg11DL, gVolvagiaBodySeg12DL, gVolvagiaBodySeg13DL, gVolvagiaBodySeg14DL, gVolvagiaBodySeg15DL,
      |     ^~~~~~~~~~~~~~~~~~~~
/home/david/Documents/RockBox_Personal-master/devsrc/nano-soh-runtime/Shipwright/soh/src/overlays/actors/ovl_Boss_Fd/z_boss_fd.c:1825:5: note: (near initialization for 'sBodyDLists[10]')
/home/david/Documents/RockBox_Personal-master/devsrc/nano-soh-runtime/Shipwright/soh/src/overlays/actors/ovl_Boss_Fd/z_boss_fd.c:1825:27: warning: initialization of 'Gfx *' from incompatible pointer type 'const char *' [-Wincompatible-pointer-types]
 1825 |     gVolvagiaBodySeg11DL, gVolvagiaBodySeg12DL, gVolvagiaBodySeg13DL, gVolvagiaBodySeg14DL, gVolvagiaBodySeg15DL,
      |                           ^~~~~~~~~~~~~~~~~~~~
/home/david/Documents/RockBox_Personal-master/devsrc/nano-soh-runtime/Shipwright/soh/src/overlays/actors/ovl_Boss_Fd/z_boss_fd.c:1825:27: note: (near initialization for 'sBodyDLists[11]')
/home/david/Documents/RockBox_Personal-master/devsrc/nano-soh-runtime/Shipwright/soh/src/overlays/actors/ovl_Boss_Fd/z_boss_fd.c:1825:49: warning: initialization of 'Gfx *' from incompatible pointer type 'const char *' [-Wincompatible-pointer-types]
 1825 |     gVolvagiaBodySeg11DL, gVolvagiaBodySeg12DL, gVolvagiaBodySeg13DL, gVolvagiaBodySeg14DL, gVolvagiaBodySeg15DL,
      |                                                 ^~~~~~~~~~~~~~~~~~~~
/home/david/Documents/RockBox_Personal-master/devsrc/nano-soh-runtime/Shipwright/soh/src/overlays/actors/ovl_Boss_Fd/z_boss_fd.c:1825:49: note: (near initialization for 'sBodyDLists[12]')
/home/david/Documents/RockBox_Personal-master/devsrc/nano-soh-runtime/Shipwright/soh/src/overlays/actors/ovl_Boss_Fd/z_boss_fd.c:1825:71: warning: initialization of 'Gfx *' from incompatible pointer type 'const char *' [-Wincompatible-pointer-types]
 1825 |     gVolvagiaBodySeg11DL, gVolvagiaBodySeg12DL, gVolvagiaBodySeg13DL, gVolvagiaBodySeg14DL, gVolvagiaBodySeg15DL,
      |                                                                       ^~~~~~~~~~~~~~~~~~~~
/home/david/Documents/RockBox_Personal-master/devsrc/nano-soh-runtime/Shipwright/soh/src/overlays/actors/ovl_Boss_Fd/z_boss_fd.c:1825:71: note: (near initialization for 'sBodyDLists[13]')
/home/david/Documents/RockBox_Personal-master/devsrc/nano-soh-runtime/Shipwright/soh/src/overlays/actors/ovl_Boss_Fd/z_boss_fd.c:1825:93: warning: initialization of 'Gfx *' from incompatible pointer type 'const char *' [-Wincompatible-pointer-types]
 1825 |     gVolvagiaBodySeg11DL, gVolvagiaBodySeg12DL, gVolvagiaBodySeg13DL, gVolvagiaBodySeg14DL, gVolvagiaBodySeg15DL,
      |                                                                                             ^~~~~~~~~~~~~~~~~~~~
/home/david/Documents/RockBox_Personal-master/devsrc/nano-soh-runtime/Shipwright/soh/src/overlays/actors/ovl_Boss_Fd/z_boss_fd.c:1825:93: note: (near initialization for 'sBodyDLists[14]')
/home/david/Documents/RockBox_Personal-master/devsrc/nano-soh-runtime/Shipwright/soh/src/overlays/actors/ovl_Boss_Fd/z_boss_fd.c:1826:5: warning: initialization of 'Gfx *' from incompatible pointer type 'const char *' [-Wincompatible-pointer-types]
 1826 |     gVolvagiaBodySeg16DL, gVolvagiaBodySeg17DL, gVolvagiaBodySeg18DL,
      |     ^~~~~~~~~~~~~~~~~~~~
/home/david/Documents/RockBox_Personal-master/devsrc/nano-soh-runtime/Shipwright/soh/src/overlays/actors/ovl_Boss_Fd/z_boss_fd.c:1826:5: note: (near initialization for 'sBodyDLists[15]')
/home/david/Documents/RockBox_Personal-master/devsrc/nano-soh-runtime/Shipwright/soh/src/overlays/actors/ovl_Boss_Fd/z_boss_fd.c:1826:27: warning: initialization of 'Gfx *' from incompatible pointer type 'const char *' [-Wincompatible-pointer-types]
 1826 |     gVolvagiaBodySeg16DL, gVolvagiaBodySeg17DL, gVolvagiaBodySeg18DL,
      |                           ^~~~~~~~~~~~~~~~~~~~
/home/david/Documents/RockBox_Personal-master/devsrc/nano-soh-runtime/Shipwright/soh/src/overlays/actors/ovl_Boss_Fd/z_boss_fd.c:1826:27: note: (near initialization for 'sBodyDLists[16]')
/home/david/Documents/RockBox_Personal-master/devsrc/nano-soh-runtime/Shipwright/soh/src/overlays/actors/ovl_Boss_Fd/z_boss_fd.c:1826:49: warning: initialization of 'Gfx *' from incompatible pointer type 'const char *' [-Wincompatible-pointer-types]
 1826 |     gVolvagiaBodySeg16DL, gVolvagiaBodySeg17DL, gVolvagiaBodySeg18DL,
      |                                                 ^~~~~~~~~~~~~~~~~~~~
/home/david/Documents/RockBox_Personal-master/devsrc/nano-soh-runtime/Shipwright/soh/src/overlays/actors/ovl_Boss_Fd/z_boss_fd.c:1826:49: note: (near initialization for 'sBodyDLists[17]')
/home/david/Documents/RockBox_Personal-master/devsrc/nano-soh-runtime/Shipwright/soh/src/overlays/actors/ovl_Boss_Fd/z_boss_fd.c: In function 'BossFd_DrawBody':
/home/david/Documents/RockBox_Personal-master/devsrc/nano-soh-runtime/Shipwright/soh/src/overlays/actors/ovl_Boss_Fd/z_boss_fd.c:1837:76: warning: passing argument 3 of 'gSPSegment' makes integer from pointer without a cast [-Wint-conversion]
 1837 |         gSPSegment(POLY_OPA_DISP++, 0x09, SEGMENTED_TO_VIRTUAL(sEyeTextures[this->eyeState]));
      |                                                                ~~~~~~~~~~~~^~~~~~~~~~~~~~~~
      |                                                                            |
      |                                                                            void *
/home/david/Documents/RockBox_Personal-master/devsrc/nano-soh-runtime/Shipwright/soh/include/macros.h:37:36: note: in definition of macro 'SEGMENTED_TO_VIRTUAL'
   37 | #define SEGMENTED_TO_VIRTUAL(addr) addr
      |                                    ^~~~
/home/david/Documents/RockBox_Personal-master/devsrc/nano-soh-runtime/Shipwright/soh/include/functions.h:22:52: note: expected 'uintptr_t' {aka 'unsigned int'} but argument is of type 'void *'
   22 | void gSPSegment(void* value, int segNum, uintptr_t target);
      |                                          ~~~~~~~~~~^~~~~~
/home/david/Documents/RockBox_Personal-master/devsrc/nano-soh-runtime/Shipwright/soh/src/overlays/actors/ovl_Boss_Fd/z_boss_fd.c:1840:16: warning: passing argument 3 of 'gSPSegment' makes integer from pointer without a cast [-Wint-conversion]
 1840 |                Gfx_TwoTexScrollEx(play->state.gfxCtx, 0, (s16)this->fwork[BFD_TEX1_SCROLL_X],
      |                ^~~~~~~~~~~~~~~~~~~~~~~~~~~~~~~~~~~~~~~~~~~~~~~~~~~~~~~~~~~~~~~~~~~~~~~~~~~~~~
      |                |
      |                Gfx *
 1841 |                                   (s16)this->fwork[BFD_TEX1_SCROLL_Y], 0x20, 0x20, 1,
      |                                   ~~~~~~~~~~~~~~~~~~~~~~~~~~~~~~~~~~~~~~~~~~~~~~~~~~~
 1842 |                                   (s16)this->fwork[BFD_TEX2_SCROLL_X], (s16)this->fwork[BFD_TEX2_SCROLL_Y], 0x20, 0x20,
      |                                   ~~~~~~~~~~~~~~~~~~~~~~~~~~~~~~~~~~~~~~~~~~~~~~~~~~~~~~~~~~~~~~~~~~~~~~~~~~~~~~~~~~~~~
 1843 |                                   4, 1, 3, -2));
      |                                   ~~~~~~~~~~~~
/home/david/Documents/RockBox_Personal-master/devsrc/nano-soh-runtime/Shipwright/soh/include/functions.h:22:52: note: expected 'uintptr_t' {aka 'unsigned int'} but argument is of type 'Gfx *'
   22 | void gSPSegment(void* value, int segNum, uintptr_t target);
      |                                          ~~~~~~~~~~^~~~~~
/home/david/Documents/RockBox_Personal-master/devsrc/nano-soh-runtime/Shipwright/soh/src/overlays/actors/ovl_Boss_Fd/z_boss_fd.c:1870:39: warning: passing argument 3 of 'gSPSegment' makes integer from pointer without a cast [-Wint-conversion]
 1870 |     gSPSegment(POLY_OPA_DISP++, 0x0D, tempMat);
      |                                       ^~~~~~~
      |                                       |
      |                                       Mtx * {aka MtxS *}
/home/david/Documents/RockBox_Personal-master/devsrc/nano-soh-runtime/Shipwright/soh/include/functions.h:22:52: note: expected 'uintptr_t' {aka 'unsigned int'} but argument is of type 'Mtx *' {aka 'MtxS *'}
   22 | void gSPSegment(void* value, int segNum, uintptr_t target);
      |                                          ~~~~~~~~~~^~~~~~
/home/david/Documents/RockBox_Personal-master/devsrc/nano-soh-runtime/Shipwright/soh/src/overlays/actors/ovl_Boss_Fd/z_boss_fd.c:1916:49: warning: passing argument 2 of 'gSPDisplayList' from incompatible pointer type [-Wincompatible-pointer-types]
 1916 |                 gSPDisplayList(POLY_OPA_DISP++, gVolvagiaRibsDL);
      |                                                 ^~~~~~~~~~~~~~~
      |                                                 |
      |                                                 const char *
/home/david/Documents/RockBox_Personal-master/devsrc/nano-soh-runtime/Shipwright/soh/include/functions.h:24:36: note: expected 'Gfx *' but argument is of type 'const char *'
   24 | void gSPDisplayList(Gfx* pkt, Gfx* dl);
      |                               ~~~~~^~
/home/david/Documents/RockBox_Personal-master/devsrc/nano-soh-runtime/Shipwright/soh/src/overlays/actors/ovl_Boss_Fd/z_boss_fd.c:1969:41: warning: passing argument 2 of 'gSPDisplayList' from incompatible pointer type [-Wincompatible-pointer-types]
 1969 |         gSPDisplayList(POLY_XLU_DISP++, gVolvagiaManeMaterialDL);
      |                                         ^~~~~~~~~~~~~~~~~~~~~~~
      |                                         |
      |                                         const char *
/home/david/Documents/RockBox_Personal-master/devsrc/nano-soh-runtime/Shipwright/soh/include/functions.h:24:36: note: expected 'Gfx *' but argument is of type 'const char *'
   24 | void gSPDisplayList(Gfx* pkt, Gfx* dl);
      |                               ~~~~~^~
