/home/david/Documents/RockBox_Personal-master/devsrc/nano-soh-runtime/Shipwright/soh/src/overlays/actors/ovl_En_Bdfire/z_en_bdfire.c: In function 'EnBdfire_DrawFire':
/home/david/Documents/RockBox_Personal-master/devsrc/nano-soh-runtime/Shipwright/soh/src/overlays/actors/ovl_En_Bdfire/z_en_bdfire.c:200:9: warning: initialization discards 'const' qualifier from pointer target type [-Wdiscarded-qualifiers]
  200 |         object_kingdodongo_Tex_0264E0, object_kingdodongo_Tex_0274E0, object_kingdodongo_Tex_0284E0,
      |         ^~~~~~~~~~~~~~~~~~~~~~~~~~~~~
/home/david/Documents/RockBox_Personal-master/devsrc/nano-soh-runtime/Shipwright/soh/src/overlays/actors/ovl_En_Bdfire/z_en_bdfire.c:200:40: warning: initialization discards 'const' qualifier from pointer target type [-Wdiscarded-qualifiers]
  200 |         object_kingdodongo_Tex_0264E0, object_kingdodongo_Tex_0274E0, object_kingdodongo_Tex_0284E0,
      |                                        ^~~~~~~~~~~~~~~~~~~~~~~~~~~~~
/home/david/Documents/RockBox_Personal-master/devsrc/nano-soh-runtime/Shipwright/soh/src/overlays/actors/ovl_En_Bdfire/z_en_bdfire.c:200:71: warning: initialization discards 'const' qualifier from pointer target type [-Wdiscarded-qualifiers]
  200 |         object_kingdodongo_Tex_0264E0, object_kingdodongo_Tex_0274E0, object_kingdodongo_Tex_0284E0,
      |                                                                       ^~~~~~~~~~~~~~~~~~~~~~~~~~~~~
/home/david/Documents/RockBox_Personal-master/devsrc/nano-soh-runtime/Shipwright/soh/src/overlays/actors/ovl_En_Bdfire/z_en_bdfire.c:201:9: warning: initialization discards 'const' qualifier from pointer target type [-Wdiscarded-qualifiers]
  201 |         object_kingdodongo_Tex_0294E0, object_kingdodongo_Tex_02A4E0, object_kingdodongo_Tex_02B4E0,
      |         ^~~~~~~~~~~~~~~~~~~~~~~~~~~~~
/home/david/Documents/RockBox_Personal-master/devsrc/nano-soh-runtime/Shipwright/soh/src/overlays/actors/ovl_En_Bdfire/z_en_bdfire.c:201:40: warning: initialization discards 'const' qualifier from pointer target type [-Wdiscarded-qualifiers]
  201 |         object_kingdodongo_Tex_0294E0, object_kingdodongo_Tex_02A4E0, object_kingdodongo_Tex_02B4E0,
      |                                        ^~~~~~~~~~~~~~~~~~~~~~~~~~~~~
/home/david/Documents/RockBox_Personal-master/devsrc/nano-soh-runtime/Shipwright/soh/src/overlays/actors/ovl_En_Bdfire/z_en_bdfire.c:201:71: warning: initialization discards 'const' qualifier from pointer target type [-Wdiscarded-qualifiers]
  201 |         object_kingdodongo_Tex_0294E0, object_kingdodongo_Tex_02A4E0, object_kingdodongo_Tex_02B4E0,
      |                                                                       ^~~~~~~~~~~~~~~~~~~~~~~~~~~~~
/home/david/Documents/RockBox_Personal-master/devsrc/nano-soh-runtime/Shipwright/soh/src/overlays/actors/ovl_En_Bdfire/z_en_bdfire.c:202:9: warning: initialization discards 'const' qualifier from pointer target type [-Wdiscarded-qualifiers]
  202 |         object_kingdodongo_Tex_02C4E0, object_kingdodongo_Tex_02D4E0,
      |         ^~~~~~~~~~~~~~~~~~~~~~~~~~~~~
/home/david/Documents/RockBox_Personal-master/devsrc/nano-soh-runtime/Shipwright/soh/src/overlays/actors/ovl_En_Bdfire/z_en_bdfire.c:202:40: warning: initialization discards 'const' qualifier from pointer target type [-Wdiscarded-qualifiers]
  202 |         object_kingdodongo_Tex_02C4E0, object_kingdodongo_Tex_02D4E0,
      |                                        ^~~~~~~~~~~~~~~~~~~~~~~~~~~~~
In file included from /home/david/Documents/RockBox_Personal-master/devsrc/nano-soh-runtime/Shipwright/soh/include/global.h:10,
                 from /home/david/Documents/RockBox_Personal-master/devsrc/nano-soh-runtime/Shipwright/soh/src/overlays/actors/ovl_En_Bdfire/z_en_bdfire.h:5,
                 from /home/david/Documents/RockBox_Personal-master/devsrc/nano-soh-runtime/Shipwright/soh/src/overlays/actors/ovl_En_Bdfire/z_en_bdfire.c:7:
/home/david/Documents/RockBox_Personal-master/devsrc/nano-soh-runtime/Shipwright/soh/src/overlays/actors/ovl_En_Bdfire/z_en_bdfire.c:218:67: warning: passing argument 3 of 'gSPSegment' makes integer from pointer without a cast [-Wint-conversion]
  218 |     gSPSegment(POLY_XLU_DISP++, 8, SEGMENTED_TO_VIRTUAL(D_809BCB10[temp]));
      |                                                         ~~~~~~~~~~^~~~~~
      |                                                                   |
      |                                                                   void *
/home/david/Documents/RockBox_Personal-master/devsrc/nano-soh-runtime/Shipwright/soh/include/macros.h:37:36: note: in definition of macro 'SEGMENTED_TO_VIRTUAL'
   37 | #define SEGMENTED_TO_VIRTUAL(addr) addr
      |                                    ^~~~
In file included from /home/david/Documents/RockBox_Personal-master/devsrc/nano-soh-runtime/Shipwright/soh/include/global.h:8:
/home/david/Documents/RockBox_Personal-master/devsrc/nano-soh-runtime/Shipwright/soh/include/functions.h:22:52: note: expected 'uintptr_t' {aka 'unsigned int'} but argument is of type 'void *'
   22 | void gSPSegment(void* value, int segNum, uintptr_t target);
      |                                          ~~~~~~~~~~^~~~~~
/home/david/Documents/RockBox_Personal-master/devsrc/nano-soh-runtime/Shipwright/soh/src/overlays/actors/ovl_En_Bdfire/z_en_bdfire.c:221:37: warning: passing argument 2 of 'gSPDisplayList' from incompatible pointer type [-Wincompatible-pointer-types]
  221 |     gSPDisplayList(POLY_XLU_DISP++, object_kingdodongo_DL_01D950);
      |                                     ^~~~~~~~~~~~~~~~~~~~~~~~~~~~
      |                                     |
      |                                     const char *
/home/david/Documents/RockBox_Personal-master/devsrc/nano-soh-runtime/Shipwright/soh/include/functions.h:24:36: note: expected 'Gfx *' but argument is of type 'const char *'
   24 | void gSPDisplayList(Gfx* pkt, Gfx* dl);
      |                               ~~~~~^~
