/home/david/Documents/RockBox_Personal-master/devsrc/nano-soh-runtime/Shipwright/soh/src/overlays/actors/ovl_Bg_Spot12_Gate/z_bg_spot12_gate.c: In function 'BgSpot12Gate_Init':
/home/david/Documents/RockBox_Personal-master/devsrc/nano-soh-runtime/Shipwright/soh/src/overlays/actors/ovl_Bg_Spot12_Gate/z_bg_spot12_gate.c:63:43: warning: passing argument 3 of 'BgSpot12Gate_InitDynaPoly' from incompatible pointer type [-Wincompatible-pointer-types]
   63 |     BgSpot12Gate_InitDynaPoly(this, play, &gGerudoFortressWastelandGateCol, DPM_UNK);
      |                                           ^~~~~~~~~~~~~~~~~~~~~~~~~~~~~~~~
      |                                           |
      |                                           const char (*)[65]
/home/david/Documents/RockBox_Personal-master/devsrc/nano-soh-runtime/Shipwright/soh/src/overlays/actors/ovl_Bg_Spot12_Gate/z_bg_spot12_gate.c:46:86: note: expected 'CollisionHeader *' but argument is of type 'const char (*)[65]'
   46 | void BgSpot12Gate_InitDynaPoly(BgSpot12Gate* this, PlayState* play, CollisionHeader* collision, s32 flags) {
      |                                                                     ~~~~~~~~~~~~~~~~~^~~~~~~~~
/home/david/Documents/RockBox_Personal-master/devsrc/nano-soh-runtime/Shipwright/soh/src/overlays/actors/ovl_Bg_Spot12_Gate/z_bg_spot12_gate.c: In function 'BgSpot12Gate_Draw':
/home/david/Documents/RockBox_Personal-master/devsrc/nano-soh-runtime/Shipwright/soh/src/overlays/actors/ovl_Bg_Spot12_Gate/z_bg_spot12_gate.c:142:28: warning: passing argument 2 of 'Gfx_DrawDListOpa' from incompatible pointer type [-Wincompatible-pointer-types]
  142 |     Gfx_DrawDListOpa(play, gGerudoFortressWastelandGateDL);
      |                            ^~~~~~~~~~~~~~~~~~~~~~~~~~~~~~
      |                            |
      |                            const char *
In file included from /home/david/Documents/RockBox_Personal-master/devsrc/nano-soh-runtime/Shipwright/soh/include/global.h:8,
                 from /home/david/Documents/RockBox_Personal-master/devsrc/nano-soh-runtime/Shipwright/soh/src/overlays/actors/ovl_Bg_Spot12_Gate/z_bg_spot12_gate.h:5,
                 from /home/david/Documents/RockBox_Personal-master/devsrc/nano-soh-runtime/Shipwright/soh/src/overlays/actors/ovl_Bg_Spot12_Gate/z_bg_spot12_gate.c:7:
/home/david/Documents/RockBox_Personal-master/devsrc/nano-soh-runtime/Shipwright/soh/include/functions.h:546:45: note: expected 'Gfx *' but argument is of type 'const char *'
  546 | void Gfx_DrawDListOpa(PlayState* play, Gfx* dlist);
      |                                        ~~~~~^~~~~
