/home/david/Documents/RockBox_Personal-master/devsrc/nano-soh-runtime/Shipwright/soh/src/overlays/actors/ovl_En_Po_Field/z_en_po_field.c:146:64: warning: initialization discards 'const' qualifier from pointer target type [-Wdiscarded-qualifiers]
  146 |     { { 255, 170, 255 }, { 100, 0, 150 }, { 255, 85, 0 }, 248, gPoeFieldSoulTex },
      |                                                                ^~~~~~~~~~~~~~~~
/home/david/Documents/RockBox_Personal-master/devsrc/nano-soh-runtime/Shipwright/soh/src/overlays/actors/ovl_En_Po_Field/z_en_po_field.c:147:65: warning: initialization discards 'const' qualifier from pointer target type [-Wdiscarded-qualifiers]
  147 |     { { 255, 255, 170 }, { 255, 200, 0 }, { 160, 0, 255 }, 241, gBigPoeSoulTex },
      |                                                                 ^~~~~~~~~~~~~~
/home/david/Documents/RockBox_Personal-master/devsrc/nano-soh-runtime/Shipwright/soh/src/overlays/actors/ovl_En_Po_Field/z_en_po_field.c: In function 'EnPoField_Init':
/home/david/Documents/RockBox_Personal-master/devsrc/nano-soh-runtime/Shipwright/soh/src/overlays/actors/ovl_En_Po_Field/z_en_po_field.c:180:44: warning: passing argument 3 of 'SkelAnime_Init' from incompatible pointer type [-Wincompatible-pointer-types]
  180 |     SkelAnime_Init(play, &this->skelAnime, &gPoeFieldSkel, &gPoeFieldFloatAnim, this->jointTable, this->morphTable, 10);
      |                                            ^~~~~~~~~~~~~~
      |                                            |
      |                                            const char (*)[45]
In file included from /home/david/Documents/RockBox_Personal-master/devsrc/nano-soh-runtime/Shipwright/soh/include/global.h:8,
                 from /home/david/Documents/RockBox_Personal-master/devsrc/nano-soh-runtime/Shipwright/soh/src/overlays/actors/ovl_En_Po_Field/z_en_po_field.h:5,
                 from /home/david/Documents/RockBox_Personal-master/devsrc/nano-soh-runtime/Shipwright/soh/src/overlays/actors/ovl_En_Po_Field/z_en_po_field.c:7:
/home/david/Documents/RockBox_Personal-master/devsrc/nano-soh-runtime/Shipwright/soh/include/functions.h:1327:75: note: expected 'SkeletonHeader *' but argument is of type 'const char (*)[45]'
 1327 | s32 SkelAnime_Init(PlayState* play, SkelAnime* skelAnime, SkeletonHeader* skeletonHeaderSeg,
      |                                                           ~~~~~~~~~~~~~~~~^~~~~~~~~~~~~~~~~
/home/david/Documents/RockBox_Personal-master/devsrc/nano-soh-runtime/Shipwright/soh/src/overlays/actors/ovl_En_Po_Field/z_en_po_field.c:180:60: warning: passing argument 4 of 'SkelAnime_Init' from incompatible pointer type [-Wincompatible-pointer-types]
  180 |     SkelAnime_Init(play, &this->skelAnime, &gPoeFieldSkel, &gPoeFieldFloatAnim, this->jointTable, this->morphTable, 10);
      |                                                            ^~~~~~~~~~~~~~~~~~~
      |                                                            |
      |                                                            const char (*)[50]
/home/david/Documents/RockBox_Personal-master/devsrc/nano-soh-runtime/Shipwright/soh/include/functions.h:1328:37: note: expected 'AnimationHeader *' but argument is of type 'const char (*)[50]'
 1328 |                    AnimationHeader* animation, Vec3s* jointTable, Vec3s* morphTable, s32 limbCount);
      |                    ~~~~~~~~~~~~~~~~~^~~~~~~~~
/home/david/Documents/RockBox_Personal-master/devsrc/nano-soh-runtime/Shipwright/soh/src/overlays/actors/ovl_En_Po_Field/z_en_po_field.c: In function 'EnPoField_SetupAppear':
/home/david/Documents/RockBox_Personal-master/devsrc/nano-soh-runtime/Shipwright/soh/src/overlays/actors/ovl_En_Po_Field/z_en_po_field.c:220:42: warning: passing argument 2 of 'Animation_PlayOnce' from incompatible pointer type [-Wincompatible-pointer-types]
  220 |     Animation_PlayOnce(&this->skelAnime, &gPoeFieldAppearAnim);
      |                                          ^~~~~~~~~~~~~~~~~~~~
      |                                          |
      |                                          const char (*)[51]
/home/david/Documents/RockBox_Personal-master/devsrc/nano-soh-runtime/Shipwright/soh/include/functions.h:1338:64: note: expected 'AnimationHeader *' but argument is of type 'const char (*)[51]'
 1338 | void Animation_PlayOnce(SkelAnime* skelAnime, AnimationHeader* animation);
      |                                               ~~~~~~~~~~~~~~~~~^~~~~~~~~
/home/david/Documents/RockBox_Personal-master/devsrc/nano-soh-runtime/Shipwright/soh/src/overlays/actors/ovl_En_Po_Field/z_en_po_field.c: In function 'EnPoField_SetupCirclePlayer':
/home/david/Documents/RockBox_Personal-master/devsrc/nano-soh-runtime/Shipwright/soh/src/overlays/actors/ovl_En_Po_Field/z_en_po_field.c:253:42: warning: passing argument 2 of 'Animation_PlayLoop' from incompatible pointer type [-Wincompatible-pointer-types]
  253 |     Animation_PlayLoop(&this->skelAnime, &gPoeFieldFloatAnim);
      |                                          ^~~~~~~~~~~~~~~~~~~
      |                                          |
      |                                          const char (*)[50]
/home/david/Documents/RockBox_Personal-master/devsrc/nano-soh-runtime/Shipwright/soh/include/functions.h:1341:64: note: expected 'AnimationHeader *' but argument is of type 'const char (*)[50]'
 1341 | void Animation_PlayLoop(SkelAnime* skelAnime, AnimationHeader* animation);
      |                                               ~~~~~~~~~~~~~~~~~^~~~~~~~~
/home/david/Documents/RockBox_Personal-master/devsrc/nano-soh-runtime/Shipwright/soh/src/overlays/actors/ovl_En_Po_Field/z_en_po_field.c: In function 'EnPoField_SetupFlee':
/home/david/Documents/RockBox_Personal-master/devsrc/nano-soh-runtime/Shipwright/soh/src/overlays/actors/ovl_En_Po_Field/z_en_po_field.c:267:45: warning: passing argument 2 of 'Animation_MorphToLoop' from incompatible pointer type [-Wincompatible-pointer-types]
  267 |     Animation_MorphToLoop(&this->skelAnime, &gPoeFieldFleeAnim, -5.0f);
      |                                             ^~~~~~~~~~~~~~~~~~
      |                                             |
      |                                             const char (*)[49]
/home/david/Documents/RockBox_Personal-master/devsrc/nano-soh-runtime/Shipwright/soh/include/functions.h:1342:67: note: expected 'AnimationHeader *' but argument is of type 'const char (*)[49]'
 1342 | void Animation_MorphToLoop(SkelAnime* skelAnime, AnimationHeader* animation, f32 morphFrames);
      |                                                  ~~~~~~~~~~~~~~~~~^~~~~~~~~
/home/david/Documents/RockBox_Personal-master/devsrc/nano-soh-runtime/Shipwright/soh/src/overlays/actors/ovl_En_Po_Field/z_en_po_field.c: In function 'EnPoField_SetupDamage':
/home/david/Documents/RockBox_Personal-master/devsrc/nano-soh-runtime/Shipwright/soh/src/overlays/actors/ovl_En_Po_Field/z_en_po_field.c:280:49: warning: passing argument 2 of 'Animation_MorphToPlayOnce' from incompatible pointer type [-Wincompatible-pointer-types]
  280 |     Animation_MorphToPlayOnce(&this->skelAnime, &gPoeFieldDamagedAnim, -6.0f);
      |                                                 ^~~~~~~~~~~~~~~~~~~~~
      |                                                 |
      |                                                 const char (*)[52]
/home/david/Documents/RockBox_Personal-master/devsrc/nano-soh-runtime/Shipwright/soh/include/functions.h:1339:71: note: expected 'AnimationHeader *' but argument is of type 'const char (*)[52]'
 1339 | void Animation_MorphToPlayOnce(SkelAnime* skelAnime, AnimationHeader* animation, f32 morphFrames);
      |                                                      ~~~~~~~~~~~~~~~~~^~~~~~~~~
/home/david/Documents/RockBox_Personal-master/devsrc/nano-soh-runtime/Shipwright/soh/src/overlays/actors/ovl_En_Po_Field/z_en_po_field.c: In function 'EnPoField_SetupDisappear':
/home/david/Documents/RockBox_Personal-master/devsrc/nano-soh-runtime/Shipwright/soh/src/overlays/actors/ovl_En_Po_Field/z_en_po_field.c:305:45: warning: passing argument 2 of 'Animation_MorphToLoop' from incompatible pointer type [-Wincompatible-pointer-types]
  305 |     Animation_MorphToLoop(&this->skelAnime, &gPoeFieldDisappearAnim, -6.0f);
      |                                             ^~~~~~~~~~~~~~~~~~~~~~~
      |                                             |
      |                                             const char (*)[54]
/home/david/Documents/RockBox_Personal-master/devsrc/nano-soh-runtime/Shipwright/soh/include/functions.h:1342:67: note: expected 'AnimationHeader *' but argument is of type 'const char (*)[54]'
 1342 | void Animation_MorphToLoop(SkelAnime* skelAnime, AnimationHeader* animation, f32 morphFrames);
      |                                                  ~~~~~~~~~~~~~~~~~^~~~~~~~~
/home/david/Documents/RockBox_Personal-master/devsrc/nano-soh-runtime/Shipwright/soh/src/overlays/actors/ovl_En_Po_Field/z_en_po_field.c: In function 'EnPoField_SoulIdle':
/home/david/Documents/RockBox_Personal-master/devsrc/nano-soh-runtime/Shipwright/soh/src/overlays/actors/ovl_En_Po_Field/z_en_po_field.c:623:34: warning: passing argument 10 of 'EffectSsHahen_SpawnBurst' from incompatible pointer type [-Wincompatible-pointer-types]
  623 |                                  gPoeFieldLanternDL);
      |                                  ^~~~~~~~~~~~~~~~~~
      |                                  |
      |                                  const char *
/home/david/Documents/RockBox_Personal-master/devsrc/nano-soh-runtime/Shipwright/soh/include/functions.h:309:88: note: expected 'Gfx *' but argument is of type 'const char *'
  309 |                               s16 randScaleRange, s16 count, s16 objId, s16 life, Gfx* dList);
      |                                                                                   ~~~~~^~~~~
/home/david/Documents/RockBox_Personal-master/devsrc/nano-soh-runtime/Shipwright/soh/src/overlays/actors/ovl_En_Po_Field/z_en_po_field.c: In function 'EnPoField_DrawFlame':
/home/david/Documents/RockBox_Personal-master/devsrc/nano-soh-runtime/Shipwright/soh/src/overlays/actors/ovl_En_Po_Field/z_en_po_field.c:798:20: warning: passing argument 3 of 'gSPSegment' makes integer from pointer without a cast [-Wint-conversion]
  798 |                    Gfx_TwoTexScrollEx(play->state.gfxCtx, 0, 0, 0, 32, 64, 1, 0, (play->gameplayFrames * -20) % 512, 32,
      |                    ^~~~~~~~~~~~~~~~~~~~~~~~~~~~~~~~~~~~~~~~~~~~~~~~~~~~~~~~~~~~~~~~~~~~~~~~~~~~~~~~~~~~~~~~~~~~~~~~~~~~~
      |                    |
      |                    Gfx *
  799 |                                       128, 0, 0, 0, -20));
      |                                       ~~~~~~~~~~~~~~~~~~
/home/david/Documents/RockBox_Personal-master/devsrc/nano-soh-runtime/Shipwright/soh/include/functions.h:22:52: note: expected 'uintptr_t' {aka 'unsigned int'} but argument is of type 'Gfx *'
   22 | void gSPSegment(void* value, int segNum, uintptr_t target);
      |                                          ~~~~~~~~~~^~~~~~
/home/david/Documents/RockBox_Personal-master/devsrc/nano-soh-runtime/Shipwright/soh/src/overlays/actors/ovl_En_Po_Field/z_en_po_field.c:813:41: warning: passing argument 2 of 'gSPDisplayList' from incompatible pointer type [-Wincompatible-pointer-types]
  813 |         gSPDisplayList(POLY_XLU_DISP++, gEffFire1DL);
      |                                         ^~~~~~~~~~~
      |                                         |
      |                                         const char *
/home/david/Documents/RockBox_Personal-master/devsrc/nano-soh-runtime/Shipwright/soh/include/functions.h:24:36: note: expected 'Gfx *' but argument is of type 'const char *'
   24 | void gSPDisplayList(Gfx* pkt, Gfx* dl);
      |                               ~~~~~^~
/home/david/Documents/RockBox_Personal-master/devsrc/nano-soh-runtime/Shipwright/soh/src/overlays/actors/ovl_En_Po_Field/z_en_po_field.c: In function 'EnPoField_OverrideLimbDraw2':
/home/david/Documents/RockBox_Personal-master/devsrc/nano-soh-runtime/Shipwright/soh/src/overlays/actors/ovl_En_Po_Field/z_en_po_field.c:896:20: warning: assignment to 'Gfx *' from incompatible pointer type 'const char *' [-Wincompatible-pointer-types]
  896 |             *dList = gBigPoeFaceDL;
      |                    ^
/home/david/Documents/RockBox_Personal-master/devsrc/nano-soh-runtime/Shipwright/soh/src/overlays/actors/ovl_En_Po_Field/z_en_po_field.c:898:20: warning: assignment to 'Gfx *' from incompatible pointer type 'const char *' [-Wincompatible-pointer-types]
  898 |             *dList = gBigPoeCloakDL;
      |                    ^
/home/david/Documents/RockBox_Personal-master/devsrc/nano-soh-runtime/Shipwright/soh/src/overlays/actors/ovl_En_Po_Field/z_en_po_field.c:900:20: warning: assignment to 'Gfx *' from incompatible pointer type 'const char *' [-Wincompatible-pointer-types]
  900 |             *dList = gBigPoeBodyDL;
      |                    ^
/home/david/Documents/RockBox_Personal-master/devsrc/nano-soh-runtime/Shipwright/soh/src/overlays/actors/ovl_En_Po_Field/z_en_po_field.c: In function 'EnPoField_PostLimDraw2':
/home/david/Documents/RockBox_Personal-master/devsrc/nano-soh-runtime/Shipwright/soh/src/overlays/actors/ovl_En_Po_Field/z_en_po_field.c:914:35: warning: passing argument 2 of 'gSPDisplayList' from incompatible pointer type [-Wincompatible-pointer-types]
  914 |         gSPDisplayList((*gfxP)++, gPoeFieldBurnDL);
      |                                   ^~~~~~~~~~~~~~~
      |                                   |
      |                                   const char *
/home/david/Documents/RockBox_Personal-master/devsrc/nano-soh-runtime/Shipwright/soh/include/functions.h:24:36: note: expected 'Gfx *' but argument is of type 'const char *'
   24 | void gSPDisplayList(Gfx* pkt, Gfx* dl);
      |                               ~~~~~^~
/home/david/Documents/RockBox_Personal-master/devsrc/nano-soh-runtime/Shipwright/soh/src/overlays/actors/ovl_En_Po_Field/z_en_po_field.c: In function 'EnPoField_Draw':
/home/david/Documents/RockBox_Personal-master/devsrc/nano-soh-runtime/Shipwright/soh/src/overlays/actors/ovl_En_Po_Field/z_en_po_field.c:943:20: warning: passing argument 3 of 'gSPSegment' makes integer from pointer without a cast [-Wint-conversion]
  943 |                    Gfx_EnvColor(play->state.gfxCtx, info->envColor.r, info->envColor.g, info->envColor.b, 255));
      |                    ^~~~~~~~~~~~~~~~~~~~~~~~~~~~~~~~~~~~~~~~~~~~~~~~~~~~~~~~~~~~~~~~~~~~~~~~~~~~~~~~~~~~~~~~~~~
      |                    |
      |                    Gfx *
/home/david/Documents/RockBox_Personal-master/devsrc/nano-soh-runtime/Shipwright/soh/include/functions.h:22:52: note: expected 'uintptr_t' {aka 'unsigned int'} but argument is of type 'Gfx *'
   22 | void gSPSegment(void* value, int segNum, uintptr_t target);
      |                                          ~~~~~~~~~~^~~~~~
/home/david/Documents/RockBox_Personal-master/devsrc/nano-soh-runtime/Shipwright/soh/src/overlays/actors/ovl_En_Po_Field/z_en_po_field.c:946:24: warning: passing argument 3 of 'gSPSegment' makes integer from pointer without a cast [-Wint-conversion]
  946 |                        Gfx_EnvColor(play->state.gfxCtx, this->lightColor.r, this->lightColor.g, this->lightColor.b,
      |                        ^~~~~~~~~~~~~~~~~~~~~~~~~~~~~~~~~~~~~~~~~~~~~~~~~~~~~~~~~~~~~~~~~~~~~~~~~~~~~~~~~~~~~~~~~~~~
      |                        |
      |                        Gfx *
  947 |                                     this->lightColor.a));
      |                                     ~~~~~~~~~~~~~~~~~~~
/home/david/Documents/RockBox_Personal-master/devsrc/nano-soh-runtime/Shipwright/soh/include/functions.h:22:52: note: expected 'uintptr_t' {aka 'unsigned int'} but argument is of type 'Gfx *'
   22 | void gSPSegment(void* value, int segNum, uintptr_t target);
      |                                          ~~~~~~~~~~^~~~~~
/home/david/Documents/RockBox_Personal-master/devsrc/nano-soh-runtime/Shipwright/soh/src/overlays/actors/ovl_En_Po_Field/z_en_po_field.c:948:58: warning: passing argument 3 of 'gSPSegment' makes integer from pointer without a cast [-Wint-conversion]
  948 |             gSPSegment(POLY_OPA_DISP++, 0x0C, D_80116280 + 2);
      |                                               ~~~~~~~~~~~^~~
      |                                                          |
      |                                                          Gfx *
/home/david/Documents/RockBox_Personal-master/devsrc/nano-soh-runtime/Shipwright/soh/include/functions.h:22:52: note: expected 'uintptr_t' {aka 'unsigned int'} but argument is of type 'Gfx *'
   22 | void gSPSegment(void* value, int segNum, uintptr_t target);
      |                                          ~~~~~~~~~~^~~~~~
/home/david/Documents/RockBox_Personal-master/devsrc/nano-soh-runtime/Shipwright/soh/src/overlays/actors/ovl_En_Po_Field/z_en_po_field.c:949:77: warning: passing argument 3 of 'SkelAnime_DrawSkeleton2' from incompatible pointer type [-Wincompatible-pointer-types]
  949 |             POLY_OPA_DISP = SkelAnime_DrawSkeleton2(play, &this->skelAnime, EnPoField_OverrideLimbDraw2,
      |                                                                             ^~~~~~~~~~~~~~~~~~~~~~~~~~~
      |                                                                             |
      |                                                                             s32 (*)(PlayState *, s32,  Gfx **, Vec3f *, Vec3s *, void *, Gfx **) {aka long int (*)(PlayState *, long int,  Gfx **, Vec3f *, Vec3s *, void *, Gfx **)}
/home/david/Documents/RockBox_Personal-master/devsrc/nano-soh-runtime/Shipwright/soh/include/functions.h:1271:89: note: expected 'OverrideLimbDrawOpa' {aka 'long int (*)(struct PlayState *, long int,  Gfx **, Vec3f *, Vec3s *, void *)'} but argument is of type 's32 (*)(PlayState *, s32,  Gfx **, Vec3f *, Vec3s *, void *, Gfx **)' {aka 'long int (*)(PlayState *, long int,  Gfx **, Vec3f *, Vec3s *, void *, Gfx **)'}
 1271 | Gfx* SkelAnime_DrawSkeleton2(PlayState* play, SkelAnime* skelAnime, OverrideLimbDrawOpa overrideLimbDraw,
      |                                                                     ~~~~~~~~~~~~~~~~~~~~^~~~~~~~~~~~~~~~
/home/david/Documents/RockBox_Personal-master/devsrc/nano-soh-runtime/Shipwright/soh/src/overlays/actors/ovl_En_Po_Field/z_en_po_field.c:888:5: note: 'EnPoField_OverrideLimbDraw2' declared here
  888 | s32 EnPoField_OverrideLimbDraw2(PlayState* play, s32 limbIndex, Gfx** dList, Vec3f* pos, Vec3s* rot, void* thisx,
      |     ^~~~~~~~~~~~~~~~~~~~~~~~~~~
In file included from /home/david/Documents/RockBox_Personal-master/devsrc/nano-soh-runtime/Shipwright/soh/include/z64actor.h:5,
                 from /home/david/Documents/RockBox_Personal-master/devsrc/nano-soh-runtime/Shipwright/soh/include/z64.h:10,
                 from /home/david/Documents/RockBox_Personal-master/devsrc/nano-soh-runtime/Shipwright/soh/include/functions.h:4:
/home/david/Documents/RockBox_Personal-master/devsrc/nano-soh-runtime/Shipwright/soh/include/z64animation.h:114:15: note: 'OverrideLimbDrawOpa' declared here
  114 | typedef s32 (*OverrideLimbDrawOpa)(struct PlayState* play, s32 limbIndex, Gfx** dList, Vec3f* pos, Vec3s* rot,
      |               ^~~~~~~~~~~~~~~~~~~
/home/david/Documents/RockBox_Personal-master/devsrc/nano-soh-runtime/Shipwright/soh/src/overlays/actors/ovl_En_Po_Field/z_en_po_field.c:950:53: warning: passing argument 4 of 'SkelAnime_DrawSkeleton2' from incompatible pointer type [-Wincompatible-pointer-types]
  950 |                                                     EnPoField_PostLimDraw2, &this->actor, POLY_OPA_DISP);
      |                                                     ^~~~~~~~~~~~~~~~~~~~~~
      |                                                     |
      |                                                     void (*)(PlayState *, s32,  Gfx **, Vec3s *, void *, Gfx **) {aka void (*)(PlayState *, long int,  Gfx **, Vec3s *, void *, Gfx **)}
/home/david/Documents/RockBox_Personal-master/devsrc/nano-soh-runtime/Shipwright/soh/include/functions.h:1272:49: note: expected 'PostLimbDrawOpa' {aka 'void (*)(struct PlayState *, long int,  Gfx **, Vec3s *, void *)'} but argument is of type 'void (*)(PlayState *, s32,  Gfx **, Vec3s *, void *, Gfx **)' {aka 'void (*)(PlayState *, long int,  Gfx **, Vec3s *, void *, Gfx **)'}
 1272 |                                 PostLimbDrawOpa postLimbDraw, void* arg, Gfx* gfx);
      |                                 ~~~~~~~~~~~~~~~~^~~~~~~~~~~~
/home/david/Documents/RockBox_Personal-master/devsrc/nano-soh-runtime/Shipwright/soh/src/overlays/actors/ovl_En_Po_Field/z_en_po_field.c:909:6: note: 'EnPoField_PostLimDraw2' declared here
  909 | void EnPoField_PostLimDraw2(PlayState* play, s32 limbIndex, Gfx** dList, Vec3s* rot, void* thisx, Gfx** gfxP) {
      |      ^~~~~~~~~~~~~~~~~~~~~~
/home/david/Documents/RockBox_Personal-master/devsrc/nano-soh-runtime/Shipwright/soh/include/z64animation.h:117:16: note: 'PostLimbDrawOpa' declared here
  117 | typedef void (*PostLimbDrawOpa)(struct PlayState* play, s32 limbIndex, Gfx** dList, Vec3s* rot, void*);
      |                ^~~~~~~~~~~~~~~
/home/david/Documents/RockBox_Personal-master/devsrc/nano-soh-runtime/Shipwright/soh/src/overlays/actors/ovl_En_Po_Field/z_en_po_field.c:953:24: warning: passing argument 3 of 'gSPSegment' makes integer from pointer without a cast [-Wint-conversion]
  953 |                        Gfx_EnvColor(play->state.gfxCtx, this->lightColor.r, this->lightColor.g, this->lightColor.b,
      |                        ^~~~~~~~~~~~~~~~~~~~~~~~~~~~~~~~~~~~~~~~~~~~~~~~~~~~~~~~~~~~~~~~~~~~~~~~~~~~~~~~~~~~~~~~~~~~
      |                        |
      |                        Gfx *
  954 |                                     this->lightColor.a));
      |                                     ~~~~~~~~~~~~~~~~~~~
/home/david/Documents/RockBox_Personal-master/devsrc/nano-soh-runtime/Shipwright/soh/include/functions.h:22:52: note: expected 'uintptr_t' {aka 'unsigned int'} but argument is of type 'Gfx *'
   22 | void gSPSegment(void* value, int segNum, uintptr_t target);
      |                                          ~~~~~~~~~~^~~~~~
/home/david/Documents/RockBox_Personal-master/devsrc/nano-soh-runtime/Shipwright/soh/src/overlays/actors/ovl_En_Po_Field/z_en_po_field.c:955:47: warning: passing argument 3 of 'gSPSegment' makes integer from pointer without a cast [-Wint-conversion]
  955 |             gSPSegment(POLY_XLU_DISP++, 0x0C, D_80116280);
      |                                               ^~~~~~~~~~
      |                                               |
      |                                               Gfx *
/home/david/Documents/RockBox_Personal-master/devsrc/nano-soh-runtime/Shipwright/soh/include/functions.h:22:52: note: expected 'uintptr_t' {aka 'unsigned int'} but argument is of type 'Gfx *'
   22 | void gSPSegment(void* value, int segNum, uintptr_t target);
      |                                          ~~~~~~~~~~^~~~~~
/home/david/Documents/RockBox_Personal-master/devsrc/nano-soh-runtime/Shipwright/soh/src/overlays/actors/ovl_En_Po_Field/z_en_po_field.c:956:77: warning: passing argument 3 of 'SkelAnime_DrawSkeleton2' from incompatible pointer type [-Wincompatible-pointer-types]
  956 |             POLY_XLU_DISP = SkelAnime_DrawSkeleton2(play, &this->skelAnime, EnPoField_OverrideLimbDraw2,
      |                                                                             ^~~~~~~~~~~~~~~~~~~~~~~~~~~
      |                                                                             |
      |                                                                             s32 (*)(PlayState *, s32,  Gfx **, Vec3f *, Vec3s *, void *, Gfx **) {aka long int (*)(PlayState *, long int,  Gfx **, Vec3f *, Vec3s *, void *, Gfx **)}
/home/david/Documents/RockBox_Personal-master/devsrc/nano-soh-runtime/Shipwright/soh/include/functions.h:1271:89: note: expected 'OverrideLimbDrawOpa' {aka 'long int (*)(struct PlayState *, long int,  Gfx **, Vec3f *, Vec3s *, void *)'} but argument is of type 's32 (*)(PlayState *, s32,  Gfx **, Vec3f *, Vec3s *, void *, Gfx **)' {aka 'long int (*)(PlayState *, long int,  Gfx **, Vec3f *, Vec3s *, void *, Gfx **)'}
 1271 | Gfx* SkelAnime_DrawSkeleton2(PlayState* play, SkelAnime* skelAnime, OverrideLimbDrawOpa overrideLimbDraw,
      |                                                                     ~~~~~~~~~~~~~~~~~~~~^~~~~~~~~~~~~~~~
/home/david/Documents/RockBox_Personal-master/devsrc/nano-soh-runtime/Shipwright/soh/src/overlays/actors/ovl_En_Po_Field/z_en_po_field.c:888:5: note: 'EnPoField_OverrideLimbDraw2' declared here
  888 | s32 EnPoField_OverrideLimbDraw2(PlayState* play, s32 limbIndex, Gfx** dList, Vec3f* pos, Vec3s* rot, void* thisx,
      |     ^~~~~~~~~~~~~~~~~~~~~~~~~~~
/home/david/Documents/RockBox_Personal-master/devsrc/nano-soh-runtime/Shipwright/soh/include/z64animation.h:114:15: note: 'OverrideLimbDrawOpa' declared here
  114 | typedef s32 (*OverrideLimbDrawOpa)(struct PlayState* play, s32 limbIndex, Gfx** dList, Vec3f* pos, Vec3s* rot,
      |               ^~~~~~~~~~~~~~~~~~~
/home/david/Documents/RockBox_Personal-master/devsrc/nano-soh-runtime/Shipwright/soh/src/overlays/actors/ovl_En_Po_Field/z_en_po_field.c:957:53: warning: passing argument 4 of 'SkelAnime_DrawSkeleton2' from incompatible pointer type [-Wincompatible-pointer-types]
  957 |                                                     EnPoField_PostLimDraw2, &this->actor, POLY_XLU_DISP);
      |                                                     ^~~~~~~~~~~~~~~~~~~~~~
      |                                                     |
      |                                                     void (*)(PlayState *, s32,  Gfx **, Vec3s *, void *, Gfx **) {aka void (*)(PlayState *, long int,  Gfx **, Vec3s *, void *, Gfx **)}
/home/david/Documents/RockBox_Personal-master/devsrc/nano-soh-runtime/Shipwright/soh/include/functions.h:1272:49: note: expected 'PostLimbDrawOpa' {aka 'void (*)(struct PlayState *, long int,  Gfx **, Vec3s *, void *)'} but argument is of type 'void (*)(PlayState *, s32,  Gfx **, Vec3s *, void *, Gfx **)' {aka 'void (*)(PlayState *, long int,  Gfx **, Vec3s *, void *, Gfx **)'}
 1272 |                                 PostLimbDrawOpa postLimbDraw, void* arg, Gfx* gfx);
      |                                 ~~~~~~~~~~~~~~~~^~~~~~~~~~~~
/home/david/Documents/RockBox_Personal-master/devsrc/nano-soh-runtime/Shipwright/soh/src/overlays/actors/ovl_En_Po_Field/z_en_po_field.c:909:6: note: 'EnPoField_PostLimDraw2' declared here
  909 | void EnPoField_PostLimDraw2(PlayState* play, s32 limbIndex, Gfx** dList, Vec3s* rot, void* thisx, Gfx** gfxP) {
      |      ^~~~~~~~~~~~~~~~~~~~~~
/home/david/Documents/RockBox_Personal-master/devsrc/nano-soh-runtime/Shipwright/soh/include/z64animation.h:117:16: note: 'PostLimbDrawOpa' declared here
  117 | typedef void (*PostLimbDrawOpa)(struct PlayState* play, s32 limbIndex, Gfx** dList, Vec3s* rot, void*);
      |                ^~~~~~~~~~~~~~~
/home/david/Documents/RockBox_Personal-master/devsrc/nano-soh-runtime/Shipwright/soh/src/overlays/actors/ovl_En_Po_Field/z_en_po_field.c:963:41: warning: passing argument 2 of 'gSPDisplayList' from incompatible pointer type [-Wincompatible-pointer-types]
  963 |         gSPDisplayList(POLY_OPA_DISP++, gPoeFieldLanternDL);
      |                                         ^~~~~~~~~~~~~~~~~~
      |                                         |
      |                                         const char *
/home/david/Documents/RockBox_Personal-master/devsrc/nano-soh-runtime/Shipwright/soh/include/functions.h:24:36: note: expected 'Gfx *' but argument is of type 'const char *'
   24 | void gSPDisplayList(Gfx* pkt, Gfx* dl);
      |                               ~~~~~^~
/home/david/Documents/RockBox_Personal-master/devsrc/nano-soh-runtime/Shipwright/soh/src/overlays/actors/ovl_En_Po_Field/z_en_po_field.c:964:41: warning: passing argument 2 of 'gSPDisplayList' from incompatible pointer type [-Wincompatible-pointer-types]
  964 |         gSPDisplayList(POLY_OPA_DISP++, gPoeFieldLanternTopDL);
      |                                         ^~~~~~~~~~~~~~~~~~~~~
      |                                         |
      |                                         const char *
/home/david/Documents/RockBox_Personal-master/devsrc/nano-soh-runtime/Shipwright/soh/include/functions.h:24:36: note: expected 'Gfx *' but argument is of type 'const char *'
   24 | void gSPDisplayList(Gfx* pkt, Gfx* dl);
      |                               ~~~~~^~
/home/david/Documents/RockBox_Personal-master/devsrc/nano-soh-runtime/Shipwright/soh/src/overlays/actors/ovl_En_Po_Field/z_en_po_field.c: In function 'EnPoField_DrawSoul':
/home/david/Documents/RockBox_Personal-master/devsrc/nano-soh-runtime/Shipwright/soh/src/overlays/actors/ovl_En_Po_Field/z_en_po_field.c:989:20: warning: passing argument 3 of 'gSPSegment' makes integer from pointer without a cast [-Wint-conversion]
  989 |                    Gfx_EnvColor(play->state.gfxCtx, info->envColor.r, info->envColor.g, info->envColor.b, 255));
      |                    ^~~~~~~~~~~~~~~~~~~~~~~~~~~~~~~~~~~~~~~~~~~~~~~~~~~~~~~~~~~~~~~~~~~~~~~~~~~~~~~~~~~~~~~~~~~
      |                    |
      |                    Gfx *
/home/david/Documents/RockBox_Personal-master/devsrc/nano-soh-runtime/Shipwright/soh/include/functions.h:22:52: note: expected 'uintptr_t' {aka 'unsigned int'} but argument is of type 'Gfx *'
   22 | void gSPSegment(void* value, int segNum, uintptr_t target);
      |                                          ~~~~~~~~~~^~~~~~
/home/david/Documents/RockBox_Personal-master/devsrc/nano-soh-runtime/Shipwright/soh/src/overlays/actors/ovl_En_Po_Field/z_en_po_field.c:994:41: warning: passing argument 2 of 'gSPDisplayList' from incompatible pointer type [-Wincompatible-pointer-types]
  994 |         gSPDisplayList(POLY_OPA_DISP++, gPoeFieldLanternDL);
      |                                         ^~~~~~~~~~~~~~~~~~
      |                                         |
      |                                         const char *
/home/david/Documents/RockBox_Personal-master/devsrc/nano-soh-runtime/Shipwright/soh/include/functions.h:24:36: note: expected 'Gfx *' but argument is of type 'const char *'
   24 | void gSPDisplayList(Gfx* pkt, Gfx* dl);
      |                               ~~~~~^~
/home/david/Documents/RockBox_Personal-master/devsrc/nano-soh-runtime/Shipwright/soh/src/overlays/actors/ovl_En_Po_Field/z_en_po_field.c:995:41: warning: passing argument 2 of 'gSPDisplayList' from incompatible pointer type [-Wincompatible-pointer-types]
  995 |         gSPDisplayList(POLY_OPA_DISP++, gPoeFieldLanternTopDL);
      |                                         ^~~~~~~~~~~~~~~~~~~~~
      |                                         |
      |                                         const char *
/home/david/Documents/RockBox_Personal-master/devsrc/nano-soh-runtime/Shipwright/soh/include/functions.h:24:36: note: expected 'Gfx *' but argument is of type 'const char *'
   24 | void gSPDisplayList(Gfx* pkt, Gfx* dl);
      |                               ~~~~~^~
/home/david/Documents/RockBox_Personal-master/devsrc/nano-soh-runtime/Shipwright/soh/src/overlays/actors/ovl_En_Po_Field/z_en_po_field.c:999:20: warning: passing argument 3 of 'gSPSegment' makes integer from pointer without a cast [-Wint-conversion]
  999 |                    Gfx_TwoTexScrollEx(play->state.gfxCtx, 0, 0, 0, 0x20, 0x40, 1, 0,
      |                    ^~~~~~~~~~~~~~~~~~~~~~~~~~~~~~~~~~~~~~~~~~~~~~~~~~~~~~~~~~~~~~~~~
      |                    |
      |                    Gfx *
 1000 |                                       (play->gameplayFrames * info->unk_9) & 0x1FF, 0x20, 0x80, 0, 0, 0, info->unk_9));
      |                                       ~~~~~~~~~~~~~~~~~~~~~~~~~~~~~~~~~~~~~~~~~~~~~~~~~~~~~~~~~~~~~~~~~~~~~~~~~~~~~~~
/home/david/Documents/RockBox_Personal-master/devsrc/nano-soh-runtime/Shipwright/soh/include/functions.h:22:52: note: expected 'uintptr_t' {aka 'unsigned int'} but argument is of type 'Gfx *'
   22 | void gSPSegment(void* value, int segNum, uintptr_t target);
      |                                          ~~~~~~~~~~^~~~~~
In file included from /home/david/Documents/RockBox_Personal-master/devsrc/nano-soh-runtime/Shipwright/soh/include/global.h:10:
/home/david/Documents/RockBox_Personal-master/devsrc/nano-soh-runtime/Shipwright/soh/src/overlays/actors/ovl_En_Po_Field/z_en_po_field.c:1001:68: warning: passing argument 3 of 'gSPSegment' makes integer from pointer without a cast [-Wint-conversion]
 1001 |         gSPSegment(POLY_XLU_DISP++, 0x09, SEGMENTED_TO_VIRTUAL(info->soulTexture));
      |                                                                ~~~~^~~~~~~~~~~~~
      |                                                                    |
      |                                                                    void *
/home/david/Documents/RockBox_Personal-master/devsrc/nano-soh-runtime/Shipwright/soh/include/macros.h:37:36: note: in definition of macro 'SEGMENTED_TO_VIRTUAL'
   37 | #define SEGMENTED_TO_VIRTUAL(addr) addr
      |                                    ^~~~
/home/david/Documents/RockBox_Personal-master/devsrc/nano-soh-runtime/Shipwright/soh/include/functions.h:22:52: note: expected 'uintptr_t' {aka 'unsigned int'} but argument is of type 'void *'
   22 | void gSPSegment(void* value, int segNum, uintptr_t target);
      |                                          ~~~~~~~~~~^~~~~~
/home/david/Documents/RockBox_Personal-master/devsrc/nano-soh-runtime/Shipwright/soh/src/overlays/actors/ovl_En_Po_Field/z_en_po_field.c:1007:41: warning: passing argument 2 of 'gSPDisplayList' from incompatible pointer type [-Wincompatible-pointer-types]
 1007 |         gSPDisplayList(POLY_XLU_DISP++, gPoeFieldSoulDL);
      |                                         ^~~~~~~~~~~~~~~
      |                                         |
      |                                         const char *
/home/david/Documents/RockBox_Personal-master/devsrc/nano-soh-runtime/Shipwright/soh/include/functions.h:24:36: note: expected 'Gfx *' but argument is of type 'const char *'
   24 | void gSPDisplayList(Gfx* pkt, Gfx* dl);
      |                               ~~~~~^~
