/home/david/Documents/RockBox_Personal-master/devsrc/nano-soh-runtime/Shipwright/soh/src/overlays/effects/ovl_Effect_Ss_D_Fire/z_eff_ss_d_fire.c: In function 'EffectSsDFire_Init':
/home/david/Documents/RockBox_Personal-master/devsrc/nano-soh-runtime/Shipwright/soh/src/overlays/effects/ovl_Effect_Ss_D_Fire/z_eff_ss_d_fire.c:38:19: warning: assignment discards 'const' qualifier from pointer target type [-Wdiscarded-qualifiers]
   38 |         this->gfx = SEGMENTED_TO_VIRTUAL(gDodongoFireDL);
      |                   ^
/home/david/Documents/RockBox_Personal-master/devsrc/nano-soh-runtime/Shipwright/soh/src/overlays/effects/ovl_Effect_Ss_D_Fire/z_eff_ss_d_fire.c: At top level:
/home/david/Documents/RockBox_Personal-master/devsrc/nano-soh-runtime/Shipwright/soh/src/overlays/effects/ovl_Effect_Ss_D_Fire/z_eff_ss_d_fire.c:59:30: warning: initialization discards 'const' qualifier from pointer target type [-Wdiscarded-qualifiers]
   59 | static void* sTextures[] = { gDodongoFire0Tex, gDodongoFire1Tex, gDodongoFire2Tex, gDodongoFire3Tex };
      |                              ^~~~~~~~~~~~~~~~
/home/david/Documents/RockBox_Personal-master/devsrc/nano-soh-runtime/Shipwright/soh/src/overlays/effects/ovl_Effect_Ss_D_Fire/z_eff_ss_d_fire.c:59:48: warning: initialization discards 'const' qualifier from pointer target type [-Wdiscarded-qualifiers]
   59 | static void* sTextures[] = { gDodongoFire0Tex, gDodongoFire1Tex, gDodongoFire2Tex, gDodongoFire3Tex };
      |                                                ^~~~~~~~~~~~~~~~
/home/david/Documents/RockBox_Personal-master/devsrc/nano-soh-runtime/Shipwright/soh/src/overlays/effects/ovl_Effect_Ss_D_Fire/z_eff_ss_d_fire.c:59:66: warning: initialization discards 'const' qualifier from pointer target type [-Wdiscarded-qualifiers]
   59 | static void* sTextures[] = { gDodongoFire0Tex, gDodongoFire1Tex, gDodongoFire2Tex, gDodongoFire3Tex };
      |                                                                  ^~~~~~~~~~~~~~~~
/home/david/Documents/RockBox_Personal-master/devsrc/nano-soh-runtime/Shipwright/soh/src/overlays/effects/ovl_Effect_Ss_D_Fire/z_eff_ss_d_fire.c:59:84: warning: initialization discards 'const' qualifier from pointer target type [-Wdiscarded-qualifiers]
   59 | static void* sTextures[] = { gDodongoFire0Tex, gDodongoFire1Tex, gDodongoFire2Tex, gDodongoFire3Tex };
      |                                                                                    ^~~~~~~~~~~~~~~~
/home/david/Documents/RockBox_Personal-master/devsrc/nano-soh-runtime/Shipwright/soh/src/overlays/effects/ovl_Effect_Ss_D_Fire/z_eff_ss_d_fire.c: In function 'EffectSsDFire_Draw':
/home/david/Documents/RockBox_Personal-master/devsrc/nano-soh-runtime/Shipwright/soh/src/overlays/effects/ovl_Effect_Ss_D_Fire/z_eff_ss_d_fire.c:79:43: warning: passing argument 3 of 'gSPSegment' makes integer from pointer without a cast [-Wint-conversion]
   79 |         gSPSegment(POLY_XLU_DISP++, 0x06, object);
      |                                           ^~~~~~
      |                                           |
      |                                           void *
In file included from /home/david/Documents/RockBox_Personal-master/devsrc/nano-soh-runtime/Shipwright/soh/include/global.h:8,
                 from /home/david/Documents/RockBox_Personal-master/devsrc/nano-soh-runtime/Shipwright/soh/src/overlays/effects/ovl_Effect_Ss_D_Fire/z_eff_ss_d_fire.h:5,
                 from /home/david/Documents/RockBox_Personal-master/devsrc/nano-soh-runtime/Shipwright/soh/src/overlays/effects/ovl_Effect_Ss_D_Fire/z_eff_ss_d_fire.c:7:
/home/david/Documents/RockBox_Personal-master/devsrc/nano-soh-runtime/Shipwright/soh/include/functions.h:22:52: note: expected 'uintptr_t' {aka 'unsigned int'} but argument is of type 'void *'
   22 | void gSPSegment(void* value, int segNum, uintptr_t target);
      |                                          ~~~~~~~~~~^~~~~~
In file included from /home/david/Documents/RockBox_Personal-master/devsrc/nano-soh-runtime/Shipwright/soh/include/global.h:10:
/home/david/Documents/RockBox_Personal-master/devsrc/nano-soh-runtime/Shipwright/soh/src/overlays/effects/ovl_Effect_Ss_D_Fire/z_eff_ss_d_fire.c:95:77: warning: passing argument 3 of 'gSPSegment' makes integer from pointer without a cast [-Wint-conversion]
   95 |             gSPSegment(POLY_XLU_DISP++, 0x08, SEGMENTED_TO_VIRTUAL(sTextures[this->rTexIdx]));
      |                                                                    ~~~~~~~~~^~~~~~~~~~~~~~~
      |                                                                             |
      |                                                                             void *
/home/david/Documents/RockBox_Personal-master/devsrc/nano-soh-runtime/Shipwright/soh/include/macros.h:37:36: note: in definition of macro 'SEGMENTED_TO_VIRTUAL'
   37 | #define SEGMENTED_TO_VIRTUAL(addr) addr
      |                                    ^~~~
/home/david/Documents/RockBox_Personal-master/devsrc/nano-soh-runtime/Shipwright/soh/include/functions.h:22:52: note: expected 'uintptr_t' {aka 'unsigned int'} but argument is of type 'void *'
   22 | void gSPSegment(void* value, int segNum, uintptr_t target);
      |                                          ~~~~~~~~~~^~~~~~
