/home/david/Documents/RockBox_Personal-master/devsrc/nano-soh-runtime/Shipwright/soh/src/overlays/actors/ovl_Bg_Ice_Shelter/z_bg_ice_shelter.c: In function 'BgIceShelter_Init':
/home/david/Documents/RockBox_Personal-master/devsrc/nano-soh-runtime/Shipwright/soh/src/overlays/actors/ovl_Bg_Ice_Shelter/z_bg_ice_shelter.c:162:51: warning: passing argument 3 of 'BgIceShelter_InitDynaPoly' from incompatible pointer type [-Wincompatible-pointer-types]
  162 |             BgIceShelter_InitDynaPoly(this, play, &gRedIcePlatformCol, 0);
      |                                                   ^~~~~~~~~~~~~~~~~~~
      |                                                   |
      |                                                   const char (*)[53]
/home/david/Documents/RockBox_Personal-master/devsrc/nano-soh-runtime/Shipwright/soh/src/overlays/actors/ovl_Bg_Ice_Shelter/z_bg_ice_shelter.c:108:86: note: expected 'CollisionHeader *' but argument is of type 'const char (*)[53]'
  108 | void BgIceShelter_InitDynaPoly(BgIceShelter* this, PlayState* play, CollisionHeader* collision, s32 moveFlag) {
      |                                                                     ~~~~~~~~~~~~~~~~~^~~~~~~~~
/home/david/Documents/RockBox_Personal-master/devsrc/nano-soh-runtime/Shipwright/soh/src/overlays/actors/ovl_Bg_Ice_Shelter/z_bg_ice_shelter.c:165:51: warning: passing argument 3 of 'BgIceShelter_InitDynaPoly' from incompatible pointer type [-Wincompatible-pointer-types]
  165 |             BgIceShelter_InitDynaPoly(this, play, &gRedIceWallCol, 0);
      |                                                   ^~~~~~~~~~~~~~~
      |                                                   |
      |                                                   const char (*)[49]
/home/david/Documents/RockBox_Personal-master/devsrc/nano-soh-runtime/Shipwright/soh/src/overlays/actors/ovl_Bg_Ice_Shelter/z_bg_ice_shelter.c:108:86: note: expected 'CollisionHeader *' but argument is of type 'const char (*)[49]'
  108 | void BgIceShelter_InitDynaPoly(BgIceShelter* this, PlayState* play, CollisionHeader* collision, s32 moveFlag) {
      |                                                                     ~~~~~~~~~~~~~~~~~^~~~~~~~~
/home/david/Documents/RockBox_Personal-master/devsrc/nano-soh-runtime/Shipwright/soh/src/overlays/actors/ovl_Bg_Ice_Shelter/z_bg_ice_shelter.c: In function 'BgIceShelter_Draw':
/home/david/Documents/RockBox_Personal-master/devsrc/nano-soh-runtime/Shipwright/soh/src/overlays/actors/ovl_Bg_Ice_Shelter/z_bg_ice_shelter.c:470:24: warning: passing argument 3 of 'gSPSegment' makes integer from pointer without a cast [-Wint-conversion]
  470 |                        Gfx_TwoTexScrollEx(play->state.gfxCtx, 0, -play->gameplayFrames & 0x7F,
      |                        ^~~~~~~~~~~~~~~~~~~~~~~~~~~~~~~~~~~~~~~~~~~~~~~~~~~~~~~~~~~~~~~~~~~~~~~
      |                        |
      |                        Gfx *
  471 |                                           -play->gameplayFrames & 0x7F, 0x20, 0x20, 1, -play->gameplayFrames & 0x7F,
      |                                           ~~~~~~~~~~~~~~~~~~~~~~~~~~~~~~~~~~~~~~~~~~~~~~~~~~~~~~~~~~~~~~~~~~~~~~~~~~
  472 |                                           play->gameplayFrames & 0x7F, 0x20, 0x20, -1, -1, -1, 1));
      |                                           ~~~~~~~~~~~~~~~~~~~~~~~~~~~~~~~~~~~~~~~~~~~~~~~~~~~~~~~
In file included from /home/david/Documents/RockBox_Personal-master/devsrc/nano-soh-runtime/Shipwright/soh/include/global.h:8,
                 from /home/david/Documents/RockBox_Personal-master/devsrc/nano-soh-runtime/Shipwright/soh/src/overlays/actors/ovl_Bg_Ice_Shelter/z_bg_ice_shelter.h:5,
                 from /home/david/Documents/RockBox_Personal-master/devsrc/nano-soh-runtime/Shipwright/soh/src/overlays/actors/ovl_Bg_Ice_Shelter/z_bg_ice_shelter.c:1:
/home/david/Documents/RockBox_Personal-master/devsrc/nano-soh-runtime/Shipwright/soh/include/functions.h:22:52: note: expected 'uintptr_t' {aka 'unsigned int'} but argument is of type 'Gfx *'
   22 | void gSPSegment(void* value, int segNum, uintptr_t target);
      |                                          ~~~~~~~~~~^~~~~~
/home/david/Documents/RockBox_Personal-master/devsrc/nano-soh-runtime/Shipwright/soh/src/overlays/actors/ovl_Bg_Ice_Shelter/z_bg_ice_shelter.c:473:45: warning: passing argument 2 of 'gSPDisplayList' from incompatible pointer type [-Wincompatible-pointer-types]
  473 |             gSPDisplayList(POLY_XLU_DISP++, gRedIceBlockDL);
      |                                             ^~~~~~~~~~~~~~
      |                                             |
      |                                             const char *
/home/david/Documents/RockBox_Personal-master/devsrc/nano-soh-runtime/Shipwright/soh/include/functions.h:24:36: note: expected 'Gfx *' but argument is of type 'const char *'
   24 | void gSPDisplayList(Gfx* pkt, Gfx* dl);
      |                               ~~~~~^~
/home/david/Documents/RockBox_Personal-master/devsrc/nano-soh-runtime/Shipwright/soh/src/overlays/actors/ovl_Bg_Ice_Shelter/z_bg_ice_shelter.c:478:24: warning: passing argument 3 of 'gSPSegment' makes integer from pointer without a cast [-Wint-conversion]
  478 |                        Gfx_TwoTexScrollEx(play->state.gfxCtx, 0, 0, play->gameplayFrames & 0xFF, 0x40, 0x40, 1, 0,
      |                        ^~~~~~~~~~~~~~~~~~~~~~~~~~~~~~~~~~~~~~~~~~~~~~~~~~~~~~~~~~~~~~~~~~~~~~~~~~~~~~~~~~~~~~~~~~~
      |                        |
      |                        Gfx *
  479 |                                           -play->gameplayFrames & 0xFF, 0x40, 0x40, 0, 1, 0, -1));
      |                                           ~~~~~~~~~~~~~~~~~~~~~~~~~~~~~~~~~~~~~~~~~~~~~~~~~~~~~~
/home/david/Documents/RockBox_Personal-master/devsrc/nano-soh-runtime/Shipwright/soh/include/functions.h:22:52: note: expected 'uintptr_t' {aka 'unsigned int'} but argument is of type 'Gfx *'
   22 | void gSPSegment(void* value, int segNum, uintptr_t target);
      |                                          ~~~~~~~~~~^~~~~~
/home/david/Documents/RockBox_Personal-master/devsrc/nano-soh-runtime/Shipwright/soh/src/overlays/actors/ovl_Bg_Ice_Shelter/z_bg_ice_shelter.c:481:24: warning: passing argument 3 of 'gSPSegment' makes integer from pointer without a cast [-Wint-conversion]
  481 |                        Gfx_TwoTexScrollEx(play->state.gfxCtx, 0, -play->gameplayFrames & 0xFF,
      |                        ^~~~~~~~~~~~~~~~~~~~~~~~~~~~~~~~~~~~~~~~~~~~~~~~~~~~~~~~~~~~~~~~~~~~~~~
      |                        |
      |                        Gfx *
  482 |                                           play->gameplayFrames & 0xFF, 0x40, 0x40, 1, play->gameplayFrames & 0xFF,
      |                                           ~~~~~~~~~~~~~~~~~~~~~~~~~~~~~~~~~~~~~~~~~~~~~~~~~~~~~~~~~~~~~~~~~~~~~~~~
  483 |                                           play->gameplayFrames & 0xFF, 0x40, 0x40, -1, 1, 1, 1));
      |                                           ~~~~~~~~~~~~~~~~~~~~~~~~~~~~~~~~~~~~~~~~~~~~~~~~~~~~~
/home/david/Documents/RockBox_Personal-master/devsrc/nano-soh-runtime/Shipwright/soh/include/functions.h:22:52: note: expected 'uintptr_t' {aka 'unsigned int'} but argument is of type 'Gfx *'
   22 | void gSPSegment(void* value, int segNum, uintptr_t target);
      |                                          ~~~~~~~~~~^~~~~~
/home/david/Documents/RockBox_Personal-master/devsrc/nano-soh-runtime/Shipwright/soh/src/overlays/actors/ovl_Bg_Ice_Shelter/z_bg_ice_shelter.c:484:45: warning: passing argument 2 of 'gSPDisplayList' from incompatible pointer type [-Wincompatible-pointer-types]
  484 |             gSPDisplayList(POLY_XLU_DISP++, gRedIcePlatformDL);
      |                                             ^~~~~~~~~~~~~~~~~
      |                                             |
      |                                             const char *
/home/david/Documents/RockBox_Personal-master/devsrc/nano-soh-runtime/Shipwright/soh/include/functions.h:24:36: note: expected 'Gfx *' but argument is of type 'const char *'
   24 | void gSPDisplayList(Gfx* pkt, Gfx* dl);
      |                               ~~~~~^~
/home/david/Documents/RockBox_Personal-master/devsrc/nano-soh-runtime/Shipwright/soh/src/overlays/actors/ovl_Bg_Ice_Shelter/z_bg_ice_shelter.c:488:45: warning: passing argument 2 of 'gSPDisplayList' from incompatible pointer type [-Wincompatible-pointer-types]
  488 |             gSPDisplayList(POLY_XLU_DISP++, gRedIceWallDL);
      |                                             ^~~~~~~~~~~~~
      |                                             |
      |                                             const char *
/home/david/Documents/RockBox_Personal-master/devsrc/nano-soh-runtime/Shipwright/soh/include/functions.h:24:36: note: expected 'Gfx *' but argument is of type 'const char *'
   24 | void gSPDisplayList(Gfx* pkt, Gfx* dl);
      |                               ~~~~~^~
