/home/david/Documents/RockBox_Personal-master/devsrc/nano-soh-runtime/Shipwright/soh/src/overlays/actors/ovl_Oceff_Wipe/z_oceff_wipe.c: In function 'OceffWipe_Draw':
/home/david/Documents/RockBox_Personal-master/devsrc/nano-soh-runtime/Shipwright/soh/src/overlays/actors/ovl_Oceff_Wipe/z_oceff_wipe.c:102:44: warning: passing argument 1 of 'ResourceMgr_LoadVtxByName' discards 'const' qualifier from pointer target type [-Wdiscarded-qualifiers]
  102 |         vtxPtr = ResourceMgr_LoadVtxByName(sFrustumVtx);
      |                                            ^~~~~~~~~~~
In file included from /home/david/Documents/RockBox_Personal-master/devsrc/nano-soh-runtime/Shipwright/soh/src/overlays/actors/ovl_Oceff_Wipe/z_oceff_wipe.c:9:
/home/david/Documents/RockBox_Personal-master/devsrc/nano-soh-runtime/Shipwright/soh/soh/ResourceManagerHelpers.h:59:38: note: expected 'char *' but argument is of type 'const char *'
   59 | Vtx* ResourceMgr_LoadVtxByName(char* path);
      |                                ~~~~~~^~~~
/home/david/Documents/RockBox_Personal-master/devsrc/nano-soh-runtime/Shipwright/soh/src/overlays/actors/ovl_Oceff_Wipe/z_oceff_wipe.c:124:37: warning: passing argument 2 of 'gSPDisplayList' from incompatible pointer type [-Wincompatible-pointer-types]
  124 |     gSPDisplayList(POLY_XLU_DISP++, sMaterialDL);
      |                                     ^~~~~~~~~~~
      |                                     |
      |                                     const char *
In file included from /home/david/Documents/RockBox_Personal-master/devsrc/nano-soh-runtime/Shipwright/soh/include/global.h:8,
                 from /home/david/Documents/RockBox_Personal-master/devsrc/nano-soh-runtime/Shipwright/soh/src/overlays/actors/ovl_Oceff_Wipe/z_oceff_wipe.h:5,
                 from /home/david/Documents/RockBox_Personal-master/devsrc/nano-soh-runtime/Shipwright/soh/src/overlays/actors/ovl_Oceff_Wipe/z_oceff_wipe.c:7:
/home/david/Documents/RockBox_Personal-master/devsrc/nano-soh-runtime/Shipwright/soh/include/functions.h:24:36: note: expected 'Gfx *' but argument is of type 'const char *'
   24 | void gSPDisplayList(Gfx* pkt, Gfx* dl);
      |                               ~~~~~^~
/home/david/Documents/RockBox_Personal-master/devsrc/nano-soh-runtime/Shipwright/soh/src/overlays/actors/ovl_Oceff_Wipe/z_oceff_wipe.c:127:37: warning: passing argument 2 of 'gSPDisplayList' from incompatible pointer type [-Wincompatible-pointer-types]
  127 |     gSPDisplayList(POLY_XLU_DISP++, sFrustumDL);
      |                                     ^~~~~~~~~~
      |                                     |
      |                                     const char *
/home/david/Documents/RockBox_Personal-master/devsrc/nano-soh-runtime/Shipwright/soh/include/functions.h:24:36: note: expected 'Gfx *' but argument is of type 'const char *'
   24 | void gSPDisplayList(Gfx* pkt, Gfx* dl);
      |                               ~~~~~^~
