/home/david/Documents/RockBox_Personal-master/devsrc/nano-soh-runtime/Shipwright/soh/src/overlays/effects/ovl_Effect_Ss_Bomb2/z_eff_ss_bomb2.c: In function 'EffectSsBomb2_Init':
/home/david/Documents/RockBox_Personal-master/devsrc/nano-soh-runtime/Shipwright/soh/src/overlays/effects/ovl_Effect_Ss_Bomb2/z_eff_ss_bomb2.c:45:15: warning: assignment discards 'const' qualifier from pointer target type [-Wdiscarded-qualifiers]
   45 |     this->gfx = SEGMENTED_TO_VIRTUAL(gEffBombExplosion1DL);
      |               ^
/home/david/Documents/RockBox_Personal-master/devsrc/nano-soh-runtime/Shipwright/soh/src/overlays/effects/ovl_Effect_Ss_Bomb2/z_eff_ss_bomb2.c: In function 'EffectSsBomb2_DrawFade':
/home/david/Documents/RockBox_Personal-master/devsrc/nano-soh-runtime/Shipwright/soh/src/overlays/effects/ovl_Effect_Ss_Bomb2/z_eff_ss_bomb2.c:66:9: warning: initialization discards 'const' qualifier from pointer target type [-Wdiscarded-qualifiers]
   66 |         gEffBombExplosion1Tex, gEffBombExplosion2Tex, gEffBombExplosion3Tex, gEffBombExplosion4Tex,
      |         ^~~~~~~~~~~~~~~~~~~~~
/home/david/Documents/RockBox_Personal-master/devsrc/nano-soh-runtime/Shipwright/soh/src/overlays/effects/ovl_Effect_Ss_Bomb2/z_eff_ss_bomb2.c:66:32: warning: initialization discards 'const' qualifier from pointer target type [-Wdiscarded-qualifiers]
   66 |         gEffBombExplosion1Tex, gEffBombExplosion2Tex, gEffBombExplosion3Tex, gEffBombExplosion4Tex,
      |                                ^~~~~~~~~~~~~~~~~~~~~
/home/david/Documents/RockBox_Personal-master/devsrc/nano-soh-runtime/Shipwright/soh/src/overlays/effects/ovl_Effect_Ss_Bomb2/z_eff_ss_bomb2.c:66:55: warning: initialization discards 'const' qualifier from pointer target type [-Wdiscarded-qualifiers]
   66 |         gEffBombExplosion1Tex, gEffBombExplosion2Tex, gEffBombExplosion3Tex, gEffBombExplosion4Tex,
      |                                                       ^~~~~~~~~~~~~~~~~~~~~
/home/david/Documents/RockBox_Personal-master/devsrc/nano-soh-runtime/Shipwright/soh/src/overlays/effects/ovl_Effect_Ss_Bomb2/z_eff_ss_bomb2.c:66:78: warning: initialization discards 'const' qualifier from pointer target type [-Wdiscarded-qualifiers]
   66 |         gEffBombExplosion1Tex, gEffBombExplosion2Tex, gEffBombExplosion3Tex, gEffBombExplosion4Tex,
      |                                                                              ^~~~~~~~~~~~~~~~~~~~~
/home/david/Documents/RockBox_Personal-master/devsrc/nano-soh-runtime/Shipwright/soh/src/overlays/effects/ovl_Effect_Ss_Bomb2/z_eff_ss_bomb2.c:67:9: warning: initialization discards 'const' qualifier from pointer target type [-Wdiscarded-qualifiers]
   67 |         gEffBombExplosion5Tex, gEffBombExplosion6Tex, gEffBombExplosion7Tex, gEffBombExplosion8Tex,
      |         ^~~~~~~~~~~~~~~~~~~~~
/home/david/Documents/RockBox_Personal-master/devsrc/nano-soh-runtime/Shipwright/soh/src/overlays/effects/ovl_Effect_Ss_Bomb2/z_eff_ss_bomb2.c:67:32: warning: initialization discards 'const' qualifier from pointer target type [-Wdiscarded-qualifiers]
   67 |         gEffBombExplosion5Tex, gEffBombExplosion6Tex, gEffBombExplosion7Tex, gEffBombExplosion8Tex,
      |                                ^~~~~~~~~~~~~~~~~~~~~
/home/david/Documents/RockBox_Personal-master/devsrc/nano-soh-runtime/Shipwright/soh/src/overlays/effects/ovl_Effect_Ss_Bomb2/z_eff_ss_bomb2.c:67:55: warning: initialization discards 'const' qualifier from pointer target type [-Wdiscarded-qualifiers]
   67 |         gEffBombExplosion5Tex, gEffBombExplosion6Tex, gEffBombExplosion7Tex, gEffBombExplosion8Tex,
      |                                                       ^~~~~~~~~~~~~~~~~~~~~
/home/david/Documents/RockBox_Personal-master/devsrc/nano-soh-runtime/Shipwright/soh/src/overlays/effects/ovl_Effect_Ss_Bomb2/z_eff_ss_bomb2.c:67:78: warning: initialization discards 'const' qualifier from pointer target type [-Wdiscarded-qualifiers]
   67 |         gEffBombExplosion5Tex, gEffBombExplosion6Tex, gEffBombExplosion7Tex, gEffBombExplosion8Tex,
      |                                                                              ^~~~~~~~~~~~~~~~~~~~~
In file included from /home/david/Documents/RockBox_Personal-master/devsrc/nano-soh-runtime/Shipwright/soh/include/global.h:10,
                 from /home/david/Documents/RockBox_Personal-master/devsrc/nano-soh-runtime/Shipwright/soh/src/overlays/effects/ovl_Effect_Ss_Bomb2/z_eff_ss_bomb2.h:5,
                 from /home/david/Documents/RockBox_Personal-master/devsrc/nano-soh-runtime/Shipwright/soh/src/overlays/effects/ovl_Effect_Ss_Bomb2/z_eff_ss_bomb2.c:7:
/home/david/Documents/RockBox_Personal-master/devsrc/nano-soh-runtime/Shipwright/soh/src/overlays/effects/ovl_Effect_Ss_Bomb2/z_eff_ss_bomb2.c:94:72: warning: passing argument 3 of 'gSPSegment' makes integer from pointer without a cast [-Wint-conversion]
   94 |         gSPSegment(POLY_XLU_DISP++, 0x08, SEGMENTED_TO_VIRTUAL(textures[this->rTexIdx]));
      |                                                                ~~~~~~~~^~~~~~~~~~~~~~~
      |                                                                        |
      |                                                                        void *
/home/david/Documents/RockBox_Personal-master/devsrc/nano-soh-runtime/Shipwright/soh/include/macros.h:37:36: note: in definition of macro 'SEGMENTED_TO_VIRTUAL'
   37 | #define SEGMENTED_TO_VIRTUAL(addr) addr
      |                                    ^~~~
In file included from /home/david/Documents/RockBox_Personal-master/devsrc/nano-soh-runtime/Shipwright/soh/include/global.h:8:
/home/david/Documents/RockBox_Personal-master/devsrc/nano-soh-runtime/Shipwright/soh/include/functions.h:22:52: note: expected 'uintptr_t' {aka 'unsigned int'} but argument is of type 'void *'
   22 | void gSPSegment(void* value, int segNum, uintptr_t target);
      |                                          ~~~~~~~~~~^~~~~~
/home/david/Documents/RockBox_Personal-master/devsrc/nano-soh-runtime/Shipwright/soh/src/overlays/effects/ovl_Effect_Ss_Bomb2/z_eff_ss_bomb2.c: In function 'EffectSsBomb2_DrawLayered':
/home/david/Documents/RockBox_Personal-master/devsrc/nano-soh-runtime/Shipwright/soh/src/overlays/effects/ovl_Effect_Ss_Bomb2/z_eff_ss_bomb2.c:103:9: warning: initialization discards 'const' qualifier from pointer target type [-Wdiscarded-qualifiers]
  103 |         gEffBombExplosion1Tex, gEffBombExplosion2Tex, gEffBombExplosion3Tex, gEffBombExplosion4Tex,
      |         ^~~~~~~~~~~~~~~~~~~~~
/home/david/Documents/RockBox_Personal-master/devsrc/nano-soh-runtime/Shipwright/soh/src/overlays/effects/ovl_Effect_Ss_Bomb2/z_eff_ss_bomb2.c:103:32: warning: initialization discards 'const' qualifier from pointer target type [-Wdiscarded-qualifiers]
  103 |         gEffBombExplosion1Tex, gEffBombExplosion2Tex, gEffBombExplosion3Tex, gEffBombExplosion4Tex,
      |                                ^~~~~~~~~~~~~~~~~~~~~
/home/david/Documents/RockBox_Personal-master/devsrc/nano-soh-runtime/Shipwright/soh/src/overlays/effects/ovl_Effect_Ss_Bomb2/z_eff_ss_bomb2.c:103:55: warning: initialization discards 'const' qualifier from pointer target type [-Wdiscarded-qualifiers]
  103 |         gEffBombExplosion1Tex, gEffBombExplosion2Tex, gEffBombExplosion3Tex, gEffBombExplosion4Tex,
      |                                                       ^~~~~~~~~~~~~~~~~~~~~
/home/david/Documents/RockBox_Personal-master/devsrc/nano-soh-runtime/Shipwright/soh/src/overlays/effects/ovl_Effect_Ss_Bomb2/z_eff_ss_bomb2.c:103:78: warning: initialization discards 'const' qualifier from pointer target type [-Wdiscarded-qualifiers]
  103 |         gEffBombExplosion1Tex, gEffBombExplosion2Tex, gEffBombExplosion3Tex, gEffBombExplosion4Tex,
      |                                                                              ^~~~~~~~~~~~~~~~~~~~~
/home/david/Documents/RockBox_Personal-master/devsrc/nano-soh-runtime/Shipwright/soh/src/overlays/effects/ovl_Effect_Ss_Bomb2/z_eff_ss_bomb2.c:104:9: warning: initialization discards 'const' qualifier from pointer target type [-Wdiscarded-qualifiers]
  104 |         gEffBombExplosion5Tex, gEffBombExplosion6Tex, gEffBombExplosion7Tex, gEffBombExplosion8Tex,
      |         ^~~~~~~~~~~~~~~~~~~~~
/home/david/Documents/RockBox_Personal-master/devsrc/nano-soh-runtime/Shipwright/soh/src/overlays/effects/ovl_Effect_Ss_Bomb2/z_eff_ss_bomb2.c:104:32: warning: initialization discards 'const' qualifier from pointer target type [-Wdiscarded-qualifiers]
  104 |         gEffBombExplosion5Tex, gEffBombExplosion6Tex, gEffBombExplosion7Tex, gEffBombExplosion8Tex,
      |                                ^~~~~~~~~~~~~~~~~~~~~
/home/david/Documents/RockBox_Personal-master/devsrc/nano-soh-runtime/Shipwright/soh/src/overlays/effects/ovl_Effect_Ss_Bomb2/z_eff_ss_bomb2.c:104:55: warning: initialization discards 'const' qualifier from pointer target type [-Wdiscarded-qualifiers]
  104 |         gEffBombExplosion5Tex, gEffBombExplosion6Tex, gEffBombExplosion7Tex, gEffBombExplosion8Tex,
      |                                                       ^~~~~~~~~~~~~~~~~~~~~
/home/david/Documents/RockBox_Personal-master/devsrc/nano-soh-runtime/Shipwright/soh/src/overlays/effects/ovl_Effect_Ss_Bomb2/z_eff_ss_bomb2.c:104:78: warning: initialization discards 'const' qualifier from pointer target type [-Wdiscarded-qualifiers]
  104 |         gEffBombExplosion5Tex, gEffBombExplosion6Tex, gEffBombExplosion7Tex, gEffBombExplosion8Tex,
      |                                                                              ^~~~~~~~~~~~~~~~~~~~~
/home/david/Documents/RockBox_Personal-master/devsrc/nano-soh-runtime/Shipwright/soh/src/overlays/effects/ovl_Effect_Ss_Bomb2/z_eff_ss_bomb2.c:141:76: warning: passing argument 3 of 'gSPSegment' makes integer from pointer without a cast [-Wint-conversion]
  141 |             gSPSegment(POLY_XLU_DISP++, 0x08, SEGMENTED_TO_VIRTUAL(textures[this->rTexIdx]));
      |                                                                    ~~~~~~~~^~~~~~~~~~~~~~~
      |                                                                            |
      |                                                                            void *
/home/david/Documents/RockBox_Personal-master/devsrc/nano-soh-runtime/Shipwright/soh/include/macros.h:37:36: note: in definition of macro 'SEGMENTED_TO_VIRTUAL'
   37 | #define SEGMENTED_TO_VIRTUAL(addr) addr
      |                                    ^~~~
/home/david/Documents/RockBox_Personal-master/devsrc/nano-soh-runtime/Shipwright/soh/include/functions.h:22:52: note: expected 'uintptr_t' {aka 'unsigned int'} but argument is of type 'void *'
   22 | void gSPSegment(void* value, int segNum, uintptr_t target);
      |                                          ~~~~~~~~~~^~~~~~
/home/david/Documents/RockBox_Personal-master/devsrc/nano-soh-runtime/Shipwright/soh/src/overlays/effects/ovl_Effect_Ss_Bomb2/z_eff_ss_bomb2.c:142:45: warning: passing argument 2 of 'gSPDisplayList' from incompatible pointer type [-Wincompatible-pointer-types]
  142 |             gSPDisplayList(POLY_XLU_DISP++, gEffBombExplosion2DL);
      |                                             ^~~~~~~~~~~~~~~~~~~~
      |                                             |
      |                                             const char *
/home/david/Documents/RockBox_Personal-master/devsrc/nano-soh-runtime/Shipwright/soh/include/functions.h:24:36: note: expected 'Gfx *' but argument is of type 'const char *'
   24 | void gSPDisplayList(Gfx* pkt, Gfx* dl);
      |                               ~~~~~^~
/home/david/Documents/RockBox_Personal-master/devsrc/nano-soh-runtime/Shipwright/soh/src/overlays/effects/ovl_Effect_Ss_Bomb2/z_eff_ss_bomb2.c:143:45: warning: passing argument 2 of 'gSPDisplayList' from incompatible pointer type [-Wincompatible-pointer-types]
  143 |             gSPDisplayList(POLY_XLU_DISP++, gEffBombExplosion3DL);
      |                                             ^~~~~~~~~~~~~~~~~~~~
      |                                             |
      |                                             const char *
/home/david/Documents/RockBox_Personal-master/devsrc/nano-soh-runtime/Shipwright/soh/include/functions.h:24:36: note: expected 'Gfx *' but argument is of type 'const char *'
   24 | void gSPDisplayList(Gfx* pkt, Gfx* dl);
      |                               ~~~~~^~
/home/david/Documents/RockBox_Personal-master/devsrc/nano-soh-runtime/Shipwright/soh/src/overlays/effects/ovl_Effect_Ss_Bomb2/z_eff_ss_bomb2.c:155:49: warning: passing argument 2 of 'gSPDisplayList' from incompatible pointer type [-Wincompatible-pointer-types]
  155 |                 gSPDisplayList(POLY_XLU_DISP++, gEffBombExplosion3DL);
      |                                                 ^~~~~~~~~~~~~~~~~~~~
      |                                                 |
      |                                                 const char *
/home/david/Documents/RockBox_Personal-master/devsrc/nano-soh-runtime/Shipwright/soh/include/functions.h:24:36: note: expected 'Gfx *' but argument is of type 'const char *'
   24 | void gSPDisplayList(Gfx* pkt, Gfx* dl);
      |                               ~~~~~^~
