/home/david/Documents/RockBox_Personal-master/devsrc/nano-soh-runtime/Shipwright/soh/src/overlays/actors/ovl_Demo_Go/z_demo_go.c:29:33: warning: initialization discards 'const' qualifier from pointer target type [-Wdiscarded-qualifiers]
   29 | static void* sEyeTextures[] = { gGoronCsEyeOpenTex, gGoronCsEyeHalfTex, gGoronCsEyeClosedTex };
      |                                 ^~~~~~~~~~~~~~~~~~
/home/david/Documents/RockBox_Personal-master/devsrc/nano-soh-runtime/Shipwright/soh/src/overlays/actors/ovl_Demo_Go/z_demo_go.c:29:53: warning: initialization discards 'const' qualifier from pointer target type [-Wdiscarded-qualifiers]
   29 | static void* sEyeTextures[] = { gGoronCsEyeOpenTex, gGoronCsEyeHalfTex, gGoronCsEyeClosedTex };
      |                                                     ^~~~~~~~~~~~~~~~~~
/home/david/Documents/RockBox_Personal-master/devsrc/nano-soh-runtime/Shipwright/soh/src/overlays/actors/ovl_Demo_Go/z_demo_go.c:29:73: warning: initialization discards 'const' qualifier from pointer target type [-Wdiscarded-qualifiers]
   29 | static void* sEyeTextures[] = { gGoronCsEyeOpenTex, gGoronCsEyeHalfTex, gGoronCsEyeClosedTex };
      |                                                                         ^~~~~~~~~~~~~~~~~~~~
/home/david/Documents/RockBox_Personal-master/devsrc/nano-soh-runtime/Shipwright/soh/src/overlays/actors/ovl_Demo_Go/z_demo_go.c: In function 'func_8097CF20':
/home/david/Documents/RockBox_Personal-master/devsrc/nano-soh-runtime/Shipwright/soh/src/overlays/actors/ovl_Demo_Go/z_demo_go.c:242:34: warning: initialization of 'AnimationHeader *' from incompatible pointer type 'const char (*)[49]' [-Wincompatible-pointer-types]
  242 |     AnimationHeader* animation = &gGoronAnim_0029A8;
      |                                  ^
/home/david/Documents/RockBox_Personal-master/devsrc/nano-soh-runtime/Shipwright/soh/src/overlays/actors/ovl_Demo_Go/z_demo_go.c: In function 'DemoGo_Init':
/home/david/Documents/RockBox_Personal-master/devsrc/nano-soh-runtime/Shipwright/soh/src/overlays/actors/ovl_Demo_Go/z_demo_go.c:316:34: warning: initialization of 'AnimationHeader *' from incompatible pointer type 'const char (*)[49]' [-Wincompatible-pointer-types]
  316 |     AnimationHeader* animation = &gGoronAnim_004930;
      |                                  ^
/home/david/Documents/RockBox_Personal-master/devsrc/nano-soh-runtime/Shipwright/soh/src/overlays/actors/ovl_Demo_Go/z_demo_go.c:319:48: warning: passing argument 3 of 'SkelAnime_InitFlex' from incompatible pointer type [-Wincompatible-pointer-types]
  319 |     SkelAnime_InitFlex(play, &this->skelAnime, &gGoronSkel, NULL, NULL, NULL, 0);
      |                                                ^~~~~~~~~~~
      |                                                |
      |                                                const char (*)[42]
In file included from /home/david/Documents/RockBox_Personal-master/devsrc/nano-soh-runtime/Shipwright/soh/include/global.h:8,
                 from /home/david/Documents/RockBox_Personal-master/devsrc/nano-soh-runtime/Shipwright/soh/src/overlays/actors/ovl_Demo_Go/z_demo_go.h:5,
                 from /home/david/Documents/RockBox_Personal-master/devsrc/nano-soh-runtime/Shipwright/soh/src/overlays/actors/ovl_Demo_Go/z_demo_go.c:7:
/home/david/Documents/RockBox_Personal-master/devsrc/nano-soh-runtime/Shipwright/soh/include/functions.h:1329:83: note: expected 'FlexSkeletonHeader *' but argument is of type 'const char (*)[42]'
 1329 | s32 SkelAnime_InitFlex(PlayState* play, SkelAnime* skelAnime, FlexSkeletonHeader* skeletonHeaderSeg,
      |                                                               ~~~~~~~~~~~~~~~~~~~~^~~~~~~~~~~~~~~~~
/home/david/Documents/RockBox_Personal-master/devsrc/nano-soh-runtime/Shipwright/soh/src/overlays/actors/ovl_Demo_Go/z_demo_go.c: In function 'func_8097D29C':
/home/david/Documents/RockBox_Personal-master/devsrc/nano-soh-runtime/Shipwright/soh/src/overlays/actors/ovl_Demo_Go/z_demo_go.c:332:26: warning: initialization discards 'const' qualifier from pointer target type [-Wdiscarded-qualifiers]
  332 |     void* mouthTexture = gGoronCsMouthSmileTex;
      |                          ^~~~~~~~~~~~~~~~~~~~~
In file included from /home/david/Documents/RockBox_Personal-master/devsrc/nano-soh-runtime/Shipwright/soh/include/global.h:10:
/home/david/Documents/RockBox_Personal-master/devsrc/nano-soh-runtime/Shipwright/soh/src/overlays/actors/ovl_Demo_Go/z_demo_go.c:337:60: warning: passing argument 3 of 'gSPSegment' makes integer from pointer without a cast [-Wint-conversion]
  337 |     gSPSegment(POLY_OPA_DISP++, 0x08, SEGMENTED_TO_VIRTUAL(eyeTexture));
      |                                                            ^~~~~~~~~~
      |                                                            |
      |                                                            void *
/home/david/Documents/RockBox_Personal-master/devsrc/nano-soh-runtime/Shipwright/soh/include/macros.h:37:36: note: in definition of macro 'SEGMENTED_TO_VIRTUAL'
   37 | #define SEGMENTED_TO_VIRTUAL(addr) addr
      |                                    ^~~~
/home/david/Documents/RockBox_Personal-master/devsrc/nano-soh-runtime/Shipwright/soh/include/functions.h:22:52: note: expected 'uintptr_t' {aka 'unsigned int'} but argument is of type 'void *'
   22 | void gSPSegment(void* value, int segNum, uintptr_t target);
      |                                          ~~~~~~~~~~^~~~~~
/home/david/Documents/RockBox_Personal-master/devsrc/nano-soh-runtime/Shipwright/soh/src/overlays/actors/ovl_Demo_Go/z_demo_go.c:338:60: warning: passing argument 3 of 'gSPSegment' makes integer from pointer without a cast [-Wint-conversion]
  338 |     gSPSegment(POLY_OPA_DISP++, 0x09, SEGMENTED_TO_VIRTUAL(mouthTexture));
      |                                                            ^~~~~~~~~~~~
      |                                                            |
      |                                                            void *
/home/david/Documents/RockBox_Personal-master/devsrc/nano-soh-runtime/Shipwright/soh/include/macros.h:37:36: note: in definition of macro 'SEGMENTED_TO_VIRTUAL'
   37 | #define SEGMENTED_TO_VIRTUAL(addr) addr
      |                                    ^~~~
/home/david/Documents/RockBox_Personal-master/devsrc/nano-soh-runtime/Shipwright/soh/include/functions.h:22:52: note: expected 'uintptr_t' {aka 'unsigned int'} but argument is of type 'void *'
   22 | void gSPSegment(void* value, int segNum, uintptr_t target);
      |                                          ~~~~~~~~~~^~~~~~
