/home/david/Documents/RockBox_Personal-master/devsrc/nano-soh-runtime/Shipwright/soh/src/overlays/actors/ovl_Boss_Ganondrof/z_boss_ganondrof.c:172:1: warning: braces around scalar initializer
  172 | static u8 sDecayTex[16 * 16] = { { 0 } };
      | ^~~~~~
/home/david/Documents/RockBox_Personal-master/devsrc/nano-soh-runtime/Shipwright/soh/src/overlays/actors/ovl_Boss_Ganondrof/z_boss_ganondrof.c:172:1: note: (near initialization for 'sDecayTex[0]')
/home/david/Documents/RockBox_Personal-master/devsrc/nano-soh-runtime/Shipwright/soh/src/overlays/actors/ovl_Boss_Ganondrof/z_boss_ganondrof.c:176:5: warning: initialization discards 'const' qualifier from pointer target type [-Wdiscarded-qualifiers]
  176 |     gPhantomGanonLimbTex_00A800, gPhantomGanonLimbTex_00AE80, gPhantomGanonLimbTex_00AF00,
      |     ^~~~~~~~~~~~~~~~~~~~~~~~~~~
/home/david/Documents/RockBox_Personal-master/devsrc/nano-soh-runtime/Shipwright/soh/src/overlays/actors/ovl_Boss_Ganondrof/z_boss_ganondrof.c:176:34: warning: initialization discards 'const' qualifier from pointer target type [-Wdiscarded-qualifiers]
  176 |     gPhantomGanonLimbTex_00A800, gPhantomGanonLimbTex_00AE80, gPhantomGanonLimbTex_00AF00,
      |                                  ^~~~~~~~~~~~~~~~~~~~~~~~~~~
/home/david/Documents/RockBox_Personal-master/devsrc/nano-soh-runtime/Shipwright/soh/src/overlays/actors/ovl_Boss_Ganondrof/z_boss_ganondrof.c:176:63: warning: initialization discards 'const' qualifier from pointer target type [-Wdiscarded-qualifiers]
  176 |     gPhantomGanonLimbTex_00A800, gPhantomGanonLimbTex_00AE80, gPhantomGanonLimbTex_00AF00,
      |                                                               ^~~~~~~~~~~~~~~~~~~~~~~~~~~
/home/david/Documents/RockBox_Personal-master/devsrc/nano-soh-runtime/Shipwright/soh/src/overlays/actors/ovl_Boss_Ganondrof/z_boss_ganondrof.c:177:5: warning: initialization discards 'const' qualifier from pointer target type [-Wdiscarded-qualifiers]
  177 |     gPhantomGanonLimbTex_00C180, gPhantomGanonLimbTex_00C400,
      |     ^~~~~~~~~~~~~~~~~~~~~~~~~~~
/home/david/Documents/RockBox_Personal-master/devsrc/nano-soh-runtime/Shipwright/soh/src/overlays/actors/ovl_Boss_Ganondrof/z_boss_ganondrof.c:177:34: warning: initialization discards 'const' qualifier from pointer target type [-Wdiscarded-qualifiers]
  177 |     gPhantomGanonLimbTex_00C180, gPhantomGanonLimbTex_00C400,
      |                                  ^~~~~~~~~~~~~~~~~~~~~~~~~~~
/home/david/Documents/RockBox_Personal-master/devsrc/nano-soh-runtime/Shipwright/soh/src/overlays/actors/ovl_Boss_Ganondrof/z_boss_ganondrof.c:180:5: warning: initialization discards 'const' qualifier from pointer target type [-Wdiscarded-qualifiers]
  180 |     gPhantomGanonLimbTex_00B980, gPhantomGanonLimbTex_00C480, gPhantomGanonLimbTex_00BC80,
      |     ^~~~~~~~~~~~~~~~~~~~~~~~~~~
/home/david/Documents/RockBox_Personal-master/devsrc/nano-soh-runtime/Shipwright/soh/src/overlays/actors/ovl_Boss_Ganondrof/z_boss_ganondrof.c:180:34: warning: initialization discards 'const' qualifier from pointer target type [-Wdiscarded-qualifiers]
  180 |     gPhantomGanonLimbTex_00B980, gPhantomGanonLimbTex_00C480, gPhantomGanonLimbTex_00BC80,
      |                                  ^~~~~~~~~~~~~~~~~~~~~~~~~~~
/home/david/Documents/RockBox_Personal-master/devsrc/nano-soh-runtime/Shipwright/soh/src/overlays/actors/ovl_Boss_Ganondrof/z_boss_ganondrof.c:180:63: warning: initialization discards 'const' qualifier from pointer target type [-Wdiscarded-qualifiers]
  180 |     gPhantomGanonLimbTex_00B980, gPhantomGanonLimbTex_00C480, gPhantomGanonLimbTex_00BC80,
      |                                                               ^~~~~~~~~~~~~~~~~~~~~~~~~~~
/home/david/Documents/RockBox_Personal-master/devsrc/nano-soh-runtime/Shipwright/soh/src/overlays/actors/ovl_Boss_Ganondrof/z_boss_ganondrof.c:181:5: warning: initialization discards 'const' qualifier from pointer target type [-Wdiscarded-qualifiers]
  181 |     gPhantomGanonLimbTex_00BD80, gPhantomGanonLimbTex_00C080,
      |     ^~~~~~~~~~~~~~~~~~~~~~~~~~~
/home/david/Documents/RockBox_Personal-master/devsrc/nano-soh-runtime/Shipwright/soh/src/overlays/actors/ovl_Boss_Ganondrof/z_boss_ganondrof.c:181:34: warning: initialization discards 'const' qualifier from pointer target type [-Wdiscarded-qualifiers]
  181 |     gPhantomGanonLimbTex_00BD80, gPhantomGanonLimbTex_00C080,
      |                                  ^~~~~~~~~~~~~~~~~~~~~~~~~~~
/home/david/Documents/RockBox_Personal-master/devsrc/nano-soh-runtime/Shipwright/soh/src/overlays/actors/ovl_Boss_Ganondrof/z_boss_ganondrof.c:184:5: warning: initialization discards 'const' qualifier from pointer target type [-Wdiscarded-qualifiers]
  184 |     gPhantomGanonLimbTex_00C200, gPhantomGanonLimbTex_00A000, gPhantomGanonLimbTex_00A200,
      |     ^~~~~~~~~~~~~~~~~~~~~~~~~~~
/home/david/Documents/RockBox_Personal-master/devsrc/nano-soh-runtime/Shipwright/soh/src/overlays/actors/ovl_Boss_Ganondrof/z_boss_ganondrof.c:184:34: warning: initialization discards 'const' qualifier from pointer target type [-Wdiscarded-qualifiers]
  184 |     gPhantomGanonLimbTex_00C200, gPhantomGanonLimbTex_00A000, gPhantomGanonLimbTex_00A200,
      |                                  ^~~~~~~~~~~~~~~~~~~~~~~~~~~
/home/david/Documents/RockBox_Personal-master/devsrc/nano-soh-runtime/Shipwright/soh/src/overlays/actors/ovl_Boss_Ganondrof/z_boss_ganondrof.c:184:63: warning: initialization discards 'const' qualifier from pointer target type [-Wdiscarded-qualifiers]
  184 |     gPhantomGanonLimbTex_00C200, gPhantomGanonLimbTex_00A000, gPhantomGanonLimbTex_00A200,
      |                                                               ^~~~~~~~~~~~~~~~~~~~~~~~~~~
/home/david/Documents/RockBox_Personal-master/devsrc/nano-soh-runtime/Shipwright/soh/src/overlays/actors/ovl_Boss_Ganondrof/z_boss_ganondrof.c:185:5: warning: initialization discards 'const' qualifier from pointer target type [-Wdiscarded-qualifiers]
  185 |     gPhantomGanonLimbTex_00A400, gPhantomGanonLimbTex_00A600, gPhantomGanonLimbTex_00A880,
      |     ^~~~~~~~~~~~~~~~~~~~~~~~~~~
/home/david/Documents/RockBox_Personal-master/devsrc/nano-soh-runtime/Shipwright/soh/src/overlays/actors/ovl_Boss_Ganondrof/z_boss_ganondrof.c:185:34: warning: initialization discards 'const' qualifier from pointer target type [-Wdiscarded-qualifiers]
  185 |     gPhantomGanonLimbTex_00A400, gPhantomGanonLimbTex_00A600, gPhantomGanonLimbTex_00A880,
      |                                  ^~~~~~~~~~~~~~~~~~~~~~~~~~~
/home/david/Documents/RockBox_Personal-master/devsrc/nano-soh-runtime/Shipwright/soh/src/overlays/actors/ovl_Boss_Ganondrof/z_boss_ganondrof.c:185:63: warning: initialization discards 'const' qualifier from pointer target type [-Wdiscarded-qualifiers]
  185 |     gPhantomGanonLimbTex_00A400, gPhantomGanonLimbTex_00A600, gPhantomGanonLimbTex_00A880,
      |                                                               ^~~~~~~~~~~~~~~~~~~~~~~~~~~
/home/david/Documents/RockBox_Personal-master/devsrc/nano-soh-runtime/Shipwright/soh/src/overlays/actors/ovl_Boss_Ganondrof/z_boss_ganondrof.c:186:5: warning: initialization discards 'const' qualifier from pointer target type [-Wdiscarded-qualifiers]
  186 |     gPhantomGanonLimbTex_00B780, gPhantomGanonLimbTex_00BA80, gPhantomGanonLimbTex_00BE80,
      |     ^~~~~~~~~~~~~~~~~~~~~~~~~~~
/home/david/Documents/RockBox_Personal-master/devsrc/nano-soh-runtime/Shipwright/soh/src/overlays/actors/ovl_Boss_Ganondrof/z_boss_ganondrof.c:186:34: warning: initialization discards 'const' qualifier from pointer target type [-Wdiscarded-qualifiers]
  186 |     gPhantomGanonLimbTex_00B780, gPhantomGanonLimbTex_00BA80, gPhantomGanonLimbTex_00BE80,
      |                                  ^~~~~~~~~~~~~~~~~~~~~~~~~~~
/home/david/Documents/RockBox_Personal-master/devsrc/nano-soh-runtime/Shipwright/soh/src/overlays/actors/ovl_Boss_Ganondrof/z_boss_ganondrof.c:186:63: warning: initialization discards 'const' qualifier from pointer target type [-Wdiscarded-qualifiers]
  186 |     gPhantomGanonLimbTex_00B780, gPhantomGanonLimbTex_00BA80, gPhantomGanonLimbTex_00BE80,
      |                                                               ^~~~~~~~~~~~~~~~~~~~~~~~~~~
/home/david/Documents/RockBox_Personal-master/devsrc/nano-soh-runtime/Shipwright/soh/src/overlays/actors/ovl_Boss_Ganondrof/z_boss_ganondrof.c:188:42: warning: initialization discards 'const' qualifier from pointer target type [-Wdiscarded-qualifiers]
  188 | static void* sLimbTex_rgba16_16x32[] = { gPhantomGanonLimbTex_00AA80, gPhantomGanonLimbTex_00AF80 };
      |                                          ^~~~~~~~~~~~~~~~~~~~~~~~~~~
/home/david/Documents/RockBox_Personal-master/devsrc/nano-soh-runtime/Shipwright/soh/src/overlays/actors/ovl_Boss_Ganondrof/z_boss_ganondrof.c:188:71: warning: initialization discards 'const' qualifier from pointer target type [-Wdiscarded-qualifiers]
  188 | static void* sLimbTex_rgba16_16x32[] = { gPhantomGanonLimbTex_00AA80, gPhantomGanonLimbTex_00AF80 };
      |                                                                       ^~~~~~~~~~~~~~~~~~~~~~~~~~~
/home/david/Documents/RockBox_Personal-master/devsrc/nano-soh-runtime/Shipwright/soh/src/overlays/actors/ovl_Boss_Ganondrof/z_boss_ganondrof.c:190:40: warning: initialization discards 'const' qualifier from pointer target type [-Wdiscarded-qualifiers]
  190 | static void* sMouthTex_ci8_16x16[] = { gPhantomGanonMouthTex, gPhantomGanonSmileTex };
      |                                        ^~~~~~~~~~~~~~~~~~~~~
/home/david/Documents/RockBox_Personal-master/devsrc/nano-soh-runtime/Shipwright/soh/src/overlays/actors/ovl_Boss_Ganondrof/z_boss_ganondrof.c:190:63: warning: initialization discards 'const' qualifier from pointer target type [-Wdiscarded-qualifiers]
  190 | static void* sMouthTex_ci8_16x16[] = { gPhantomGanonMouthTex, gPhantomGanonSmileTex };
      |                                                               ^~~~~~~~~~~~~~~~~~~~~
/home/david/Documents/RockBox_Personal-master/devsrc/nano-soh-runtime/Shipwright/soh/src/overlays/actors/ovl_Boss_Ganondrof/z_boss_ganondrof.c: In function 'BossGanondrof_Init':
/home/david/Documents/RockBox_Personal-master/devsrc/nano-soh-runtime/Shipwright/soh/src/overlays/actors/ovl_Boss_Ganondrof/z_boss_ganondrof.c:220:44: warning: passing argument 3 of 'SkelAnime_Init' from incompatible pointer type [-Wincompatible-pointer-types]
  220 |     SkelAnime_Init(play, &this->skelAnime, &gPhantomGanonSkel, &gPhantomGanonRideAnim, NULL, NULL, 0);
      |                                            ^~~~~~~~~~~~~~~~~~
      |                                            |
      |                                            const char (*)[44]
In file included from /home/david/Documents/RockBox_Personal-master/devsrc/nano-soh-runtime/Shipwright/soh/include/global.h:8,
                 from /home/david/Documents/RockBox_Personal-master/devsrc/nano-soh-runtime/Shipwright/soh/src/overlays/actors/ovl_Boss_Ganondrof/z_boss_ganondrof.h:5,
                 from /home/david/Documents/RockBox_Personal-master/devsrc/nano-soh-runtime/Shipwright/soh/src/overlays/actors/ovl_Boss_Ganondrof/z_boss_ganondrof.c:7:
/home/david/Documents/RockBox_Personal-master/devsrc/nano-soh-runtime/Shipwright/soh/include/functions.h:1327:75: note: expected 'SkeletonHeader *' but argument is of type 'const char (*)[44]'
 1327 | s32 SkelAnime_Init(PlayState* play, SkelAnime* skelAnime, SkeletonHeader* skeletonHeaderSeg,
      |                                                           ~~~~~~~~~~~~~~~~^~~~~~~~~~~~~~~~~
/home/david/Documents/RockBox_Personal-master/devsrc/nano-soh-runtime/Shipwright/soh/src/overlays/actors/ovl_Boss_Ganondrof/z_boss_ganondrof.c:220:64: warning: passing argument 4 of 'SkelAnime_Init' from incompatible pointer type [-Wincompatible-pointer-types]
  220 |     SkelAnime_Init(play, &this->skelAnime, &gPhantomGanonSkel, &gPhantomGanonRideAnim, NULL, NULL, 0);
      |                                                                ^~~~~~~~~~~~~~~~~~~~~~
      |                                                                |
      |                                                                const char (*)[48]
/home/david/Documents/RockBox_Personal-master/devsrc/nano-soh-runtime/Shipwright/soh/include/functions.h:1328:37: note: expected 'AnimationHeader *' but argument is of type 'const char (*)[48]'
 1328 |                    AnimationHeader* animation, Vec3s* jointTable, Vec3s* morphTable, s32 limbCount);
      |                    ~~~~~~~~~~~~~~~~~^~~~~~~~~
/home/david/Documents/RockBox_Personal-master/devsrc/nano-soh-runtime/Shipwright/soh/src/overlays/actors/ovl_Boss_Ganondrof/z_boss_ganondrof.c: In function 'BossGanondrof_SetupIntro':
/home/david/Documents/RockBox_Personal-master/devsrc/nano-soh-runtime/Shipwright/soh/src/overlays/actors/ovl_Boss_Ganondrof/z_boss_ganondrof.c:289:42: warning: passing argument 2 of 'Animation_PlayLoop' from incompatible pointer type [-Wincompatible-pointer-types]
  289 |     Animation_PlayLoop(&this->skelAnime, &gPhantomGanonRidePoseAnim);
      |                                          ^~~~~~~~~~~~~~~~~~~~~~~~~~
      |                                          |
      |                                          const char (*)[52]
/home/david/Documents/RockBox_Personal-master/devsrc/nano-soh-runtime/Shipwright/soh/include/functions.h:1341:64: note: expected 'AnimationHeader *' but argument is of type 'const char (*)[52]'
 1341 | void Animation_PlayLoop(SkelAnime* skelAnime, AnimationHeader* animation);
      |                                               ~~~~~~~~~~~~~~~~~^~~~~~~~~
/home/david/Documents/RockBox_Personal-master/devsrc/nano-soh-runtime/Shipwright/soh/src/overlays/actors/ovl_Boss_Ganondrof/z_boss_ganondrof.c: In function 'BossGanondrof_Intro':
/home/david/Documents/RockBox_Personal-master/devsrc/nano-soh-runtime/Shipwright/soh/src/overlays/actors/ovl_Boss_Ganondrof/z_boss_ganondrof.c:327:49: warning: passing argument 1 of 'Animation_GetLastFrame' discards 'const' qualifier from pointer target type [-Wdiscarded-array-qualifiers]
  327 |                          Animation_GetLastFrame(&gPhantomGanonMaskOnAnim), ANIMMODE_ONCE_INTERP, 0.0f);
      |                                                 ^~~~~~~~~~~~~~~~~~~~~~~~
/home/david/Documents/RockBox_Personal-master/devsrc/nano-soh-runtime/Shipwright/soh/include/functions.h:1278:34: note: expected 'void *' but argument is of type 'const char (*)[50]'
 1278 | s16 Animation_GetLastFrame(void* animation);
      |                            ~~~~~~^~~~~~~~~
/home/david/Documents/RockBox_Personal-master/devsrc/nano-soh-runtime/Shipwright/soh/src/overlays/actors/ovl_Boss_Ganondrof/z_boss_ganondrof.c:326:44: warning: passing argument 2 of 'Animation_Change' from incompatible pointer type [-Wincompatible-pointer-types]
  326 |         Animation_Change(&this->skelAnime, &gPhantomGanonMaskOnAnim, 0.5f, 0.0f,
      |                                            ^~~~~~~~~~~~~~~~~~~~~~~~
      |                                            |
      |                                            const char (*)[50]
/home/david/Documents/RockBox_Personal-master/devsrc/nano-soh-runtime/Shipwright/soh/include/functions.h:1336:62: note: expected 'AnimationHeader *' but argument is of type 'const char (*)[50]'
 1336 | void Animation_Change(SkelAnime* skelAnime, AnimationHeader* animation, f32 playSpeed, f32 startFrame, f32 endFrame,
      |                                             ~~~~~~~~~~~~~~~~~^~~~~~~~~
/home/david/Documents/RockBox_Personal-master/devsrc/nano-soh-runtime/Shipwright/soh/src/overlays/actors/ovl_Boss_Ganondrof/z_boss_ganondrof.c:332:53: warning: passing argument 2 of 'Animation_MorphToPlayOnce' from incompatible pointer type [-Wincompatible-pointer-types]
  332 |         Animation_MorphToPlayOnce(&this->skelAnime, &gPhantomGanonHorseRearingAnim, -3.0f);
      |                                                     ^~~~~~~~~~~~~~~~~~~~~~~~~~~~~~
      |                                                     |
      |                                                     const char (*)[56]
/home/david/Documents/RockBox_Personal-master/devsrc/nano-soh-runtime/Shipwright/soh/include/functions.h:1339:71: note: expected 'AnimationHeader *' but argument is of type 'const char (*)[56]'
 1339 | void Animation_MorphToPlayOnce(SkelAnime* skelAnime, AnimationHeader* animation, f32 morphFrames);
      |                                                      ~~~~~~~~~~~~~~~~~^~~~~~~~~
/home/david/Documents/RockBox_Personal-master/devsrc/nano-soh-runtime/Shipwright/soh/src/overlays/actors/ovl_Boss_Ganondrof/z_boss_ganondrof.c:336:49: warning: passing argument 2 of 'Animation_MorphToLoop' from incompatible pointer type [-Wincompatible-pointer-types]
  336 |         Animation_MorphToLoop(&this->skelAnime, &gPhantomGanonRidePoseAnim, -13.0f);
      |                                                 ^~~~~~~~~~~~~~~~~~~~~~~~~~
      |                                                 |
      |                                                 const char (*)[52]
/home/david/Documents/RockBox_Personal-master/devsrc/nano-soh-runtime/Shipwright/soh/include/functions.h:1342:67: note: expected 'AnimationHeader *' but argument is of type 'const char (*)[52]'
 1342 | void Animation_MorphToLoop(SkelAnime* skelAnime, AnimationHeader* animation, f32 morphFrames);
      |                                                  ~~~~~~~~~~~~~~~~~^~~~~~~~~
/home/david/Documents/RockBox_Personal-master/devsrc/nano-soh-runtime/Shipwright/soh/src/overlays/actors/ovl_Boss_Ganondrof/z_boss_ganondrof.c:342:53: warning: passing argument 2 of 'Animation_MorphToPlayOnce' from incompatible pointer type [-Wincompatible-pointer-types]
  342 |         Animation_MorphToPlayOnce(&this->skelAnime, &gPhantomGanonRideSpearRaiseAnim, -7.0f);
      |                                                     ^~~~~~~~~~~~~~~~~~~~~~~~~~~~~~~~
      |                                                     |
      |                                                     const char (*)[58]
/home/david/Documents/RockBox_Personal-master/devsrc/nano-soh-runtime/Shipwright/soh/include/functions.h:1339:71: note: expected 'AnimationHeader *' but argument is of type 'const char (*)[58]'
 1339 | void Animation_MorphToPlayOnce(SkelAnime* skelAnime, AnimationHeader* animation, f32 morphFrames);
      |                                                      ~~~~~~~~~~~~~~~~~^~~~~~~~~
/home/david/Documents/RockBox_Personal-master/devsrc/nano-soh-runtime/Shipwright/soh/src/overlays/actors/ovl_Boss_Ganondrof/z_boss_ganondrof.c:350:53: warning: passing argument 2 of 'Animation_MorphToPlayOnce' from incompatible pointer type [-Wincompatible-pointer-types]
  350 |         Animation_MorphToPlayOnce(&this->skelAnime, &gPhantomGanonRideSpearResetAnim, -5.0f);
      |                                                     ^~~~~~~~~~~~~~~~~~~~~~~~~~~~~~~~
      |                                                     |
      |                                                     const char (*)[58]
/home/david/Documents/RockBox_Personal-master/devsrc/nano-soh-runtime/Shipwright/soh/include/functions.h:1339:71: note: expected 'AnimationHeader *' but argument is of type 'const char (*)[58]'
 1339 | void Animation_MorphToPlayOnce(SkelAnime* skelAnime, AnimationHeader* animation, f32 morphFrames);
      |                                                      ~~~~~~~~~~~~~~~~~^~~~~~~~~
/home/david/Documents/RockBox_Personal-master/devsrc/nano-soh-runtime/Shipwright/soh/src/overlays/actors/ovl_Boss_Ganondrof/z_boss_ganondrof.c: In function 'BossGanondrof_SetupPaintings':
/home/david/Documents/RockBox_Personal-master/devsrc/nano-soh-runtime/Shipwright/soh/src/overlays/actors/ovl_Boss_Ganondrof/z_boss_ganondrof.c:387:45: warning: passing argument 2 of 'Animation_MorphToLoop' from incompatible pointer type [-Wincompatible-pointer-types]
  387 |     Animation_MorphToLoop(&this->skelAnime, &gPhantomGanonRideAnim, -5.0f);
      |                                             ^~~~~~~~~~~~~~~~~~~~~~
      |                                             |
      |                                             const char (*)[48]
/home/david/Documents/RockBox_Personal-master/devsrc/nano-soh-runtime/Shipwright/soh/include/functions.h:1342:67: note: expected 'AnimationHeader *' but argument is of type 'const char (*)[48]'
 1342 | void Animation_MorphToLoop(SkelAnime* skelAnime, AnimationHeader* animation, f32 morphFrames);
      |                                                  ~~~~~~~~~~~~~~~~~^~~~~~~~~
/home/david/Documents/RockBox_Personal-master/devsrc/nano-soh-runtime/Shipwright/soh/src/overlays/actors/ovl_Boss_Ganondrof/z_boss_ganondrof.c: In function 'BossGanondrof_Paintings':
/home/david/Documents/RockBox_Personal-master/devsrc/nano-soh-runtime/Shipwright/soh/src/overlays/actors/ovl_Boss_Ganondrof/z_boss_ganondrof.c:401:53: warning: passing argument 2 of 'Animation_MorphToPlayOnce' from incompatible pointer type [-Wincompatible-pointer-types]
  401 |         Animation_MorphToPlayOnce(&this->skelAnime, &gPhantomGanonRideSpearRaiseAnim, -2.0f);
      |                                                     ^~~~~~~~~~~~~~~~~~~~~~~~~~~~~~~~
      |                                                     |
      |                                                     const char (*)[58]
/home/david/Documents/RockBox_Personal-master/devsrc/nano-soh-runtime/Shipwright/soh/include/functions.h:1339:71: note: expected 'AnimationHeader *' but argument is of type 'const char (*)[58]'
 1339 | void Animation_MorphToPlayOnce(SkelAnime* skelAnime, AnimationHeader* animation, f32 morphFrames);
      |                                                      ~~~~~~~~~~~~~~~~~^~~~~~~~~
/home/david/Documents/RockBox_Personal-master/devsrc/nano-soh-runtime/Shipwright/soh/src/overlays/actors/ovl_Boss_Ganondrof/z_boss_ganondrof.c:408:53: warning: passing argument 2 of 'Animation_MorphToPlayOnce' from incompatible pointer type [-Wincompatible-pointer-types]
  408 |         Animation_MorphToPlayOnce(&this->skelAnime, &gPhantomGanonRideSpearStrikeAnim, -2.0f);
      |                                                     ^~~~~~~~~~~~~~~~~~~~~~~~~~~~~~~~~
      |                                                     |
      |                                                     const char (*)[59]
/home/david/Documents/RockBox_Personal-master/devsrc/nano-soh-runtime/Shipwright/soh/include/functions.h:1339:71: note: expected 'AnimationHeader *' but argument is of type 'const char (*)[59]'
 1339 | void Animation_MorphToPlayOnce(SkelAnime* skelAnime, AnimationHeader* animation, f32 morphFrames);
      |                                                      ~~~~~~~~~~~~~~~~~^~~~~~~~~
/home/david/Documents/RockBox_Personal-master/devsrc/nano-soh-runtime/Shipwright/soh/src/overlays/actors/ovl_Boss_Ganondrof/z_boss_ganondrof.c:410:53: warning: passing argument 2 of 'Animation_MorphToPlayOnce' from incompatible pointer type [-Wincompatible-pointer-types]
  410 |         Animation_MorphToPlayOnce(&this->skelAnime, &gPhantomGanonRideSpearResetAnim, -2.0f);
      |                                                     ^~~~~~~~~~~~~~~~~~~~~~~~~~~~~~~~
      |                                                     |
      |                                                     const char (*)[58]
/home/david/Documents/RockBox_Personal-master/devsrc/nano-soh-runtime/Shipwright/soh/include/functions.h:1339:71: note: expected 'AnimationHeader *' but argument is of type 'const char (*)[58]'
 1339 | void Animation_MorphToPlayOnce(SkelAnime* skelAnime, AnimationHeader* animation, f32 morphFrames);
      |                                                      ~~~~~~~~~~~~~~~~~^~~~~~~~~
/home/david/Documents/RockBox_Personal-master/devsrc/nano-soh-runtime/Shipwright/soh/src/overlays/actors/ovl_Boss_Ganondrof/z_boss_ganondrof.c:412:49: warning: passing argument 2 of 'Animation_MorphToLoop' from incompatible pointer type [-Wincompatible-pointer-types]
  412 |         Animation_MorphToLoop(&this->skelAnime, &gPhantomGanonRideAnim, -2.0f);
      |                                                 ^~~~~~~~~~~~~~~~~~~~~~
      |                                                 |
      |                                                 const char (*)[48]
/home/david/Documents/RockBox_Personal-master/devsrc/nano-soh-runtime/Shipwright/soh/include/functions.h:1342:67: note: expected 'AnimationHeader *' but argument is of type 'const char (*)[48]'
 1342 | void Animation_MorphToLoop(SkelAnime* skelAnime, AnimationHeader* animation, f32 morphFrames);
      |                                                  ~~~~~~~~~~~~~~~~~^~~~~~~~~
/home/david/Documents/RockBox_Personal-master/devsrc/nano-soh-runtime/Shipwright/soh/src/overlays/actors/ovl_Boss_Ganondrof/z_boss_ganondrof.c: In function 'BossGanondrof_SetupNeutral':
/home/david/Documents/RockBox_Personal-master/devsrc/nano-soh-runtime/Shipwright/soh/src/overlays/actors/ovl_Boss_Ganondrof/z_boss_ganondrof.c:438:45: warning: passing argument 2 of 'Animation_MorphToLoop' from incompatible pointer type [-Wincompatible-pointer-types]
  438 |     Animation_MorphToLoop(&this->skelAnime, &gPhantomGanonNeutralAnim, arg1);
      |                                             ^~~~~~~~~~~~~~~~~~~~~~~~~
      |                                             |
      |                                             const char (*)[51]
/home/david/Documents/RockBox_Personal-master/devsrc/nano-soh-runtime/Shipwright/soh/include/functions.h:1342:67: note: expected 'AnimationHeader *' but argument is of type 'const char (*)[51]'
 1342 | void Animation_MorphToLoop(SkelAnime* skelAnime, AnimationHeader* animation, f32 morphFrames);
      |                                                  ~~~~~~~~~~~~~~~~~^~~~~~~~~
/home/david/Documents/RockBox_Personal-master/devsrc/nano-soh-runtime/Shipwright/soh/src/overlays/actors/ovl_Boss_Ganondrof/z_boss_ganondrof.c: In function 'BossGanondrof_SetupThrow':
/home/david/Documents/RockBox_Personal-master/devsrc/nano-soh-runtime/Shipwright/soh/src/overlays/actors/ovl_Boss_Ganondrof/z_boss_ganondrof.c:584:57: warning: passing argument 1 of 'Animation_GetLastFrame' discards 'const' qualifier from pointer target type [-Wdiscarded-array-qualifiers]
  584 |     this->fwork[GND_END_FRAME] = Animation_GetLastFrame(&gPhantomGanonThrowAnim);
      |                                                         ^~~~~~~~~~~~~~~~~~~~~~~
/home/david/Documents/RockBox_Personal-master/devsrc/nano-soh-runtime/Shipwright/soh/include/functions.h:1278:34: note: expected 'void *' but argument is of type 'const char (*)[49]'
 1278 | s16 Animation_GetLastFrame(void* animation);
      |                            ~~~~~~^~~~~~~~~
/home/david/Documents/RockBox_Personal-master/devsrc/nano-soh-runtime/Shipwright/soh/src/overlays/actors/ovl_Boss_Ganondrof/z_boss_ganondrof.c:585:49: warning: passing argument 2 of 'Animation_MorphToPlayOnce' from incompatible pointer type [-Wincompatible-pointer-types]
  585 |     Animation_MorphToPlayOnce(&this->skelAnime, &gPhantomGanonThrowAnim, -5.0f);
      |                                                 ^~~~~~~~~~~~~~~~~~~~~~~
      |                                                 |
      |                                                 const char (*)[49]
/home/david/Documents/RockBox_Personal-master/devsrc/nano-soh-runtime/Shipwright/soh/include/functions.h:1339:71: note: expected 'AnimationHeader *' but argument is of type 'const char (*)[49]'
 1339 | void Animation_MorphToPlayOnce(SkelAnime* skelAnime, AnimationHeader* animation, f32 morphFrames);
      |                                                      ~~~~~~~~~~~~~~~~~^~~~~~~~~
/home/david/Documents/RockBox_Personal-master/devsrc/nano-soh-runtime/Shipwright/soh/src/overlays/actors/ovl_Boss_Ganondrof/z_boss_ganondrof.c: In function 'BossGanondrof_Throw':
/home/david/Documents/RockBox_Personal-master/devsrc/nano-soh-runtime/Shipwright/soh/src/overlays/actors/ovl_Boss_Ganondrof/z_boss_ganondrof.c:614:61: warning: passing argument 1 of 'Animation_GetLastFrame' discards 'const' qualifier from pointer target type [-Wdiscarded-array-qualifiers]
  614 |         this->fwork[GND_END_FRAME] = Animation_GetLastFrame(&gPhantomGanonThrowEndAnim);
      |                                                             ^~~~~~~~~~~~~~~~~~~~~~~~~~
/home/david/Documents/RockBox_Personal-master/devsrc/nano-soh-runtime/Shipwright/soh/include/functions.h:1278:34: note: expected 'void *' but argument is of type 'const char (*)[52]'
 1278 | s16 Animation_GetLastFrame(void* animation);
      |                            ~~~~~~^~~~~~~~~
/home/david/Documents/RockBox_Personal-master/devsrc/nano-soh-runtime/Shipwright/soh/src/overlays/actors/ovl_Boss_Ganondrof/z_boss_ganondrof.c:615:53: warning: passing argument 2 of 'Animation_MorphToPlayOnce' from incompatible pointer type [-Wincompatible-pointer-types]
  615 |         Animation_MorphToPlayOnce(&this->skelAnime, &gPhantomGanonThrowEndAnim, 0.0f);
      |                                                     ^~~~~~~~~~~~~~~~~~~~~~~~~~
      |                                                     |
      |                                                     const char (*)[52]
/home/david/Documents/RockBox_Personal-master/devsrc/nano-soh-runtime/Shipwright/soh/include/functions.h:1339:71: note: expected 'AnimationHeader *' but argument is of type 'const char (*)[52]'
 1339 | void Animation_MorphToPlayOnce(SkelAnime* skelAnime, AnimationHeader* animation, f32 morphFrames);
      |                                                      ~~~~~~~~~~~~~~~~~^~~~~~~~~
/home/david/Documents/RockBox_Personal-master/devsrc/nano-soh-runtime/Shipwright/soh/src/overlays/actors/ovl_Boss_Ganondrof/z_boss_ganondrof.c: In function 'BossGanondrof_SetupReturn':
/home/david/Documents/RockBox_Personal-master/devsrc/nano-soh-runtime/Shipwright/soh/src/overlays/actors/ovl_Boss_Ganondrof/z_boss_ganondrof.c:646:46: warning: initialization of 'AnimationHeader *' from incompatible pointer type 'const char (*)[51]' [-Wincompatible-pointer-types]
  646 |     static AnimationHeader* returnAnim[] = { &gPhantomGanonReturn1Anim, &gPhantomGanonReturn2Anim };
      |                                              ^
/home/david/Documents/RockBox_Personal-master/devsrc/nano-soh-runtime/Shipwright/soh/src/overlays/actors/ovl_Boss_Ganondrof/z_boss_ganondrof.c:646:46: note: (near initialization for 'returnAnim[0]')
/home/david/Documents/RockBox_Personal-master/devsrc/nano-soh-runtime/Shipwright/soh/src/overlays/actors/ovl_Boss_Ganondrof/z_boss_ganondrof.c:646:73: warning: initialization of 'AnimationHeader *' from incompatible pointer type 'const char (*)[51]' [-Wincompatible-pointer-types]
  646 |     static AnimationHeader* returnAnim[] = { &gPhantomGanonReturn1Anim, &gPhantomGanonReturn2Anim };
      |                                                                         ^
/home/david/Documents/RockBox_Personal-master/devsrc/nano-soh-runtime/Shipwright/soh/src/overlays/actors/ovl_Boss_Ganondrof/z_boss_ganondrof.c:646:73: note: (near initialization for 'returnAnim[1]')
/home/david/Documents/RockBox_Personal-master/devsrc/nano-soh-runtime/Shipwright/soh/src/overlays/actors/ovl_Boss_Ganondrof/z_boss_ganondrof.c: In function 'BossGanondrof_SetupStunned':
/home/david/Documents/RockBox_Personal-master/devsrc/nano-soh-runtime/Shipwright/soh/src/overlays/actors/ovl_Boss_Ganondrof/z_boss_ganondrof.c:680:61: warning: passing argument 1 of 'Animation_GetLastFrame' discards 'const' qualifier from pointer target type [-Wdiscarded-array-qualifiers]
  680 |         this->fwork[GND_END_FRAME] = Animation_GetLastFrame(&gPhantomGanonAirDamageAnim);
      |                                                             ^~~~~~~~~~~~~~~~~~~~~~~~~~~
/home/david/Documents/RockBox_Personal-master/devsrc/nano-soh-runtime/Shipwright/soh/include/functions.h:1278:34: note: expected 'void *' but argument is of type 'const char (*)[53]'
 1278 | s16 Animation_GetLastFrame(void* animation);
      |                            ~~~~~~^~~~~~~~~
/home/david/Documents/RockBox_Personal-master/devsrc/nano-soh-runtime/Shipwright/soh/src/overlays/actors/ovl_Boss_Ganondrof/z_boss_ganondrof.c:681:49: warning: passing argument 2 of 'Animation_MorphToLoop' from incompatible pointer type [-Wincompatible-pointer-types]
  681 |         Animation_MorphToLoop(&this->skelAnime, &gPhantomGanonAirDamageAnim, 0.0f);
      |                                                 ^~~~~~~~~~~~~~~~~~~~~~~~~~~
      |                                                 |
      |                                                 const char (*)[53]
/home/david/Documents/RockBox_Personal-master/devsrc/nano-soh-runtime/Shipwright/soh/include/functions.h:1342:67: note: expected 'AnimationHeader *' but argument is of type 'const char (*)[53]'
 1342 | void Animation_MorphToLoop(SkelAnime* skelAnime, AnimationHeader* animation, f32 morphFrames);
      |                                                  ~~~~~~~~~~~~~~~~~^~~~~~~~~
/home/david/Documents/RockBox_Personal-master/devsrc/nano-soh-runtime/Shipwright/soh/src/overlays/actors/ovl_Boss_Ganondrof/z_boss_ganondrof.c:685:61: warning: passing argument 1 of 'Animation_GetLastFrame' discards 'const' qualifier from pointer target type [-Wdiscarded-array-qualifiers]
  685 |         this->fwork[GND_END_FRAME] = Animation_GetLastFrame(&gPhantomGanonGroundDamageAnim);
      |                                                             ^~~~~~~~~~~~~~~~~~~~~~~~~~~~~~
/home/david/Documents/RockBox_Personal-master/devsrc/nano-soh-runtime/Shipwright/soh/include/functions.h:1278:34: note: expected 'void *' but argument is of type 'const char (*)[56]'
 1278 | s16 Animation_GetLastFrame(void* animation);
      |                            ~~~~~~^~~~~~~~~
/home/david/Documents/RockBox_Personal-master/devsrc/nano-soh-runtime/Shipwright/soh/src/overlays/actors/ovl_Boss_Ganondrof/z_boss_ganondrof.c:686:49: warning: passing argument 2 of 'Animation_MorphToLoop' from incompatible pointer type [-Wincompatible-pointer-types]
  686 |         Animation_MorphToLoop(&this->skelAnime, &gPhantomGanonGroundDamageAnim, 0.0f);
      |                                                 ^~~~~~~~~~~~~~~~~~~~~~~~~~~~~~
      |                                                 |
      |                                                 const char (*)[56]
/home/david/Documents/RockBox_Personal-master/devsrc/nano-soh-runtime/Shipwright/soh/include/functions.h:1342:67: note: expected 'AnimationHeader *' but argument is of type 'const char (*)[56]'
 1342 | void Animation_MorphToLoop(SkelAnime* skelAnime, AnimationHeader* animation, f32 morphFrames);
      |                                                  ~~~~~~~~~~~~~~~~~^~~~~~~~~
/home/david/Documents/RockBox_Personal-master/devsrc/nano-soh-runtime/Shipwright/soh/src/overlays/actors/ovl_Boss_Ganondrof/z_boss_ganondrof.c: In function 'BossGanondrof_Stunned':
/home/david/Documents/RockBox_Personal-master/devsrc/nano-soh-runtime/Shipwright/soh/src/overlays/actors/ovl_Boss_Ganondrof/z_boss_ganondrof.c:701:65: warning: passing argument 1 of 'Animation_GetLastFrame' discards 'const' qualifier from pointer target type [-Wdiscarded-array-qualifiers]
  701 |             this->fwork[GND_END_FRAME] = Animation_GetLastFrame(&gPhantomGanonStunnedAnim);
      |                                                                 ^~~~~~~~~~~~~~~~~~~~~~~~~
/home/david/Documents/RockBox_Personal-master/devsrc/nano-soh-runtime/Shipwright/soh/include/functions.h:1278:34: note: expected 'void *' but argument is of type 'const char (*)[51]'
 1278 | s16 Animation_GetLastFrame(void* animation);
      |                            ~~~~~~^~~~~~~~~
/home/david/Documents/RockBox_Personal-master/devsrc/nano-soh-runtime/Shipwright/soh/src/overlays/actors/ovl_Boss_Ganondrof/z_boss_ganondrof.c:702:53: warning: passing argument 2 of 'Animation_MorphToLoop' from incompatible pointer type [-Wincompatible-pointer-types]
  702 |             Animation_MorphToLoop(&this->skelAnime, &gPhantomGanonStunnedAnim, -10.0f);
      |                                                     ^~~~~~~~~~~~~~~~~~~~~~~~~
      |                                                     |
      |                                                     const char (*)[51]
/home/david/Documents/RockBox_Personal-master/devsrc/nano-soh-runtime/Shipwright/soh/include/functions.h:1342:67: note: expected 'AnimationHeader *' but argument is of type 'const char (*)[51]'
 1342 | void Animation_MorphToLoop(SkelAnime* skelAnime, AnimationHeader* animation, f32 morphFrames);
      |                                                  ~~~~~~~~~~~~~~~~~^~~~~~~~~
/home/david/Documents/RockBox_Personal-master/devsrc/nano-soh-runtime/Shipwright/soh/src/overlays/actors/ovl_Boss_Ganondrof/z_boss_ganondrof.c: In function 'BossGanondrof_SetupBlock':
/home/david/Documents/RockBox_Personal-master/devsrc/nano-soh-runtime/Shipwright/soh/src/overlays/actors/ovl_Boss_Ganondrof/z_boss_ganondrof.c:729:57: warning: passing argument 1 of 'Animation_GetLastFrame' discards 'const' qualifier from pointer target type [-Wdiscarded-array-qualifiers]
  729 |     this->fwork[GND_END_FRAME] = Animation_GetLastFrame(&gPhantomGanonBlockAnim);
      |                                                         ^~~~~~~~~~~~~~~~~~~~~~~
/home/david/Documents/RockBox_Personal-master/devsrc/nano-soh-runtime/Shipwright/soh/include/functions.h:1278:34: note: expected 'void *' but argument is of type 'const char (*)[49]'
 1278 | s16 Animation_GetLastFrame(void* animation);
      |                            ~~~~~~^~~~~~~~~
/home/david/Documents/RockBox_Personal-master/devsrc/nano-soh-runtime/Shipwright/soh/src/overlays/actors/ovl_Boss_Ganondrof/z_boss_ganondrof.c:730:45: warning: passing argument 2 of 'Animation_MorphToLoop' from incompatible pointer type [-Wincompatible-pointer-types]
  730 |     Animation_MorphToLoop(&this->skelAnime, &gPhantomGanonBlockAnim, -3.0f);
      |                                             ^~~~~~~~~~~~~~~~~~~~~~~
      |                                             |
      |                                             const char (*)[49]
/home/david/Documents/RockBox_Personal-master/devsrc/nano-soh-runtime/Shipwright/soh/include/functions.h:1342:67: note: expected 'AnimationHeader *' but argument is of type 'const char (*)[49]'
 1342 | void Animation_MorphToLoop(SkelAnime* skelAnime, AnimationHeader* animation, f32 morphFrames);
      |                                                  ~~~~~~~~~~~~~~~~~^~~~~~~~~
/home/david/Documents/RockBox_Personal-master/devsrc/nano-soh-runtime/Shipwright/soh/src/overlays/actors/ovl_Boss_Ganondrof/z_boss_ganondrof.c: In function 'BossGanondrof_SetupCharge':
/home/david/Documents/RockBox_Personal-master/devsrc/nano-soh-runtime/Shipwright/soh/src/overlays/actors/ovl_Boss_Ganondrof/z_boss_ganondrof.c:752:57: warning: passing argument 1 of 'Animation_GetLastFrame' discards 'const' qualifier from pointer target type [-Wdiscarded-array-qualifiers]
  752 |     this->fwork[GND_END_FRAME] = Animation_GetLastFrame(&gPhantomGanonChargeWindupAnim);
      |                                                         ^~~~~~~~~~~~~~~~~~~~~~~~~~~~~~
/home/david/Documents/RockBox_Personal-master/devsrc/nano-soh-runtime/Shipwright/soh/include/functions.h:1278:34: note: expected 'void *' but argument is of type 'const char (*)[56]'
 1278 | s16 Animation_GetLastFrame(void* animation);
      |                            ~~~~~~^~~~~~~~~
/home/david/Documents/RockBox_Personal-master/devsrc/nano-soh-runtime/Shipwright/soh/src/overlays/actors/ovl_Boss_Ganondrof/z_boss_ganondrof.c:753:45: warning: passing argument 2 of 'Animation_MorphToLoop' from incompatible pointer type [-Wincompatible-pointer-types]
  753 |     Animation_MorphToLoop(&this->skelAnime, &gPhantomGanonChargeWindupAnim, -3.0f);
      |                                             ^~~~~~~~~~~~~~~~~~~~~~~~~~~~~~
      |                                             |
      |                                             const char (*)[56]
/home/david/Documents/RockBox_Personal-master/devsrc/nano-soh-runtime/Shipwright/soh/include/functions.h:1342:67: note: expected 'AnimationHeader *' but argument is of type 'const char (*)[56]'
 1342 | void Animation_MorphToLoop(SkelAnime* skelAnime, AnimationHeader* animation, f32 morphFrames);
      |                                                  ~~~~~~~~~~~~~~~~~^~~~~~~~~
/home/david/Documents/RockBox_Personal-master/devsrc/nano-soh-runtime/Shipwright/soh/src/overlays/actors/ovl_Boss_Ganondrof/z_boss_ganondrof.c: In function 'BossGanondrof_Charge':
/home/david/Documents/RockBox_Personal-master/devsrc/nano-soh-runtime/Shipwright/soh/src/overlays/actors/ovl_Boss_Ganondrof/z_boss_ganondrof.c:786:69: warning: passing argument 1 of 'Animation_GetLastFrame' discards 'const' qualifier from pointer target type [-Wdiscarded-array-qualifiers]
  786 |                 this->fwork[GND_END_FRAME] = Animation_GetLastFrame(&gPhantomGanonChargeStartAnim);
      |                                                                     ^~~~~~~~~~~~~~~~~~~~~~~~~~~~~
/home/david/Documents/RockBox_Personal-master/devsrc/nano-soh-runtime/Shipwright/soh/include/functions.h:1278:34: note: expected 'void *' but argument is of type 'const char (*)[55]'
 1278 | s16 Animation_GetLastFrame(void* animation);
      |                            ~~~~~~^~~~~~~~~
/home/david/Documents/RockBox_Personal-master/devsrc/nano-soh-runtime/Shipwright/soh/src/overlays/actors/ovl_Boss_Ganondrof/z_boss_ganondrof.c:787:61: warning: passing argument 2 of 'Animation_MorphToPlayOnce' from incompatible pointer type [-Wincompatible-pointer-types]
  787 |                 Animation_MorphToPlayOnce(&this->skelAnime, &gPhantomGanonChargeStartAnim, 0.0f);
      |                                                             ^~~~~~~~~~~~~~~~~~~~~~~~~~~~~
      |                                                             |
      |                                                             const char (*)[55]
/home/david/Documents/RockBox_Personal-master/devsrc/nano-soh-runtime/Shipwright/soh/include/functions.h:1339:71: note: expected 'AnimationHeader *' but argument is of type 'const char (*)[55]'
 1339 | void Animation_MorphToPlayOnce(SkelAnime* skelAnime, AnimationHeader* animation, f32 morphFrames);
      |                                                      ~~~~~~~~~~~~~~~~~^~~~~~~~~
/home/david/Documents/RockBox_Personal-master/devsrc/nano-soh-runtime/Shipwright/soh/src/overlays/actors/ovl_Boss_Ganondrof/z_boss_ganondrof.c:794:69: warning: passing argument 1 of 'Animation_GetLastFrame' discards 'const' qualifier from pointer target type [-Wdiscarded-array-qualifiers]
  794 |                 this->fwork[GND_END_FRAME] = Animation_GetLastFrame(&gPhantomGanonChargeAnim);
      |                                                                     ^~~~~~~~~~~~~~~~~~~~~~~~
/home/david/Documents/RockBox_Personal-master/devsrc/nano-soh-runtime/Shipwright/soh/include/functions.h:1278:34: note: expected 'void *' but argument is of type 'const char (*)[50]'
 1278 | s16 Animation_GetLastFrame(void* animation);
      |                            ~~~~~~^~~~~~~~~
/home/david/Documents/RockBox_Personal-master/devsrc/nano-soh-runtime/Shipwright/soh/src/overlays/actors/ovl_Boss_Ganondrof/z_boss_ganondrof.c:795:57: warning: passing argument 2 of 'Animation_MorphToLoop' from incompatible pointer type [-Wincompatible-pointer-types]
  795 |                 Animation_MorphToLoop(&this->skelAnime, &gPhantomGanonChargeAnim, 0.0f);
      |                                                         ^~~~~~~~~~~~~~~~~~~~~~~~
      |                                                         |
      |                                                         const char (*)[50]
/home/david/Documents/RockBox_Personal-master/devsrc/nano-soh-runtime/Shipwright/soh/include/functions.h:1342:67: note: expected 'AnimationHeader *' but argument is of type 'const char (*)[50]'
 1342 | void Animation_MorphToLoop(SkelAnime* skelAnime, AnimationHeader* animation, f32 morphFrames);
      |                                                  ~~~~~~~~~~~~~~~~~^~~~~~~~~
/home/david/Documents/RockBox_Personal-master/devsrc/nano-soh-runtime/Shipwright/soh/src/overlays/actors/ovl_Boss_Ganondrof/z_boss_ganondrof.c: In function 'BossGanondrof_SetupDeath':
/home/david/Documents/RockBox_Personal-master/devsrc/nano-soh-runtime/Shipwright/soh/src/overlays/actors/ovl_Boss_Ganondrof/z_boss_ganondrof.c:889:42: warning: passing argument 2 of 'Animation_PlayOnce' from incompatible pointer type [-Wincompatible-pointer-types]
  889 |     Animation_PlayOnce(&this->skelAnime, &gPhantomGanonDeathBlowAnim);
      |                                          ^~~~~~~~~~~~~~~~~~~~~~~~~~~
      |                                          |
      |                                          const char (*)[53]
/home/david/Documents/RockBox_Personal-master/devsrc/nano-soh-runtime/Shipwright/soh/include/functions.h:1338:64: note: expected 'AnimationHeader *' but argument is of type 'const char (*)[53]'
 1338 | void Animation_PlayOnce(SkelAnime* skelAnime, AnimationHeader* animation);
      |                                               ~~~~~~~~~~~~~~~~~^~~~~~~~~
/home/david/Documents/RockBox_Personal-master/devsrc/nano-soh-runtime/Shipwright/soh/src/overlays/actors/ovl_Boss_Ganondrof/z_boss_ganondrof.c:890:57: warning: passing argument 1 of 'Animation_GetLastFrame' discards 'const' qualifier from pointer target type [-Wdiscarded-array-qualifiers]
  890 |     this->fwork[GND_END_FRAME] = Animation_GetLastFrame(&gPhantomGanonDeathBlowAnim);
      |                                                         ^~~~~~~~~~~~~~~~~~~~~~~~~~~
/home/david/Documents/RockBox_Personal-master/devsrc/nano-soh-runtime/Shipwright/soh/include/functions.h:1278:34: note: expected 'void *' but argument is of type 'const char (*)[53]'
 1278 | s16 Animation_GetLastFrame(void* animation);
      |                            ~~~~~~^~~~~~~~~
/home/david/Documents/RockBox_Personal-master/devsrc/nano-soh-runtime/Shipwright/soh/src/overlays/actors/ovl_Boss_Ganondrof/z_boss_ganondrof.c: In function 'BossGanondrof_Death':
/home/david/Documents/RockBox_Personal-master/devsrc/nano-soh-runtime/Shipwright/soh/src/overlays/actors/ovl_Boss_Ganondrof/z_boss_ganondrof.c:955:81: warning: passing argument 1 of 'Animation_GetLastFrame' discards 'const' qualifier from pointer target type [-Wdiscarded-array-qualifiers]
  955 |                             this->fwork[GND_END_FRAME] = Animation_GetLastFrame(&gPhantomGanonAirDamageAnim);
      |                                                                                 ^~~~~~~~~~~~~~~~~~~~~~~~~~~
/home/david/Documents/RockBox_Personal-master/devsrc/nano-soh-runtime/Shipwright/soh/include/functions.h:1278:34: note: expected 'void *' but argument is of type 'const char (*)[53]'
 1278 | s16 Animation_GetLastFrame(void* animation);
      |                            ~~~~~~^~~~~~~~~
/home/david/Documents/RockBox_Personal-master/devsrc/nano-soh-runtime/Shipwright/soh/src/overlays/actors/ovl_Boss_Ganondrof/z_boss_ganondrof.c:956:64: warning: passing argument 2 of 'Animation_Change' from incompatible pointer type [-Wincompatible-pointer-types]
  956 |                             Animation_Change(&this->skelAnime, &gPhantomGanonAirDamageAnim, 0.5f, 0.0f,
      |                                                                ^~~~~~~~~~~~~~~~~~~~~~~~~~~
      |                                                                |
      |                                                                const char (*)[53]
/home/david/Documents/RockBox_Personal-master/devsrc/nano-soh-runtime/Shipwright/soh/include/functions.h:1336:62: note: expected 'AnimationHeader *' but argument is of type 'const char (*)[53]'
 1336 | void Animation_Change(SkelAnime* skelAnime, AnimationHeader* animation, f32 playSpeed, f32 startFrame, f32 endFrame,
      |                                             ~~~~~~~~~~~~~~~~~^~~~~~~~~
/home/david/Documents/RockBox_Personal-master/devsrc/nano-soh-runtime/Shipwright/soh/src/overlays/actors/ovl_Boss_Ganondrof/z_boss_ganondrof.c:964:77: warning: passing argument 1 of 'Animation_GetLastFrame' discards 'const' qualifier from pointer target type [-Wdiscarded-array-qualifiers]
  964 |                         this->fwork[GND_END_FRAME] = Animation_GetLastFrame(&gPhantomGanonLimpAnim);
      |                                                                             ^~~~~~~~~~~~~~~~~~~~~~
/home/david/Documents/RockBox_Personal-master/devsrc/nano-soh-runtime/Shipwright/soh/include/functions.h:1278:34: note: expected 'void *' but argument is of type 'const char (*)[48]'
 1278 | s16 Animation_GetLastFrame(void* animation);
      |                            ~~~~~~^~~~~~~~~
/home/david/Documents/RockBox_Personal-master/devsrc/nano-soh-runtime/Shipwright/soh/src/overlays/actors/ovl_Boss_Ganondrof/z_boss_ganondrof.c:965:65: warning: passing argument 2 of 'Animation_MorphToLoop' from incompatible pointer type [-Wincompatible-pointer-types]
  965 |                         Animation_MorphToLoop(&this->skelAnime, &gPhantomGanonLimpAnim, -20.0f);
      |                                                                 ^~~~~~~~~~~~~~~~~~~~~~
      |                                                                 |
      |                                                                 const char (*)[48]
/home/david/Documents/RockBox_Personal-master/devsrc/nano-soh-runtime/Shipwright/soh/include/functions.h:1342:67: note: expected 'AnimationHeader *' but argument is of type 'const char (*)[48]'
 1342 | void Animation_MorphToLoop(SkelAnime* skelAnime, AnimationHeader* animation, f32 morphFrames);
      |                                                  ~~~~~~~~~~~~~~~~~^~~~~~~~~
/home/david/Documents/RockBox_Personal-master/devsrc/nano-soh-runtime/Shipwright/soh/src/overlays/actors/ovl_Boss_Ganondrof/z_boss_ganondrof.c:1023:57: warning: passing argument 2 of 'Animation_MorphToLoop' from incompatible pointer type [-Wincompatible-pointer-types]
 1023 |                 Animation_MorphToLoop(&this->skelAnime, &gPhantomGanonScreamAnim, -10.0f);
      |                                                         ^~~~~~~~~~~~~~~~~~~~~~~~
      |                                                         |
      |                                                         const char (*)[50]
/home/david/Documents/RockBox_Personal-master/devsrc/nano-soh-runtime/Shipwright/soh/include/functions.h:1342:67: note: expected 'AnimationHeader *' but argument is of type 'const char (*)[50]'
 1342 | void Animation_MorphToLoop(SkelAnime* skelAnime, AnimationHeader* animation, f32 morphFrames);
      |                                                  ~~~~~~~~~~~~~~~~~^~~~~~~~~
/home/david/Documents/RockBox_Personal-master/devsrc/nano-soh-runtime/Shipwright/soh/src/overlays/actors/ovl_Boss_Ganondrof/z_boss_ganondrof.c:1047:61: warning: passing argument 2 of 'Animation_MorphToPlayOnce' from incompatible pointer type [-Wincompatible-pointer-types]
 1047 |                 Animation_MorphToPlayOnce(&this->skelAnime, &gPhantomGanonLastPoseAnim, -10.0f);
      |                                                             ^~~~~~~~~~~~~~~~~~~~~~~~~~
      |                                                             |
      |                                                             const char (*)[52]
/home/david/Documents/RockBox_Personal-master/devsrc/nano-soh-runtime/Shipwright/soh/include/functions.h:1339:71: note: expected 'AnimationHeader *' but argument is of type 'const char (*)[52]'
 1339 | void Animation_MorphToPlayOnce(SkelAnime* skelAnime, AnimationHeader* animation, f32 morphFrames);
      |                                                      ~~~~~~~~~~~~~~~~~^~~~~~~~~
/home/david/Documents/RockBox_Personal-master/devsrc/nano-soh-runtime/Shipwright/soh/src/overlays/actors/ovl_Boss_Ganondrof/z_boss_ganondrof.c: In function 'BossGanondrof_OverrideLimbDraw':
/home/david/Documents/RockBox_Personal-master/devsrc/nano-soh-runtime/Shipwright/soh/src/overlays/actors/ovl_Boss_Ganondrof/z_boss_ganondrof.c:1352:24: warning: assignment to 'Gfx *' from incompatible pointer type 'const char *' [-Wincompatible-pointer-types]
 1352 |                 *dList = gPhantomGanonFaceDL;
      |                        ^
/home/david/Documents/RockBox_Personal-master/devsrc/nano-soh-runtime/Shipwright/soh/src/overlays/actors/ovl_Boss_Ganondrof/z_boss_ganondrof.c: In function 'BossGanondrof_Draw':
/home/david/Documents/RockBox_Personal-master/devsrc/nano-soh-runtime/Shipwright/soh/src/overlays/actors/ovl_Boss_Ganondrof/z_boss_ganondrof.c:1460:48: warning: passing argument 2 of 'gSPInvalidateTexCache' makes integer from pointer without a cast [-Wint-conversion]
 1460 |         gSPInvalidateTexCache(POLY_OPA_DISP++, sDecayTex);
      |                                                ^~~~~~~~~
      |                                                |
      |                                                u8 * {aka unsigned char *}
/home/david/Documents/RockBox_Personal-master/devsrc/nano-soh-runtime/Shipwright/soh/include/functions.h:30:48: note: expected 'uintptr_t' {aka 'unsigned int'} but argument is of type 'u8 *' {aka 'unsigned char *'}
   30 | void gSPInvalidateTexCache(Gfx* pkt, uintptr_t texAddr);
      |                                      ~~~~~~~~~~^~~~~~~
/home/david/Documents/RockBox_Personal-master/devsrc/nano-soh-runtime/Shipwright/soh/src/overlays/actors/ovl_Boss_Ganondrof/z_boss_ganondrof.c:1485:43: warning: passing argument 3 of 'gSPSegment' makes integer from pointer without a cast [-Wint-conversion]
 1485 |         gSPSegment(POLY_OPA_DISP++, 0x08, BossGanondrof_GetClearPixelDList(play->state.gfxCtx));
      |                                           ^~~~~~~~~~~~~~~~~~~~~~~~~~~~~~~~~~~~~~~~~~~~~~~~~~~~
      |                                           |
      |                                           Gfx *
/home/david/Documents/RockBox_Personal-master/devsrc/nano-soh-runtime/Shipwright/soh/include/functions.h:22:52: note: expected 'uintptr_t' {aka 'unsigned int'} but argument is of type 'Gfx *'
   22 | void gSPSegment(void* value, int segNum, uintptr_t target);
      |                                          ~~~~~~~~~~^~~~~~
/home/david/Documents/RockBox_Personal-master/devsrc/nano-soh-runtime/Shipwright/soh/src/overlays/actors/ovl_Boss_Ganondrof/z_boss_ganondrof.c:1487:43: warning: passing argument 3 of 'gSPSegment' makes integer from pointer without a cast [-Wint-conversion]
 1487 |         gSPSegment(POLY_OPA_DISP++, 0x08, BossGanondrof_GetNullDList(play->state.gfxCtx));
      |                                           ^~~~~~~~~~~~~~~~~~~~~~~~~~~~~~~~~~~~~~~~~~~~~~
      |                                           |
      |                                           Gfx *
/home/david/Documents/RockBox_Personal-master/devsrc/nano-soh-runtime/Shipwright/soh/include/functions.h:22:52: note: expected 'uintptr_t' {aka 'unsigned int'} but argument is of type 'Gfx *'
   22 | void gSPSegment(void* value, int segNum, uintptr_t target);
      |                                          ~~~~~~~~~~^~~~~~
