/home/david/Documents/RockBox_Personal-master/devsrc/nano-soh-runtime/Shipwright/soh/src/overlays/effects/ovl_Effect_Ss_Dust/z_eff_ss_dust.c: In function 'EffectSsDust_Init':
/home/david/Documents/RockBox_Personal-master/devsrc/nano-soh-runtime/Shipwright/soh/src/overlays/effects/ovl_Effect_Ss_Dust/z_eff_ss_dust.c:46:15: warning: assignment discards 'const' qualifier from pointer target type [-Wdiscarded-qualifiers]
   46 |     this->gfx = SEGMENTED_TO_VIRTUAL(gEffDustDL);
      |               ^
/home/david/Documents/RockBox_Personal-master/devsrc/nano-soh-runtime/Shipwright/soh/src/overlays/effects/ovl_Effect_Ss_Dust/z_eff_ss_dust.c: In function 'EffectSsDust_Draw':
/home/david/Documents/RockBox_Personal-master/devsrc/nano-soh-runtime/Shipwright/soh/src/overlays/effects/ovl_Effect_Ss_Dust/z_eff_ss_dust.c:81:9: warning: initialization discards 'const' qualifier from pointer target type [-Wdiscarded-qualifiers]
   81 |         gDust1Tex, gDust2Tex, gDust3Tex, gDust4Tex, gDust5Tex, gDust6Tex, gDust7Tex, gDust8Tex,
      |         ^~~~~~~~~
/home/david/Documents/RockBox_Personal-master/devsrc/nano-soh-runtime/Shipwright/soh/src/overlays/effects/ovl_Effect_Ss_Dust/z_eff_ss_dust.c:81:20: warning: initialization discards 'const' qualifier from pointer target type [-Wdiscarded-qualifiers]
   81 |         gDust1Tex, gDust2Tex, gDust3Tex, gDust4Tex, gDust5Tex, gDust6Tex, gDust7Tex, gDust8Tex,
      |                    ^~~~~~~~~
/home/david/Documents/RockBox_Personal-master/devsrc/nano-soh-runtime/Shipwright/soh/src/overlays/effects/ovl_Effect_Ss_Dust/z_eff_ss_dust.c:81:31: warning: initialization discards 'const' qualifier from pointer target type [-Wdiscarded-qualifiers]
   81 |         gDust1Tex, gDust2Tex, gDust3Tex, gDust4Tex, gDust5Tex, gDust6Tex, gDust7Tex, gDust8Tex,
      |                               ^~~~~~~~~
/home/david/Documents/RockBox_Personal-master/devsrc/nano-soh-runtime/Shipwright/soh/src/overlays/effects/ovl_Effect_Ss_Dust/z_eff_ss_dust.c:81:42: warning: initialization discards 'const' qualifier from pointer target type [-Wdiscarded-qualifiers]
   81 |         gDust1Tex, gDust2Tex, gDust3Tex, gDust4Tex, gDust5Tex, gDust6Tex, gDust7Tex, gDust8Tex,
      |                                          ^~~~~~~~~
/home/david/Documents/RockBox_Personal-master/devsrc/nano-soh-runtime/Shipwright/soh/src/overlays/effects/ovl_Effect_Ss_Dust/z_eff_ss_dust.c:81:53: warning: initialization discards 'const' qualifier from pointer target type [-Wdiscarded-qualifiers]
   81 |         gDust1Tex, gDust2Tex, gDust3Tex, gDust4Tex, gDust5Tex, gDust6Tex, gDust7Tex, gDust8Tex,
      |                                                     ^~~~~~~~~
/home/david/Documents/RockBox_Personal-master/devsrc/nano-soh-runtime/Shipwright/soh/src/overlays/effects/ovl_Effect_Ss_Dust/z_eff_ss_dust.c:81:64: warning: initialization discards 'const' qualifier from pointer target type [-Wdiscarded-qualifiers]
   81 |         gDust1Tex, gDust2Tex, gDust3Tex, gDust4Tex, gDust5Tex, gDust6Tex, gDust7Tex, gDust8Tex,
      |                                                                ^~~~~~~~~
/home/david/Documents/RockBox_Personal-master/devsrc/nano-soh-runtime/Shipwright/soh/src/overlays/effects/ovl_Effect_Ss_Dust/z_eff_ss_dust.c:81:75: warning: initialization discards 'const' qualifier from pointer target type [-Wdiscarded-qualifiers]
   81 |         gDust1Tex, gDust2Tex, gDust3Tex, gDust4Tex, gDust5Tex, gDust6Tex, gDust7Tex, gDust8Tex,
      |                                                                           ^~~~~~~~~
/home/david/Documents/RockBox_Personal-master/devsrc/nano-soh-runtime/Shipwright/soh/src/overlays/effects/ovl_Effect_Ss_Dust/z_eff_ss_dust.c:81:86: warning: initialization discards 'const' qualifier from pointer target type [-Wdiscarded-qualifiers]
   81 |         gDust1Tex, gDust2Tex, gDust3Tex, gDust4Tex, gDust5Tex, gDust6Tex, gDust7Tex, gDust8Tex,
      |                                                                                      ^~~~~~~~~
In file included from /home/david/Documents/RockBox_Personal-master/devsrc/nano-soh-runtime/Shipwright/soh/include/global.h:10,
                 from /home/david/Documents/RockBox_Personal-master/devsrc/nano-soh-runtime/Shipwright/soh/src/overlays/effects/ovl_Effect_Ss_Dust/z_eff_ss_dust.h:5,
                 from /home/david/Documents/RockBox_Personal-master/devsrc/nano-soh-runtime/Shipwright/soh/src/overlays/effects/ovl_Effect_Ss_Dust/z_eff_ss_dust.c:7:
/home/david/Documents/RockBox_Personal-master/devsrc/nano-soh-runtime/Shipwright/soh/src/overlays/effects/ovl_Effect_Ss_Dust/z_eff_ss_dust.c:106:76: warning: passing argument 3 of 'gSPSegment' makes integer from pointer without a cast [-Wint-conversion]
  106 |         gSPSegment(POLY_XLU_DISP++, 0x08, SEGMENTED_TO_VIRTUAL(dustTextures[this->rTexIdx]));
      |                                                                ~~~~~~~~~~~~^~~~~~~~~~~~~~~
      |                                                                            |
      |                                                                            void *
/home/david/Documents/RockBox_Personal-master/devsrc/nano-soh-runtime/Shipwright/soh/include/macros.h:37:36: note: in definition of macro 'SEGMENTED_TO_VIRTUAL'
   37 | #define SEGMENTED_TO_VIRTUAL(addr) addr
      |                                    ^~~~
In file included from /home/david/Documents/RockBox_Personal-master/devsrc/nano-soh-runtime/Shipwright/soh/include/global.h:8:
/home/david/Documents/RockBox_Personal-master/devsrc/nano-soh-runtime/Shipwright/soh/include/functions.h:22:52: note: expected 'uintptr_t' {aka 'unsigned int'} but argument is of type 'void *'
   22 | void gSPSegment(void* value, int segNum, uintptr_t target);
      |                                          ~~~~~~~~~~^~~~~~
