/home/david/Documents/RockBox_Personal-master/devsrc/nano-soh-runtime/Shipwright/soh/src/overlays/actors/ovl_Bg_Heavy_Block/z_bg_heavy_block.c: In function 'BgHeavyBlock_SetupDynapoly':
/home/david/Documents/RockBox_Personal-master/devsrc/nano-soh-runtime/Shipwright/soh/src/overlays/actors/ovl_Bg_Heavy_Block/z_bg_heavy_block.c:83:32: warning: passing argument 1 of 'CollisionHeader_GetVirtual' discards 'const' qualifier from pointer target type [-Wdiscarded-array-qualifiers]
   83 |     CollisionHeader_GetVirtual(&gHeavyBlockCol, &colHeader);
      |                                ^~~~~~~~~~~~~~~
In file included from /home/david/Documents/RockBox_Personal-master/devsrc/nano-soh-runtime/Shipwright/soh/include/global.h:8,
                 from /home/david/Documents/RockBox_Personal-master/devsrc/nano-soh-runtime/Shipwright/soh/src/overlays/actors/ovl_Bg_Heavy_Block/z_bg_heavy_block.h:5,
                 from /home/david/Documents/RockBox_Personal-master/devsrc/nano-soh-runtime/Shipwright/soh/src/overlays/actors/ovl_Bg_Heavy_Block/z_bg_heavy_block.c:7:
/home/david/Documents/RockBox_Personal-master/devsrc/nano-soh-runtime/Shipwright/soh/include/functions.h:673:39: note: expected 'void *' but argument is of type 'const char (*)[50]'
  673 | void CollisionHeader_GetVirtual(void* colHeader, CollisionHeader** dest);
      |                                 ~~~~~~^~~~~~~~~
/home/david/Documents/RockBox_Personal-master/devsrc/nano-soh-runtime/Shipwright/soh/src/overlays/actors/ovl_Bg_Heavy_Block/z_bg_heavy_block.c: In function 'BgHeavyBlock_LiftedUp':
/home/david/Documents/RockBox_Personal-master/devsrc/nano-soh-runtime/Shipwright/soh/include/macros.h:135:40: warning: passing argument 2 of 'LogUtils_LogThreadId' makes integer from pointer without a cast [-Wint-conversion]
  135 |         LogUtils_LogThreadId(__FILE__, __FILE__);           \
      |                                        ^~~~~~~~
      |                                        |
      |                                        char *
/home/david/Documents/RockBox_Personal-master/devsrc/nano-soh-runtime/Shipwright/soh/include/macros.h:143:28: note: in expansion of macro 'LOG'
  143 | #define LOG_STRING(string) LOG(#string, string, "%s")
      |                            ^~~
/home/david/Documents/RockBox_Personal-master/devsrc/nano-soh-runtime/Shipwright/soh/src/overlays/actors/ovl_Bg_Heavy_Block/z_bg_heavy_block.c:356:9: note: in expansion of macro 'LOG_STRING'
  356 |         LOG_STRING("NA_SE_PL_PULL_UP_BIGROCK");
      |         ^~~~~~~~~~
/home/david/Documents/RockBox_Personal-master/devsrc/nano-soh-runtime/Shipwright/soh/include/functions.h:94:49: note: expected 's32' {aka 'long int'} but argument is of type 'char *'
   94 | void LogUtils_LogThreadId(const char* name, s32 line);
      |                                             ~~~~^~~~
/home/david/Documents/RockBox_Personal-master/devsrc/nano-soh-runtime/Shipwright/soh/src/overlays/actors/ovl_Bg_Heavy_Block/z_bg_heavy_block.c: In function 'BgHeavyBlock_Draw':
/home/david/Documents/RockBox_Personal-master/devsrc/nano-soh-runtime/Shipwright/soh/src/overlays/actors/ovl_Bg_Heavy_Block/z_bg_heavy_block.c:511:37: warning: passing argument 2 of 'gSPDisplayList' from incompatible pointer type [-Wincompatible-pointer-types]
  511 |     gSPDisplayList(POLY_OPA_DISP++, gHeavyBlockEntirePillarDL);
      |                                     ^~~~~~~~~~~~~~~~~~~~~~~~~
      |                                     |
      |                                     const char *
/home/david/Documents/RockBox_Personal-master/devsrc/nano-soh-runtime/Shipwright/soh/include/functions.h:24:36: note: expected 'Gfx *' but argument is of type 'const char *'
   24 | void gSPDisplayList(Gfx* pkt, Gfx* dl);
      |                               ~~~~~^~
/home/david/Documents/RockBox_Personal-master/devsrc/nano-soh-runtime/Shipwright/soh/src/overlays/actors/ovl_Bg_Heavy_Block/z_bg_heavy_block.c: In function 'BgHeavyBlock_DrawPiece':
/home/david/Documents/RockBox_Personal-master/devsrc/nano-soh-runtime/Shipwright/soh/src/overlays/actors/ovl_Bg_Heavy_Block/z_bg_heavy_block.c:520:36: warning: passing argument 2 of 'Gfx_DrawDListOpa' from incompatible pointer type [-Wincompatible-pointer-types]
  520 |             Gfx_DrawDListOpa(play, gHeavyBlockBigPieceDL);
      |                                    ^~~~~~~~~~~~~~~~~~~~~
      |                                    |
      |                                    const char *
/home/david/Documents/RockBox_Personal-master/devsrc/nano-soh-runtime/Shipwright/soh/include/functions.h:546:45: note: expected 'Gfx *' but argument is of type 'const char *'
  546 | void Gfx_DrawDListOpa(PlayState* play, Gfx* dlist);
      |                                        ~~~~~^~~~~
/home/david/Documents/RockBox_Personal-master/devsrc/nano-soh-runtime/Shipwright/soh/src/overlays/actors/ovl_Bg_Heavy_Block/z_bg_heavy_block.c:524:36: warning: passing argument 2 of 'Gfx_DrawDListOpa' from incompatible pointer type [-Wincompatible-pointer-types]
  524 |             Gfx_DrawDListOpa(play, gHeavyBlockSmallPieceDL);
      |                                    ^~~~~~~~~~~~~~~~~~~~~~~
      |                                    |
      |                                    const char *
/home/david/Documents/RockBox_Personal-master/devsrc/nano-soh-runtime/Shipwright/soh/include/functions.h:546:45: note: expected 'Gfx *' but argument is of type 'const char *'
  546 | void Gfx_DrawDListOpa(PlayState* play, Gfx* dlist);
      |                                        ~~~~~^~~~~
