In file included from /home/david/Documents/RockBox_Personal-master/devsrc/nano-soh-runtime/Shipwright/soh/include/global.h:10,
                 from /home/david/Documents/RockBox_Personal-master/devsrc/nano-soh-runtime/Shipwright/soh/src/overlays/actors/ovl_Boss_Mo/z_boss_mo.h:5,
                 from /home/david/Documents/RockBox_Personal-master/devsrc/nano-soh-runtime/Shipwright/soh/src/overlays/actors/ovl_Boss_Mo/z_boss_mo.c:7:
/home/david/Documents/RockBox_Personal-master/devsrc/nano-soh-runtime/Shipwright/soh/src/overlays/actors/ovl_Boss_Mo/z_boss_mo.c: In function 'BossMo_IntroCs':
/home/david/Documents/RockBox_Personal-master/devsrc/nano-soh-runtime/Shipwright/soh/src/overlays/actors/ovl_Boss_Mo/z_boss_mo.c:1468:93: warning: passing argument 3 of 'TitleCard_InitBossName' discards 'const' qualifier from pointer target type [-Wdiscarded-qualifiers]
 1468 |                 TitleCard_InitBossName(play, &play->actorCtx.titleCtx, SEGMENTED_TO_VIRTUAL(gMorphaTitleCardENGTex),
      |                                                                                             ^~~~~~~~~~~~~~~~~~~~~~
/home/david/Documents/RockBox_Personal-master/devsrc/nano-soh-runtime/Shipwright/soh/include/macros.h:37:36: note: in definition of macro 'SEGMENTED_TO_VIRTUAL'
   37 | #define SEGMENTED_TO_VIRTUAL(addr) addr
      |                                    ^~~~
In file included from /home/david/Documents/RockBox_Personal-master/devsrc/nano-soh-runtime/Shipwright/soh/include/global.h:8:
/home/david/Documents/RockBox_Personal-master/devsrc/nano-soh-runtime/Shipwright/soh/include/functions.h:394:80: note: expected 'void *' but argument is of type 'const char *'
  394 | void TitleCard_InitBossName(PlayState* play, TitleCardContext* titleCtx, void* texture, s16 x, s16 y, u8 width,
      |                                                                          ~~~~~~^~~~~~~
/home/david/Documents/RockBox_Personal-master/devsrc/nano-soh-runtime/Shipwright/soh/src/overlays/actors/ovl_Boss_Mo/z_boss_mo.c: At top level:
/home/david/Documents/RockBox_Personal-master/devsrc/nano-soh-runtime/Shipwright/soh/src/overlays/actors/ovl_Boss_Mo/z_boss_mo.c:2459:5: warning: initialization of 'Gfx *' from incompatible pointer type 'const char *' [-Wincompatible-pointer-types]
 2459 |     gMorphaTentaclePart0DL,  gMorphaTentaclePart1DL,  gMorphaTentaclePart2DL,  gMorphaTentaclePart3DL,
      |     ^~~~~~~~~~~~~~~~~~~~~~
/home/david/Documents/RockBox_Personal-master/devsrc/nano-soh-runtime/Shipwright/soh/src/overlays/actors/ovl_Boss_Mo/z_boss_mo.c:2459:5: note: (near initialization for 'sTentDLists[0]')
/home/david/Documents/RockBox_Personal-master/devsrc/nano-soh-runtime/Shipwright/soh/src/overlays/actors/ovl_Boss_Mo/z_boss_mo.c:2459:30: warning: initialization of 'Gfx *' from incompatible pointer type 'const char *' [-Wincompatible-pointer-types]
 2459 |     gMorphaTentaclePart0DL,  gMorphaTentaclePart1DL,  gMorphaTentaclePart2DL,  gMorphaTentaclePart3DL,
      |                              ^~~~~~~~~~~~~~~~~~~~~~
/home/david/Documents/RockBox_Personal-master/devsrc/nano-soh-runtime/Shipwright/soh/src/overlays/actors/ovl_Boss_Mo/z_boss_mo.c:2459:30: note: (near initialization for 'sTentDLists[1]')
/home/david/Documents/RockBox_Personal-master/devsrc/nano-soh-runtime/Shipwright/soh/src/overlays/actors/ovl_Boss_Mo/z_boss_mo.c:2459:55: warning: initialization of 'Gfx *' from incompatible pointer type 'const char *' [-Wincompatible-pointer-types]
 2459 |     gMorphaTentaclePart0DL,  gMorphaTentaclePart1DL,  gMorphaTentaclePart2DL,  gMorphaTentaclePart3DL,
      |                                                       ^~~~~~~~~~~~~~~~~~~~~~
/home/david/Documents/RockBox_Personal-master/devsrc/nano-soh-runtime/Shipwright/soh/src/overlays/actors/ovl_Boss_Mo/z_boss_mo.c:2459:55: note: (near initialization for 'sTentDLists[2]')
/home/david/Documents/RockBox_Personal-master/devsrc/nano-soh-runtime/Shipwright/soh/src/overlays/actors/ovl_Boss_Mo/z_boss_mo.c:2459:80: warning: initialization of 'Gfx *' from incompatible pointer type 'const char *' [-Wincompatible-pointer-types]
 2459 |     gMorphaTentaclePart0DL,  gMorphaTentaclePart1DL,  gMorphaTentaclePart2DL,  gMorphaTentaclePart3DL,
      |                                                                                ^~~~~~~~~~~~~~~~~~~~~~
/home/david/Documents/RockBox_Personal-master/devsrc/nano-soh-runtime/Shipwright/soh/src/overlays/actors/ovl_Boss_Mo/z_boss_mo.c:2459:80: note: (near initialization for 'sTentDLists[3]')
/home/david/Documents/RockBox_Personal-master/devsrc/nano-soh-runtime/Shipwright/soh/src/overlays/actors/ovl_Boss_Mo/z_boss_mo.c:2460:5: warning: initialization of 'Gfx *' from incompatible pointer type 'const char *' [-Wincompatible-pointer-types]
 2460 |     gMorphaTentaclePart4DL,  gMorphaTentaclePart5DL,  gMorphaTentaclePart6DL,  gMorphaTentaclePart7DL,
      |     ^~~~~~~~~~~~~~~~~~~~~~
/home/david/Documents/RockBox_Personal-master/devsrc/nano-soh-runtime/Shipwright/soh/src/overlays/actors/ovl_Boss_Mo/z_boss_mo.c:2460:5: note: (near initialization for 'sTentDLists[4]')
/home/david/Documents/RockBox_Personal-master/devsrc/nano-soh-runtime/Shipwright/soh/src/overlays/actors/ovl_Boss_Mo/z_boss_mo.c:2460:30: warning: initialization of 'Gfx *' from incompatible pointer type 'const char *' [-Wincompatible-pointer-types]
 2460 |     gMorphaTentaclePart4DL,  gMorphaTentaclePart5DL,  gMorphaTentaclePart6DL,  gMorphaTentaclePart7DL,
      |                              ^~~~~~~~~~~~~~~~~~~~~~
/home/david/Documents/RockBox_Personal-master/devsrc/nano-soh-runtime/Shipwright/soh/src/overlays/actors/ovl_Boss_Mo/z_boss_mo.c:2460:30: note: (near initialization for 'sTentDLists[5]')
/home/david/Documents/RockBox_Personal-master/devsrc/nano-soh-runtime/Shipwright/soh/src/overlays/actors/ovl_Boss_Mo/z_boss_mo.c:2460:55: warning: initialization of 'Gfx *' from incompatible pointer type 'const char *' [-Wincompatible-pointer-types]
 2460 |     gMorphaTentaclePart4DL,  gMorphaTentaclePart5DL,  gMorphaTentaclePart6DL,  gMorphaTentaclePart7DL,
      |                                                       ^~~~~~~~~~~~~~~~~~~~~~
/home/david/Documents/RockBox_Personal-master/devsrc/nano-soh-runtime/Shipwright/soh/src/overlays/actors/ovl_Boss_Mo/z_boss_mo.c:2460:55: note: (near initialization for 'sTentDLists[6]')
/home/david/Documents/RockBox_Personal-master/devsrc/nano-soh-runtime/Shipwright/soh/src/overlays/actors/ovl_Boss_Mo/z_boss_mo.c:2460:80: warning: initialization of 'Gfx *' from incompatible pointer type 'const char *' [-Wincompatible-pointer-types]
 2460 |     gMorphaTentaclePart4DL,  gMorphaTentaclePart5DL,  gMorphaTentaclePart6DL,  gMorphaTentaclePart7DL,
      |                                                                                ^~~~~~~~~~~~~~~~~~~~~~
/home/david/Documents/RockBox_Personal-master/devsrc/nano-soh-runtime/Shipwright/soh/src/overlays/actors/ovl_Boss_Mo/z_boss_mo.c:2460:80: note: (near initialization for 'sTentDLists[7]')
/home/david/Documents/RockBox_Personal-master/devsrc/nano-soh-runtime/Shipwright/soh/src/overlays/actors/ovl_Boss_Mo/z_boss_mo.c:2461:5: warning: initialization of 'Gfx *' from incompatible pointer type 'const char *' [-Wincompatible-pointer-types]
 2461 |     gMorphaTentaclePart8DL,  gMorphaTentaclePart9DL,  gMorphaTentaclePart10DL, gMorphaTentaclePart11DL,
      |     ^~~~~~~~~~~~~~~~~~~~~~
/home/david/Documents/RockBox_Personal-master/devsrc/nano-soh-runtime/Shipwright/soh/src/overlays/actors/ovl_Boss_Mo/z_boss_mo.c:2461:5: note: (near initialization for 'sTentDLists[8]')
/home/david/Documents/RockBox_Personal-master/devsrc/nano-soh-runtime/Shipwright/soh/src/overlays/actors/ovl_Boss_Mo/z_boss_mo.c:2461:30: warning: initialization of 'Gfx *' from incompatible pointer type 'const char *' [-Wincompatible-pointer-types]
 2461 |     gMorphaTentaclePart8DL,  gMorphaTentaclePart9DL,  gMorphaTentaclePart10DL, gMorphaTentaclePart11DL,
      |                              ^~~~~~~~~~~~~~~~~~~~~~
/home/david/Documents/RockBox_Personal-master/devsrc/nano-soh-runtime/Shipwright/soh/src/overlays/actors/ovl_Boss_Mo/z_boss_mo.c:2461:30: note: (near initialization for 'sTentDLists[9]')
/home/david/Documents/RockBox_Personal-master/devsrc/nano-soh-runtime/Shipwright/soh/src/overlays/actors/ovl_Boss_Mo/z_boss_mo.c:2461:55: warning: initialization of 'Gfx *' from incompatible pointer type 'const char *' [-Wincompatible-pointer-types]
 2461 |     gMorphaTentaclePart8DL,  gMorphaTentaclePart9DL,  gMorphaTentaclePart10DL, gMorphaTentaclePart11DL,
      |                                                       ^~~~~~~~~~~~~~~~~~~~~~~
/home/david/Documents/RockBox_Personal-master/devsrc/nano-soh-runtime/Shipwright/soh/src/overlays/actors/ovl_Boss_Mo/z_boss_mo.c:2461:55: note: (near initialization for 'sTentDLists[10]')
/home/david/Documents/RockBox_Personal-master/devsrc/nano-soh-runtime/Shipwright/soh/src/overlays/actors/ovl_Boss_Mo/z_boss_mo.c:2461:80: warning: initialization of 'Gfx *' from incompatible pointer type 'const char *' [-Wincompatible-pointer-types]
 2461 |     gMorphaTentaclePart8DL,  gMorphaTentaclePart9DL,  gMorphaTentaclePart10DL, gMorphaTentaclePart11DL,
      |                                                                                ^~~~~~~~~~~~~~~~~~~~~~~
/home/david/Documents/RockBox_Personal-master/devsrc/nano-soh-runtime/Shipwright/soh/src/overlays/actors/ovl_Boss_Mo/z_boss_mo.c:2461:80: note: (near initialization for 'sTentDLists[11]')
/home/david/Documents/RockBox_Personal-master/devsrc/nano-soh-runtime/Shipwright/soh/src/overlays/actors/ovl_Boss_Mo/z_boss_mo.c:2462:5: warning: initialization of 'Gfx *' from incompatible pointer type 'const char *' [-Wincompatible-pointer-types]
 2462 |     gMorphaTentaclePart12DL, gMorphaTentaclePart13DL, gMorphaTentaclePart14DL, gMorphaTentaclePart15DL,
      |     ^~~~~~~~~~~~~~~~~~~~~~~
/home/david/Documents/RockBox_Personal-master/devsrc/nano-soh-runtime/Shipwright/soh/src/overlays/actors/ovl_Boss_Mo/z_boss_mo.c:2462:5: note: (near initialization for 'sTentDLists[12]')
/home/david/Documents/RockBox_Personal-master/devsrc/nano-soh-runtime/Shipwright/soh/src/overlays/actors/ovl_Boss_Mo/z_boss_mo.c:2462:30: warning: initialization of 'Gfx *' from incompatible pointer type 'const char *' [-Wincompatible-pointer-types]
 2462 |     gMorphaTentaclePart12DL, gMorphaTentaclePart13DL, gMorphaTentaclePart14DL, gMorphaTentaclePart15DL,
      |                              ^~~~~~~~~~~~~~~~~~~~~~~
/home/david/Documents/RockBox_Personal-master/devsrc/nano-soh-runtime/Shipwright/soh/src/overlays/actors/ovl_Boss_Mo/z_boss_mo.c:2462:30: note: (near initialization for 'sTentDLists[13]')
/home/david/Documents/RockBox_Personal-master/devsrc/nano-soh-runtime/Shipwright/soh/src/overlays/actors/ovl_Boss_Mo/z_boss_mo.c:2462:55: warning: initialization of 'Gfx *' from incompatible pointer type 'const char *' [-Wincompatible-pointer-types]
 2462 |     gMorphaTentaclePart12DL, gMorphaTentaclePart13DL, gMorphaTentaclePart14DL, gMorphaTentaclePart15DL,
      |                                                       ^~~~~~~~~~~~~~~~~~~~~~~
/home/david/Documents/RockBox_Personal-master/devsrc/nano-soh-runtime/Shipwright/soh/src/overlays/actors/ovl_Boss_Mo/z_boss_mo.c:2462:55: note: (near initialization for 'sTentDLists[14]')
/home/david/Documents/RockBox_Personal-master/devsrc/nano-soh-runtime/Shipwright/soh/src/overlays/actors/ovl_Boss_Mo/z_boss_mo.c:2462:80: warning: initialization of 'Gfx *' from incompatible pointer type 'const char *' [-Wincompatible-pointer-types]
 2462 |     gMorphaTentaclePart12DL, gMorphaTentaclePart13DL, gMorphaTentaclePart14DL, gMorphaTentaclePart15DL,
      |                                                                                ^~~~~~~~~~~~~~~~~~~~~~~
/home/david/Documents/RockBox_Personal-master/devsrc/nano-soh-runtime/Shipwright/soh/src/overlays/actors/ovl_Boss_Mo/z_boss_mo.c:2462:80: note: (near initialization for 'sTentDLists[15]')
/home/david/Documents/RockBox_Personal-master/devsrc/nano-soh-runtime/Shipwright/soh/src/overlays/actors/ovl_Boss_Mo/z_boss_mo.c:2463:5: warning: initialization of 'Gfx *' from incompatible pointer type 'const char *' [-Wincompatible-pointer-types]
 2463 |     gMorphaTentaclePart16DL, gMorphaTentaclePart17DL, gMorphaTentaclePart18DL, gMorphaTentaclePart19DL,
      |     ^~~~~~~~~~~~~~~~~~~~~~~
/home/david/Documents/RockBox_Personal-master/devsrc/nano-soh-runtime/Shipwright/soh/src/overlays/actors/ovl_Boss_Mo/z_boss_mo.c:2463:5: note: (near initialization for 'sTentDLists[16]')
/home/david/Documents/RockBox_Personal-master/devsrc/nano-soh-runtime/Shipwright/soh/src/overlays/actors/ovl_Boss_Mo/z_boss_mo.c:2463:30: warning: initialization of 'Gfx *' from incompatible pointer type 'const char *' [-Wincompatible-pointer-types]
 2463 |     gMorphaTentaclePart16DL, gMorphaTentaclePart17DL, gMorphaTentaclePart18DL, gMorphaTentaclePart19DL,
      |                              ^~~~~~~~~~~~~~~~~~~~~~~
/home/david/Documents/RockBox_Personal-master/devsrc/nano-soh-runtime/Shipwright/soh/src/overlays/actors/ovl_Boss_Mo/z_boss_mo.c:2463:30: note: (near initialization for 'sTentDLists[17]')
/home/david/Documents/RockBox_Personal-master/devsrc/nano-soh-runtime/Shipwright/soh/src/overlays/actors/ovl_Boss_Mo/z_boss_mo.c:2463:55: warning: initialization of 'Gfx *' from incompatible pointer type 'const char *' [-Wincompatible-pointer-types]
 2463 |     gMorphaTentaclePart16DL, gMorphaTentaclePart17DL, gMorphaTentaclePart18DL, gMorphaTentaclePart19DL,
      |                                                       ^~~~~~~~~~~~~~~~~~~~~~~
/home/david/Documents/RockBox_Personal-master/devsrc/nano-soh-runtime/Shipwright/soh/src/overlays/actors/ovl_Boss_Mo/z_boss_mo.c:2463:55: note: (near initialization for 'sTentDLists[18]')
/home/david/Documents/RockBox_Personal-master/devsrc/nano-soh-runtime/Shipwright/soh/src/overlays/actors/ovl_Boss_Mo/z_boss_mo.c:2463:80: warning: initialization of 'Gfx *' from incompatible pointer type 'const char *' [-Wincompatible-pointer-types]
 2463 |     gMorphaTentaclePart16DL, gMorphaTentaclePart17DL, gMorphaTentaclePart18DL, gMorphaTentaclePart19DL,
      |                                                                                ^~~~~~~~~~~~~~~~~~~~~~~
/home/david/Documents/RockBox_Personal-master/devsrc/nano-soh-runtime/Shipwright/soh/src/overlays/actors/ovl_Boss_Mo/z_boss_mo.c:2463:80: note: (near initialization for 'sTentDLists[19]')
/home/david/Documents/RockBox_Personal-master/devsrc/nano-soh-runtime/Shipwright/soh/src/overlays/actors/ovl_Boss_Mo/z_boss_mo.c:2464:5: warning: initialization of 'Gfx *' from incompatible pointer type 'const char *' [-Wincompatible-pointer-types]
 2464 |     gMorphaTentaclePart20DL, gMorphaTentaclePart21DL, gMorphaTentaclePart22DL, gMorphaTentaclePart23DL,
      |     ^~~~~~~~~~~~~~~~~~~~~~~
/home/david/Documents/RockBox_Personal-master/devsrc/nano-soh-runtime/Shipwright/soh/src/overlays/actors/ovl_Boss_Mo/z_boss_mo.c:2464:5: note: (near initialization for 'sTentDLists[20]')
/home/david/Documents/RockBox_Personal-master/devsrc/nano-soh-runtime/Shipwright/soh/src/overlays/actors/ovl_Boss_Mo/z_boss_mo.c:2464:30: warning: initialization of 'Gfx *' from incompatible pointer type 'const char *' [-Wincompatible-pointer-types]
 2464 |     gMorphaTentaclePart20DL, gMorphaTentaclePart21DL, gMorphaTentaclePart22DL, gMorphaTentaclePart23DL,
      |                              ^~~~~~~~~~~~~~~~~~~~~~~
/home/david/Documents/RockBox_Personal-master/devsrc/nano-soh-runtime/Shipwright/soh/src/overlays/actors/ovl_Boss_Mo/z_boss_mo.c:2464:30: note: (near initialization for 'sTentDLists[21]')
/home/david/Documents/RockBox_Personal-master/devsrc/nano-soh-runtime/Shipwright/soh/src/overlays/actors/ovl_Boss_Mo/z_boss_mo.c:2464:55: warning: initialization of 'Gfx *' from incompatible pointer type 'const char *' [-Wincompatible-pointer-types]
 2464 |     gMorphaTentaclePart20DL, gMorphaTentaclePart21DL, gMorphaTentaclePart22DL, gMorphaTentaclePart23DL,
      |                                                       ^~~~~~~~~~~~~~~~~~~~~~~
/home/david/Documents/RockBox_Personal-master/devsrc/nano-soh-runtime/Shipwright/soh/src/overlays/actors/ovl_Boss_Mo/z_boss_mo.c:2464:55: note: (near initialization for 'sTentDLists[22]')
/home/david/Documents/RockBox_Personal-master/devsrc/nano-soh-runtime/Shipwright/soh/src/overlays/actors/ovl_Boss_Mo/z_boss_mo.c:2464:80: warning: initialization of 'Gfx *' from incompatible pointer type 'const char *' [-Wincompatible-pointer-types]
 2464 |     gMorphaTentaclePart20DL, gMorphaTentaclePart21DL, gMorphaTentaclePart22DL, gMorphaTentaclePart23DL,
      |                                                                                ^~~~~~~~~~~~~~~~~~~~~~~
/home/david/Documents/RockBox_Personal-master/devsrc/nano-soh-runtime/Shipwright/soh/src/overlays/actors/ovl_Boss_Mo/z_boss_mo.c:2464:80: note: (near initialization for 'sTentDLists[23]')
/home/david/Documents/RockBox_Personal-master/devsrc/nano-soh-runtime/Shipwright/soh/src/overlays/actors/ovl_Boss_Mo/z_boss_mo.c:2465:5: warning: initialization of 'Gfx *' from incompatible pointer type 'const char *' [-Wincompatible-pointer-types]
 2465 |     gMorphaTentaclePart24DL, gMorphaTentaclePart25DL, gMorphaTentaclePart26DL, gMorphaTentaclePart27DL,
      |     ^~~~~~~~~~~~~~~~~~~~~~~
/home/david/Documents/RockBox_Personal-master/devsrc/nano-soh-runtime/Shipwright/soh/src/overlays/actors/ovl_Boss_Mo/z_boss_mo.c:2465:5: note: (near initialization for 'sTentDLists[24]')
/home/david/Documents/RockBox_Personal-master/devsrc/nano-soh-runtime/Shipwright/soh/src/overlays/actors/ovl_Boss_Mo/z_boss_mo.c:2465:30: warning: initialization of 'Gfx *' from incompatible pointer type 'const char *' [-Wincompatible-pointer-types]
 2465 |     gMorphaTentaclePart24DL, gMorphaTentaclePart25DL, gMorphaTentaclePart26DL, gMorphaTentaclePart27DL,
      |                              ^~~~~~~~~~~~~~~~~~~~~~~
/home/david/Documents/RockBox_Personal-master/devsrc/nano-soh-runtime/Shipwright/soh/src/overlays/actors/ovl_Boss_Mo/z_boss_mo.c:2465:30: note: (near initialization for 'sTentDLists[25]')
/home/david/Documents/RockBox_Personal-master/devsrc/nano-soh-runtime/Shipwright/soh/src/overlays/actors/ovl_Boss_Mo/z_boss_mo.c:2465:55: warning: initialization of 'Gfx *' from incompatible pointer type 'const char *' [-Wincompatible-pointer-types]
 2465 |     gMorphaTentaclePart24DL, gMorphaTentaclePart25DL, gMorphaTentaclePart26DL, gMorphaTentaclePart27DL,
      |                                                       ^~~~~~~~~~~~~~~~~~~~~~~
/home/david/Documents/RockBox_Personal-master/devsrc/nano-soh-runtime/Shipwright/soh/src/overlays/actors/ovl_Boss_Mo/z_boss_mo.c:2465:55: note: (near initialization for 'sTentDLists[26]')
/home/david/Documents/RockBox_Personal-master/devsrc/nano-soh-runtime/Shipwright/soh/src/overlays/actors/ovl_Boss_Mo/z_boss_mo.c:2465:80: warning: initialization of 'Gfx *' from incompatible pointer type 'const char *' [-Wincompatible-pointer-types]
 2465 |     gMorphaTentaclePart24DL, gMorphaTentaclePart25DL, gMorphaTentaclePart26DL, gMorphaTentaclePart27DL,
      |                                                                                ^~~~~~~~~~~~~~~~~~~~~~~
/home/david/Documents/RockBox_Personal-master/devsrc/nano-soh-runtime/Shipwright/soh/src/overlays/actors/ovl_Boss_Mo/z_boss_mo.c:2465:80: note: (near initialization for 'sTentDLists[27]')
/home/david/Documents/RockBox_Personal-master/devsrc/nano-soh-runtime/Shipwright/soh/src/overlays/actors/ovl_Boss_Mo/z_boss_mo.c:2466:5: warning: initialization of 'Gfx *' from incompatible pointer type 'const char *' [-Wincompatible-pointer-types]
 2466 |     gMorphaTentaclePart28DL, gMorphaTentaclePart29DL, gMorphaTentaclePart30DL, gMorphaTentaclePart31DL,
      |     ^~~~~~~~~~~~~~~~~~~~~~~
/home/david/Documents/RockBox_Personal-master/devsrc/nano-soh-runtime/Shipwright/soh/src/overlays/actors/ovl_Boss_Mo/z_boss_mo.c:2466:5: note: (near initialization for 'sTentDLists[28]')
/home/david/Documents/RockBox_Personal-master/devsrc/nano-soh-runtime/Shipwright/soh/src/overlays/actors/ovl_Boss_Mo/z_boss_mo.c:2466:30: warning: initialization of 'Gfx *' from incompatible pointer type 'const char *' [-Wincompatible-pointer-types]
 2466 |     gMorphaTentaclePart28DL, gMorphaTentaclePart29DL, gMorphaTentaclePart30DL, gMorphaTentaclePart31DL,
      |                              ^~~~~~~~~~~~~~~~~~~~~~~
/home/david/Documents/RockBox_Personal-master/devsrc/nano-soh-runtime/Shipwright/soh/src/overlays/actors/ovl_Boss_Mo/z_boss_mo.c:2466:30: note: (near initialization for 'sTentDLists[29]')
/home/david/Documents/RockBox_Personal-master/devsrc/nano-soh-runtime/Shipwright/soh/src/overlays/actors/ovl_Boss_Mo/z_boss_mo.c:2466:55: warning: initialization of 'Gfx *' from incompatible pointer type 'const char *' [-Wincompatible-pointer-types]
 2466 |     gMorphaTentaclePart28DL, gMorphaTentaclePart29DL, gMorphaTentaclePart30DL, gMorphaTentaclePart31DL,
      |                                                       ^~~~~~~~~~~~~~~~~~~~~~~
/home/david/Documents/RockBox_Personal-master/devsrc/nano-soh-runtime/Shipwright/soh/src/overlays/actors/ovl_Boss_Mo/z_boss_mo.c:2466:55: note: (near initialization for 'sTentDLists[30]')
/home/david/Documents/RockBox_Personal-master/devsrc/nano-soh-runtime/Shipwright/soh/src/overlays/actors/ovl_Boss_Mo/z_boss_mo.c:2466:80: warning: initialization of 'Gfx *' from incompatible pointer type 'const char *' [-Wincompatible-pointer-types]
 2466 |     gMorphaTentaclePart28DL, gMorphaTentaclePart29DL, gMorphaTentaclePart30DL, gMorphaTentaclePart31DL,
      |                                                                                ^~~~~~~~~~~~~~~~~~~~~~~
/home/david/Documents/RockBox_Personal-master/devsrc/nano-soh-runtime/Shipwright/soh/src/overlays/actors/ovl_Boss_Mo/z_boss_mo.c:2466:80: note: (near initialization for 'sTentDLists[31]')
/home/david/Documents/RockBox_Personal-master/devsrc/nano-soh-runtime/Shipwright/soh/src/overlays/actors/ovl_Boss_Mo/z_boss_mo.c:2467:5: warning: initialization of 'Gfx *' from incompatible pointer type 'const char *' [-Wincompatible-pointer-types]
 2467 |     gMorphaTentaclePart32DL, gMorphaTentaclePart33DL, gMorphaTentaclePart34DL, gMorphaTentaclePart35DL,
      |     ^~~~~~~~~~~~~~~~~~~~~~~
/home/david/Documents/RockBox_Personal-master/devsrc/nano-soh-runtime/Shipwright/soh/src/overlays/actors/ovl_Boss_Mo/z_boss_mo.c:2467:5: note: (near initialization for 'sTentDLists[32]')
/home/david/Documents/RockBox_Personal-master/devsrc/nano-soh-runtime/Shipwright/soh/src/overlays/actors/ovl_Boss_Mo/z_boss_mo.c:2467:30: warning: initialization of 'Gfx *' from incompatible pointer type 'const char *' [-Wincompatible-pointer-types]
 2467 |     gMorphaTentaclePart32DL, gMorphaTentaclePart33DL, gMorphaTentaclePart34DL, gMorphaTentaclePart35DL,
      |                              ^~~~~~~~~~~~~~~~~~~~~~~
/home/david/Documents/RockBox_Personal-master/devsrc/nano-soh-runtime/Shipwright/soh/src/overlays/actors/ovl_Boss_Mo/z_boss_mo.c:2467:30: note: (near initialization for 'sTentDLists[33]')
/home/david/Documents/RockBox_Personal-master/devsrc/nano-soh-runtime/Shipwright/soh/src/overlays/actors/ovl_Boss_Mo/z_boss_mo.c:2467:55: warning: initialization of 'Gfx *' from incompatible pointer type 'const char *' [-Wincompatible-pointer-types]
 2467 |     gMorphaTentaclePart32DL, gMorphaTentaclePart33DL, gMorphaTentaclePart34DL, gMorphaTentaclePart35DL,
      |                                                       ^~~~~~~~~~~~~~~~~~~~~~~
/home/david/Documents/RockBox_Personal-master/devsrc/nano-soh-runtime/Shipwright/soh/src/overlays/actors/ovl_Boss_Mo/z_boss_mo.c:2467:55: note: (near initialization for 'sTentDLists[34]')
/home/david/Documents/RockBox_Personal-master/devsrc/nano-soh-runtime/Shipwright/soh/src/overlays/actors/ovl_Boss_Mo/z_boss_mo.c:2467:80: warning: initialization of 'Gfx *' from incompatible pointer type 'const char *' [-Wincompatible-pointer-types]
 2467 |     gMorphaTentaclePart32DL, gMorphaTentaclePart33DL, gMorphaTentaclePart34DL, gMorphaTentaclePart35DL,
      |                                                                                ^~~~~~~~~~~~~~~~~~~~~~~
/home/david/Documents/RockBox_Personal-master/devsrc/nano-soh-runtime/Shipwright/soh/src/overlays/actors/ovl_Boss_Mo/z_boss_mo.c:2467:80: note: (near initialization for 'sTentDLists[35]')
/home/david/Documents/RockBox_Personal-master/devsrc/nano-soh-runtime/Shipwright/soh/src/overlays/actors/ovl_Boss_Mo/z_boss_mo.c:2468:5: warning: initialization of 'Gfx *' from incompatible pointer type 'const char *' [-Wincompatible-pointer-types]
 2468 |     gMorphaTentaclePart36DL, gMorphaTentaclePart37DL, gMorphaTentaclePart38DL, gMorphaTentaclePart39DL,
      |     ^~~~~~~~~~~~~~~~~~~~~~~
/home/david/Documents/RockBox_Personal-master/devsrc/nano-soh-runtime/Shipwright/soh/src/overlays/actors/ovl_Boss_Mo/z_boss_mo.c:2468:5: note: (near initialization for 'sTentDLists[36]')
/home/david/Documents/RockBox_Personal-master/devsrc/nano-soh-runtime/Shipwright/soh/src/overlays/actors/ovl_Boss_Mo/z_boss_mo.c:2468:30: warning: initialization of 'Gfx *' from incompatible pointer type 'const char *' [-Wincompatible-pointer-types]
 2468 |     gMorphaTentaclePart36DL, gMorphaTentaclePart37DL, gMorphaTentaclePart38DL, gMorphaTentaclePart39DL,
      |                              ^~~~~~~~~~~~~~~~~~~~~~~
/home/david/Documents/RockBox_Personal-master/devsrc/nano-soh-runtime/Shipwright/soh/src/overlays/actors/ovl_Boss_Mo/z_boss_mo.c:2468:30: note: (near initialization for 'sTentDLists[37]')
/home/david/Documents/RockBox_Personal-master/devsrc/nano-soh-runtime/Shipwright/soh/src/overlays/actors/ovl_Boss_Mo/z_boss_mo.c:2468:55: warning: initialization of 'Gfx *' from incompatible pointer type 'const char *' [-Wincompatible-pointer-types]
 2468 |     gMorphaTentaclePart36DL, gMorphaTentaclePart37DL, gMorphaTentaclePart38DL, gMorphaTentaclePart39DL,
      |                                                       ^~~~~~~~~~~~~~~~~~~~~~~
/home/david/Documents/RockBox_Personal-master/devsrc/nano-soh-runtime/Shipwright/soh/src/overlays/actors/ovl_Boss_Mo/z_boss_mo.c:2468:55: note: (near initialization for 'sTentDLists[38]')
/home/david/Documents/RockBox_Personal-master/devsrc/nano-soh-runtime/Shipwright/soh/src/overlays/actors/ovl_Boss_Mo/z_boss_mo.c:2468:80: warning: initialization of 'Gfx *' from incompatible pointer type 'const char *' [-Wincompatible-pointer-types]
 2468 |     gMorphaTentaclePart36DL, gMorphaTentaclePart37DL, gMorphaTentaclePart38DL, gMorphaTentaclePart39DL,
      |                                                                                ^~~~~~~~~~~~~~~~~~~~~~~
/home/david/Documents/RockBox_Personal-master/devsrc/nano-soh-runtime/Shipwright/soh/src/overlays/actors/ovl_Boss_Mo/z_boss_mo.c:2468:80: note: (near initialization for 'sTentDLists[39]')
/home/david/Documents/RockBox_Personal-master/devsrc/nano-soh-runtime/Shipwright/soh/src/overlays/actors/ovl_Boss_Mo/z_boss_mo.c:2469:5: warning: initialization of 'Gfx *' from incompatible pointer type 'const char *' [-Wincompatible-pointer-types]
 2469 |     gMorphaTentaclePart40DL,
      |     ^~~~~~~~~~~~~~~~~~~~~~~
/home/david/Documents/RockBox_Personal-master/devsrc/nano-soh-runtime/Shipwright/soh/src/overlays/actors/ovl_Boss_Mo/z_boss_mo.c:2469:5: note: (near initialization for 'sTentDLists[40]')
/home/david/Documents/RockBox_Personal-master/devsrc/nano-soh-runtime/Shipwright/soh/src/overlays/actors/ovl_Boss_Mo/z_boss_mo.c: In function 'BossMo_DrawTentacle':
/home/david/Documents/RockBox_Personal-master/devsrc/nano-soh-runtime/Shipwright/soh/src/overlays/actors/ovl_Boss_Mo/z_boss_mo.c:2492:39: warning: passing argument 3 of 'gSPSegment' makes integer from pointer without a cast [-Wint-conversion]
 2492 |     gSPSegment(POLY_XLU_DISP++, 0x0C, matrix);
      |                                       ^~~~~~
      |                                       |
      |                                       Mtx * {aka MtxS *}
/home/david/Documents/RockBox_Personal-master/devsrc/nano-soh-runtime/Shipwright/soh/include/functions.h:22:52: note: expected 'uintptr_t' {aka 'unsigned int'} but argument is of type 'Mtx *' {aka 'MtxS *'}
   22 | void gSPSegment(void* value, int segNum, uintptr_t target);
      |                                          ~~~~~~~~~~^~~~~~
/home/david/Documents/RockBox_Personal-master/devsrc/nano-soh-runtime/Shipwright/soh/src/overlays/actors/ovl_Boss_Mo/z_boss_mo.c:2543:45: warning: passing argument 2 of 'gSPDisplayList' from incompatible pointer type [-Wincompatible-pointer-types]
 2543 |             gSPDisplayList(POLY_XLU_DISP++, gMorphaTentacleBaseDL);
      |                                             ^~~~~~~~~~~~~~~~~~~~~
      |                                             |
      |                                             const char *
/home/david/Documents/RockBox_Personal-master/devsrc/nano-soh-runtime/Shipwright/soh/include/functions.h:24:36: note: expected 'Gfx *' but argument is of type 'const char *'
   24 | void gSPDisplayList(Gfx* pkt, Gfx* dl);
      |                               ~~~~~^~
/home/david/Documents/RockBox_Personal-master/devsrc/nano-soh-runtime/Shipwright/soh/src/overlays/actors/ovl_Boss_Mo/z_boss_mo.c:2569:45: warning: passing argument 2 of 'gSPDisplayList' from incompatible pointer type [-Wincompatible-pointer-types]
 2569 |             gSPDisplayList(POLY_OPA_DISP++, gMorphaBubbleDL);
      |                                             ^~~~~~~~~~~~~~~
      |                                             |
      |                                             const char *
/home/david/Documents/RockBox_Personal-master/devsrc/nano-soh-runtime/Shipwright/soh/include/functions.h:24:36: note: expected 'Gfx *' but argument is of type 'const char *'
   24 | void gSPDisplayList(Gfx* pkt, Gfx* dl);
      |                               ~~~~~^~
/home/david/Documents/RockBox_Personal-master/devsrc/nano-soh-runtime/Shipwright/soh/src/overlays/actors/ovl_Boss_Mo/z_boss_mo.c: In function 'BossMo_DrawWater':
/home/david/Documents/RockBox_Personal-master/devsrc/nano-soh-runtime/Shipwright/soh/src/overlays/actors/ovl_Boss_Mo/z_boss_mo.c:2617:16: warning: passing argument 3 of 'gSPSegment' makes integer from pointer without a cast [-Wint-conversion]
 2617 |                Gfx_TwoTexScrollEx(play->state.gfxCtx, 0, (s16)this->waterTex1x, (s16)this->waterTex1y, 32, 32, 1,
      |                ^~~~~~~~~~~~~~~~~~~~~~~~~~~~~~~~~~~~~~~~~~~~~~~~~~~~~~~~~~~~~~~~~~~~~~~~~~~~~~~~~~~~~~~~~~~~~~~~~~
      |                |
      |                Gfx *
 2618 |                                   (s16)this->waterTex2x, (s16)this->waterTex2y, 32, 32, -1, -1, 0, 1));
      |                                   ~~~~~~~~~~~~~~~~~~~~~~~~~~~~~~~~~~~~~~~~~~~~~~~~~~~~~~~~~~~~~~~~~~~
/home/david/Documents/RockBox_Personal-master/devsrc/nano-soh-runtime/Shipwright/soh/include/functions.h:22:52: note: expected 'uintptr_t' {aka 'unsigned int'} but argument is of type 'Gfx *'
   22 | void gSPSegment(void* value, int segNum, uintptr_t target);
      |                                          ~~~~~~~~~~^~~~~~
/home/david/Documents/RockBox_Personal-master/devsrc/nano-soh-runtime/Shipwright/soh/src/overlays/actors/ovl_Boss_Mo/z_boss_mo.c:2629:37: warning: passing argument 2 of 'gSPDisplayList' from incompatible pointer type [-Wincompatible-pointer-types]
 2629 |     gSPDisplayList(POLY_XLU_DISP++, gMorphaWaterDL);
      |                                     ^~~~~~~~~~~~~~
      |                                     |
      |                                     const char *
/home/david/Documents/RockBox_Personal-master/devsrc/nano-soh-runtime/Shipwright/soh/include/functions.h:24:36: note: expected 'Gfx *' but argument is of type 'const char *'
   24 | void gSPDisplayList(Gfx* pkt, Gfx* dl);
      |                               ~~~~~^~
/home/david/Documents/RockBox_Personal-master/devsrc/nano-soh-runtime/Shipwright/soh/src/overlays/actors/ovl_Boss_Mo/z_boss_mo.c: In function 'BossMo_DrawCore':
/home/david/Documents/RockBox_Personal-master/devsrc/nano-soh-runtime/Shipwright/soh/src/overlays/actors/ovl_Boss_Mo/z_boss_mo.c:2647:20: warning: passing argument 3 of 'gSPSegment' makes integer from pointer without a cast [-Wint-conversion]
 2647 |                    Gfx_TwoTexScrollEx(play->state.gfxCtx, 0, sMorphaTent1->work[MO_TENT_VAR_TIMER] * 3,
      |                    ^~~~~~~~~~~~~~~~~~~~~~~~~~~~~~~~~~~~~~~~~~~~~~~~~~~~~~~~~~~~~~~~~~~~~~~~~~~~~~~~~~~~
      |                    |
      |                    Gfx *
 2648 |                                       sMorphaTent1->work[MO_TENT_VAR_TIMER] * 3, 32, 32, 1,
      |                                       ~~~~~~~~~~~~~~~~~~~~~~~~~~~~~~~~~~~~~~~~~~~~~~~~~~~~~
 2649 |                                       sMorphaTent1->work[MO_TENT_VAR_TIMER] * -3,
      |                                       ~~~~~~~~~~~~~~~~~~~~~~~~~~~~~~~~~~~~~~~~~~~
 2650 |                                       sMorphaTent1->work[MO_TENT_VAR_TIMER] * -3, 32, 32, 3, 3, -3, -3));
      |                                       ~~~~~~~~~~~~~~~~~~~~~~~~~~~~~~~~~~~~~~~~~~~~~~~~~~~~~~~~~~~~~~~~~
/home/david/Documents/RockBox_Personal-master/devsrc/nano-soh-runtime/Shipwright/soh/include/functions.h:22:52: note: expected 'uintptr_t' {aka 'unsigned int'} but argument is of type 'Gfx *'
   22 | void gSPSegment(void* value, int segNum, uintptr_t target);
      |                                          ~~~~~~~~~~^~~~~~
/home/david/Documents/RockBox_Personal-master/devsrc/nano-soh-runtime/Shipwright/soh/src/overlays/actors/ovl_Boss_Mo/z_boss_mo.c:2652:20: warning: passing argument 3 of 'gSPSegment' makes integer from pointer without a cast [-Wint-conversion]
 2652 |                    Gfx_TwoTexScrollEx(play->state.gfxCtx, 0, sMorphaTent1->work[MO_TENT_VAR_TIMER] * 5, 0, 32, 32, 1, 0,
      |                    ^~~~~~~~~~~~~~~~~~~~~~~~~~~~~~~~~~~~~~~~~~~~~~~~~~~~~~~~~~~~~~~~~~~~~~~~~~~~~~~~~~~~~~~~~~~~~~~~~~~~~
      |                    |
      |                    Gfx *
 2653 |                                       sMorphaTent1->work[MO_TENT_VAR_TIMER] * -10, 32, 32, 5, 0, 0, -10));
      |                                       ~~~~~~~~~~~~~~~~~~~~~~~~~~~~~~~~~~~~~~~~~~~~~~~~~~~~~~~~~~~~~~~~~~
/home/david/Documents/RockBox_Personal-master/devsrc/nano-soh-runtime/Shipwright/soh/include/functions.h:22:52: note: expected 'uintptr_t' {aka 'unsigned int'} but argument is of type 'Gfx *'
   22 | void gSPSegment(void* value, int segNum, uintptr_t target);
      |                                          ~~~~~~~~~~^~~~~~
/home/david/Documents/RockBox_Personal-master/devsrc/nano-soh-runtime/Shipwright/soh/src/overlays/actors/ovl_Boss_Mo/z_boss_mo.c:2663:62: warning: passing argument 2 of 'gSPDisplayList' from incompatible pointer type [-Wincompatible-pointer-types]
 2663 |         gSPDisplayList(POLY_XLU_DISP++, SEGMENTED_TO_VIRTUAL(gMorphaCoreMembraneDL));
      |                                                              ^~~~~~~~~~~~~~~~~~~~~
      |                                                              |
      |                                                              const char *
/home/david/Documents/RockBox_Personal-master/devsrc/nano-soh-runtime/Shipwright/soh/include/macros.h:37:36: note: in definition of macro 'SEGMENTED_TO_VIRTUAL'
   37 | #define SEGMENTED_TO_VIRTUAL(addr) addr
      |                                    ^~~~
/home/david/Documents/RockBox_Personal-master/devsrc/nano-soh-runtime/Shipwright/soh/include/functions.h:24:36: note: expected 'Gfx *' but argument is of type 'const char *'
   24 | void gSPDisplayList(Gfx* pkt, Gfx* dl);
      |                               ~~~~~^~
/home/david/Documents/RockBox_Personal-master/devsrc/nano-soh-runtime/Shipwright/soh/src/overlays/actors/ovl_Boss_Mo/z_boss_mo.c:2673:62: warning: passing argument 2 of 'gSPDisplayList' from incompatible pointer type [-Wincompatible-pointer-types]
 2673 |         gSPDisplayList(POLY_XLU_DISP++, SEGMENTED_TO_VIRTUAL(gMorphaCoreNucleusDL));
      |                                                              ^~~~~~~~~~~~~~~~~~~~
      |                                                              |
      |                                                              const char *
/home/david/Documents/RockBox_Personal-master/devsrc/nano-soh-runtime/Shipwright/soh/include/macros.h:37:36: note: in definition of macro 'SEGMENTED_TO_VIRTUAL'
   37 | #define SEGMENTED_TO_VIRTUAL(addr) addr
      |                                    ^~~~
/home/david/Documents/RockBox_Personal-master/devsrc/nano-soh-runtime/Shipwright/soh/include/functions.h:24:36: note: expected 'Gfx *' but argument is of type 'const char *'
   24 | void gSPDisplayList(Gfx* pkt, Gfx* dl);
      |                               ~~~~~^~
/home/david/Documents/RockBox_Personal-master/devsrc/nano-soh-runtime/Shipwright/soh/src/overlays/actors/ovl_Boss_Mo/z_boss_mo.c:2696:66: warning: passing argument 2 of 'gSPDisplayList' from incompatible pointer type [-Wincompatible-pointer-types]
 2696 |             gSPDisplayList(POLY_XLU_DISP++, SEGMENTED_TO_VIRTUAL(gCircleShadowDL));
      |                                                                  ^~~~~~~~~~~~~~~
      |                                                                  |
      |                                                                  const char *
/home/david/Documents/RockBox_Personal-master/devsrc/nano-soh-runtime/Shipwright/soh/include/macros.h:37:36: note: in definition of macro 'SEGMENTED_TO_VIRTUAL'
   37 | #define SEGMENTED_TO_VIRTUAL(addr) addr
      |                                    ^~~~
/home/david/Documents/RockBox_Personal-master/devsrc/nano-soh-runtime/Shipwright/soh/include/functions.h:24:36: note: expected 'Gfx *' but argument is of type 'const char *'
   24 | void gSPDisplayList(Gfx* pkt, Gfx* dl);
      |                               ~~~~~^~
/home/david/Documents/RockBox_Personal-master/devsrc/nano-soh-runtime/Shipwright/soh/src/overlays/actors/ovl_Boss_Mo/z_boss_mo.c:2720:20: warning: passing argument 3 of 'gSPSegment' makes integer from pointer without a cast [-Wint-conversion]
 2720 |                    Gfx_TwoTexScrollEx(play->state.gfxCtx, 0, (s16)sMorphaTent1->waterTex1x,
      |                    ^~~~~~~~~~~~~~~~~~~~~~~~~~~~~~~~~~~~~~~~~~~~~~~~~~~~~~~~~~~~~~~~~~~~~~~~
      |                    |
      |                    Gfx *
 2721 |                                       (s16)sMorphaTent1->waterTex1y, 32, 32, 1, (s16)sMorphaTent1->waterTex2x,
      |                                       ~~~~~~~~~~~~~~~~~~~~~~~~~~~~~~~~~~~~~~~~~~~~~~~~~~~~~~~~~~~~~~~~~~~~~~~~
 2722 |                                       (s16)sMorphaTent1->waterTex2y, 32, 32, 0, 0, 0, 0));
      |                                       ~~~~~~~~~~~~~~~~~~~~~~~~~~~~~~~~~~~~~~~~~~~~~~~~~~
/home/david/Documents/RockBox_Personal-master/devsrc/nano-soh-runtime/Shipwright/soh/include/functions.h:22:52: note: expected 'uintptr_t' {aka 'unsigned int'} but argument is of type 'Gfx *'
   22 | void gSPSegment(void* value, int segNum, uintptr_t target);
      |                                          ~~~~~~~~~~^~~~~~
/home/david/Documents/RockBox_Personal-master/devsrc/nano-soh-runtime/Shipwright/soh/src/overlays/actors/ovl_Boss_Mo/z_boss_mo.c:2753:41: warning: passing argument 2 of 'gSPDisplayList' from incompatible pointer type [-Wincompatible-pointer-types]
 2753 |         gSPDisplayList(POLY_XLU_DISP++, gMorphaWaterDL);
      |                                         ^~~~~~~~~~~~~~
      |                                         |
      |                                         const char *
/home/david/Documents/RockBox_Personal-master/devsrc/nano-soh-runtime/Shipwright/soh/include/functions.h:24:36: note: expected 'Gfx *' but argument is of type 'const char *'
   24 | void gSPDisplayList(Gfx* pkt, Gfx* dl);
      |                               ~~~~~^~
/home/david/Documents/RockBox_Personal-master/devsrc/nano-soh-runtime/Shipwright/soh/src/overlays/actors/ovl_Boss_Mo/z_boss_mo.c: In function 'BossMo_DrawTent':
/home/david/Documents/RockBox_Personal-master/devsrc/nano-soh-runtime/Shipwright/soh/src/overlays/actors/ovl_Boss_Mo/z_boss_mo.c:2772:16: warning: passing argument 3 of 'gSPSegment' makes integer from pointer without a cast [-Wint-conversion]
 2772 |                Gfx_TwoTexScrollEx(play->state.gfxCtx, 0, this->work[MO_TENT_BASE_TEX1_X],
      |                ^~~~~~~~~~~~~~~~~~~~~~~~~~~~~~~~~~~~~~~~~~~~~~~~~~~~~~~~~~~~~~~~~~~~~~~~~~
      |                |
      |                Gfx *
 2773 |                                   this->work[MO_TENT_BASE_TEX1_Y], 32, 32, 1, this->work[MO_TENT_BASE_TEX2_X],
      |                                   ~~~~~~~~~~~~~~~~~~~~~~~~~~~~~~~~~~~~~~~~~~~~~~~~~~~~~~~~~~~~~~~~~~~~~~~~~~~~
 2774 |                                   this->work[MO_TENT_BASE_TEX2_Y], 32, 32, 1, 1, 1, 1));
      |                                   ~~~~~~~~~~~~~~~~~~~~~~~~~~~~~~~~~~~~~~~~~~~~~~~~~~~~
/home/david/Documents/RockBox_Personal-master/devsrc/nano-soh-runtime/Shipwright/soh/include/functions.h:22:52: note: expected 'uintptr_t' {aka 'unsigned int'} but argument is of type 'Gfx *'
   22 | void gSPSegment(void* value, int segNum, uintptr_t target);
      |                                          ~~~~~~~~~~^~~~~~
/home/david/Documents/RockBox_Personal-master/devsrc/nano-soh-runtime/Shipwright/soh/src/overlays/actors/ovl_Boss_Mo/z_boss_mo.c: In function 'BossMo_DrawEffects':
/home/david/Documents/RockBox_Personal-master/devsrc/nano-soh-runtime/Shipwright/soh/src/overlays/actors/ovl_Boss_Mo/z_boss_mo.c:2966:45: warning: passing argument 2 of 'gSPDisplayList' from incompatible pointer type [-Wincompatible-pointer-types]
 2966 |             gSPDisplayList(POLY_XLU_DISP++, gEffWaterRippleDL);
      |                                             ^~~~~~~~~~~~~~~~~
      |                                             |
      |                                             const char *
/home/david/Documents/RockBox_Personal-master/devsrc/nano-soh-runtime/Shipwright/soh/include/functions.h:24:36: note: expected 'Gfx *' but argument is of type 'const char *'
   24 | void gSPDisplayList(Gfx* pkt, Gfx* dl);
      |                               ~~~~~^~
/home/david/Documents/RockBox_Personal-master/devsrc/nano-soh-runtime/Shipwright/soh/src/overlays/actors/ovl_Boss_Mo/z_boss_mo.c:2990:45: warning: passing argument 2 of 'gSPDisplayList' from incompatible pointer type [-Wincompatible-pointer-types]
 2990 |             gSPDisplayList(POLY_XLU_DISP++, gEffShockwaveDL);
      |                                             ^~~~~~~~~~~~~~~
      |                                             |
      |                                             const char *
/home/david/Documents/RockBox_Personal-master/devsrc/nano-soh-runtime/Shipwright/soh/include/functions.h:24:36: note: expected 'Gfx *' but argument is of type 'const char *'
   24 | void gSPDisplayList(Gfx* pkt, Gfx* dl);
      |                               ~~~~~^~
/home/david/Documents/RockBox_Personal-master/devsrc/nano-soh-runtime/Shipwright/soh/src/overlays/actors/ovl_Boss_Mo/z_boss_mo.c:3004:72: warning: passing argument 3 of 'gSPSegment' makes integer from pointer without a cast [-Wint-conversion]
 3004 |                 gSPSegment(POLY_XLU_DISP++, 0x08, SEGMENTED_TO_VIRTUAL(gDust1Tex));
      |                                                                        ^~~~~~~~~
      |                                                                        |
      |                                                                        const char *
/home/david/Documents/RockBox_Personal-master/devsrc/nano-soh-runtime/Shipwright/soh/include/macros.h:37:36: note: in definition of macro 'SEGMENTED_TO_VIRTUAL'
   37 | #define SEGMENTED_TO_VIRTUAL(addr) addr
      |                                    ^~~~
/home/david/Documents/RockBox_Personal-master/devsrc/nano-soh-runtime/Shipwright/soh/include/functions.h:22:52: note: expected 'uintptr_t' {aka 'unsigned int'} but argument is of type 'const char *'
   22 | void gSPSegment(void* value, int segNum, uintptr_t target);
      |                                          ~~~~~~~~~~^~~~~~
/home/david/Documents/RockBox_Personal-master/devsrc/nano-soh-runtime/Shipwright/soh/src/overlays/actors/ovl_Boss_Mo/z_boss_mo.c:3005:49: warning: passing argument 2 of 'gSPDisplayList' from incompatible pointer type [-Wincompatible-pointer-types]
 3005 |                 gSPDisplayList(POLY_XLU_DISP++, gMorphaDropletMaterialDL);
      |                                                 ^~~~~~~~~~~~~~~~~~~~~~~~
      |                                                 |
      |                                                 const char *
/home/david/Documents/RockBox_Personal-master/devsrc/nano-soh-runtime/Shipwright/soh/include/functions.h:24:36: note: expected 'Gfx *' but argument is of type 'const char *'
   24 | void gSPDisplayList(Gfx* pkt, Gfx* dl);
      |                               ~~~~~^~
/home/david/Documents/RockBox_Personal-master/devsrc/nano-soh-runtime/Shipwright/soh/src/overlays/actors/ovl_Boss_Mo/z_boss_mo.c:3020:45: warning: passing argument 2 of 'gSPDisplayList' from incompatible pointer type [-Wincompatible-pointer-types]
 3020 |             gSPDisplayList(POLY_XLU_DISP++, gMorphaDropletModelDL);
      |                                             ^~~~~~~~~~~~~~~~~~~~~
      |                                             |
      |                                             const char *
/home/david/Documents/RockBox_Personal-master/devsrc/nano-soh-runtime/Shipwright/soh/include/functions.h:24:36: note: expected 'Gfx *' but argument is of type 'const char *'
   24 | void gSPDisplayList(Gfx* pkt, Gfx* dl);
      |                               ~~~~~^~
/home/david/Documents/RockBox_Personal-master/devsrc/nano-soh-runtime/Shipwright/soh/src/overlays/actors/ovl_Boss_Mo/z_boss_mo.c:3033:72: warning: passing argument 3 of 'gSPSegment' makes integer from pointer without a cast [-Wint-conversion]
 3033 |                 gSPSegment(POLY_XLU_DISP++, 0x08, SEGMENTED_TO_VIRTUAL(gDust1Tex));
      |                                                                        ^~~~~~~~~
      |                                                                        |
      |                                                                        const char *
/home/david/Documents/RockBox_Personal-master/devsrc/nano-soh-runtime/Shipwright/soh/include/macros.h:37:36: note: in definition of macro 'SEGMENTED_TO_VIRTUAL'
   37 | #define SEGMENTED_TO_VIRTUAL(addr) addr
      |                                    ^~~~
/home/david/Documents/RockBox_Personal-master/devsrc/nano-soh-runtime/Shipwright/soh/include/functions.h:22:52: note: expected 'uintptr_t' {aka 'unsigned int'} but argument is of type 'const char *'
   22 | void gSPSegment(void* value, int segNum, uintptr_t target);
      |                                          ~~~~~~~~~~^~~~~~
/home/david/Documents/RockBox_Personal-master/devsrc/nano-soh-runtime/Shipwright/soh/src/overlays/actors/ovl_Boss_Mo/z_boss_mo.c:3035:49: warning: passing argument 2 of 'gSPDisplayList' from incompatible pointer type [-Wincompatible-pointer-types]
 3035 |                 gSPDisplayList(POLY_XLU_DISP++, gMorphaDropletMaterialDL);
      |                                                 ^~~~~~~~~~~~~~~~~~~~~~~~
      |                                                 |
      |                                                 const char *
/home/david/Documents/RockBox_Personal-master/devsrc/nano-soh-runtime/Shipwright/soh/include/functions.h:24:36: note: expected 'Gfx *' but argument is of type 'const char *'
   24 | void gSPDisplayList(Gfx* pkt, Gfx* dl);
      |                               ~~~~~^~
/home/david/Documents/RockBox_Personal-master/devsrc/nano-soh-runtime/Shipwright/soh/src/overlays/actors/ovl_Boss_Mo/z_boss_mo.c:3047:45: warning: passing argument 2 of 'gSPDisplayList' from incompatible pointer type [-Wincompatible-pointer-types]
 3047 |             gSPDisplayList(POLY_XLU_DISP++, gMorphaWetSpotModelDL);
      |                                             ^~~~~~~~~~~~~~~~~~~~~
      |                                             |
      |                                             const char *
/home/david/Documents/RockBox_Personal-master/devsrc/nano-soh-runtime/Shipwright/soh/include/functions.h:24:36: note: expected 'Gfx *' but argument is of type 'const char *'
   24 | void gSPDisplayList(Gfx* pkt, Gfx* dl);
      |                               ~~~~~^~
/home/david/Documents/RockBox_Personal-master/devsrc/nano-soh-runtime/Shipwright/soh/src/overlays/actors/ovl_Boss_Mo/z_boss_mo.c:3072:45: warning: passing argument 2 of 'gSPDisplayList' from incompatible pointer type [-Wincompatible-pointer-types]
 3072 |             gSPDisplayList(POLY_OPA_DISP++, gMorphaBubbleDL);
      |                                             ^~~~~~~~~~~~~~~
      |                                             |
      |                                             const char *
/home/david/Documents/RockBox_Personal-master/devsrc/nano-soh-runtime/Shipwright/soh/include/functions.h:24:36: note: expected 'Gfx *' but argument is of type 'const char *'
   24 | void gSPDisplayList(Gfx* pkt, Gfx* dl);
      |                               ~~~~~^~
