Archive member included to satisfy reference by file (symbol)

/home/david/Documents/RockBox_Personal-master/build-sim-3g/apps/plugins/libplugin.a(pluginlib_actions.o)
                              /home/david/Documents/RockBox_Personal-master/build-sim-3g/apps/plugins/fire.o (pluginlib_getaction)
/home/david/Documents/RockBox_Personal-master/build-sim-3g/apps/plugins/libplugin.a(helper.o)
                              /home/david/Documents/RockBox_Personal-master/build-sim-3g/apps/plugins/fire.o (backlight_ignore_timeout)
/home/david/Documents/RockBox_Personal-master/build-sim-3g/apps/plugins/libplugin.a(grey_core.o)
                              /home/david/Documents/RockBox_Personal-master/build-sim-3g/apps/plugins/fire.o (grey_init)
/home/david/Documents/RockBox_Personal-master/build-sim-3g/apps/plugins/libplugin.a(grey_draw.o)
                              /home/david/Documents/RockBox_Personal-master/build-sim-3g/apps/plugins/libplugin.a(grey_core.o) (grey_ub_gray_bitmap_part)
/home/david/Documents/RockBox_Personal-master/build-sim-3g/apps/plugins/libplugin.a(grey_parm.o)
                              /home/david/Documents/RockBox_Personal-master/build-sim-3g/apps/plugins/fire.o (grey_set_position)
/home/david/Documents/RockBox_Personal-master/build-sim-3g/lib/libfixedpoint.a(fixedpoint.o)
                              /home/david/Documents/RockBox_Personal-master/build-sim-3g/apps/plugins/libplugin.a(grey_core.o) (fp16_log)

Merging object attributes


Merging program properties

Removed property 0xc0000002 to merge /usr/lib/gcc/x86_64-pc-linux-gnu/15.2.1/../../../../lib/crti.o (0x3) and /home/david/Documents/RockBox_Personal-master/build-sim-3g/apps/plugins/fire.o (not found)
Updated property 0xc0010002 (0x1) to merge /usr/lib/gcc/x86_64-pc-linux-gnu/15.2.1/../../../../lib/crti.o (0x1) and /usr/lib/gcc/x86_64-pc-linux-gnu/15.2.1/crtendS.o (0x0)
Removed property 0xc0000002 to merge /usr/lib/gcc/x86_64-pc-linux-gnu/15.2.1/../../../../lib/crti.o (not found) and /usr/lib/gcc/x86_64-pc-linux-gnu/15.2.1/crtendS.o (0x3)
Removed property 0xc0000002 to merge /usr/lib/gcc/x86_64-pc-linux-gnu/15.2.1/../../../../lib/crti.o (not found) and /usr/lib/gcc/x86_64-pc-linux-gnu/15.2.1/../../../../lib/crtn.o (0x3)

Discarded input sections

 .note.gnu.property
                0x0000000000000000       0x50 /usr/lib/gcc/x86_64-pc-linux-gnu/15.2.1/crtbeginS.o
 .note.gnu.property
                0x0000000000000000       0x30 /home/david/Documents/RockBox_Personal-master/build-sim-3g/apps/plugins/fire.o
 .note.gnu.property
                0x0000000000000000       0x30 /home/david/Documents/RockBox_Personal-master/build-sim-3g/apps/plugins/plugin_crt0.o
 .note.gnu.property
                0x0000000000000000       0x30 /home/david/Documents/RockBox_Personal-master/build-sim-3g/apps/plugins/libplugin.a(pluginlib_actions.o)
 .note.gnu.property
                0x0000000000000000       0x30 /home/david/Documents/RockBox_Personal-master/build-sim-3g/apps/plugins/libplugin.a(helper.o)
 .note.gnu.property
                0x0000000000000000       0x30 /home/david/Documents/RockBox_Personal-master/build-sim-3g/apps/plugins/libplugin.a(grey_core.o)
 .note.gnu.property
                0x0000000000000000       0x30 /home/david/Documents/RockBox_Personal-master/build-sim-3g/apps/plugins/libplugin.a(grey_draw.o)
 .note.gnu.property
                0x0000000000000000       0x30 /home/david/Documents/RockBox_Personal-master/build-sim-3g/apps/plugins/libplugin.a(grey_parm.o)
 .note.gnu.property
                0x0000000000000000       0x30 /home/david/Documents/RockBox_Personal-master/build-sim-3g/lib/libfixedpoint.a(fixedpoint.o)
 .note.gnu.property
                0x0000000000000000       0x50 /usr/lib/gcc/x86_64-pc-linux-gnu/15.2.1/crtendS.o
 .note.gnu.property
                0x0000000000000000       0x50 /usr/lib/gcc/x86_64-pc-linux-gnu/15.2.1/../../../../lib/crtn.o

Memory Configuration

Name             Origin             Length             Attributes
*default*        0x0000000000000000 0xffffffffffffffff

Linker script and memory map

LOAD /usr/lib/gcc/x86_64-pc-linux-gnu/15.2.1/../../../../lib/crti.o
LOAD /usr/lib/gcc/x86_64-pc-linux-gnu/15.2.1/crtbeginS.o
LOAD /home/david/Documents/RockBox_Personal-master/build-sim-3g/apps/plugins/fire.o
LOAD /home/david/Documents/RockBox_Personal-master/build-sim-3g/apps/plugins/plugin_crt0.o
LOAD /home/david/Documents/RockBox_Personal-master/build-sim-3g/apps/plugins/libplugin.a
LOAD /home/david/Documents/RockBox_Personal-master/build-sim-3g/apps/plugins/bitmaps/libpluginbitmaps.a
LOAD /home/david/Documents/RockBox_Personal-master/build-sim-3g/lib/libfixedpoint.a
LOAD /usr/lib/gcc/x86_64-pc-linux-gnu/15.2.1/libgcc.a
LOAD /usr/lib/gcc/x86_64-pc-linux-gnu/15.2.1/libgcc.a
LOAD /usr/lib/gcc/x86_64-pc-linux-gnu/15.2.1/../../../../lib/libgcc_s.so
START GROUP
LOAD /usr/lib/gcc/x86_64-pc-linux-gnu/15.2.1/../../../../lib/libgcc_s.so.1
LOAD /usr/lib/gcc/x86_64-pc-linux-gnu/15.2.1/libgcc.a
END GROUP
LOAD /usr/lib/gcc/x86_64-pc-linux-gnu/15.2.1/../../../../lib/libc.so
START GROUP
LOAD /usr/lib/libc.so.6
LOAD /usr/lib/libc_nonshared.a
LOAD /usr/lib/ld-linux-x86-64.so.2
END GROUP
LOAD /usr/lib/gcc/x86_64-pc-linux-gnu/15.2.1/libgcc.a
LOAD /usr/lib/gcc/x86_64-pc-linux-gnu/15.2.1/../../../../lib/libgcc_s.so
START GROUP
LOAD /usr/lib/gcc/x86_64-pc-linux-gnu/15.2.1/../../../../lib/libgcc_s.so.1
LOAD /usr/lib/gcc/x86_64-pc-linux-gnu/15.2.1/libgcc.a
END GROUP
LOAD /usr/lib/gcc/x86_64-pc-linux-gnu/15.2.1/crtendS.o
LOAD /usr/lib/gcc/x86_64-pc-linux-gnu/15.2.1/../../../../lib/crtn.o
                0x00000000000002a8                . = (SEGMENT_START ("text-segment", 0x0) + SIZEOF_HEADERS)

.note.gnu.build-id
                0x00000000000002a8       0x24
 *(.note.gnu.build-id)
 .note.gnu.build-id
                0x00000000000002a8       0x24 /usr/lib/gcc/x86_64-pc-linux-gnu/15.2.1/../../../../lib/crti.o

.hash
 *(.hash)

.gnu.hash       0x00000000000002d0       0x24
 *(.gnu.hash)
 .gnu.hash      0x00000000000002d0       0x24 /usr/lib/gcc/x86_64-pc-linux-gnu/15.2.1/../../../../lib/crti.o

.dynsym         0x00000000000002f8       0xf0
 *(.dynsym)
 .dynsym        0x00000000000002f8       0xf0 /usr/lib/gcc/x86_64-pc-linux-gnu/15.2.1/../../../../lib/crti.o

.dynstr         0x00000000000003e8       0xa3
 *(.dynstr)
 .dynstr        0x00000000000003e8       0xa3 /usr/lib/gcc/x86_64-pc-linux-gnu/15.2.1/../../../../lib/crti.o

.gnu.version    0x000000000000048c       0x14
 *(.gnu.version)
 .gnu.version   0x000000000000048c       0x14 /usr/lib/gcc/x86_64-pc-linux-gnu/15.2.1/../../../../lib/crti.o

.gnu.version_d  0x00000000000004a0        0x0
 *(.gnu.version_d)
 .gnu.version_d
                0x00000000000004a0        0x0 /usr/lib/gcc/x86_64-pc-linux-gnu/15.2.1/../../../../lib/crti.o

.gnu.version_r  0x00000000000004a0       0x30
 *(.gnu.version_r)
 .gnu.version_r
                0x00000000000004a0       0x30 /usr/lib/gcc/x86_64-pc-linux-gnu/15.2.1/../../../../lib/crti.o

.rela.dyn       0x00000000000004d0      0x1f8
 *(.rela.init)
 *(.rela.text .rela.text.* .rela.gnu.linkonce.t.*)
 .rela.text     0x00000000000004d0        0x0 /usr/lib/gcc/x86_64-pc-linux-gnu/15.2.1/../../../../lib/crti.o
 .rela.text.startup
                0x00000000000004d0        0x0 /usr/lib/gcc/x86_64-pc-linux-gnu/15.2.1/../../../../lib/crti.o
 *(.rela.fini)
 *(.rela.rodata .rela.rodata.* .rela.gnu.linkonce.r.*)
 *(.rela.data .rela.data.* .rela.gnu.linkonce.d.*)
 .rela.data.rel.local
                0x00000000000004d0       0x18 /usr/lib/gcc/x86_64-pc-linux-gnu/15.2.1/../../../../lib/crti.o
 .rela.data.rel
                0x00000000000004e8       0x18 /usr/lib/gcc/x86_64-pc-linux-gnu/15.2.1/../../../../lib/crti.o
 .rela.data.rel.ro.local
                0x0000000000000500      0x138 /usr/lib/gcc/x86_64-pc-linux-gnu/15.2.1/../../../../lib/crti.o
 *(.rela.tdata .rela.tdata.* .rela.gnu.linkonce.td.*)
 *(.rela.tbss .rela.tbss.* .rela.gnu.linkonce.tb.*)
 *(.rela.ctors)
 *(.rela.dtors)
 *(.rela.got)
 .rela.got      0x0000000000000638       0x60 /usr/lib/gcc/x86_64-pc-linux-gnu/15.2.1/../../../../lib/crti.o
 *(.rela.tls)
 .rela.tls      0x0000000000000698        0x0 /usr/lib/gcc/x86_64-pc-linux-gnu/15.2.1/../../../../lib/crti.o
 *(.rela.bss .rela.bss.* .rela.gnu.linkonce.b.*)
 *(.rela.ldata .rela.ldata.* .rela.gnu.linkonce.l.*)
 *(.rela.lbss .rela.lbss.* .rela.gnu.linkonce.lb.*)
 *(.rela.lrodata .rela.lrodata.* .rela.gnu.linkonce.lr.*)
 *(.rela.ifunc)
 .rela.ifunc    0x0000000000000698        0x0 /usr/lib/gcc/x86_64-pc-linux-gnu/15.2.1/../../../../lib/crti.o
 .rela.fini_array
                0x0000000000000698       0x18 /usr/lib/gcc/x86_64-pc-linux-gnu/15.2.1/../../../../lib/crti.o
 .rela.init_array
                0x00000000000006b0       0x18 /usr/lib/gcc/x86_64-pc-linux-gnu/15.2.1/../../../../lib/crti.o

.rela.plt       0x00000000000006c8       0x60
 *(.rela.plt)
 .rela.plt      0x00000000000006c8       0x60 /usr/lib/gcc/x86_64-pc-linux-gnu/15.2.1/../../../../lib/crti.o
 *(.rela.iplt)

.relr.dyn
 *(.relr.dyn)
                0x0000000000001000                . = ALIGN (CONSTANT (MAXPAGESIZE))

.init           0x0000000000001000       0x1b
 *(SORT_NONE(.init))
 .init          0x0000000000001000       0x16 /usr/lib/gcc/x86_64-pc-linux-gnu/15.2.1/../../../../lib/crti.o
                0x0000000000001000                _init
 .init          0x0000000000001016        0x5 /usr/lib/gcc/x86_64-pc-linux-gnu/15.2.1/../../../../lib/crtn.o

.plt            0x0000000000001020       0x50
 *(.plt)
 .plt           0x0000000000001020       0x50 /usr/lib/gcc/x86_64-pc-linux-gnu/15.2.1/../../../../lib/crti.o
 *(.iplt)

.plt.got        0x0000000000001070        0x0
 *(.plt.got)
 .plt.got       0x0000000000001070        0x0 /usr/lib/gcc/x86_64-pc-linux-gnu/15.2.1/../../../../lib/crti.o

.plt.sec
 *(.plt.sec)

.text           0x0000000000001070     0x221d
 *(.text.unlikely .text.*_unlikely .text.unlikely.*)
 *(.text.exit .text.exit.*)
 *(.text.startup .text.startup.*)
 .text.startup  0x0000000000001070      0x369 /home/david/Documents/RockBox_Personal-master/build-sim-3g/apps/plugins/fire.o
                0x0000000000001070                main
 *(.text.hot .text.hot.*)
 *(SORT_BY_NAME(.text.sorted.*))
 *(.text .stub .text.* .gnu.linkonce.t.*)
 .text          0x00000000000013d9        0x0 /usr/lib/gcc/x86_64-pc-linux-gnu/15.2.1/../../../../lib/crti.o
 *fill*         0x00000000000013d9        0x7 
 .text          0x00000000000013e0       0xc9 /usr/lib/gcc/x86_64-pc-linux-gnu/15.2.1/crtbeginS.o
 .text          0x00000000000014a9       0x6d /home/david/Documents/RockBox_Personal-master/build-sim-3g/apps/plugins/fire.o
                0x00000000000014ed                plugin_start
 .text          0x0000000000001516       0xe3 /home/david/Documents/RockBox_Personal-master/build-sim-3g/apps/plugins/plugin_crt0.o
                0x0000000000001525                plugin__start
                0x0000000000001579                rb_atexit
                0x0000000000001592                exit
                0x00000000000015ab                _exit
                0x00000000000015ba                exit_on_usb
 .text          0x00000000000015f9       0x5f /home/david/Documents/RockBox_Personal-master/build-sim-3g/apps/plugins/libplugin.a(pluginlib_actions.o)
                0x0000000000001622                pluginlib_getaction
 .text          0x0000000000001658       0xf2 /home/david/Documents/RockBox_Personal-master/build-sim-3g/apps/plugins/libplugin.a(helper.o)
                0x0000000000001658                talk_val
                0x0000000000001670                backlight_force_on
                0x0000000000001692                backlight_ignore_timeout
                0x00000000000016d0                backlight_use_settings
                0x0000000000001702                sw_poweroff_disable
                0x0000000000001728                sw_poweroff_restore
                0x000000000000173f                remote_backlight_force_on
                0x0000000000001740                remote_backlight_ignore_timeout
                0x0000000000001741                remote_backlight_use_settings
                0x0000000000001742                buttonlight_force_on
                0x0000000000001743                buttonlight_force_off
                0x0000000000001744                buttonlight_ignore_timeout
                0x0000000000001745                buttonlight_use_settings
                0x0000000000001746                backlight_brightness_set
                0x0000000000001747                backlight_brightness_use_setting
                0x0000000000001748                buttonlight_brightness_set
                0x0000000000001749                buttonlight_brightness_use_setting
 .text          0x000000000000174a      0x559 /home/david/Documents/RockBox_Personal-master/build-sim-3g/apps/plugins/libplugin.a(grey_core.o)
                0x000000000000194b                grey_init
                0x0000000000001ab4                grey_show
                0x0000000000001b58                grey_release
                0x0000000000001b5f                grey_update_rect
                0x0000000000001b8b                grey_update
                0x0000000000001bb3                grey_deferred_lcd_update
 .text          0x0000000000001ca3      0xd3c /home/david/Documents/RockBox_Personal-master/build-sim-3g/apps/plugins/libplugin.a(grey_draw.o)
                0x0000000000001d26                grey_clear_display
                0x0000000000001d5e                grey_drawpixel
                0x0000000000001dae                grey_drawline
                0x0000000000001f49                grey_hline
                0x0000000000002030                grey_vline
                0x00000000000020df                grey_filltriangle
                0x0000000000002258                grey_drawrect
                0x00000000000022ab                grey_fillrect
                0x00000000000023cd                grey_clear_viewport
                0x00000000000023fe                grey_mono_bitmap_part
                0x00000000000025f5                grey_mono_bitmap
                0x000000000000260a                grey_gray_bitmap_part
                0x0000000000002717                grey_gray_bitmap
                0x000000000000272f                grey_putsxyofs
                0x0000000000002818                grey_putsxy
                0x0000000000002822                grey_ub_clear_display
                0x000000000000287f                grey_ub_gray_bitmap_part
                0x00000000000029c7                grey_ub_gray_bitmap
 .text          0x00000000000029df      0x2ab /home/david/Documents/RockBox_Personal-master/build-sim-3g/apps/plugins/libplugin.a(grey_parm.o)
                0x0000000000002a4f                grey_set_position
                0x0000000000002a8b                grey_set_drawmode
                0x0000000000002aa0                grey_get_drawmode
                0x0000000000002ab2                grey_set_foreground
                0x0000000000002ac4                grey_get_foreground
                0x0000000000002ad6                grey_set_background
                0x0000000000002ae8                grey_get_background
                0x0000000000002afa                grey_set_drawinfo
                0x0000000000002b14                grey_setfont
                0x0000000000002b26                grey_getstringsize
                0x0000000000002b47                grey_set_viewport
                0x0000000000002b76                grey_viewport_set_fullscreen
                0x0000000000002bc4                grey_viewport_set_pos
                0x0000000000002c05                grey_framebuffer_set_pos
                0x0000000000002c56                grey_set_framebuffer
 .text          0x0000000000002c8a      0x603 /home/david/Documents/RockBox_Personal-master/build-sim-3g/lib/libfixedpoint.a(fixedpoint.o)
                0x0000000000002c8a                fp_sincos
                0x0000000000002d17                fp_sqrt
                0x0000000000002dba                ipow
                0x0000000000002df0                fp14_sin
                0x0000000000002e50                fp14_cos
                0x0000000000002eb7                fp16_log
                0x0000000000002f8d                fp16_exp
                0x0000000000003065                fp_exp10
                0x00000000000031c5                fp_log10
                0x0000000000003252                fp_decibels
                0x0000000000003270                fp_factor
 .text          0x000000000000328d        0x0 /usr/lib/gcc/x86_64-pc-linux-gnu/15.2.1/crtendS.o
 .text          0x000000000000328d        0x0 /usr/lib/gcc/x86_64-pc-linux-gnu/15.2.1/../../../../lib/crtn.o
 *(.gnu.warning)

.fini           0x0000000000003290        0xd
 *(SORT_NONE(.fini))
 .fini          0x0000000000003290        0x8 /usr/lib/gcc/x86_64-pc-linux-gnu/15.2.1/../../../../lib/crti.o
                0x0000000000003290                _fini
 .fini          0x0000000000003298        0x5 /usr/lib/gcc/x86_64-pc-linux-gnu/15.2.1/../../../../lib/crtn.o
                [!provide]                        PROVIDE (__etext = .)
                [!provide]                        PROVIDE (_etext = .)
                [!provide]                        PROVIDE (etext = .)
                0x0000000000004000                . = ALIGN (CONSTANT (MAXPAGESIZE))
                0x0000000000004000                . = SEGMENT_START ("rodata-segment", (ALIGN (CONSTANT (MAXPAGESIZE)) + (. & (CONSTANT (MAXPAGESIZE) - 0x1))))

.rodata         0x0000000000004000      0x460
 *(.rodata .rodata.* .gnu.linkonce.r.*)
 .rodata.str1.1
                0x0000000000004000       0x12 /home/david/Documents/RockBox_Personal-master/build-sim-3g/apps/plugins/fire.o
 *fill*         0x0000000000004012        0x2 
 .rodata        0x0000000000004014       0x40 /home/david/Documents/RockBox_Personal-master/build-sim-3g/apps/plugins/fire.o
 *fill*         0x0000000000004054        0xc 
 .rodata        0x0000000000004060       0xd8 /home/david/Documents/RockBox_Personal-master/build-sim-3g/apps/plugins/libplugin.a(pluginlib_actions.o)
                0x0000000000004060                pla_main_ctx
 *fill*         0x0000000000004138        0x8 
 .rodata        0x0000000000004140      0x160 /home/david/Documents/RockBox_Personal-master/build-sim-3g/apps/plugins/libplugin.a(grey_core.o)
 .rodata        0x00000000000042a0      0x1c0 /home/david/Documents/RockBox_Personal-master/build-sim-3g/lib/libfixedpoint.a(fixedpoint.o)

.rodata1
 *(.rodata1)

.eh_frame_hdr   0x0000000000004460      0x2dc
 *(.eh_frame_hdr)
 .eh_frame_hdr  0x0000000000004460      0x2dc /home/david/Documents/RockBox_Personal-master/build-sim-3g/apps/plugins/fire.o
                0x0000000000004460                __GNU_EH_FRAME_HDR
 *(.eh_frame_entry .eh_frame_entry.*)

.eh_frame       0x0000000000004740      0xb38
 *(.eh_frame)
 .eh_frame      0x0000000000004740       0x40 /usr/lib/gcc/x86_64-pc-linux-gnu/15.2.1/../../../../lib/crti.o
 .eh_frame      0x0000000000004780        0x0 /usr/lib/gcc/x86_64-pc-linux-gnu/15.2.1/../../../../lib/crti.o
 .eh_frame      0x0000000000004780       0xa8 /home/david/Documents/RockBox_Personal-master/build-sim-3g/apps/plugins/fire.o
                                         0xc0 (size before relaxing)
 .eh_frame      0x0000000000004828       0x88 /home/david/Documents/RockBox_Personal-master/build-sim-3g/apps/plugins/plugin_crt0.o
                                         0xa0 (size before relaxing)
 .eh_frame      0x00000000000048b0       0x28 /home/david/Documents/RockBox_Personal-master/build-sim-3g/apps/plugins/libplugin.a(pluginlib_actions.o)
                                         0x40 (size before relaxing)
 .eh_frame      0x00000000000048d8      0x178 /home/david/Documents/RockBox_Personal-master/build-sim-3g/apps/plugins/libplugin.a(helper.o)
                                        0x190 (size before relaxing)
 .eh_frame      0x0000000000004a50      0x1a0 /home/david/Documents/RockBox_Personal-master/build-sim-3g/apps/plugins/libplugin.a(grey_core.o)
                                        0x1b8 (size before relaxing)
 .eh_frame      0x0000000000004bf0      0x428 /home/david/Documents/RockBox_Personal-master/build-sim-3g/apps/plugins/libplugin.a(grey_draw.o)
                                        0x440 (size before relaxing)
 .eh_frame      0x0000000000005018      0x148 /home/david/Documents/RockBox_Personal-master/build-sim-3g/apps/plugins/libplugin.a(grey_parm.o)
                                        0x160 (size before relaxing)
 .eh_frame      0x0000000000005160      0x114 /home/david/Documents/RockBox_Personal-master/build-sim-3g/lib/libfixedpoint.a(fixedpoint.o)
                                        0x130 (size before relaxing)
 .eh_frame      0x0000000000005274        0x4 /usr/lib/gcc/x86_64-pc-linux-gnu/15.2.1/crtendS.o
 *(.eh_frame.*)

.sframe
 *(.sframe)
 *(.sframe.*)

.gcc_except_table
 *(.gcc_except_table .gcc_except_table.*)

.gnu_extab
 *(.gnu_extab*)

.exception_ranges
 *(.exception_ranges*)

.note.build-id
 *(.note.build-id)

.note.GNU-stack
                0x0000000000005278        0x0
 *(.note.GNU-stack)
 .note.GNU-stack
                0x0000000000005278        0x0 /usr/lib/gcc/x86_64-pc-linux-gnu/15.2.1/../../../../lib/crti.o
 .note.GNU-stack
                0x0000000000005278        0x0 /usr/lib/gcc/x86_64-pc-linux-gnu/15.2.1/crtbeginS.o
 .note.GNU-stack
                0x0000000000005278        0x0 /home/david/Documents/RockBox_Personal-master/build-sim-3g/apps/plugins/fire.o
 .note.GNU-stack
                0x0000000000005278        0x0 /home/david/Documents/RockBox_Personal-master/build-sim-3g/apps/plugins/plugin_crt0.o
 .note.GNU-stack
                0x0000000000005278        0x0 /home/david/Documents/RockBox_Personal-master/build-sim-3g/apps/plugins/libplugin.a(pluginlib_actions.o)
 .note.GNU-stack
                0x0000000000005278        0x0 /home/david/Documents/RockBox_Personal-master/build-sim-3g/apps/plugins/libplugin.a(helper.o)
 .note.GNU-stack
                0x0000000000005278        0x0 /home/david/Documents/RockBox_Personal-master/build-sim-3g/apps/plugins/libplugin.a(grey_core.o)
 .note.GNU-stack
                0x0000000000005278        0x0 /home/david/Documents/RockBox_Personal-master/build-sim-3g/apps/plugins/libplugin.a(grey_draw.o)
 .note.GNU-stack
                0x0000000000005278        0x0 /home/david/Documents/RockBox_Personal-master/build-sim-3g/apps/plugins/libplugin.a(grey_parm.o)
 .note.GNU-stack
                0x0000000000005278        0x0 /home/david/Documents/RockBox_Personal-master/build-sim-3g/lib/libfixedpoint.a(fixedpoint.o)
 .note.GNU-stack
                0x0000000000005278        0x0 /usr/lib/gcc/x86_64-pc-linux-gnu/15.2.1/crtendS.o
 .note.GNU-stack
                0x0000000000005278        0x0 /usr/lib/gcc/x86_64-pc-linux-gnu/15.2.1/../../../../lib/crtn.o

.note.gnu.property
                0x0000000000005278       0x30
 *(.note.gnu.property)
 .note.gnu.property
                0x0000000000005278       0x30 /usr/lib/gcc/x86_64-pc-linux-gnu/15.2.1/../../../../lib/crti.o

.note.ABI-tag
 *(.note.ABI-tag)

.note.package
 *(.note.package)

.note.dlopen
 *(.note.dlopen)

.note.netbsd.ident
 *(.note.netbsd.ident)

.note.openbsd.ident
 *(.note.openbsd.ident)
                0x0000000000006d50                . = DATA_SEGMENT_ALIGN (CONSTANT (MAXPAGESIZE), CONSTANT (COMMONPAGESIZE))

.eh_frame
 *(.eh_frame)
 *(.eh_frame.*)

.sframe
 *(.sframe)
 *(.sframe.*)

.gnu_extab
 *(.gnu_extab)

.gcc_except_table
 *(.gcc_except_table .gcc_except_table.*)

.exception_ranges
 *(.exception_ranges*)

.tdata
 *(.tdata .tdata.* .gnu.linkonce.td.*)

.tbss
 *(.tbss .tbss.* .gnu.linkonce.tb.*)
 *(.tcommon)

.preinit_array
 *(.preinit_array)

.init_array     0x0000000000006d50        0x8
 *(SORT_BY_INIT_PRIORITY(.init_array.*) SORT_BY_INIT_PRIORITY(.ctors.*))
 *(.init_array EXCLUDE_FILE(*crtend?.o *crtend.o *crtbegin?.o *crtbegin.o) .ctors)
 .init_array    0x0000000000006d50        0x8 /usr/lib/gcc/x86_64-pc-linux-gnu/15.2.1/crtbeginS.o

.fini_array     0x0000000000006d58        0x8
 *(SORT_BY_INIT_PRIORITY(.fini_array.*) SORT_BY_INIT_PRIORITY(.dtors.*))
 *(.fini_array EXCLUDE_FILE(*crtend?.o *crtend.o *crtbegin?.o *crtbegin.o) .dtors)
 .fini_array    0x0000000000006d58        0x8 /usr/lib/gcc/x86_64-pc-linux-gnu/15.2.1/crtbeginS.o

.ctors
 *crtbegin.o(.ctors)
 *crtbegin?.o(.ctors)
 *(EXCLUDE_FILE(*crtend?.o *crtend.o) .ctors)
 *(SORT_BY_NAME(.ctors.*))
 *(.ctors)

.dtors
 *crtbegin.o(.dtors)
 *crtbegin?.o(.dtors)
 *(EXCLUDE_FILE(*crtend?.o *crtend.o) .dtors)
 *(SORT_BY_NAME(.dtors.*))
 *(.dtors)

.jcr
 *(.jcr)

.data.rel.ro    0x0000000000006d60       0xa0
 *(.data.rel.ro.local* .gnu.linkonce.d.rel.ro.local.*)
 .data.rel.ro.local
                0x0000000000006d60       0x38 /home/david/Documents/RockBox_Personal-master/build-sim-3g/apps/plugins/plugin_crt0.o
                0x0000000000006d60                __header
 *fill*         0x0000000000006d98        0x8 
 .data.rel.ro.local
                0x0000000000006da0       0x60 /home/david/Documents/RockBox_Personal-master/build-sim-3g/apps/plugins/libplugin.a(grey_draw.o)
                0x0000000000006da0                format_grey
                0x0000000000006dc0                _grey_pixelfuncs
 *(.data.rel.ro .data.rel.ro.* .gnu.linkonce.d.rel.ro.*)
 .data.rel.ro   0x0000000000006e00        0x0 /usr/lib/gcc/x86_64-pc-linux-gnu/15.2.1/../../../../lib/crti.o

.dynamic        0x0000000000006e00      0x1c0
 *(.dynamic)
 .dynamic       0x0000000000006e00      0x1c0 /usr/lib/gcc/x86_64-pc-linux-gnu/15.2.1/../../../../lib/crti.o
                0x0000000000006e00                _DYNAMIC

.got            0x0000000000006fc0       0x20
 *(.got)
 .got           0x0000000000006fc0       0x20 /usr/lib/gcc/x86_64-pc-linux-gnu/15.2.1/../../../../lib/crti.o
 *(.igot)
                0x0000000000006fe8                . = DATA_SEGMENT_RELRO_END (., (SIZEOF (.got.plt) >= 0x18)?0x18:0x0)

.got.plt        0x0000000000006fe8       0x38
 *(.got.plt)
 .got.plt       0x0000000000006fe8       0x38 /usr/lib/gcc/x86_64-pc-linux-gnu/15.2.1/../../../../lib/crti.o
                0x0000000000006fe8                _GLOBAL_OFFSET_TABLE_
 *(.igot.plt)

.data           0x0000000000007020       0x19
 *(.data .data.* .gnu.linkonce.d.*)
 .data          0x0000000000007020        0x0 /usr/lib/gcc/x86_64-pc-linux-gnu/15.2.1/../../../../lib/crti.o
 .data          0x0000000000007020        0x0 /usr/lib/gcc/x86_64-pc-linux-gnu/15.2.1/crtbeginS.o
 .data.rel.local
                0x0000000000007020        0x8 /usr/lib/gcc/x86_64-pc-linux-gnu/15.2.1/crtbeginS.o
                0x0000000000007020                __dso_handle
 .data          0x0000000000007028        0x0 /home/david/Documents/RockBox_Personal-master/build-sim-3g/apps/plugins/fire.o
 .data.rel      0x0000000000007028        0x8 /home/david/Documents/RockBox_Personal-master/build-sim-3g/apps/plugins/fire.o
                0x0000000000007028                plugin_contexts
 .data          0x0000000000007030        0x8 /home/david/Documents/RockBox_Personal-master/build-sim-3g/apps/plugins/plugin_crt0.o
                0x0000000000007030                rb
 .data          0x0000000000007038        0x0 /home/david/Documents/RockBox_Personal-master/build-sim-3g/apps/plugins/libplugin.a(pluginlib_actions.o)
 .data          0x0000000000007038        0x1 /home/david/Documents/RockBox_Personal-master/build-sim-3g/apps/plugins/libplugin.a(helper.o)
 .data          0x0000000000007039        0x0 /home/david/Documents/RockBox_Personal-master/build-sim-3g/apps/plugins/libplugin.a(grey_core.o)
 .data          0x0000000000007039        0x0 /home/david/Documents/RockBox_Personal-master/build-sim-3g/apps/plugins/libplugin.a(grey_draw.o)
 .data          0x0000000000007039        0x0 /home/david/Documents/RockBox_Personal-master/build-sim-3g/apps/plugins/libplugin.a(grey_parm.o)
 .data          0x0000000000007039        0x0 /home/david/Documents/RockBox_Personal-master/build-sim-3g/lib/libfixedpoint.a(fixedpoint.o)
 .data          0x0000000000007039        0x0 /usr/lib/gcc/x86_64-pc-linux-gnu/15.2.1/crtendS.o
 .data          0x0000000000007039        0x0 /usr/lib/gcc/x86_64-pc-linux-gnu/15.2.1/../../../../lib/crtn.o

.tm_clone_table
                0x0000000000007040        0x0
 .tm_clone_table
                0x0000000000007040        0x0 /usr/lib/gcc/x86_64-pc-linux-gnu/15.2.1/crtbeginS.o
 .tm_clone_table
                0x0000000000007040        0x0 /usr/lib/gcc/x86_64-pc-linux-gnu/15.2.1/crtendS.o

.data1
 *(.data1)
                [!provide]                        PROVIDE (_edata = .)
                [!provide]                        PROVIDE (edata = .)
                0x0000000000007040                . = ALIGN (ALIGNOF (NEXT_SECTION))
                [!provide]                        PROVIDE (__bss_start = .)

.bss            0x0000000000007040     0xa670
 *(.dynbss)
 .dynbss        0x0000000000007040        0x0 /usr/lib/gcc/x86_64-pc-linux-gnu/15.2.1/../../../../lib/crti.o
 *(.bss .bss.* .gnu.linkonce.b.*)
 .bss           0x0000000000007040        0x0 /usr/lib/gcc/x86_64-pc-linux-gnu/15.2.1/../../../../lib/crti.o
 .bss           0x0000000000007040        0x1 /usr/lib/gcc/x86_64-pc-linux-gnu/15.2.1/crtbeginS.o
 *fill*         0x0000000000007041       0x1f 
 .bss           0x0000000000007060     0xa520 /home/david/Documents/RockBox_Personal-master/build-sim-3g/apps/plugins/fire.o
                0x0000000000007060                _grey_info
 .bss           0x0000000000011580       0xe8 /home/david/Documents/RockBox_Personal-master/build-sim-3g/apps/plugins/plugin_crt0.o
 .bss           0x0000000000011668       0x10 /home/david/Documents/RockBox_Personal-master/build-sim-3g/apps/plugins/libplugin.a(pluginlib_actions.o)
 .bss           0x0000000000011678        0x0 /home/david/Documents/RockBox_Personal-master/build-sim-3g/apps/plugins/libplugin.a(helper.o)
 .bss           0x0000000000011678        0x0 /home/david/Documents/RockBox_Personal-master/build-sim-3g/apps/plugins/libplugin.a(grey_core.o)
 .bss           0x0000000000011678        0x0 /home/david/Documents/RockBox_Personal-master/build-sim-3g/apps/plugins/libplugin.a(grey_draw.o)
 *fill*         0x0000000000011678        0x8 
 .bss           0x0000000000011680       0x30 /home/david/Documents/RockBox_Personal-master/build-sim-3g/apps/plugins/libplugin.a(grey_parm.o)
                0x0000000000011680                _grey_default_vp
 .bss           0x00000000000116b0        0x0 /home/david/Documents/RockBox_Personal-master/build-sim-3g/lib/libfixedpoint.a(fixedpoint.o)
 .bss           0x00000000000116b0        0x0 /usr/lib/gcc/x86_64-pc-linux-gnu/15.2.1/crtendS.o
 .bss           0x00000000000116b0        0x0 /usr/lib/gcc/x86_64-pc-linux-gnu/15.2.1/../../../../lib/crtn.o
 *(COMMON)
                0x00000000000116b0                . = ALIGN ((. != 0x0)?0x8:0x1)

.lbss
 *(.dynlbss)
 *(.lbss .lbss.* .gnu.linkonce.lb.*)
 *(LARGE_COMMON)
                0x00000000000116b0                . = ALIGN (0x8)
                0x00000000000116b0                . = SEGMENT_START ("ldata-segment", .)

.lrodata
 *(.lrodata .lrodata.* .gnu.linkonce.lr.*)

.ldata          0x00000000000136b0        0x0
 *(.ldata .ldata.* .gnu.linkonce.l.*)
                0x00000000000136b0                . = ALIGN ((. != 0x0)?0x8:0x1)
                0x00000000000136b0                . = ALIGN (0x8)
                [!provide]                        PROVIDE (_end = .)
                [!provide]                        PROVIDE (end = .)
                0x00000000000136b0                . = DATA_SEGMENT_END (.)

.stab
 *(.stab)

.stabstr
 *(.stabstr)

.stab.excl
 *(.stab.excl)

.stab.exclstr
 *(.stab.exclstr)

.stab.index
 *(.stab.index)

.stab.indexstr
 *(.stab.indexstr)

.comment        0x0000000000000000       0x1b
 *(.comment)
 .comment       0x0000000000000000       0x1b /usr/lib/gcc/x86_64-pc-linux-gnu/15.2.1/crtbeginS.o
                                         0x1c (size before relaxing)
 .comment       0x000000000000001b        0x0 /home/david/Documents/RockBox_Personal-master/build-sim-3g/apps/plugins/fire.o
                                         0x1c (size before relaxing)
 .comment       0x000000000000001b        0x0 /home/david/Documents/RockBox_Personal-master/build-sim-3g/apps/plugins/plugin_crt0.o
                                         0x1c (size before relaxing)
 .comment       0x000000000000001b        0x0 /home/david/Documents/RockBox_Personal-master/build-sim-3g/apps/plugins/libplugin.a(pluginlib_actions.o)
                                         0x1c (size before relaxing)
 .comment       0x000000000000001b        0x0 /home/david/Documents/RockBox_Personal-master/build-sim-3g/apps/plugins/libplugin.a(helper.o)
                                         0x1c (size before relaxing)
 .comment       0x000000000000001b        0x0 /home/david/Documents/RockBox_Personal-master/build-sim-3g/apps/plugins/libplugin.a(grey_core.o)
                                         0x1c (size before relaxing)
 .comment       0x000000000000001b        0x0 /home/david/Documents/RockBox_Personal-master/build-sim-3g/apps/plugins/libplugin.a(grey_draw.o)
                                         0x1c (size before relaxing)
 .comment       0x000000000000001b        0x0 /home/david/Documents/RockBox_Personal-master/build-sim-3g/apps/plugins/libplugin.a(grey_parm.o)
                                         0x1c (size before relaxing)
 .comment       0x000000000000001b        0x0 /home/david/Documents/RockBox_Personal-master/build-sim-3g/lib/libfixedpoint.a(fixedpoint.o)
                                         0x1c (size before relaxing)
 .comment       0x000000000000001b        0x0 /usr/lib/gcc/x86_64-pc-linux-gnu/15.2.1/crtendS.o
                                         0x1c (size before relaxing)

.gnu.build.attributes
 *(.gnu.build.attributes .gnu.build.attributes.*)

.debug
 *(.debug)

.line
 *(.line)

.debug_srcinfo
 *(.debug_srcinfo)

.debug_sfnames
 *(.debug_sfnames)

.debug_aranges  0x0000000000000000      0x190
 *(.debug_aranges)
 .debug_aranges
                0x0000000000000000       0x40 /home/david/Documents/RockBox_Personal-master/build-sim-3g/apps/plugins/fire.o
 .debug_aranges
                0x0000000000000040       0x30 /home/david/Documents/RockBox_Personal-master/build-sim-3g/apps/plugins/plugin_crt0.o
 .debug_aranges
                0x0000000000000070       0x30 /home/david/Documents/RockBox_Personal-master/build-sim-3g/apps/plugins/libplugin.a(pluginlib_actions.o)
 .debug_aranges
                0x00000000000000a0       0x30 /home/david/Documents/RockBox_Personal-master/build-sim-3g/apps/plugins/libplugin.a(helper.o)
 .debug_aranges
                0x00000000000000d0       0x30 /home/david/Documents/RockBox_Personal-master/build-sim-3g/apps/plugins/libplugin.a(grey_core.o)
 .debug_aranges
                0x0000000000000100       0x30 /home/david/Documents/RockBox_Personal-master/build-sim-3g/apps/plugins/libplugin.a(grey_draw.o)
 .debug_aranges
                0x0000000000000130       0x30 /home/david/Documents/RockBox_Personal-master/build-sim-3g/apps/plugins/libplugin.a(grey_parm.o)
 .debug_aranges
                0x0000000000000160       0x30 /home/david/Documents/RockBox_Personal-master/build-sim-3g/lib/libfixedpoint.a(fixedpoint.o)

.debug_pubnames
 *(.debug_pubnames)

.debug_info     0x0000000000000000    0x3552f
 *(.debug_info .gnu.linkonce.wi.*)
 .debug_info    0x0000000000000000     0x7e48 /home/david/Documents/RockBox_Personal-master/build-sim-3g/apps/plugins/fire.o
 .debug_info    0x0000000000007e48     0x73e6 /home/david/Documents/RockBox_Personal-master/build-sim-3g/apps/plugins/plugin_crt0.o
 .debug_info    0x000000000000f22e     0x759c /home/david/Documents/RockBox_Personal-master/build-sim-3g/apps/plugins/libplugin.a(pluginlib_actions.o)
 .debug_info    0x00000000000167ca     0x71b1 /home/david/Documents/RockBox_Personal-master/build-sim-3g/apps/plugins/libplugin.a(helper.o)
 .debug_info    0x000000000001d97b     0x793a /home/david/Documents/RockBox_Personal-master/build-sim-3g/apps/plugins/libplugin.a(grey_core.o)
 .debug_info    0x00000000000252b5     0x84b2 /home/david/Documents/RockBox_Personal-master/build-sim-3g/apps/plugins/libplugin.a(grey_draw.o)
 .debug_info    0x000000000002d767     0x7698 /home/david/Documents/RockBox_Personal-master/build-sim-3g/apps/plugins/libplugin.a(grey_parm.o)
 .debug_info    0x0000000000034dff      0x730 /home/david/Documents/RockBox_Personal-master/build-sim-3g/lib/libfixedpoint.a(fixedpoint.o)

.debug_abbrev   0x0000000000000000     0x1fae
 *(.debug_abbrev)
 .debug_abbrev  0x0000000000000000      0x50a /home/david/Documents/RockBox_Personal-master/build-sim-3g/apps/plugins/fire.o
 .debug_abbrev  0x000000000000050a      0x3f5 /home/david/Documents/RockBox_Personal-master/build-sim-3g/apps/plugins/plugin_crt0.o
 .debug_abbrev  0x00000000000008ff      0x30e /home/david/Documents/RockBox_Personal-master/build-sim-3g/apps/plugins/libplugin.a(pluginlib_actions.o)
 .debug_abbrev  0x0000000000000c0d      0x3ac /home/david/Documents/RockBox_Personal-master/build-sim-3g/apps/plugins/libplugin.a(helper.o)
 .debug_abbrev  0x0000000000000fb9      0x463 /home/david/Documents/RockBox_Personal-master/build-sim-3g/apps/plugins/libplugin.a(grey_core.o)
 .debug_abbrev  0x000000000000141c      0x573 /home/david/Documents/RockBox_Personal-master/build-sim-3g/apps/plugins/libplugin.a(grey_draw.o)
 .debug_abbrev  0x000000000000198f      0x45b /home/david/Documents/RockBox_Personal-master/build-sim-3g/apps/plugins/libplugin.a(grey_parm.o)
 .debug_abbrev  0x0000000000001dea      0x1c4 /home/david/Documents/RockBox_Personal-master/build-sim-3g/lib/libfixedpoint.a(fixedpoint.o)

.debug_line     0x0000000000000000     0x31c3
 *(.debug_line .debug_line.* .debug_line_end)
 .debug_line    0x0000000000000000      0x586 /home/david/Documents/RockBox_Personal-master/build-sim-3g/apps/plugins/fire.o
 .debug_line    0x0000000000000586      0x2b3 /home/david/Documents/RockBox_Personal-master/build-sim-3g/apps/plugins/plugin_crt0.o
 .debug_line    0x0000000000000839      0x1dd /home/david/Documents/RockBox_Personal-master/build-sim-3g/apps/plugins/libplugin.a(pluginlib_actions.o)
 .debug_line    0x0000000000000a16      0x286 /home/david/Documents/RockBox_Personal-master/build-sim-3g/apps/plugins/libplugin.a(helper.o)
 .debug_line    0x0000000000000c9c      0x74f /home/david/Documents/RockBox_Personal-master/build-sim-3g/apps/plugins/libplugin.a(grey_core.o)
 .debug_line    0x00000000000013eb      0xff9 /home/david/Documents/RockBox_Personal-master/build-sim-3g/apps/plugins/libplugin.a(grey_draw.o)
 .debug_line    0x00000000000023e4      0x4c8 /home/david/Documents/RockBox_Personal-master/build-sim-3g/apps/plugins/libplugin.a(grey_parm.o)
 .debug_line    0x00000000000028ac      0x917 /home/david/Documents/RockBox_Personal-master/build-sim-3g/lib/libfixedpoint.a(fixedpoint.o)

.debug_frame
 *(.debug_frame)

.debug_str      0x0000000000000000     0x5fab
 *(.debug_str)
 .debug_str     0x0000000000000000     0x5fab /home/david/Documents/RockBox_Personal-master/build-sim-3g/apps/plugins/fire.o
                                       0x5da2 (size before relaxing)
 .debug_str     0x0000000000005fab        0x0 /home/david/Documents/RockBox_Personal-master/build-sim-3g/apps/plugins/plugin_crt0.o
                                       0x49f6 (size before relaxing)
 .debug_str     0x0000000000005fab        0x0 /home/david/Documents/RockBox_Personal-master/build-sim-3g/apps/plugins/libplugin.a(pluginlib_actions.o)
                                       0x5b47 (size before relaxing)
 .debug_str     0x0000000000005fab        0x0 /home/david/Documents/RockBox_Personal-master/build-sim-3g/apps/plugins/libplugin.a(helper.o)
                                       0x49f8 (size before relaxing)
 .debug_str     0x0000000000005fab        0x0 /home/david/Documents/RockBox_Personal-master/build-sim-3g/apps/plugins/libplugin.a(grey_core.o)
                                       0x4a43 (size before relaxing)
 .debug_str     0x0000000000005fab        0x0 /home/david/Documents/RockBox_Personal-master/build-sim-3g/apps/plugins/libplugin.a(grey_draw.o)
                                       0x4b40 (size before relaxing)
 .debug_str     0x0000000000005fab        0x0 /home/david/Documents/RockBox_Personal-master/build-sim-3g/apps/plugins/libplugin.a(grey_parm.o)
                                       0x4a52 (size before relaxing)
 .debug_str     0x0000000000005fab        0x0 /home/david/Documents/RockBox_Personal-master/build-sim-3g/lib/libfixedpoint.a(fixedpoint.o)
                                        0x285 (size before relaxing)

.debug_loc
 *(.debug_loc)

.debug_macinfo
 *(.debug_macinfo)

.debug_weaknames
 *(.debug_weaknames)

.debug_funcnames
 *(.debug_funcnames)

.debug_typenames
 *(.debug_typenames)

.debug_varnames
 *(.debug_varnames)

.debug_pubtypes
 *(.debug_pubtypes)

.debug_ranges
 *(.debug_ranges)

.debug_addr
 *(.debug_addr)

.debug_line_str
                0x0000000000000000      0x8a8
 *(.debug_line_str)
 .debug_line_str
                0x0000000000000000      0x8a8 /home/david/Documents/RockBox_Personal-master/build-sim-3g/apps/plugins/fire.o
                                        0x66a (size before relaxing)
 .debug_line_str
                0x00000000000008a8        0x0 /home/david/Documents/RockBox_Personal-master/build-sim-3g/apps/plugins/plugin_crt0.o
                                        0x670 (size before relaxing)
 .debug_line_str
                0x00000000000008a8        0x0 /home/david/Documents/RockBox_Personal-master/build-sim-3g/apps/plugins/libplugin.a(pluginlib_actions.o)
                                        0x64a (size before relaxing)
 .debug_line_str
                0x00000000000008a8        0x0 /home/david/Documents/RockBox_Personal-master/build-sim-3g/apps/plugins/libplugin.a(helper.o)
                                        0x615 (size before relaxing)
 .debug_line_str
                0x00000000000008a8        0x0 /home/david/Documents/RockBox_Personal-master/build-sim-3g/apps/plugins/libplugin.a(grey_core.o)
                                        0x66f (size before relaxing)
 .debug_line_str
                0x00000000000008a8        0x0 /home/david/Documents/RockBox_Personal-master/build-sim-3g/apps/plugins/libplugin.a(grey_draw.o)
                                        0x62e (size before relaxing)
 .debug_line_str
                0x00000000000008a8        0x0 /home/david/Documents/RockBox_Personal-master/build-sim-3g/apps/plugins/libplugin.a(grey_parm.o)
                                        0x625 (size before relaxing)
 .debug_line_str
                0x00000000000008a8        0x0 /home/david/Documents/RockBox_Personal-master/build-sim-3g/lib/libfixedpoint.a(fixedpoint.o)
                                        0x155 (size before relaxing)

.debug_loclists
                0x0000000000000000     0x2e59
 *(.debug_loclists)
 .debug_loclists
                0x0000000000000000      0x4e7 /home/david/Documents/RockBox_Personal-master/build-sim-3g/apps/plugins/fire.o
 .debug_loclists
                0x00000000000004e7       0x9e /home/david/Documents/RockBox_Personal-master/build-sim-3g/apps/plugins/plugin_crt0.o
 .debug_loclists
                0x0000000000000585       0x67 /home/david/Documents/RockBox_Personal-master/build-sim-3g/apps/plugins/libplugin.a(pluginlib_actions.o)
 .debug_loclists
                0x00000000000005ec       0x49 /home/david/Documents/RockBox_Personal-master/build-sim-3g/apps/plugins/libplugin.a(helper.o)
 .debug_loclists
                0x0000000000000635      0x61c /home/david/Documents/RockBox_Personal-master/build-sim-3g/apps/plugins/libplugin.a(grey_core.o)
 .debug_loclists
                0x0000000000000c51     0x11e2 /home/david/Documents/RockBox_Personal-master/build-sim-3g/apps/plugins/libplugin.a(grey_draw.o)
 .debug_loclists
                0x0000000000001e33      0x342 /home/david/Documents/RockBox_Personal-master/build-sim-3g/apps/plugins/libplugin.a(grey_parm.o)
 .debug_loclists
                0x0000000000002175      0xce4 /home/david/Documents/RockBox_Personal-master/build-sim-3g/lib/libfixedpoint.a(fixedpoint.o)

.debug_macro
 *(.debug_macro)

.debug_names
 *(.debug_names)

.debug_rnglists
                0x0000000000000000      0x126
 *(.debug_rnglists)
 .debug_rnglists
                0x0000000000000000       0x9d /home/david/Documents/RockBox_Personal-master/build-sim-3g/apps/plugins/fire.o
 .debug_rnglists
                0x000000000000009d       0x36 /home/david/Documents/RockBox_Personal-master/build-sim-3g/apps/plugins/libplugin.a(grey_core.o)
 .debug_rnglists
                0x00000000000000d3       0x3c /home/david/Documents/RockBox_Personal-master/build-sim-3g/apps/plugins/libplugin.a(grey_draw.o)
 .debug_rnglists
                0x000000000000010f       0x17 /home/david/Documents/RockBox_Personal-master/build-sim-3g/lib/libfixedpoint.a(fixedpoint.o)

.debug_str_offsets
 *(.debug_str_offsets)

.debug_sup
 *(.debug_sup)

.gnu.attributes
 *(.gnu.attributes)

/DISCARD/
 *(.note.GNU-stack)
 *(.gnu_debuglink)
 *(.gnu.lto_*)
 *(.gnu_object_only)
OUTPUT(/home/david/Documents/RockBox_Personal-master/build-sim-3g/apps/plugins/fire.elf elf64-x86-64)
