/home/david/Documents/RockBox_Personal-master/devsrc/nano-soh-runtime/Shipwright/soh/src/overlays/effects/ovl_Effect_Ss_Ice_Piece/z_eff_ss_ice_piece.c: In function 'EffectSsIcePiece_Draw':
/home/david/Documents/RockBox_Personal-master/devsrc/nano-soh-runtime/Shipwright/soh/src/overlays/effects/ovl_Effect_Ss_Ice_Piece/z_eff_ss_ice_piece.c:73:16: warning: passing argument 3 of 'gSPSegment' makes integer from pointer without a cast [-Wint-conversion]
   73 |                Gfx_TwoTexScrollEx(play->state.gfxCtx, 0, 0, (1 * frames) % 256, 0x20, 0x10, 1, 0, (2 * frames) % 256,
      |                ^~~~~~~~~~~~~~~~~~~~~~~~~~~~~~~~~~~~~~~~~~~~~~~~~~~~~~~~~~~~~~~~~~~~~~~~~~~~~~~~~~~~~~~~~~~~~~~~~~~~~~
      |                |
      |                Gfx *
   74 |                                   0x40, 0x20, 0, 1, 0, 2));
      |                                   ~~~~~~~~~~~~~~~~~~~~~~~
In file included from /home/david/Documents/RockBox_Personal-master/devsrc/nano-soh-runtime/Shipwright/soh/include/global.h:8,
                 from /home/david/Documents/RockBox_Personal-master/devsrc/nano-soh-runtime/Shipwright/soh/src/overlays/effects/ovl_Effect_Ss_Ice_Piece/z_eff_ss_ice_piece.h:5,
                 from /home/david/Documents/RockBox_Personal-master/devsrc/nano-soh-runtime/Shipwright/soh/src/overlays/effects/ovl_Effect_Ss_Ice_Piece/z_eff_ss_ice_piece.c:7:
/home/david/Documents/RockBox_Personal-master/devsrc/nano-soh-runtime/Shipwright/soh/include/functions.h:22:52: note: expected 'uintptr_t' {aka 'unsigned int'} but argument is of type 'Gfx *'
   22 | void gSPSegment(void* value, int segNum, uintptr_t target);
      |                                          ~~~~~~~~~~^~~~~~
/home/david/Documents/RockBox_Personal-master/devsrc/nano-soh-runtime/Shipwright/soh/src/overlays/effects/ovl_Effect_Ss_Ice_Piece/z_eff_ss_ice_piece.c:75:37: warning: passing argument 2 of 'gSPDisplayList' from incompatible pointer type [-Wincompatible-pointer-types]
   75 |     gSPDisplayList(POLY_XLU_DISP++, gEffIceFragment1DL);
      |                                     ^~~~~~~~~~~~~~~~~~
      |                                     |
      |                                     const char *
/home/david/Documents/RockBox_Personal-master/devsrc/nano-soh-runtime/Shipwright/soh/include/functions.h:24:36: note: expected 'Gfx *' but argument is of type 'const char *'
   24 | void gSPDisplayList(Gfx* pkt, Gfx* dl);
      |                               ~~~~~^~
