/home/david/Documents/RockBox_Personal-master/devsrc/nano-soh-runtime/Shipwright/soh/src/overlays/actors/ovl_Bg_Spot17_Bakudankabe/z_bg_spot17_bakudankabe.c: In function 'func_808B6BC0':
/home/david/Documents/RockBox_Personal-master/devsrc/nano-soh-runtime/Shipwright/soh/src/overlays/actors/ovl_Bg_Spot17_Bakudankabe/z_bg_spot17_bakudankabe.c:84:97: warning: passing argument 16 of 'EffectSsKakera_Spawn' from incompatible pointer type [-Wincompatible-pointer-types]
   84 |                              0, scale, 1, 3, 80, KAKERA_COLOR_NONE, OBJECT_GAMEPLAY_FIELD_KEEP, gFieldKakeraDL);
      |                                                                                                 ^~~~~~~~~~~~~~
      |                                                                                                 |
      |                                                                                                 const char *
In file included from /home/david/Documents/RockBox_Personal-master/devsrc/nano-soh-runtime/Shipwright/soh/include/global.h:8,
                 from /home/david/Documents/RockBox_Personal-master/devsrc/nano-soh-runtime/Shipwright/soh/src/overlays/actors/ovl_Bg_Spot17_Bakudankabe/z_bg_spot17_bakudankabe.h:5,
                 from /home/david/Documents/RockBox_Personal-master/devsrc/nano-soh-runtime/Shipwright/soh/src/overlays/actors/ovl_Bg_Spot17_Bakudankabe/z_bg_spot17_bakudankabe.c:7:
/home/david/Documents/RockBox_Personal-master/devsrc/nano-soh-runtime/Shipwright/soh/include/functions.h:329:43: note: expected 'Gfx *' but argument is of type 'const char *'
  329 |                           s16 objId, Gfx* dList);
      |                                      ~~~~~^~~~~
/home/david/Documents/RockBox_Personal-master/devsrc/nano-soh-runtime/Shipwright/soh/src/overlays/actors/ovl_Bg_Spot17_Bakudankabe/z_bg_spot17_bakudankabe.c: In function 'BgSpot17Bakudankabe_Init':
/home/david/Documents/RockBox_Personal-master/devsrc/nano-soh-runtime/Shipwright/soh/src/overlays/actors/ovl_Bg_Spot17_Bakudankabe/z_bg_spot17_bakudankabe.c:105:32: warning: passing argument 1 of 'CollisionHeader_GetVirtual' discards 'const' qualifier from pointer target type [-Wdiscarded-array-qualifiers]
  105 |     CollisionHeader_GetVirtual(&gCraterBombableWallCol, &colHeader);
      |                                ^~~~~~~~~~~~~~~~~~~~~~~
/home/david/Documents/RockBox_Personal-master/devsrc/nano-soh-runtime/Shipwright/soh/include/functions.h:673:39: note: expected 'void *' but argument is of type 'const char (*)[56]'
  673 | void CollisionHeader_GetVirtual(void* colHeader, CollisionHeader** dest);
      |                                 ~~~~~~^~~~~~~~~
/home/david/Documents/RockBox_Personal-master/devsrc/nano-soh-runtime/Shipwright/soh/src/overlays/actors/ovl_Bg_Spot17_Bakudankabe/z_bg_spot17_bakudankabe.c: In function 'BgSpot17Bakudankabe_Draw':
/home/david/Documents/RockBox_Personal-master/devsrc/nano-soh-runtime/Shipwright/soh/src/overlays/actors/ovl_Bg_Spot17_Bakudankabe/z_bg_spot17_bakudankabe.c:142:37: warning: passing argument 2 of 'gSPDisplayList' from incompatible pointer type [-Wincompatible-pointer-types]
  142 |     gSPDisplayList(POLY_OPA_DISP++, gCraterBombableWallDL);
      |                                     ^~~~~~~~~~~~~~~~~~~~~
      |                                     |
      |                                     const char *
/home/david/Documents/RockBox_Personal-master/devsrc/nano-soh-runtime/Shipwright/soh/include/functions.h:24:36: note: expected 'Gfx *' but argument is of type 'const char *'
   24 | void gSPDisplayList(Gfx* pkt, Gfx* dl);
      |                               ~~~~~^~
/home/david/Documents/RockBox_Personal-master/devsrc/nano-soh-runtime/Shipwright/soh/src/overlays/actors/ovl_Bg_Spot17_Bakudankabe/z_bg_spot17_bakudankabe.c:151:37: warning: passing argument 2 of 'gSPDisplayList' from incompatible pointer type [-Wincompatible-pointer-types]
  151 |     gSPDisplayList(POLY_XLU_DISP++, gCraterBombableWallCracksDL);
      |                                     ^~~~~~~~~~~~~~~~~~~~~~~~~~~
      |                                     |
      |                                     const char *
/home/david/Documents/RockBox_Personal-master/devsrc/nano-soh-runtime/Shipwright/soh/include/functions.h:24:36: note: expected 'Gfx *' but argument is of type 'const char *'
   24 | void gSPDisplayList(Gfx* pkt, Gfx* dl);
      |                               ~~~~~^~
