/home/david/Documents/RockBox_Personal-master/devsrc/nano-soh-runtime/Shipwright/soh/src/overlays/actors/ovl_Demo_Sa/z_demo_sa.c:65:5: warning: initialization discards 'const' qualifier from pointer target type [-Wdiscarded-qualifiers]
   65 |     gSariaEyeOpenTex, gSariaEyeHalfTex, gSariaEyeClosedTex, gSariaEyeSuprisedTex, gSariaEyeSadTex,
      |     ^~~~~~~~~~~~~~~~
/home/david/Documents/RockBox_Personal-master/devsrc/nano-soh-runtime/Shipwright/soh/src/overlays/actors/ovl_Demo_Sa/z_demo_sa.c:65:23: warning: initialization discards 'const' qualifier from pointer target type [-Wdiscarded-qualifiers]
   65 |     gSariaEyeOpenTex, gSariaEyeHalfTex, gSariaEyeClosedTex, gSariaEyeSuprisedTex, gSariaEyeSadTex,
      |                       ^~~~~~~~~~~~~~~~
/home/david/Documents/RockBox_Personal-master/devsrc/nano-soh-runtime/Shipwright/soh/src/overlays/actors/ovl_Demo_Sa/z_demo_sa.c:65:41: warning: initialization discards 'const' qualifier from pointer target type [-Wdiscarded-qualifiers]
   65 |     gSariaEyeOpenTex, gSariaEyeHalfTex, gSariaEyeClosedTex, gSariaEyeSuprisedTex, gSariaEyeSadTex,
      |                                         ^~~~~~~~~~~~~~~~~~
/home/david/Documents/RockBox_Personal-master/devsrc/nano-soh-runtime/Shipwright/soh/src/overlays/actors/ovl_Demo_Sa/z_demo_sa.c:65:61: warning: initialization discards 'const' qualifier from pointer target type [-Wdiscarded-qualifiers]
   65 |     gSariaEyeOpenTex, gSariaEyeHalfTex, gSariaEyeClosedTex, gSariaEyeSuprisedTex, gSariaEyeSadTex,
      |                                                             ^~~~~~~~~~~~~~~~~~~~
/home/david/Documents/RockBox_Personal-master/devsrc/nano-soh-runtime/Shipwright/soh/src/overlays/actors/ovl_Demo_Sa/z_demo_sa.c:65:83: warning: initialization discards 'const' qualifier from pointer target type [-Wdiscarded-qualifiers]
   65 |     gSariaEyeOpenTex, gSariaEyeHalfTex, gSariaEyeClosedTex, gSariaEyeSuprisedTex, gSariaEyeSadTex,
      |                                                                                   ^~~~~~~~~~~~~~~
/home/david/Documents/RockBox_Personal-master/devsrc/nano-soh-runtime/Shipwright/soh/src/overlays/actors/ovl_Demo_Sa/z_demo_sa.c:69:5: warning: initialization discards 'const' qualifier from pointer target type [-Wdiscarded-qualifiers]
   69 |     gSariaMouthClosed2Tex,     gSariaMouthSuprisedTex, gSariaMouthClosedTex,
      |     ^~~~~~~~~~~~~~~~~~~~~
/home/david/Documents/RockBox_Personal-master/devsrc/nano-soh-runtime/Shipwright/soh/src/overlays/actors/ovl_Demo_Sa/z_demo_sa.c:69:32: warning: initialization discards 'const' qualifier from pointer target type [-Wdiscarded-qualifiers]
   69 |     gSariaMouthClosed2Tex,     gSariaMouthSuprisedTex, gSariaMouthClosedTex,
      |                                ^~~~~~~~~~~~~~~~~~~~~~
/home/david/Documents/RockBox_Personal-master/devsrc/nano-soh-runtime/Shipwright/soh/src/overlays/actors/ovl_Demo_Sa/z_demo_sa.c:69:56: warning: initialization discards 'const' qualifier from pointer target type [-Wdiscarded-qualifiers]
   69 |     gSariaMouthClosed2Tex,     gSariaMouthSuprisedTex, gSariaMouthClosedTex,
      |                                                        ^~~~~~~~~~~~~~~~~~~~
/home/david/Documents/RockBox_Personal-master/devsrc/nano-soh-runtime/Shipwright/soh/src/overlays/actors/ovl_Demo_Sa/z_demo_sa.c:70:5: warning: initialization discards 'const' qualifier from pointer target type [-Wdiscarded-qualifiers]
   70 |     gSariaMouthSmilingOpenTex, gSariaMouthFrowningTex,
      |     ^~~~~~~~~~~~~~~~~~~~~~~~~
/home/david/Documents/RockBox_Personal-master/devsrc/nano-soh-runtime/Shipwright/soh/src/overlays/actors/ovl_Demo_Sa/z_demo_sa.c:70:32: warning: initialization discards 'const' qualifier from pointer target type [-Wdiscarded-qualifiers]
   70 |     gSariaMouthSmilingOpenTex, gSariaMouthFrowningTex,
      |                                ^~~~~~~~~~~~~~~~~~~~~~
/home/david/Documents/RockBox_Personal-master/devsrc/nano-soh-runtime/Shipwright/soh/src/overlays/actors/ovl_Demo_Sa/z_demo_sa.c:75:38: warning: extra tokens at end of '#include' directive
   75 | #include "z_demo_sa_cutscene_data.c" EARLY
      |                                      ^~~~~
/home/david/Documents/RockBox_Personal-master/devsrc/nano-soh-runtime/Shipwright/soh/src/overlays/actors/ovl_Demo_Sa/z_demo_sa.c: In function 'func_8098E7FC':
/home/david/Documents/RockBox_Personal-master/devsrc/nano-soh-runtime/Shipwright/soh/src/overlays/actors/ovl_Demo_Sa/z_demo_sa.c:220:48: warning: passing argument 3 of 'SkelAnime_InitFlex' from incompatible pointer type [-Wincompatible-pointer-types]
  220 |     SkelAnime_InitFlex(play, &this->skelAnime, &gSariaSkel, &gSariaWaitArmsToSideAnim, NULL, NULL, 0);
      |                                                ^~~~~~~~~~~
      |                                                |
      |                                                const char (*)[36]
In file included from /home/david/Documents/RockBox_Personal-master/devsrc/nano-soh-runtime/Shipwright/soh/include/global.h:8,
                 from /home/david/Documents/RockBox_Personal-master/devsrc/nano-soh-runtime/Shipwright/soh/src/overlays/actors/ovl_Demo_Sa/z_demo_sa.h:5,
                 from /home/david/Documents/RockBox_Personal-master/devsrc/nano-soh-runtime/Shipwright/soh/src/overlays/actors/ovl_Demo_Sa/z_demo_sa.c:7:
/home/david/Documents/RockBox_Personal-master/devsrc/nano-soh-runtime/Shipwright/soh/include/functions.h:1329:83: note: expected 'FlexSkeletonHeader *' but argument is of type 'const char (*)[36]'
 1329 | s32 SkelAnime_InitFlex(PlayState* play, SkelAnime* skelAnime, FlexSkeletonHeader* skeletonHeaderSeg,
      |                                                               ~~~~~~~~~~~~~~~~~~~~^~~~~~~~~~~~~~~~~
/home/david/Documents/RockBox_Personal-master/devsrc/nano-soh-runtime/Shipwright/soh/src/overlays/actors/ovl_Demo_Sa/z_demo_sa.c:220:61: warning: passing argument 4 of 'SkelAnime_InitFlex' from incompatible pointer type [-Wincompatible-pointer-types]
  220 |     SkelAnime_InitFlex(play, &this->skelAnime, &gSariaSkel, &gSariaWaitArmsToSideAnim, NULL, NULL, 0);
      |                                                             ^~~~~~~~~~~~~~~~~~~~~~~~~
      |                                                             |
      |                                                             const char (*)[50]
/home/david/Documents/RockBox_Personal-master/devsrc/nano-soh-runtime/Shipwright/soh/include/functions.h:1330:41: note: expected 'AnimationHeader *' but argument is of type 'const char (*)[50]'
 1330 |                        AnimationHeader* animation, Vec3s* jointTable, Vec3s* morphTable, s32 limbCount);
      |                        ~~~~~~~~~~~~~~~~~^~~~~~~~~
/home/david/Documents/RockBox_Personal-master/devsrc/nano-soh-runtime/Shipwright/soh/src/overlays/actors/ovl_Demo_Sa/z_demo_sa.c: In function 'func_8098EA68':
/home/david/Documents/RockBox_Personal-master/devsrc/nano-soh-runtime/Shipwright/soh/src/overlays/actors/ovl_Demo_Sa/z_demo_sa.c:294:53: warning: passing argument 1 of 'Animation_GetLastFrame' discards 'const' qualifier from pointer target type [-Wdiscarded-array-qualifiers]
  294 |                              Animation_GetLastFrame(&gSariaGiveForestMedallionAnim), ANIMMODE_ONCE, -4.0f);
      |                                                     ^~~~~~~~~~~~~~~~~~~~~~~~~~~~~~
/home/david/Documents/RockBox_Personal-master/devsrc/nano-soh-runtime/Shipwright/soh/include/functions.h:1278:34: note: expected 'void *' but argument is of type 'const char (*)[55]'
 1278 | s16 Animation_GetLastFrame(void* animation);
      |                            ~~~~~~^~~~~~~~~
/home/david/Documents/RockBox_Personal-master/devsrc/nano-soh-runtime/Shipwright/soh/src/overlays/actors/ovl_Demo_Sa/z_demo_sa.c:293:48: warning: passing argument 2 of 'Animation_Change' from incompatible pointer type [-Wincompatible-pointer-types]
  293 |             Animation_Change(&this->skelAnime, &gSariaGiveForestMedallionAnim, 1.0f, 0.0f,
      |                                                ^~~~~~~~~~~~~~~~~~~~~~~~~~~~~~
      |                                                |
      |                                                const char (*)[55]
/home/david/Documents/RockBox_Personal-master/devsrc/nano-soh-runtime/Shipwright/soh/include/functions.h:1336:62: note: expected 'AnimationHeader *' but argument is of type 'const char (*)[55]'
 1336 | void Animation_Change(SkelAnime* skelAnime, AnimationHeader* animation, f32 playSpeed, f32 startFrame, f32 endFrame,
      |                                             ~~~~~~~~~~~~~~~~~^~~~~~~~~
/home/david/Documents/RockBox_Personal-master/devsrc/nano-soh-runtime/Shipwright/soh/src/overlays/actors/ovl_Demo_Sa/z_demo_sa.c: In function 'func_8098EB00':
/home/david/Documents/RockBox_Personal-master/devsrc/nano-soh-runtime/Shipwright/soh/src/overlays/actors/ovl_Demo_Sa/z_demo_sa.c:303:49: warning: passing argument 1 of 'Animation_GetLastFrame' discards 'const' qualifier from pointer target type [-Wdiscarded-array-qualifiers]
  303 |                          Animation_GetLastFrame(&gSariaGiveForestMedallionStandAnim), ANIMMODE_LOOP, 0.0f);
      |                                                 ^~~~~~~~~~~~~~~~~~~~~~~~~~~~~~~~~~~
/home/david/Documents/RockBox_Personal-master/devsrc/nano-soh-runtime/Shipwright/soh/include/functions.h:1278:34: note: expected 'void *' but argument is of type 'const char (*)[60]'
 1278 | s16 Animation_GetLastFrame(void* animation);
      |                            ~~~~~~^~~~~~~~~
/home/david/Documents/RockBox_Personal-master/devsrc/nano-soh-runtime/Shipwright/soh/src/overlays/actors/ovl_Demo_Sa/z_demo_sa.c:302:44: warning: passing argument 2 of 'Animation_Change' from incompatible pointer type [-Wincompatible-pointer-types]
  302 |         Animation_Change(&this->skelAnime, &gSariaGiveForestMedallionStandAnim, 1.0f, 0.0f,
      |                                            ^~~~~~~~~~~~~~~~~~~~~~~~~~~~~~~~~~~
      |                                            |
      |                                            const char (*)[60]
/home/david/Documents/RockBox_Personal-master/devsrc/nano-soh-runtime/Shipwright/soh/include/functions.h:1336:62: note: expected 'AnimationHeader *' but argument is of type 'const char (*)[60]'
 1336 | void Animation_Change(SkelAnime* skelAnime, AnimationHeader* animation, f32 playSpeed, f32 startFrame, f32 endFrame,
      |                                             ~~~~~~~~~~~~~~~~~^~~~~~~~~
/home/david/Documents/RockBox_Personal-master/devsrc/nano-soh-runtime/Shipwright/soh/src/overlays/actors/ovl_Demo_Sa/z_demo_sa.c: In function 'func_8098ECF4':
/home/david/Documents/RockBox_Personal-master/devsrc/nano-soh-runtime/Shipwright/soh/src/overlays/actors/ovl_Demo_Sa/z_demo_sa.c:359:45: warning: passing argument 1 of 'Animation_GetLastFrame' discards 'const' qualifier from pointer target type [-Wdiscarded-array-qualifiers]
  359 |     f32 frameCount = Animation_GetLastFrame(&gSariaSealGanonAnim);
      |                                             ^~~~~~~~~~~~~~~~~~~~
/home/david/Documents/RockBox_Personal-master/devsrc/nano-soh-runtime/Shipwright/soh/include/functions.h:1278:34: note: expected 'void *' but argument is of type 'const char (*)[45]'
 1278 | s16 Animation_GetLastFrame(void* animation);
      |                            ~~~~~~^~~~~~~~~
/home/david/Documents/RockBox_Personal-master/devsrc/nano-soh-runtime/Shipwright/soh/src/overlays/actors/ovl_Demo_Sa/z_demo_sa.c:361:41: warning: passing argument 3 of 'SkelAnime_InitFlex' from incompatible pointer type [-Wincompatible-pointer-types]
  361 |     SkelAnime_InitFlex(play, skelAnime, &gSariaSkel, NULL, NULL, NULL, 0);
      |                                         ^~~~~~~~~~~
      |                                         |
      |                                         const char (*)[36]
/home/david/Documents/RockBox_Personal-master/devsrc/nano-soh-runtime/Shipwright/soh/include/functions.h:1329:83: note: expected 'FlexSkeletonHeader *' but argument is of type 'const char (*)[36]'
 1329 | s32 SkelAnime_InitFlex(PlayState* play, SkelAnime* skelAnime, FlexSkeletonHeader* skeletonHeaderSeg,
      |                                                               ~~~~~~~~~~~~~~~~~~~~^~~~~~~~~~~~~~~~~
/home/david/Documents/RockBox_Personal-master/devsrc/nano-soh-runtime/Shipwright/soh/src/overlays/actors/ovl_Demo_Sa/z_demo_sa.c:362:33: warning: passing argument 2 of 'Animation_Change' from incompatible pointer type [-Wincompatible-pointer-types]
  362 |     Animation_Change(skelAnime, &gSariaSealGanonAnim, 1.0f, 0.0f, frameCount, ANIMMODE_ONCE, 0.0f);
      |                                 ^~~~~~~~~~~~~~~~~~~~
      |                                 |
      |                                 const char (*)[45]
/home/david/Documents/RockBox_Personal-master/devsrc/nano-soh-runtime/Shipwright/soh/include/functions.h:1336:62: note: expected 'AnimationHeader *' but argument is of type 'const char (*)[45]'
 1336 | void Animation_Change(SkelAnime* skelAnime, AnimationHeader* animation, f32 playSpeed, f32 startFrame, f32 endFrame,
      |                                             ~~~~~~~~~~~~~~~~~^~~~~~~~~
In file included from /home/david/Documents/RockBox_Personal-master/devsrc/nano-soh-runtime/Shipwright/soh/include/global.h:10:
/home/david/Documents/RockBox_Personal-master/devsrc/nano-soh-runtime/Shipwright/soh/src/overlays/actors/ovl_Demo_Sa/z_demo_sa.c: In function 'DemoSa_DrawXlu':
/home/david/Documents/RockBox_Personal-master/devsrc/nano-soh-runtime/Shipwright/soh/src/overlays/actors/ovl_Demo_Sa/z_demo_sa.c:474:60: warning: passing argument 3 of 'gSPSegment' makes integer from pointer without a cast [-Wint-conversion]
  474 |     gSPSegment(POLY_XLU_DISP++, 0x08, SEGMENTED_TO_VIRTUAL(sp78));
      |                                                            ^~~~
      |                                                            |
      |                                                            void *
/home/david/Documents/RockBox_Personal-master/devsrc/nano-soh-runtime/Shipwright/soh/include/macros.h:37:36: note: in definition of macro 'SEGMENTED_TO_VIRTUAL'
   37 | #define SEGMENTED_TO_VIRTUAL(addr) addr
      |                                    ^~~~
/home/david/Documents/RockBox_Personal-master/devsrc/nano-soh-runtime/Shipwright/soh/include/functions.h:22:52: note: expected 'uintptr_t' {aka 'unsigned int'} but argument is of type 'void *'
   22 | void gSPSegment(void* value, int segNum, uintptr_t target);
      |                                          ~~~~~~~~~~^~~~~~
/home/david/Documents/RockBox_Personal-master/devsrc/nano-soh-runtime/Shipwright/soh/src/overlays/actors/ovl_Demo_Sa/z_demo_sa.c:475:60: warning: passing argument 3 of 'gSPSegment' makes integer from pointer without a cast [-Wint-conversion]
  475 |     gSPSegment(POLY_XLU_DISP++, 0x09, SEGMENTED_TO_VIRTUAL(sp78));
      |                                                            ^~~~
      |                                                            |
      |                                                            void *
/home/david/Documents/RockBox_Personal-master/devsrc/nano-soh-runtime/Shipwright/soh/include/macros.h:37:36: note: in definition of macro 'SEGMENTED_TO_VIRTUAL'
   37 | #define SEGMENTED_TO_VIRTUAL(addr) addr
      |                                    ^~~~
/home/david/Documents/RockBox_Personal-master/devsrc/nano-soh-runtime/Shipwright/soh/include/functions.h:22:52: note: expected 'uintptr_t' {aka 'unsigned int'} but argument is of type 'void *'
   22 | void gSPSegment(void* value, int segNum, uintptr_t target);
      |                                          ~~~~~~~~~~^~~~~~
/home/david/Documents/RockBox_Personal-master/devsrc/nano-soh-runtime/Shipwright/soh/src/overlays/actors/ovl_Demo_Sa/z_demo_sa.c:476:60: warning: passing argument 3 of 'gSPSegment' makes integer from pointer without a cast [-Wint-conversion]
  476 |     gSPSegment(POLY_XLU_DISP++, 0x0A, SEGMENTED_TO_VIRTUAL(sp6C));
      |                                                            ^~~~
      |                                                            |
      |                                                            void *
/home/david/Documents/RockBox_Personal-master/devsrc/nano-soh-runtime/Shipwright/soh/include/macros.h:37:36: note: in definition of macro 'SEGMENTED_TO_VIRTUAL'
   37 | #define SEGMENTED_TO_VIRTUAL(addr) addr
      |                                    ^~~~
/home/david/Documents/RockBox_Personal-master/devsrc/nano-soh-runtime/Shipwright/soh/include/functions.h:22:52: note: expected 'uintptr_t' {aka 'unsigned int'} but argument is of type 'void *'
   22 | void gSPSegment(void* value, int segNum, uintptr_t target);
      |                                          ~~~~~~~~~~^~~~~~
/home/david/Documents/RockBox_Personal-master/devsrc/nano-soh-runtime/Shipwright/soh/src/overlays/actors/ovl_Demo_Sa/z_demo_sa.c:478:39: warning: passing argument 3 of 'gSPSegment' makes integer from pointer without a cast [-Wint-conversion]
  478 |     gSPSegment(POLY_XLU_DISP++, 0x0C, D_80116280);
      |                                       ^~~~~~~~~~
      |                                       |
      |                                       Gfx *
/home/david/Documents/RockBox_Personal-master/devsrc/nano-soh-runtime/Shipwright/soh/include/functions.h:22:52: note: expected 'uintptr_t' {aka 'unsigned int'} but argument is of type 'Gfx *'
   22 | void gSPSegment(void* value, int segNum, uintptr_t target);
      |                                          ~~~~~~~~~~^~~~~~
/home/david/Documents/RockBox_Personal-master/devsrc/nano-soh-runtime/Shipwright/soh/src/overlays/actors/ovl_Demo_Sa/z_demo_sa.c: In function 'func_8098F390':
/home/david/Documents/RockBox_Personal-master/devsrc/nano-soh-runtime/Shipwright/soh/src/overlays/actors/ovl_Demo_Sa/z_demo_sa.c:487:48: warning: passing argument 3 of 'SkelAnime_InitFlex' from incompatible pointer type [-Wincompatible-pointer-types]
  487 |     SkelAnime_InitFlex(play, &this->skelAnime, &gSariaSkel, &gSariaWaitArmsToSideAnim, NULL, NULL, 0);
      |                                                ^~~~~~~~~~~
      |                                                |
      |                                                const char (*)[36]
/home/david/Documents/RockBox_Personal-master/devsrc/nano-soh-runtime/Shipwright/soh/include/functions.h:1329:83: note: expected 'FlexSkeletonHeader *' but argument is of type 'const char (*)[36]'
 1329 | s32 SkelAnime_InitFlex(PlayState* play, SkelAnime* skelAnime, FlexSkeletonHeader* skeletonHeaderSeg,
      |                                                               ~~~~~~~~~~~~~~~~~~~~^~~~~~~~~~~~~~~~~
/home/david/Documents/RockBox_Personal-master/devsrc/nano-soh-runtime/Shipwright/soh/src/overlays/actors/ovl_Demo_Sa/z_demo_sa.c:487:61: warning: passing argument 4 of 'SkelAnime_InitFlex' from incompatible pointer type [-Wincompatible-pointer-types]
  487 |     SkelAnime_InitFlex(play, &this->skelAnime, &gSariaSkel, &gSariaWaitArmsToSideAnim, NULL, NULL, 0);
      |                                                             ^~~~~~~~~~~~~~~~~~~~~~~~~
      |                                                             |
      |                                                             const char (*)[50]
/home/david/Documents/RockBox_Personal-master/devsrc/nano-soh-runtime/Shipwright/soh/include/functions.h:1330:41: note: expected 'AnimationHeader *' but argument is of type 'const char (*)[50]'
 1330 |                        AnimationHeader* animation, Vec3s* jointTable, Vec3s* morphTable, s32 limbCount);
      |                        ~~~~~~~~~~~~~~~~~^~~~~~~~~
/home/david/Documents/RockBox_Personal-master/devsrc/nano-soh-runtime/Shipwright/soh/src/overlays/actors/ovl_Demo_Sa/z_demo_sa.c: In function 'func_8098F420':
/home/david/Documents/RockBox_Personal-master/devsrc/nano-soh-runtime/Shipwright/soh/src/overlays/actors/ovl_Demo_Sa/z_demo_sa.c:499:48: warning: passing argument 3 of 'SkelAnime_InitFlex' from incompatible pointer type [-Wincompatible-pointer-types]
  499 |     SkelAnime_InitFlex(play, &this->skelAnime, &gSariaSkel, &gSariaSitting3Anim, NULL, NULL, 0);
      |                                                ^~~~~~~~~~~
      |                                                |
      |                                                const char (*)[36]
/home/david/Documents/RockBox_Personal-master/devsrc/nano-soh-runtime/Shipwright/soh/include/functions.h:1329:83: note: expected 'FlexSkeletonHeader *' but argument is of type 'const char (*)[36]'
 1329 | s32 SkelAnime_InitFlex(PlayState* play, SkelAnime* skelAnime, FlexSkeletonHeader* skeletonHeaderSeg,
      |                                                               ~~~~~~~~~~~~~~~~~~~~^~~~~~~~~~~~~~~~~
/home/david/Documents/RockBox_Personal-master/devsrc/nano-soh-runtime/Shipwright/soh/src/overlays/actors/ovl_Demo_Sa/z_demo_sa.c:499:61: warning: passing argument 4 of 'SkelAnime_InitFlex' from incompatible pointer type [-Wincompatible-pointer-types]
  499 |     SkelAnime_InitFlex(play, &this->skelAnime, &gSariaSkel, &gSariaSitting3Anim, NULL, NULL, 0);
      |                                                             ^~~~~~~~~~~~~~~~~~~
      |                                                             |
      |                                                             const char (*)[44]
/home/david/Documents/RockBox_Personal-master/devsrc/nano-soh-runtime/Shipwright/soh/include/functions.h:1330:41: note: expected 'AnimationHeader *' but argument is of type 'const char (*)[44]'
 1330 |                        AnimationHeader* animation, Vec3s* jointTable, Vec3s* morphTable, s32 limbCount);
      |                        ~~~~~~~~~~~~~~~~~^~~~~~~~~
/home/david/Documents/RockBox_Personal-master/devsrc/nano-soh-runtime/Shipwright/soh/src/overlays/actors/ovl_Demo_Sa/z_demo_sa.c: In function 'func_8098F590':
/home/david/Documents/RockBox_Personal-master/devsrc/nano-soh-runtime/Shipwright/soh/src/overlays/actors/ovl_Demo_Sa/z_demo_sa.c:534:25: warning: passing argument 2 of 'func_8098E76C' from incompatible pointer type [-Wincompatible-pointer-types]
  534 |     func_8098E76C(this, &gSariaSitting1Anim, 2, -8.0f, 0);
      |                         ^~~~~~~~~~~~~~~~~~~
      |                         |
      |                         const char (*)[44]
/home/david/Documents/RockBox_Personal-master/devsrc/nano-soh-runtime/Shipwright/soh/src/overlays/actors/ovl_Demo_Sa/z_demo_sa.c:199:51: note: expected 'AnimationHeader *' but argument is of type 'const char (*)[44]'
  199 | void func_8098E76C(DemoSa* this, AnimationHeader* animHeaderSeg, u8 arg2, f32 transitionRate, s32 arg4) {
      |                                  ~~~~~~~~~~~~~~~~~^~~~~~~~~~~~~
/home/david/Documents/RockBox_Personal-master/devsrc/nano-soh-runtime/Shipwright/soh/src/overlays/actors/ovl_Demo_Sa/z_demo_sa.c: In function 'func_8098F5D0':
/home/david/Documents/RockBox_Personal-master/devsrc/nano-soh-runtime/Shipwright/soh/src/overlays/actors/ovl_Demo_Sa/z_demo_sa.c:539:25: warning: passing argument 2 of 'func_8098E76C' from incompatible pointer type [-Wincompatible-pointer-types]
  539 |     func_8098E76C(this, &gSariaSitting2Anim, 2, 0.0f, 0);
      |                         ^~~~~~~~~~~~~~~~~~~
      |                         |
      |                         const char (*)[44]
/home/david/Documents/RockBox_Personal-master/devsrc/nano-soh-runtime/Shipwright/soh/src/overlays/actors/ovl_Demo_Sa/z_demo_sa.c:199:51: note: expected 'AnimationHeader *' but argument is of type 'const char (*)[44]'
  199 | void func_8098E76C(DemoSa* this, AnimationHeader* animHeaderSeg, u8 arg2, f32 transitionRate, s32 arg4) {
      |                                  ~~~~~~~~~~~~~~~~~^~~~~~~~~~~~~
/home/david/Documents/RockBox_Personal-master/devsrc/nano-soh-runtime/Shipwright/soh/src/overlays/actors/ovl_Demo_Sa/z_demo_sa.c: In function 'func_8098F610':
/home/david/Documents/RockBox_Personal-master/devsrc/nano-soh-runtime/Shipwright/soh/src/overlays/actors/ovl_Demo_Sa/z_demo_sa.c:545:29: warning: passing argument 2 of 'func_8098E76C' from incompatible pointer type [-Wincompatible-pointer-types]
  545 |         func_8098E76C(this, &gSariaSitting3Anim, 0, 0.0f, 0);
      |                             ^~~~~~~~~~~~~~~~~~~
      |                             |
      |                             const char (*)[44]
/home/david/Documents/RockBox_Personal-master/devsrc/nano-soh-runtime/Shipwright/soh/src/overlays/actors/ovl_Demo_Sa/z_demo_sa.c:199:51: note: expected 'AnimationHeader *' but argument is of type 'const char (*)[44]'
  199 | void func_8098E76C(DemoSa* this, AnimationHeader* animHeaderSeg, u8 arg2, f32 transitionRate, s32 arg4) {
      |                                  ~~~~~~~~~~~~~~~~~^~~~~~~~~~~~~
/home/david/Documents/RockBox_Personal-master/devsrc/nano-soh-runtime/Shipwright/soh/src/overlays/actors/ovl_Demo_Sa/z_demo_sa.c: In function 'func_8098F83C':
/home/david/Documents/RockBox_Personal-master/devsrc/nano-soh-runtime/Shipwright/soh/src/overlays/actors/ovl_Demo_Sa/z_demo_sa.c:615:48: warning: passing argument 3 of 'SkelAnime_InitFlex' from incompatible pointer type [-Wincompatible-pointer-types]
  615 |     SkelAnime_InitFlex(play, &this->skelAnime, &gSariaSkel, &gSariaWaitOnBridgeAnim, NULL, NULL, 0);
      |                                                ^~~~~~~~~~~
      |                                                |
      |                                                const char (*)[36]
/home/david/Documents/RockBox_Personal-master/devsrc/nano-soh-runtime/Shipwright/soh/include/functions.h:1329:83: note: expected 'FlexSkeletonHeader *' but argument is of type 'const char (*)[36]'
 1329 | s32 SkelAnime_InitFlex(PlayState* play, SkelAnime* skelAnime, FlexSkeletonHeader* skeletonHeaderSeg,
      |                                                               ~~~~~~~~~~~~~~~~~~~~^~~~~~~~~~~~~~~~~
/home/david/Documents/RockBox_Personal-master/devsrc/nano-soh-runtime/Shipwright/soh/src/overlays/actors/ovl_Demo_Sa/z_demo_sa.c:615:61: warning: passing argument 4 of 'SkelAnime_InitFlex' from incompatible pointer type [-Wincompatible-pointer-types]
  615 |     SkelAnime_InitFlex(play, &this->skelAnime, &gSariaSkel, &gSariaWaitOnBridgeAnim, NULL, NULL, 0);
      |                                                             ^~~~~~~~~~~~~~~~~~~~~~~
      |                                                             |
      |                                                             const char (*)[48]
/home/david/Documents/RockBox_Personal-master/devsrc/nano-soh-runtime/Shipwright/soh/include/functions.h:1330:41: note: expected 'AnimationHeader *' but argument is of type 'const char (*)[48]'
 1330 |                        AnimationHeader* animation, Vec3s* jointTable, Vec3s* morphTable, s32 limbCount);
      |                        ~~~~~~~~~~~~~~~~~^~~~~~~~~
/home/david/Documents/RockBox_Personal-master/devsrc/nano-soh-runtime/Shipwright/soh/src/overlays/actors/ovl_Demo_Sa/z_demo_sa.c: In function 'func_8098F998':
/home/david/Documents/RockBox_Personal-master/devsrc/nano-soh-runtime/Shipwright/soh/src/overlays/actors/ovl_Demo_Sa/z_demo_sa.c:654:29: warning: passing argument 2 of 'func_8098E76C' from incompatible pointer type [-Wincompatible-pointer-types]
  654 |         func_8098E76C(this, &gSariaWaitOnBridgeAnim, 0, 0.0f, 0);
      |                             ^~~~~~~~~~~~~~~~~~~~~~~
      |                             |
      |                             const char (*)[48]
/home/david/Documents/RockBox_Personal-master/devsrc/nano-soh-runtime/Shipwright/soh/src/overlays/actors/ovl_Demo_Sa/z_demo_sa.c:199:51: note: expected 'AnimationHeader *' but argument is of type 'const char (*)[48]'
  199 | void func_8098E76C(DemoSa* this, AnimationHeader* animHeaderSeg, u8 arg2, f32 transitionRate, s32 arg4) {
      |                                  ~~~~~~~~~~~~~~~~~^~~~~~~~~~~~~
/home/david/Documents/RockBox_Personal-master/devsrc/nano-soh-runtime/Shipwright/soh/src/overlays/actors/ovl_Demo_Sa/z_demo_sa.c: In function 'func_8098FA84':
/home/david/Documents/RockBox_Personal-master/devsrc/nano-soh-runtime/Shipwright/soh/src/overlays/actors/ovl_Demo_Sa/z_demo_sa.c:673:25: warning: passing argument 2 of 'func_8098E76C' from incompatible pointer type [-Wincompatible-pointer-types]
  673 |     func_8098E76C(this, &gSariaHoldOcarinaAnim, 0, 0.0f, 0);
      |                         ^~~~~~~~~~~~~~~~~~~~~~
      |                         |
      |                         const char (*)[47]
/home/david/Documents/RockBox_Personal-master/devsrc/nano-soh-runtime/Shipwright/soh/src/overlays/actors/ovl_Demo_Sa/z_demo_sa.c:199:51: note: expected 'AnimationHeader *' but argument is of type 'const char (*)[47]'
  199 | void func_8098E76C(DemoSa* this, AnimationHeader* animHeaderSeg, u8 arg2, f32 transitionRate, s32 arg4) {
      |                                  ~~~~~~~~~~~~~~~~~^~~~~~~~~~~~~
/home/david/Documents/RockBox_Personal-master/devsrc/nano-soh-runtime/Shipwright/soh/src/overlays/actors/ovl_Demo_Sa/z_demo_sa.c: In function 'func_8098FAE0':
/home/david/Documents/RockBox_Personal-master/devsrc/nano-soh-runtime/Shipwright/soh/src/overlays/actors/ovl_Demo_Sa/z_demo_sa.c:682:25: warning: passing argument 2 of 'func_8098E76C' from incompatible pointer type [-Wincompatible-pointer-types]
  682 |     func_8098E76C(this, &gSariaGiveLinkOcarinaAnim, 2, -8.0f, 0);
      |                         ^~~~~~~~~~~~~~~~~~~~~~~~~~
      |                         |
      |                         const char (*)[51]
/home/david/Documents/RockBox_Personal-master/devsrc/nano-soh-runtime/Shipwright/soh/src/overlays/actors/ovl_Demo_Sa/z_demo_sa.c:199:51: note: expected 'AnimationHeader *' but argument is of type 'const char (*)[51]'
  199 | void func_8098E76C(DemoSa* this, AnimationHeader* animHeaderSeg, u8 arg2, f32 transitionRate, s32 arg4) {
      |                                  ~~~~~~~~~~~~~~~~~^~~~~~~~~~~~~
/home/david/Documents/RockBox_Personal-master/devsrc/nano-soh-runtime/Shipwright/soh/src/overlays/actors/ovl_Demo_Sa/z_demo_sa.c: In function 'func_8098FB34':
/home/david/Documents/RockBox_Personal-master/devsrc/nano-soh-runtime/Shipwright/soh/src/overlays/actors/ovl_Demo_Sa/z_demo_sa.c:691:29: warning: passing argument 2 of 'func_8098E76C' from incompatible pointer type [-Wincompatible-pointer-types]
  691 |         func_8098E76C(this, &gSariaHoldOutOcarinaAnim, 0, 0, 0);
      |                             ^~~~~~~~~~~~~~~~~~~~~~~~~
      |                             |
      |                             const char (*)[50]
/home/david/Documents/RockBox_Personal-master/devsrc/nano-soh-runtime/Shipwright/soh/src/overlays/actors/ovl_Demo_Sa/z_demo_sa.c:199:51: note: expected 'AnimationHeader *' but argument is of type 'const char (*)[50]'
  199 | void func_8098E76C(DemoSa* this, AnimationHeader* animHeaderSeg, u8 arg2, f32 transitionRate, s32 arg4) {
      |                                  ~~~~~~~~~~~~~~~~~^~~~~~~~~~~~~
/home/david/Documents/RockBox_Personal-master/devsrc/nano-soh-runtime/Shipwright/soh/src/overlays/actors/ovl_Demo_Sa/z_demo_sa.c: In function 'DemoSa_OverrideLimbDraw':
/home/david/Documents/RockBox_Personal-master/devsrc/nano-soh-runtime/Shipwright/soh/src/overlays/actors/ovl_Demo_Sa/z_demo_sa.c:791:16: warning: assignment to 'Gfx *' from incompatible pointer type 'const char *' [-Wincompatible-pointer-types]
  791 |         *dList = gSariaRightHandAndOcarinaDL;
      |                ^
/home/david/Documents/RockBox_Personal-master/devsrc/nano-soh-runtime/Shipwright/soh/src/overlays/actors/ovl_Demo_Sa/z_demo_sa.c: In function 'DemoSa_DrawOpa':
/home/david/Documents/RockBox_Personal-master/devsrc/nano-soh-runtime/Shipwright/soh/src/overlays/actors/ovl_Demo_Sa/z_demo_sa.c:812:60: warning: passing argument 3 of 'gSPSegment' makes integer from pointer without a cast [-Wint-conversion]
  812 |     gSPSegment(POLY_OPA_DISP++, 0x08, SEGMENTED_TO_VIRTUAL(eyeTex));
      |                                                            ^~~~~~
      |                                                            |
      |                                                            void *
/home/david/Documents/RockBox_Personal-master/devsrc/nano-soh-runtime/Shipwright/soh/include/macros.h:37:36: note: in definition of macro 'SEGMENTED_TO_VIRTUAL'
   37 | #define SEGMENTED_TO_VIRTUAL(addr) addr
      |                                    ^~~~
/home/david/Documents/RockBox_Personal-master/devsrc/nano-soh-runtime/Shipwright/soh/include/functions.h:22:52: note: expected 'uintptr_t' {aka 'unsigned int'} but argument is of type 'void *'
   22 | void gSPSegment(void* value, int segNum, uintptr_t target);
      |                                          ~~~~~~~~~~^~~~~~
/home/david/Documents/RockBox_Personal-master/devsrc/nano-soh-runtime/Shipwright/soh/src/overlays/actors/ovl_Demo_Sa/z_demo_sa.c:813:60: warning: passing argument 3 of 'gSPSegment' makes integer from pointer without a cast [-Wint-conversion]
  813 |     gSPSegment(POLY_OPA_DISP++, 0x09, SEGMENTED_TO_VIRTUAL(eyeTex));
      |                                                            ^~~~~~
      |                                                            |
      |                                                            void *
/home/david/Documents/RockBox_Personal-master/devsrc/nano-soh-runtime/Shipwright/soh/include/macros.h:37:36: note: in definition of macro 'SEGMENTED_TO_VIRTUAL'
   37 | #define SEGMENTED_TO_VIRTUAL(addr) addr
      |                                    ^~~~
/home/david/Documents/RockBox_Personal-master/devsrc/nano-soh-runtime/Shipwright/soh/include/functions.h:22:52: note: expected 'uintptr_t' {aka 'unsigned int'} but argument is of type 'void *'
   22 | void gSPSegment(void* value, int segNum, uintptr_t target);
      |                                          ~~~~~~~~~~^~~~~~
/home/david/Documents/RockBox_Personal-master/devsrc/nano-soh-runtime/Shipwright/soh/src/overlays/actors/ovl_Demo_Sa/z_demo_sa.c:814:60: warning: passing argument 3 of 'gSPSegment' makes integer from pointer without a cast [-Wint-conversion]
  814 |     gSPSegment(POLY_OPA_DISP++, 0x0A, SEGMENTED_TO_VIRTUAL(mouthTex));
      |                                                            ^~~~~~~~
      |                                                            |
      |                                                            void *
/home/david/Documents/RockBox_Personal-master/devsrc/nano-soh-runtime/Shipwright/soh/include/macros.h:37:36: note: in definition of macro 'SEGMENTED_TO_VIRTUAL'
   37 | #define SEGMENTED_TO_VIRTUAL(addr) addr
      |                                    ^~~~
/home/david/Documents/RockBox_Personal-master/devsrc/nano-soh-runtime/Shipwright/soh/include/functions.h:22:52: note: expected 'uintptr_t' {aka 'unsigned int'} but argument is of type 'void *'
   22 | void gSPSegment(void* value, int segNum, uintptr_t target);
      |                                          ~~~~~~~~~~^~~~~~
/home/david/Documents/RockBox_Personal-master/devsrc/nano-soh-runtime/Shipwright/soh/src/overlays/actors/ovl_Demo_Sa/z_demo_sa.c:816:39: warning: passing argument 3 of 'gSPSegment' makes integer from pointer without a cast [-Wint-conversion]
  816 |     gSPSegment(POLY_OPA_DISP++, 0x0C, &D_80116280[2]);
      |                                       ^~~~~~~~~~~~~~
      |                                       |
      |                                       Gfx *
/home/david/Documents/RockBox_Personal-master/devsrc/nano-soh-runtime/Shipwright/soh/include/functions.h:22:52: note: expected 'uintptr_t' {aka 'unsigned int'} but argument is of type 'Gfx *'
   22 | void gSPSegment(void* value, int segNum, uintptr_t target);
      |                                          ~~~~~~~~~~^~~~~~
