/home/david/Documents/RockBox_Personal-master/devsrc/nano-soh-runtime/Shipwright/soh/src/overlays/actors/ovl_En_Tubo_Trap/z_en_tubo_trap.c: In function 'EnTuboTrap_SpawnEffectsOnLand':
/home/david/Documents/RockBox_Personal-master/devsrc/nano-soh-runtime/Shipwright/soh/src/overlays/actors/ovl_En_Tubo_Trap/z_en_tubo_trap.c:120:90: warning: passing argument 16 of 'EffectSsKakera_Spawn' from incompatible pointer type [-Wincompatible-pointer-types]
  120 |                              0, 32, 60, KAKERA_COLOR_NONE, OBJECT_GAMEPLAY_DANGEON_KEEP, gPotFragmentDL);
      |                                                                                          ^~~~~~~~~~~~~~
      |                                                                                          |
      |                                                                                          const char *
In file included from /home/david/Documents/RockBox_Personal-master/devsrc/nano-soh-runtime/Shipwright/soh/include/global.h:8,
                 from /home/david/Documents/RockBox_Personal-master/devsrc/nano-soh-runtime/Shipwright/soh/src/overlays/actors/ovl_En_Tubo_Trap/z_en_tubo_trap.h:5,
                 from /home/david/Documents/RockBox_Personal-master/devsrc/nano-soh-runtime/Shipwright/soh/src/overlays/actors/ovl_En_Tubo_Trap/z_en_tubo_trap.c:7:
/home/david/Documents/RockBox_Personal-master/devsrc/nano-soh-runtime/Shipwright/soh/include/functions.h:329:43: note: expected 'Gfx *' but argument is of type 'const char *'
  329 |                           s16 objId, Gfx* dList);
      |                                      ~~~~~^~~~~
/home/david/Documents/RockBox_Personal-master/devsrc/nano-soh-runtime/Shipwright/soh/src/overlays/actors/ovl_En_Tubo_Trap/z_en_tubo_trap.c: In function 'EnTuboTrap_SpawnEffectsInWater':
/home/david/Documents/RockBox_Personal-master/devsrc/nano-soh-runtime/Shipwright/soh/src/overlays/actors/ovl_En_Tubo_Trap/z_en_tubo_trap.c:165:90: warning: passing argument 16 of 'EffectSsKakera_Spawn' from incompatible pointer type [-Wincompatible-pointer-types]
  165 |                              0, 32, 70, KAKERA_COLOR_NONE, OBJECT_GAMEPLAY_DANGEON_KEEP, gPotFragmentDL);
      |                                                                                          ^~~~~~~~~~~~~~
      |                                                                                          |
      |                                                                                          const char *
/home/david/Documents/RockBox_Personal-master/devsrc/nano-soh-runtime/Shipwright/soh/include/functions.h:329:43: note: expected 'Gfx *' but argument is of type 'const char *'
  329 |                           s16 objId, Gfx* dList);
      |                                      ~~~~~^~~~~
/home/david/Documents/RockBox_Personal-master/devsrc/nano-soh-runtime/Shipwright/soh/src/overlays/actors/ovl_En_Tubo_Trap/z_en_tubo_trap.c: In function 'EnTuboTrap_Draw':
/home/david/Documents/RockBox_Personal-master/devsrc/nano-soh-runtime/Shipwright/soh/src/overlays/actors/ovl_En_Tubo_Trap/z_en_tubo_trap.c:293:28: warning: passing argument 2 of 'Gfx_DrawDListOpa' from incompatible pointer type [-Wincompatible-pointer-types]
  293 |     Gfx_DrawDListOpa(play, gPotDL);
      |                            ^~~~~~
      |                            |
      |                            const char *
/home/david/Documents/RockBox_Personal-master/devsrc/nano-soh-runtime/Shipwright/soh/include/functions.h:546:45: note: expected 'Gfx *' but argument is of type 'const char *'
  546 | void Gfx_DrawDListOpa(PlayState* play, Gfx* dlist);
      |                                        ~~~~~^~~~~
