/home/david/Documents/RockBox_Personal-master/devsrc/nano-soh-runtime/Shipwright/soh/src/overlays/actors/ovl_En_Ta/z_en_ta.c: In function 'EnTa_Init':
/home/david/Documents/RockBox_Personal-master/devsrc/nano-soh-runtime/Shipwright/soh/src/overlays/actors/ovl_En_Ta/z_en_ta.c:108:48: warning: passing argument 3 of 'SkelAnime_InitFlex' from incompatible pointer type [-Wincompatible-pointer-types]
  108 |     SkelAnime_InitFlex(play, &this->skelAnime, &gTalonSkel, &gTalonStandAnim, this->jointTable, this->morphTable, 17);
      |                                                ^~~~~~~~~~~
      |                                                |
      |                                                const char (*)[36]
In file included from /home/david/Documents/RockBox_Personal-master/devsrc/nano-soh-runtime/Shipwright/soh/include/global.h:8,
                 from /home/david/Documents/RockBox_Personal-master/devsrc/nano-soh-runtime/Shipwright/soh/src/overlays/actors/ovl_En_Ta/z_en_ta.h:5,
                 from /home/david/Documents/RockBox_Personal-master/devsrc/nano-soh-runtime/Shipwright/soh/src/overlays/actors/ovl_En_Ta/z_en_ta.c:7:
/home/david/Documents/RockBox_Personal-master/devsrc/nano-soh-runtime/Shipwright/soh/include/functions.h:1329:83: note: expected 'FlexSkeletonHeader *' but argument is of type 'const char (*)[36]'
 1329 | s32 SkelAnime_InitFlex(PlayState* play, SkelAnime* skelAnime, FlexSkeletonHeader* skeletonHeaderSeg,
      |                                                               ~~~~~~~~~~~~~~~~~~~~^~~~~~~~~~~~~~~~~
/home/david/Documents/RockBox_Personal-master/devsrc/nano-soh-runtime/Shipwright/soh/src/overlays/actors/ovl_En_Ta/z_en_ta.c:108:61: warning: passing argument 4 of 'SkelAnime_InitFlex' from incompatible pointer type [-Wincompatible-pointer-types]
  108 |     SkelAnime_InitFlex(play, &this->skelAnime, &gTalonSkel, &gTalonStandAnim, this->jointTable, this->morphTable, 17);
      |                                                             ^~~~~~~~~~~~~~~~
      |                                                             |
      |                                                             const char (*)[41]
/home/david/Documents/RockBox_Personal-master/devsrc/nano-soh-runtime/Shipwright/soh/include/functions.h:1330:41: note: expected 'AnimationHeader *' but argument is of type 'const char (*)[41]'
 1330 |                        AnimationHeader* animation, Vec3s* jointTable, Vec3s* morphTable, s32 limbCount);
      |                        ~~~~~~~~~~~~~~~~~^~~~~~~~~
/home/david/Documents/RockBox_Personal-master/devsrc/nano-soh-runtime/Shipwright/soh/src/overlays/actors/ovl_En_Ta/z_en_ta.c:134:54: warning: passing argument 2 of 'Animation_PlayOnce' from incompatible pointer type [-Wincompatible-pointer-types]
  134 |                 Animation_PlayOnce(&this->skelAnime, &gTalonStandAnim);
      |                                                      ^~~~~~~~~~~~~~~~
      |                                                      |
      |                                                      const char (*)[41]
/home/david/Documents/RockBox_Personal-master/devsrc/nano-soh-runtime/Shipwright/soh/include/functions.h:1338:64: note: expected 'AnimationHeader *' but argument is of type 'const char (*)[41]'
 1338 | void Animation_PlayOnce(SkelAnime* skelAnime, AnimationHeader* animation);
      |                                               ~~~~~~~~~~~~~~~~~^~~~~~~~~
/home/david/Documents/RockBox_Personal-master/devsrc/nano-soh-runtime/Shipwright/soh/src/overlays/actors/ovl_En_Ta/z_en_ta.c:135:40: warning: assignment to 'AnimationHeader *' from incompatible pointer type 'const char (*)[41]' [-Wincompatible-pointer-types]
  135 |                 this->currentAnimation = &gTalonStandAnim;
      |                                        ^
/home/david/Documents/RockBox_Personal-master/devsrc/nano-soh-runtime/Shipwright/soh/src/overlays/actors/ovl_En_Ta/z_en_ta.c:139:54: warning: passing argument 2 of 'Animation_PlayOnce' from incompatible pointer type [-Wincompatible-pointer-types]
  139 |                 Animation_PlayOnce(&this->skelAnime, &gTalonSleepAnim);
      |                                                      ^~~~~~~~~~~~~~~~
      |                                                      |
      |                                                      const char (*)[41]
/home/david/Documents/RockBox_Personal-master/devsrc/nano-soh-runtime/Shipwright/soh/include/functions.h:1338:64: note: expected 'AnimationHeader *' but argument is of type 'const char (*)[41]'
 1338 | void Animation_PlayOnce(SkelAnime* skelAnime, AnimationHeader* animation);
      |                                               ~~~~~~~~~~~~~~~~~^~~~~~~~~
/home/david/Documents/RockBox_Personal-master/devsrc/nano-soh-runtime/Shipwright/soh/src/overlays/actors/ovl_En_Ta/z_en_ta.c:140:40: warning: assignment to 'AnimationHeader *' from incompatible pointer type 'const char (*)[41]' [-Wincompatible-pointer-types]
  140 |                 this->currentAnimation = &gTalonSleepAnim;
      |                                        ^
/home/david/Documents/RockBox_Personal-master/devsrc/nano-soh-runtime/Shipwright/soh/src/overlays/actors/ovl_En_Ta/z_en_ta.c:156:54: warning: passing argument 2 of 'Animation_PlayOnce' from incompatible pointer type [-Wincompatible-pointer-types]
  156 |                 Animation_PlayOnce(&this->skelAnime, &gTalonStandAnim);
      |                                                      ^~~~~~~~~~~~~~~~
      |                                                      |
      |                                                      const char (*)[41]
/home/david/Documents/RockBox_Personal-master/devsrc/nano-soh-runtime/Shipwright/soh/include/functions.h:1338:64: note: expected 'AnimationHeader *' but argument is of type 'const char (*)[41]'
 1338 | void Animation_PlayOnce(SkelAnime* skelAnime, AnimationHeader* animation);
      |                                               ~~~~~~~~~~~~~~~~~^~~~~~~~~
/home/david/Documents/RockBox_Personal-master/devsrc/nano-soh-runtime/Shipwright/soh/src/overlays/actors/ovl_En_Ta/z_en_ta.c:157:40: warning: assignment to 'AnimationHeader *' from incompatible pointer type 'const char (*)[41]' [-Wincompatible-pointer-types]
  157 |                 this->currentAnimation = &gTalonStandAnim;
      |                                        ^
/home/david/Documents/RockBox_Personal-master/devsrc/nano-soh-runtime/Shipwright/soh/src/overlays/actors/ovl_En_Ta/z_en_ta.c:168:58: warning: passing argument 2 of 'Animation_PlayOnce' from incompatible pointer type [-Wincompatible-pointer-types]
  168 |                     Animation_PlayOnce(&this->skelAnime, &gTalonStandAnim);
      |                                                          ^~~~~~~~~~~~~~~~
      |                                                          |
      |                                                          const char (*)[41]
/home/david/Documents/RockBox_Personal-master/devsrc/nano-soh-runtime/Shipwright/soh/include/functions.h:1338:64: note: expected 'AnimationHeader *' but argument is of type 'const char (*)[41]'
 1338 | void Animation_PlayOnce(SkelAnime* skelAnime, AnimationHeader* animation);
      |                                               ~~~~~~~~~~~~~~~~~^~~~~~~~~
/home/david/Documents/RockBox_Personal-master/devsrc/nano-soh-runtime/Shipwright/soh/src/overlays/actors/ovl_En_Ta/z_en_ta.c:169:44: warning: assignment to 'AnimationHeader *' from incompatible pointer type 'const char (*)[41]' [-Wincompatible-pointer-types]
  169 |                     this->currentAnimation = &gTalonStandAnim;
      |                                            ^
/home/david/Documents/RockBox_Personal-master/devsrc/nano-soh-runtime/Shipwright/soh/src/overlays/actors/ovl_En_Ta/z_en_ta.c:173:58: warning: passing argument 2 of 'Animation_PlayOnce' from incompatible pointer type [-Wincompatible-pointer-types]
  173 |                     Animation_PlayOnce(&this->skelAnime, &gTalonSleepAnim);
      |                                                          ^~~~~~~~~~~~~~~~
      |                                                          |
      |                                                          const char (*)[41]
/home/david/Documents/RockBox_Personal-master/devsrc/nano-soh-runtime/Shipwright/soh/include/functions.h:1338:64: note: expected 'AnimationHeader *' but argument is of type 'const char (*)[41]'
 1338 | void Animation_PlayOnce(SkelAnime* skelAnime, AnimationHeader* animation);
      |                                               ~~~~~~~~~~~~~~~~~^~~~~~~~~
/home/david/Documents/RockBox_Personal-master/devsrc/nano-soh-runtime/Shipwright/soh/src/overlays/actors/ovl_En_Ta/z_en_ta.c:174:44: warning: assignment to 'AnimationHeader *' from incompatible pointer type 'const char (*)[41]' [-Wincompatible-pointer-types]
  174 |                     this->currentAnimation = &gTalonSleepAnim;
      |                                            ^
/home/david/Documents/RockBox_Personal-master/devsrc/nano-soh-runtime/Shipwright/soh/src/overlays/actors/ovl_En_Ta/z_en_ta.c:201:69: warning: passing argument 1 of 'Animation_GetLastFrame' discards 'const' qualifier from pointer target type [-Wdiscarded-array-qualifiers]
  201 |                                              Animation_GetLastFrame(&gTalonSitWakeUpAnim) - 1.0f,
      |                                                                     ^~~~~~~~~~~~~~~~~~~~
/home/david/Documents/RockBox_Personal-master/devsrc/nano-soh-runtime/Shipwright/soh/include/functions.h:1278:34: note: expected 'void *' but argument is of type 'const char (*)[45]'
 1278 | s16 Animation_GetLastFrame(void* animation);
      |                            ~~~~~~^~~~~~~~~
/home/david/Documents/RockBox_Personal-master/devsrc/nano-soh-runtime/Shipwright/soh/src/overlays/actors/ovl_En_Ta/z_en_ta.c:202:69: warning: passing argument 1 of 'Animation_GetLastFrame' discards 'const' qualifier from pointer target type [-Wdiscarded-array-qualifiers]
  202 |                                              Animation_GetLastFrame(&gTalonSitWakeUpAnim), ANIMMODE_ONCE, 0.0f);
      |                                                                     ^~~~~~~~~~~~~~~~~~~~
/home/david/Documents/RockBox_Personal-master/devsrc/nano-soh-runtime/Shipwright/soh/include/functions.h:1278:34: note: expected 'void *' but argument is of type 'const char (*)[45]'
 1278 | s16 Animation_GetLastFrame(void* animation);
      |                            ~~~~~~^~~~~~~~~
/home/david/Documents/RockBox_Personal-master/devsrc/nano-soh-runtime/Shipwright/soh/src/overlays/actors/ovl_En_Ta/z_en_ta.c:200:64: warning: passing argument 2 of 'Animation_Change' from incompatible pointer type [-Wincompatible-pointer-types]
  200 |                             Animation_Change(&this->skelAnime, &gTalonSitWakeUpAnim, 1.0f,
      |                                                                ^~~~~~~~~~~~~~~~~~~~
      |                                                                |
      |                                                                const char (*)[45]
/home/david/Documents/RockBox_Personal-master/devsrc/nano-soh-runtime/Shipwright/soh/include/functions.h:1336:62: note: expected 'AnimationHeader *' but argument is of type 'const char (*)[45]'
 1336 | void Animation_Change(SkelAnime* skelAnime, AnimationHeader* animation, f32 playSpeed, f32 startFrame, f32 endFrame,
      |                                             ~~~~~~~~~~~~~~~~~^~~~~~~~~
/home/david/Documents/RockBox_Personal-master/devsrc/nano-soh-runtime/Shipwright/soh/src/overlays/actors/ovl_En_Ta/z_en_ta.c:207:66: warning: passing argument 2 of 'Animation_PlayOnce' from incompatible pointer type [-Wincompatible-pointer-types]
  207 |                             Animation_PlayOnce(&this->skelAnime, &gTalonSitSleepingAnim);
      |                                                                  ^~~~~~~~~~~~~~~~~~~~~~
      |                                                                  |
      |                                                                  const char (*)[47]
/home/david/Documents/RockBox_Personal-master/devsrc/nano-soh-runtime/Shipwright/soh/include/functions.h:1338:64: note: expected 'AnimationHeader *' but argument is of type 'const char (*)[47]'
 1338 | void Animation_PlayOnce(SkelAnime* skelAnime, AnimationHeader* animation);
      |                                               ~~~~~~~~~~~~~~~~~^~~~~~~~~
/home/david/Documents/RockBox_Personal-master/devsrc/nano-soh-runtime/Shipwright/soh/src/overlays/actors/ovl_En_Ta/z_en_ta.c:208:52: warning: assignment to 'AnimationHeader *' from incompatible pointer type 'const char (*)[47]' [-Wincompatible-pointer-types]
  208 |                             this->currentAnimation = &gTalonSitSleepingAnim;
      |                                                    ^
/home/david/Documents/RockBox_Personal-master/devsrc/nano-soh-runtime/Shipwright/soh/src/overlays/actors/ovl_En_Ta/z_en_ta.c:213:62: warning: passing argument 2 of 'Animation_PlayOnce' from incompatible pointer type [-Wincompatible-pointer-types]
  213 |                         Animation_PlayOnce(&this->skelAnime, &gTalonSleepAnim);
      |                                                              ^~~~~~~~~~~~~~~~
      |                                                              |
      |                                                              const char (*)[41]
/home/david/Documents/RockBox_Personal-master/devsrc/nano-soh-runtime/Shipwright/soh/include/functions.h:1338:64: note: expected 'AnimationHeader *' but argument is of type 'const char (*)[41]'
 1338 | void Animation_PlayOnce(SkelAnime* skelAnime, AnimationHeader* animation);
      |                                               ~~~~~~~~~~~~~~~~~^~~~~~~~~
/home/david/Documents/RockBox_Personal-master/devsrc/nano-soh-runtime/Shipwright/soh/src/overlays/actors/ovl_En_Ta/z_en_ta.c:214:48: warning: assignment to 'AnimationHeader *' from incompatible pointer type 'const char (*)[41]' [-Wincompatible-pointer-types]
  214 |                         this->currentAnimation = &gTalonSleepAnim;
      |                                                ^
/home/david/Documents/RockBox_Personal-master/devsrc/nano-soh-runtime/Shipwright/soh/src/overlays/actors/ovl_En_Ta/z_en_ta.c:221:54: warning: passing argument 2 of 'Animation_PlayOnce' from incompatible pointer type [-Wincompatible-pointer-types]
  221 |                 Animation_PlayOnce(&this->skelAnime, &gTalonSleepAnim);
      |                                                      ^~~~~~~~~~~~~~~~
      |                                                      |
      |                                                      const char (*)[41]
/home/david/Documents/RockBox_Personal-master/devsrc/nano-soh-runtime/Shipwright/soh/include/functions.h:1338:64: note: expected 'AnimationHeader *' but argument is of type 'const char (*)[41]'
 1338 | void Animation_PlayOnce(SkelAnime* skelAnime, AnimationHeader* animation);
      |                                               ~~~~~~~~~~~~~~~~~^~~~~~~~~
/home/david/Documents/RockBox_Personal-master/devsrc/nano-soh-runtime/Shipwright/soh/src/overlays/actors/ovl_En_Ta/z_en_ta.c:222:40: warning: assignment to 'AnimationHeader *' from incompatible pointer type 'const char (*)[41]' [-Wincompatible-pointer-types]
  222 |                 this->currentAnimation = &gTalonSleepAnim;
      |                                        ^
/home/david/Documents/RockBox_Personal-master/devsrc/nano-soh-runtime/Shipwright/soh/src/overlays/actors/ovl_En_Ta/z_en_ta.c: In function 'EnTa_WakeUp':
/home/david/Documents/RockBox_Personal-master/devsrc/nano-soh-runtime/Shipwright/soh/src/overlays/actors/ovl_En_Ta/z_en_ta.c:316:46: warning: passing argument 2 of 'Animation_PlayOnce' from incompatible pointer type [-Wincompatible-pointer-types]
  316 |         Animation_PlayOnce(&this->skelAnime, &gTalonWakeUpAnim);
      |                                              ^~~~~~~~~~~~~~~~~
      |                                              |
      |                                              const char (*)[42]
/home/david/Documents/RockBox_Personal-master/devsrc/nano-soh-runtime/Shipwright/soh/include/functions.h:1338:64: note: expected 'AnimationHeader *' but argument is of type 'const char (*)[42]'
 1338 | void Animation_PlayOnce(SkelAnime* skelAnime, AnimationHeader* animation);
      |                                               ~~~~~~~~~~~~~~~~~^~~~~~~~~
/home/david/Documents/RockBox_Personal-master/devsrc/nano-soh-runtime/Shipwright/soh/src/overlays/actors/ovl_En_Ta/z_en_ta.c:317:32: warning: assignment to 'AnimationHeader *' from incompatible pointer type 'const char (*)[41]' [-Wincompatible-pointer-types]
  317 |         this->currentAnimation = &gTalonStandAnim;
      |                                ^
/home/david/Documents/RockBox_Personal-master/devsrc/nano-soh-runtime/Shipwright/soh/src/overlays/actors/ovl_En_Ta/z_en_ta.c: In function 'EnTa_TalkAwakeInCastle':
/home/david/Documents/RockBox_Personal-master/devsrc/nano-soh-runtime/Shipwright/soh/src/overlays/actors/ovl_En_Ta/z_en_ta.c:468:46: warning: passing argument 2 of 'Animation_PlayOnce' from incompatible pointer type [-Wincompatible-pointer-types]
  468 |         Animation_PlayOnce(&this->skelAnime, &gTalonRunTransitionAnim);
      |                                              ^~~~~~~~~~~~~~~~~~~~~~~~
      |                                              |
      |                                              const char (*)[49]
/home/david/Documents/RockBox_Personal-master/devsrc/nano-soh-runtime/Shipwright/soh/include/functions.h:1338:64: note: expected 'AnimationHeader *' but argument is of type 'const char (*)[49]'
 1338 | void Animation_PlayOnce(SkelAnime* skelAnime, AnimationHeader* animation);
      |                                               ~~~~~~~~~~~~~~~~~^~~~~~~~~
/home/david/Documents/RockBox_Personal-master/devsrc/nano-soh-runtime/Shipwright/soh/src/overlays/actors/ovl_En_Ta/z_en_ta.c:469:32: warning: assignment to 'AnimationHeader *' from incompatible pointer type 'const char (*)[39]' [-Wincompatible-pointer-types]
  469 |         this->currentAnimation = &gTalonRunAnim;
      |                                ^
/home/david/Documents/RockBox_Personal-master/devsrc/nano-soh-runtime/Shipwright/soh/src/overlays/actors/ovl_En_Ta/z_en_ta.c: In function 'EnTa_SetupActionWithSleepAnimation':
/home/david/Documents/RockBox_Personal-master/devsrc/nano-soh-runtime/Shipwright/soh/src/overlays/actors/ovl_En_Ta/z_en_ta.c:552:45: warning: passing argument 1 of 'Animation_GetLastFrame' discards 'const' qualifier from pointer target type [-Wdiscarded-array-qualifiers]
  552 |                      Animation_GetLastFrame(&gTalonSitSleepingAnim), ANIMMODE_ONCE, -5.0f);
      |                                             ^~~~~~~~~~~~~~~~~~~~~~
/home/david/Documents/RockBox_Personal-master/devsrc/nano-soh-runtime/Shipwright/soh/include/functions.h:1278:34: note: expected 'void *' but argument is of type 'const char (*)[47]'
 1278 | s16 Animation_GetLastFrame(void* animation);
      |                            ~~~~~~^~~~~~~~~
/home/david/Documents/RockBox_Personal-master/devsrc/nano-soh-runtime/Shipwright/soh/src/overlays/actors/ovl_En_Ta/z_en_ta.c:551:40: warning: passing argument 2 of 'Animation_Change' from incompatible pointer type [-Wincompatible-pointer-types]
  551 |     Animation_Change(&this->skelAnime, &gTalonSitSleepingAnim, 1.0f, 0.0f,
      |                                        ^~~~~~~~~~~~~~~~~~~~~~
      |                                        |
      |                                        const char (*)[47]
/home/david/Documents/RockBox_Personal-master/devsrc/nano-soh-runtime/Shipwright/soh/include/functions.h:1336:62: note: expected 'AnimationHeader *' but argument is of type 'const char (*)[47]'
 1336 | void Animation_Change(SkelAnime* skelAnime, AnimationHeader* animation, f32 playSpeed, f32 startFrame, f32 endFrame,
      |                                             ~~~~~~~~~~~~~~~~~^~~~~~~~~
/home/david/Documents/RockBox_Personal-master/devsrc/nano-soh-runtime/Shipwright/soh/src/overlays/actors/ovl_En_Ta/z_en_ta.c:554:28: warning: assignment to 'AnimationHeader *' from incompatible pointer type 'const char (*)[47]' [-Wincompatible-pointer-types]
  554 |     this->currentAnimation = &gTalonSitSleepingAnim;
      |                            ^
/home/david/Documents/RockBox_Personal-master/devsrc/nano-soh-runtime/Shipwright/soh/src/overlays/actors/ovl_En_Ta/z_en_ta.c: In function 'EnTa_SetupActionWithWakeUpAnimation':
/home/david/Documents/RockBox_Personal-master/devsrc/nano-soh-runtime/Shipwright/soh/src/overlays/actors/ovl_En_Ta/z_en_ta.c:561:97: warning: passing argument 1 of 'Animation_GetLastFrame' discards 'const' qualifier from pointer target type [-Wdiscarded-array-qualifiers]
  561 |     Animation_Change(&this->skelAnime, &gTalonSitWakeUpAnim, 1.0f, 0.0f, Animation_GetLastFrame(&gTalonSitWakeUpAnim),
      |                                                                                                 ^~~~~~~~~~~~~~~~~~~~
/home/david/Documents/RockBox_Personal-master/devsrc/nano-soh-runtime/Shipwright/soh/include/functions.h:1278:34: note: expected 'void *' but argument is of type 'const char (*)[45]'
 1278 | s16 Animation_GetLastFrame(void* animation);
      |                            ~~~~~~^~~~~~~~~
/home/david/Documents/RockBox_Personal-master/devsrc/nano-soh-runtime/Shipwright/soh/src/overlays/actors/ovl_En_Ta/z_en_ta.c:561:40: warning: passing argument 2 of 'Animation_Change' from incompatible pointer type [-Wincompatible-pointer-types]
  561 |     Animation_Change(&this->skelAnime, &gTalonSitWakeUpAnim, 1.0f, 0.0f, Animation_GetLastFrame(&gTalonSitWakeUpAnim),
      |                                        ^~~~~~~~~~~~~~~~~~~~
      |                                        |
      |                                        const char (*)[45]
/home/david/Documents/RockBox_Personal-master/devsrc/nano-soh-runtime/Shipwright/soh/include/functions.h:1336:62: note: expected 'AnimationHeader *' but argument is of type 'const char (*)[45]'
 1336 | void Animation_Change(SkelAnime* skelAnime, AnimationHeader* animation, f32 playSpeed, f32 startFrame, f32 endFrame,
      |                                             ~~~~~~~~~~~~~~~~~^~~~~~~~~
/home/david/Documents/RockBox_Personal-master/devsrc/nano-soh-runtime/Shipwright/soh/src/overlays/actors/ovl_En_Ta/z_en_ta.c: In function 'EnTa_TalkFoundSuperCucco':
/home/david/Documents/RockBox_Personal-master/devsrc/nano-soh-runtime/Shipwright/soh/src/overlays/actors/ovl_En_Ta/z_en_ta.c:595:49: warning: passing argument 1 of 'Animation_GetLastFrame' discards 'const' qualifier from pointer target type [-Wdiscarded-array-qualifiers]
  595 |                          Animation_GetLastFrame(&gTalonSitWakeUpAnim) - 1.0f,
      |                                                 ^~~~~~~~~~~~~~~~~~~~
/home/david/Documents/RockBox_Personal-master/devsrc/nano-soh-runtime/Shipwright/soh/include/functions.h:1278:34: note: expected 'void *' but argument is of type 'const char (*)[45]'
 1278 | s16 Animation_GetLastFrame(void* animation);
      |                            ~~~~~~^~~~~~~~~
/home/david/Documents/RockBox_Personal-master/devsrc/nano-soh-runtime/Shipwright/soh/src/overlays/actors/ovl_En_Ta/z_en_ta.c:596:49: warning: passing argument 1 of 'Animation_GetLastFrame' discards 'const' qualifier from pointer target type [-Wdiscarded-array-qualifiers]
  596 |                          Animation_GetLastFrame(&gTalonSitWakeUpAnim), ANIMMODE_ONCE, 10.0f);
      |                                                 ^~~~~~~~~~~~~~~~~~~~
/home/david/Documents/RockBox_Personal-master/devsrc/nano-soh-runtime/Shipwright/soh/include/functions.h:1278:34: note: expected 'void *' but argument is of type 'const char (*)[45]'
 1278 | s16 Animation_GetLastFrame(void* animation);
      |                            ~~~~~~^~~~~~~~~
/home/david/Documents/RockBox_Personal-master/devsrc/nano-soh-runtime/Shipwright/soh/src/overlays/actors/ovl_En_Ta/z_en_ta.c:594:44: warning: passing argument 2 of 'Animation_Change' from incompatible pointer type [-Wincompatible-pointer-types]
  594 |         Animation_Change(&this->skelAnime, &gTalonSitWakeUpAnim, 1.0f,
      |                                            ^~~~~~~~~~~~~~~~~~~~
      |                                            |
      |                                            const char (*)[45]
/home/david/Documents/RockBox_Personal-master/devsrc/nano-soh-runtime/Shipwright/soh/include/functions.h:1336:62: note: expected 'AnimationHeader *' but argument is of type 'const char (*)[45]'
 1336 | void Animation_Change(SkelAnime* skelAnime, AnimationHeader* animation, f32 playSpeed, f32 startFrame, f32 endFrame,
      |                                             ~~~~~~~~~~~~~~~~~^~~~~~~~~
/home/david/Documents/RockBox_Personal-master/devsrc/nano-soh-runtime/Shipwright/soh/src/overlays/actors/ovl_En_Ta/z_en_ta.c: In function 'EnTa_AnimateHandsUpDown':
/home/david/Documents/RockBox_Personal-master/devsrc/nano-soh-runtime/Shipwright/soh/src/overlays/actors/ovl_En_Ta/z_en_ta.c:643:48: warning: passing argument 2 of 'Animation_Change' from incompatible pointer type [-Wincompatible-pointer-types]
  643 |             Animation_Change(&this->skelAnime, &gTalonSitHandsUpAnim, 1.0f, 17.0f, 22.0f, ANIMMODE_ONCE, 0.0f);
      |                                                ^~~~~~~~~~~~~~~~~~~~~
      |                                                |
      |                                                const char (*)[46]
/home/david/Documents/RockBox_Personal-master/devsrc/nano-soh-runtime/Shipwright/soh/include/functions.h:1336:62: note: expected 'AnimationHeader *' but argument is of type 'const char (*)[46]'
 1336 | void Animation_Change(SkelAnime* skelAnime, AnimationHeader* animation, f32 playSpeed, f32 startFrame, f32 endFrame,
      |                                             ~~~~~~~~~~~~~~~~~^~~~~~~~~
/home/david/Documents/RockBox_Personal-master/devsrc/nano-soh-runtime/Shipwright/soh/src/overlays/actors/ovl_En_Ta/z_en_ta.c:646:48: warning: passing argument 2 of 'Animation_Change' from incompatible pointer type [-Wincompatible-pointer-types]
  646 |             Animation_Change(&this->skelAnime, &gTalonSitHandsUpAnim, -1.0f, 21.0f, 16.0f, ANIMMODE_ONCE, 3.0f);
      |                                                ^~~~~~~~~~~~~~~~~~~~~
      |                                                |
      |                                                const char (*)[46]
/home/david/Documents/RockBox_Personal-master/devsrc/nano-soh-runtime/Shipwright/soh/include/functions.h:1336:62: note: expected 'AnimationHeader *' but argument is of type 'const char (*)[46]'
 1336 | void Animation_Change(SkelAnime* skelAnime, AnimationHeader* animation, f32 playSpeed, f32 startFrame, f32 endFrame,
      |                                             ~~~~~~~~~~~~~~~~~^~~~~~~~~
/home/david/Documents/RockBox_Personal-master/devsrc/nano-soh-runtime/Shipwright/soh/src/overlays/actors/ovl_En_Ta/z_en_ta.c: In function 'EnTa_RunCuccoGame':
/home/david/Documents/RockBox_Personal-master/devsrc/nano-soh-runtime/Shipwright/soh/src/overlays/actors/ovl_En_Ta/z_en_ta.c:699:56: warning: passing argument 2 of 'Animation_Change' from incompatible pointer type [-Wincompatible-pointer-types]
  699 |                     Animation_Change(&this->skelAnime, &gTalonSitHandsUpAnim, 1.0f, 8.0f, 29.0f, ANIMMODE_ONCE, -10.0f);
      |                                                        ^~~~~~~~~~~~~~~~~~~~~
      |                                                        |
      |                                                        const char (*)[46]
/home/david/Documents/RockBox_Personal-master/devsrc/nano-soh-runtime/Shipwright/soh/include/functions.h:1336:62: note: expected 'AnimationHeader *' but argument is of type 'const char (*)[46]'
 1336 | void Animation_Change(SkelAnime* skelAnime, AnimationHeader* animation, f32 playSpeed, f32 startFrame, f32 endFrame,
      |                                             ~~~~~~~~~~~~~~~~~^~~~~~~~~
/home/david/Documents/RockBox_Personal-master/devsrc/nano-soh-runtime/Shipwright/soh/src/overlays/actors/ovl_En_Ta/z_en_ta.c:709:64: warning: passing argument 2 of 'Animation_Change' from incompatible pointer type [-Wincompatible-pointer-types]
  709 |                             Animation_Change(&this->skelAnime, &gTalonSitHandsUpAnim, 1.0f, 8.0f, 29.0f, ANIMMODE_ONCE,
      |                                                                ^~~~~~~~~~~~~~~~~~~~~
      |                                                                |
      |                                                                const char (*)[46]
/home/david/Documents/RockBox_Personal-master/devsrc/nano-soh-runtime/Shipwright/soh/include/functions.h:1336:62: note: expected 'AnimationHeader *' but argument is of type 'const char (*)[46]'
 1336 | void Animation_Change(SkelAnime* skelAnime, AnimationHeader* animation, f32 playSpeed, f32 startFrame, f32 endFrame,
      |                                             ~~~~~~~~~~~~~~~~~^~~~~~~~~
/home/david/Documents/RockBox_Personal-master/devsrc/nano-soh-runtime/Shipwright/soh/src/overlays/actors/ovl_En_Ta/z_en_ta.c:753:44: warning: passing argument 2 of 'Animation_Change' from incompatible pointer type [-Wincompatible-pointer-types]
  753 |         Animation_Change(&this->skelAnime, &gTalonSitHandsUpAnim, 1.0f, 8.0f, 29.0f, ANIMMODE_ONCE, -10.0f);
      |                                            ^~~~~~~~~~~~~~~~~~~~~
      |                                            |
      |                                            const char (*)[46]
/home/david/Documents/RockBox_Personal-master/devsrc/nano-soh-runtime/Shipwright/soh/include/functions.h:1336:62: note: expected 'AnimationHeader *' but argument is of type 'const char (*)[46]'
 1336 | void Animation_Change(SkelAnime* skelAnime, AnimationHeader* animation, f32 playSpeed, f32 startFrame, f32 endFrame,
      |                                             ~~~~~~~~~~~~~~~~~^~~~~~~~~
/home/david/Documents/RockBox_Personal-master/devsrc/nano-soh-runtime/Shipwright/soh/src/overlays/actors/ovl_En_Ta/z_en_ta.c: In function 'EnTa_ThrowSuperCuccos':
/home/david/Documents/RockBox_Personal-master/devsrc/nano-soh-runtime/Shipwright/soh/src/overlays/actors/ovl_En_Ta/z_en_ta.c:798:49: warning: passing argument 1 of 'Animation_GetLastFrame' discards 'const' qualifier from pointer target type [-Wdiscarded-array-qualifiers]
  798 |                          Animation_GetLastFrame(&gTalonSitWakeUpAnim) - 1.0f,
      |                                                 ^~~~~~~~~~~~~~~~~~~~
/home/david/Documents/RockBox_Personal-master/devsrc/nano-soh-runtime/Shipwright/soh/include/functions.h:1278:34: note: expected 'void *' but argument is of type 'const char (*)[45]'
 1278 | s16 Animation_GetLastFrame(void* animation);
      |                            ~~~~~~^~~~~~~~~
/home/david/Documents/RockBox_Personal-master/devsrc/nano-soh-runtime/Shipwright/soh/src/overlays/actors/ovl_En_Ta/z_en_ta.c:799:49: warning: passing argument 1 of 'Animation_GetLastFrame' discards 'const' qualifier from pointer target type [-Wdiscarded-array-qualifiers]
  799 |                          Animation_GetLastFrame(&gTalonSitWakeUpAnim), ANIMMODE_ONCE, 10.0f);
      |                                                 ^~~~~~~~~~~~~~~~~~~~
/home/david/Documents/RockBox_Personal-master/devsrc/nano-soh-runtime/Shipwright/soh/include/functions.h:1278:34: note: expected 'void *' but argument is of type 'const char (*)[45]'
 1278 | s16 Animation_GetLastFrame(void* animation);
      |                            ~~~~~~^~~~~~~~~
/home/david/Documents/RockBox_Personal-master/devsrc/nano-soh-runtime/Shipwright/soh/src/overlays/actors/ovl_En_Ta/z_en_ta.c:797:44: warning: passing argument 2 of 'Animation_Change' from incompatible pointer type [-Wincompatible-pointer-types]
  797 |         Animation_Change(&this->skelAnime, &gTalonSitWakeUpAnim, 1.0f,
      |                                            ^~~~~~~~~~~~~~~~~~~~
      |                                            |
      |                                            const char (*)[45]
/home/david/Documents/RockBox_Personal-master/devsrc/nano-soh-runtime/Shipwright/soh/include/functions.h:1336:62: note: expected 'AnimationHeader *' but argument is of type 'const char (*)[45]'
 1336 | void Animation_Change(SkelAnime* skelAnime, AnimationHeader* animation, f32 playSpeed, f32 startFrame, f32 endFrame,
      |                                             ~~~~~~~~~~~~~~~~~^~~~~~~~~
/home/david/Documents/RockBox_Personal-master/devsrc/nano-soh-runtime/Shipwright/soh/src/overlays/actors/ovl_En_Ta/z_en_ta.c: In function 'EnTa_StartingCuccoGame3':
/home/david/Documents/RockBox_Personal-master/devsrc/nano-soh-runtime/Shipwright/soh/src/overlays/actors/ovl_En_Ta/z_en_ta.c:809:49: warning: passing argument 1 of 'Animation_GetLastFrame' discards 'const' qualifier from pointer target type [-Wdiscarded-array-qualifiers]
  809 |                          Animation_GetLastFrame(&gTalonSitHandsUpAnim), ANIMMODE_ONCE, 0.0f);
      |                                                 ^~~~~~~~~~~~~~~~~~~~~
/home/david/Documents/RockBox_Personal-master/devsrc/nano-soh-runtime/Shipwright/soh/include/functions.h:1278:34: note: expected 'void *' but argument is of type 'const char (*)[46]'
 1278 | s16 Animation_GetLastFrame(void* animation);
      |                            ~~~~~~^~~~~~~~~
/home/david/Documents/RockBox_Personal-master/devsrc/nano-soh-runtime/Shipwright/soh/src/overlays/actors/ovl_En_Ta/z_en_ta.c:808:44: warning: passing argument 2 of 'Animation_Change' from incompatible pointer type [-Wincompatible-pointer-types]
  808 |         Animation_Change(&this->skelAnime, &gTalonSitHandsUpAnim, 1.0f, 1.0f,
      |                                            ^~~~~~~~~~~~~~~~~~~~~
      |                                            |
      |                                            const char (*)[46]
/home/david/Documents/RockBox_Personal-master/devsrc/nano-soh-runtime/Shipwright/soh/include/functions.h:1336:62: note: expected 'AnimationHeader *' but argument is of type 'const char (*)[46]'
 1336 | void Animation_Change(SkelAnime* skelAnime, AnimationHeader* animation, f32 playSpeed, f32 startFrame, f32 endFrame,
      |                                             ~~~~~~~~~~~~~~~~~^~~~~~~~~
/home/david/Documents/RockBox_Personal-master/devsrc/nano-soh-runtime/Shipwright/soh/src/overlays/actors/ovl_En_Ta/z_en_ta.c: In function 'EnTa_StartingCuccoGame2':
/home/david/Documents/RockBox_Personal-master/devsrc/nano-soh-runtime/Shipwright/soh/src/overlays/actors/ovl_En_Ta/z_en_ta.c:829:44: warning: passing argument 2 of 'Animation_Change' from incompatible pointer type [-Wincompatible-pointer-types]
  829 |         Animation_Change(&this->skelAnime, &gTalonSitHandsUpAnim, 1.0f, 0.0f, 1.0f, ANIMMODE_ONCE, 0.0f);
      |                                            ^~~~~~~~~~~~~~~~~~~~~
      |                                            |
      |                                            const char (*)[46]
/home/david/Documents/RockBox_Personal-master/devsrc/nano-soh-runtime/Shipwright/soh/include/functions.h:1336:62: note: expected 'AnimationHeader *' but argument is of type 'const char (*)[46]'
 1336 | void Animation_Change(SkelAnime* skelAnime, AnimationHeader* animation, f32 playSpeed, f32 startFrame, f32 endFrame,
      |                                             ~~~~~~~~~~~~~~~~~^~~~~~~~~
/home/david/Documents/RockBox_Personal-master/devsrc/nano-soh-runtime/Shipwright/soh/src/overlays/actors/ovl_En_Ta/z_en_ta.c: In function 'EnTa_StartingCuccoGame1':
/home/david/Documents/RockBox_Personal-master/devsrc/nano-soh-runtime/Shipwright/soh/src/overlays/actors/ovl_En_Ta/z_en_ta.c:842:44: warning: passing argument 2 of 'Animation_Change' from incompatible pointer type [-Wincompatible-pointer-types]
  842 |         Animation_Change(&this->skelAnime, &gTalonSitHandsUpAnim, -1.0f, 29.0f, 0.0f, ANIMMODE_ONCE, 10.0f);
      |                                            ^~~~~~~~~~~~~~~~~~~~~
      |                                            |
      |                                            const char (*)[46]
/home/david/Documents/RockBox_Personal-master/devsrc/nano-soh-runtime/Shipwright/soh/include/functions.h:1336:62: note: expected 'AnimationHeader *' but argument is of type 'const char (*)[46]'
 1336 | void Animation_Change(SkelAnime* skelAnime, AnimationHeader* animation, f32 playSpeed, f32 startFrame, f32 endFrame,
      |                                             ~~~~~~~~~~~~~~~~~^~~~~~~~~
/home/david/Documents/RockBox_Personal-master/devsrc/nano-soh-runtime/Shipwright/soh/src/overlays/actors/ovl_En_Ta/z_en_ta.c: In function 'EnTa_StartCuccoGame':
/home/david/Documents/RockBox_Personal-master/devsrc/nano-soh-runtime/Shipwright/soh/src/overlays/actors/ovl_En_Ta/z_en_ta.c:853:40: warning: passing argument 2 of 'Animation_Change' from incompatible pointer type [-Wincompatible-pointer-types]
  853 |     Animation_Change(&this->skelAnime, &gTalonSitHandsUpAnim, 1.0f, 8.0f, 29.0f, ANIMMODE_ONCE, -10.0f);
      |                                        ^~~~~~~~~~~~~~~~~~~~~
      |                                        |
      |                                        const char (*)[46]
/home/david/Documents/RockBox_Personal-master/devsrc/nano-soh-runtime/Shipwright/soh/include/functions.h:1336:62: note: expected 'AnimationHeader *' but argument is of type 'const char (*)[46]'
 1336 | void Animation_Change(SkelAnime* skelAnime, AnimationHeader* animation, f32 playSpeed, f32 startFrame, f32 endFrame,
      |                                             ~~~~~~~~~~~~~~~~~^~~~~~~~~
/home/david/Documents/RockBox_Personal-master/devsrc/nano-soh-runtime/Shipwright/soh/src/overlays/actors/ovl_En_Ta/z_en_ta.c: In function 'EnTa_Draw':
/home/david/Documents/RockBox_Personal-master/devsrc/nano-soh-runtime/Shipwright/soh/src/overlays/actors/ovl_En_Ta/z_en_ta.c:1216:9: warning: initialization discards 'const' qualifier from pointer target type [-Wdiscarded-qualifiers]
 1216 |         gTalonEyeOpenTex,
      |         ^~~~~~~~~~~~~~~~
/home/david/Documents/RockBox_Personal-master/devsrc/nano-soh-runtime/Shipwright/soh/src/overlays/actors/ovl_En_Ta/z_en_ta.c:1217:9: warning: initialization discards 'const' qualifier from pointer target type [-Wdiscarded-qualifiers]
 1217 |         gTalonEyeHalfTex,
      |         ^~~~~~~~~~~~~~~~
/home/david/Documents/RockBox_Personal-master/devsrc/nano-soh-runtime/Shipwright/soh/src/overlays/actors/ovl_En_Ta/z_en_ta.c:1218:9: warning: initialization discards 'const' qualifier from pointer target type [-Wdiscarded-qualifiers]
 1218 |         gTalonEyeClosedTex,
      |         ^~~~~~~~~~~~~~~~~~
In file included from /home/david/Documents/RockBox_Personal-master/devsrc/nano-soh-runtime/Shipwright/soh/include/global.h:10:
/home/david/Documents/RockBox_Personal-master/devsrc/nano-soh-runtime/Shipwright/soh/src/overlays/actors/ovl_En_Ta/z_en_ta.c:1227:70: warning: passing argument 3 of 'gSPSegment' makes integer from pointer without a cast [-Wint-conversion]
 1227 |     gSPSegment(POLY_OPA_DISP++, 0x8, SEGMENTED_TO_VIRTUAL(eyeTextures[this->eyeIndex]));
      |                                                           ~~~~~~~~~~~^~~~~~~~~~~~~~~~
      |                                                                      |
      |                                                                      void *
/home/david/Documents/RockBox_Personal-master/devsrc/nano-soh-runtime/Shipwright/soh/include/macros.h:37:36: note: in definition of macro 'SEGMENTED_TO_VIRTUAL'
   37 | #define SEGMENTED_TO_VIRTUAL(addr) addr
      |                                    ^~~~
/home/david/Documents/RockBox_Personal-master/devsrc/nano-soh-runtime/Shipwright/soh/include/functions.h:22:52: note: expected 'uintptr_t' {aka 'unsigned int'} but argument is of type 'void *'
   22 | void gSPSegment(void* value, int segNum, uintptr_t target);
      |                                          ~~~~~~~~~~^~~~~~
/home/david/Documents/RockBox_Personal-master/devsrc/nano-soh-runtime/Shipwright/soh/src/overlays/actors/ovl_En_Ta/z_en_ta.c:1228:59: warning: passing argument 3 of 'gSPSegment' makes integer from pointer without a cast [-Wint-conversion]
 1228 |     gSPSegment(POLY_OPA_DISP++, 0x9, SEGMENTED_TO_VIRTUAL(gTalonHeadSkinTex));
      |                                                           ^~~~~~~~~~~~~~~~~
      |                                                           |
      |                                                           const char *
/home/david/Documents/RockBox_Personal-master/devsrc/nano-soh-runtime/Shipwright/soh/include/macros.h:37:36: note: in definition of macro 'SEGMENTED_TO_VIRTUAL'
   37 | #define SEGMENTED_TO_VIRTUAL(addr) addr
      |                                    ^~~~
/home/david/Documents/RockBox_Personal-master/devsrc/nano-soh-runtime/Shipwright/soh/include/functions.h:22:52: note: expected 'uintptr_t' {aka 'unsigned int'} but argument is of type 'const char *'
   22 | void gSPSegment(void* value, int segNum, uintptr_t target);
      |                                          ~~~~~~~~~~^~~~~~
