/home/david/Documents/RockBox_Personal-master/devsrc/nano-soh-runtime/Shipwright/soh/src/overlays/actors/ovl_En_Fd/z_en_fd.c:209:7: warning: initialization of 'AnimationHeader *' from incompatible pointer type 'const char (*)[53]' [-Wincompatible-pointer-types]
  209 |     { &gFlareDancerCastingFireAnim, 1.0f, 0.0f, -1.0f, ANIMMODE_ONCE_INTERP, 0.0f },
      |       ^
/home/david/Documents/RockBox_Personal-master/devsrc/nano-soh-runtime/Shipwright/soh/src/overlays/actors/ovl_En_Fd/z_en_fd.c:209:7: note: (near initialization for 'sAnimationInfo[0].animation')
/home/david/Documents/RockBox_Personal-master/devsrc/nano-soh-runtime/Shipwright/soh/src/overlays/actors/ovl_En_Fd/z_en_fd.c:210:7: warning: initialization of 'AnimationHeader *' from incompatible pointer type 'const char (*)[50]' [-Wincompatible-pointer-types]
  210 |     { &gFlareDancerBackflipAnim, 1.0f, 0.0f, -1.0f, ANIMMODE_ONCE_INTERP, -10.0f },
      |       ^
/home/david/Documents/RockBox_Personal-master/devsrc/nano-soh-runtime/Shipwright/soh/src/overlays/actors/ovl_En_Fd/z_en_fd.c:210:7: note: (near initialization for 'sAnimationInfo[1].animation')
/home/david/Documents/RockBox_Personal-master/devsrc/nano-soh-runtime/Shipwright/soh/src/overlays/actors/ovl_En_Fd/z_en_fd.c:211:7: warning: initialization of 'AnimationHeader *' from incompatible pointer type 'const char (*)[51]' [-Wincompatible-pointer-types]
  211 |     { &gFlareDancerGettingUpAnim, 0.0f, 0.0f, -1.0f, ANIMMODE_ONCE_INTERP, -10.0f },
      |       ^
/home/david/Documents/RockBox_Personal-master/devsrc/nano-soh-runtime/Shipwright/soh/src/overlays/actors/ovl_En_Fd/z_en_fd.c:211:7: note: (near initialization for 'sAnimationInfo[2].animation')
/home/david/Documents/RockBox_Personal-master/devsrc/nano-soh-runtime/Shipwright/soh/src/overlays/actors/ovl_En_Fd/z_en_fd.c:212:7: warning: initialization of 'AnimationHeader *' from incompatible pointer type 'const char (*)[49]' [-Wincompatible-pointer-types]
  212 |     { &gFlareDancerChasingAnim, 1.0f, 0.0f, -1.0f, ANIMMODE_LOOP_INTERP, -10.0f },
      |       ^
/home/david/Documents/RockBox_Personal-master/devsrc/nano-soh-runtime/Shipwright/soh/src/overlays/actors/ovl_En_Fd/z_en_fd.c:212:7: note: (near initialization for 'sAnimationInfo[3].animation')
/home/david/Documents/RockBox_Personal-master/devsrc/nano-soh-runtime/Shipwright/soh/src/overlays/actors/ovl_En_Fd/z_en_fd.c:213:7: warning: initialization of 'AnimationHeader *' from incompatible pointer type 'const char (*)[47]' [-Wincompatible-pointer-types]
  213 |     { &gFlareDancerTwirlAnim, 0.0f, 0.0f, -1.0f, ANIMMODE_ONCE_INTERP, -10.0f },
      |       ^
/home/david/Documents/RockBox_Personal-master/devsrc/nano-soh-runtime/Shipwright/soh/src/overlays/actors/ovl_En_Fd/z_en_fd.c:213:7: note: (near initialization for 'sAnimationInfo[4].animation')
/home/david/Documents/RockBox_Personal-master/devsrc/nano-soh-runtime/Shipwright/soh/src/overlays/actors/ovl_En_Fd/z_en_fd.c: In function 'EnFd_Init':
/home/david/Documents/RockBox_Personal-master/devsrc/nano-soh-runtime/Shipwright/soh/src/overlays/actors/ovl_En_Fd/z_en_fd.c:459:48: warning: passing argument 3 of 'SkelAnime_InitFlex' from incompatible pointer type [-Wincompatible-pointer-types]
  459 |     SkelAnime_InitFlex(play, &this->skelAnime, &gFlareDancerSkel, NULL, this->jointTable, this->morphTable, 27);
      |                                                ^~~~~~~~~~~~~~~~~
      |                                                |
      |                                                const char (*)[42]
In file included from /home/david/Documents/RockBox_Personal-master/devsrc/nano-soh-runtime/Shipwright/soh/include/global.h:8,
                 from /home/david/Documents/RockBox_Personal-master/devsrc/nano-soh-runtime/Shipwright/soh/src/overlays/actors/ovl_En_Fd/z_en_fd.h:5,
                 from /home/david/Documents/RockBox_Personal-master/devsrc/nano-soh-runtime/Shipwright/soh/src/overlays/actors/ovl_En_Fd/z_en_fd.c:7:
/home/david/Documents/RockBox_Personal-master/devsrc/nano-soh-runtime/Shipwright/soh/include/functions.h:1329:83: note: expected 'FlexSkeletonHeader *' but argument is of type 'const char (*)[42]'
 1329 | s32 SkelAnime_InitFlex(PlayState* play, SkelAnime* skelAnime, FlexSkeletonHeader* skeletonHeaderSeg,
      |                                                               ~~~~~~~~~~~~~~~~~~~~^~~~~~~~~~~~~~~~~
/home/david/Documents/RockBox_Personal-master/devsrc/nano-soh-runtime/Shipwright/soh/src/overlays/actors/ovl_En_Fd/z_en_fd.c: In function 'EnFd_Draw':
/home/david/Documents/RockBox_Personal-master/devsrc/nano-soh-runtime/Shipwright/soh/src/overlays/actors/ovl_En_Fd/z_en_fd.c:788:20: warning: passing argument 3 of 'gSPSegment' makes integer from pointer without a cast [-Wint-conversion]
  788 |                    Gfx_TwoTexScrollEx(play->state.gfxCtx, 0, 0, 0, 0x20, 0x40, 1, 0, 0xFF - (u8)(frames * 6), 8, 0x40,
      |                    ^~~~~~~~~~~~~~~~~~~~~~~~~~~~~~~~~~~~~~~~~~~~~~~~~~~~~~~~~~~~~~~~~~~~~~~~~~~~~~~~~~~~~~~~~~~~~~~~~~~
      |                    |
      |                    Gfx *
  789 |                                       0, 0, 0, -6));
      |                                       ~~~~~~~~~~~~
/home/david/Documents/RockBox_Personal-master/devsrc/nano-soh-runtime/Shipwright/soh/include/functions.h:22:52: note: expected 'uintptr_t' {aka 'unsigned int'} but argument is of type 'Gfx *'
   22 | void gSPSegment(void* value, int segNum, uintptr_t target);
      |                                          ~~~~~~~~~~^~~~~~
/home/david/Documents/RockBox_Personal-master/devsrc/nano-soh-runtime/Shipwright/soh/src/overlays/actors/ovl_En_Fd/z_en_fd.c:791:42: warning: passing argument 3 of 'gSPSegment' makes integer from pointer without a cast [-Wint-conversion]
  791 |         gSPSegment(POLY_XLU_DISP++, 0x9, D_80116280);
      |                                          ^~~~~~~~~~
      |                                          |
      |                                          Gfx *
/home/david/Documents/RockBox_Personal-master/devsrc/nano-soh-runtime/Shipwright/soh/include/functions.h:22:52: note: expected 'uintptr_t' {aka 'unsigned int'} but argument is of type 'Gfx *'
   22 | void gSPSegment(void* value, int segNum, uintptr_t target);
      |                                          ~~~~~~~~~~^~~~~~
/home/david/Documents/RockBox_Personal-master/devsrc/nano-soh-runtime/Shipwright/soh/src/overlays/actors/ovl_En_Fd/z_en_fd.c: In function 'EnFd_DrawFlames':
/home/david/Documents/RockBox_Personal-master/devsrc/nano-soh-runtime/Shipwright/soh/src/overlays/actors/ovl_En_Fd/z_en_fd.c:883:9: warning: initialization discards 'const' qualifier from pointer target type [-Wdiscarded-qualifiers]
  883 |         gDust8Tex, gDust7Tex, gDust6Tex, gDust5Tex, gDust4Tex, gDust3Tex, gDust2Tex, gDust1Tex,
      |         ^~~~~~~~~
/home/david/Documents/RockBox_Personal-master/devsrc/nano-soh-runtime/Shipwright/soh/src/overlays/actors/ovl_En_Fd/z_en_fd.c:883:20: warning: initialization discards 'const' qualifier from pointer target type [-Wdiscarded-qualifiers]
  883 |         gDust8Tex, gDust7Tex, gDust6Tex, gDust5Tex, gDust4Tex, gDust3Tex, gDust2Tex, gDust1Tex,
      |                    ^~~~~~~~~
/home/david/Documents/RockBox_Personal-master/devsrc/nano-soh-runtime/Shipwright/soh/src/overlays/actors/ovl_En_Fd/z_en_fd.c:883:31: warning: initialization discards 'const' qualifier from pointer target type [-Wdiscarded-qualifiers]
  883 |         gDust8Tex, gDust7Tex, gDust6Tex, gDust5Tex, gDust4Tex, gDust3Tex, gDust2Tex, gDust1Tex,
      |                               ^~~~~~~~~
/home/david/Documents/RockBox_Personal-master/devsrc/nano-soh-runtime/Shipwright/soh/src/overlays/actors/ovl_En_Fd/z_en_fd.c:883:42: warning: initialization discards 'const' qualifier from pointer target type [-Wdiscarded-qualifiers]
  883 |         gDust8Tex, gDust7Tex, gDust6Tex, gDust5Tex, gDust4Tex, gDust3Tex, gDust2Tex, gDust1Tex,
      |                                          ^~~~~~~~~
/home/david/Documents/RockBox_Personal-master/devsrc/nano-soh-runtime/Shipwright/soh/src/overlays/actors/ovl_En_Fd/z_en_fd.c:883:53: warning: initialization discards 'const' qualifier from pointer target type [-Wdiscarded-qualifiers]
  883 |         gDust8Tex, gDust7Tex, gDust6Tex, gDust5Tex, gDust4Tex, gDust3Tex, gDust2Tex, gDust1Tex,
      |                                                     ^~~~~~~~~
/home/david/Documents/RockBox_Personal-master/devsrc/nano-soh-runtime/Shipwright/soh/src/overlays/actors/ovl_En_Fd/z_en_fd.c:883:64: warning: initialization discards 'const' qualifier from pointer target type [-Wdiscarded-qualifiers]
  883 |         gDust8Tex, gDust7Tex, gDust6Tex, gDust5Tex, gDust4Tex, gDust3Tex, gDust2Tex, gDust1Tex,
      |                                                                ^~~~~~~~~
/home/david/Documents/RockBox_Personal-master/devsrc/nano-soh-runtime/Shipwright/soh/src/overlays/actors/ovl_En_Fd/z_en_fd.c:883:75: warning: initialization discards 'const' qualifier from pointer target type [-Wdiscarded-qualifiers]
  883 |         gDust8Tex, gDust7Tex, gDust6Tex, gDust5Tex, gDust4Tex, gDust3Tex, gDust2Tex, gDust1Tex,
      |                                                                           ^~~~~~~~~
/home/david/Documents/RockBox_Personal-master/devsrc/nano-soh-runtime/Shipwright/soh/src/overlays/actors/ovl_En_Fd/z_en_fd.c:883:86: warning: initialization discards 'const' qualifier from pointer target type [-Wdiscarded-qualifiers]
  883 |         gDust8Tex, gDust7Tex, gDust6Tex, gDust5Tex, gDust4Tex, gDust3Tex, gDust2Tex, gDust1Tex,
      |                                                                                      ^~~~~~~~~
/home/david/Documents/RockBox_Personal-master/devsrc/nano-soh-runtime/Shipwright/soh/src/overlays/actors/ovl_En_Fd/z_en_fd.c:899:49: warning: passing argument 2 of 'gSPDisplayList' from incompatible pointer type [-Wincompatible-pointer-types]
  899 |                 gSPDisplayList(POLY_XLU_DISP++, gFlareDancerDL_7928);
      |                                                 ^~~~~~~~~~~~~~~~~~~
      |                                                 |
      |                                                 const char *
/home/david/Documents/RockBox_Personal-master/devsrc/nano-soh-runtime/Shipwright/soh/include/functions.h:24:36: note: expected 'Gfx *' but argument is of type 'const char *'
   24 | void gSPDisplayList(Gfx* pkt, Gfx* dl);
      |                               ~~~~~^~
In file included from /home/david/Documents/RockBox_Personal-master/devsrc/nano-soh-runtime/Shipwright/soh/include/global.h:10:
/home/david/Documents/RockBox_Personal-master/devsrc/nano-soh-runtime/Shipwright/soh/src/overlays/actors/ovl_En_Fd/z_en_fd.c:910:79: warning: passing argument 3 of 'gSPSegment' makes integer from pointer without a cast [-Wint-conversion]
  910 |             gSPSegment(POLY_XLU_DISP++, 0x8, SEGMENTED_TO_VIRTUAL(dustTextures[idx]));
      |                                                                   ~~~~~~~~~~~~^~~~~
      |                                                                               |
      |                                                                               void *
/home/david/Documents/RockBox_Personal-master/devsrc/nano-soh-runtime/Shipwright/soh/include/macros.h:37:36: note: in definition of macro 'SEGMENTED_TO_VIRTUAL'
   37 | #define SEGMENTED_TO_VIRTUAL(addr) addr
      |                                    ^~~~
/home/david/Documents/RockBox_Personal-master/devsrc/nano-soh-runtime/Shipwright/soh/include/functions.h:22:52: note: expected 'uintptr_t' {aka 'unsigned int'} but argument is of type 'void *'
   22 | void gSPSegment(void* value, int segNum, uintptr_t target);
      |                                          ~~~~~~~~~~^~~~~~
/home/david/Documents/RockBox_Personal-master/devsrc/nano-soh-runtime/Shipwright/soh/src/overlays/actors/ovl_En_Fd/z_en_fd.c:911:45: warning: passing argument 2 of 'gSPDisplayList' from incompatible pointer type [-Wincompatible-pointer-types]
  911 |             gSPDisplayList(POLY_XLU_DISP++, gFlareDancerSquareParticleDL);
      |                                             ^~~~~~~~~~~~~~~~~~~~~~~~~~~~
      |                                             |
      |                                             const char *
/home/david/Documents/RockBox_Personal-master/devsrc/nano-soh-runtime/Shipwright/soh/include/functions.h:24:36: note: expected 'Gfx *' but argument is of type 'const char *'
   24 | void gSPDisplayList(Gfx* pkt, Gfx* dl);
      |                               ~~~~~^~
/home/david/Documents/RockBox_Personal-master/devsrc/nano-soh-runtime/Shipwright/soh/src/overlays/actors/ovl_En_Fd/z_en_fd.c: In function 'EnFd_DrawDots':
/home/david/Documents/RockBox_Personal-master/devsrc/nano-soh-runtime/Shipwright/soh/src/overlays/actors/ovl_En_Fd/z_en_fd.c:936:49: warning: passing argument 2 of 'gSPDisplayList' from incompatible pointer type [-Wincompatible-pointer-types]
  936 |                 gSPDisplayList(POLY_XLU_DISP++, gFlareDancerDL_79F8);
      |                                                 ^~~~~~~~~~~~~~~~~~~
      |                                                 |
      |                                                 const char *
/home/david/Documents/RockBox_Personal-master/devsrc/nano-soh-runtime/Shipwright/soh/include/functions.h:24:36: note: expected 'Gfx *' but argument is of type 'const char *'
   24 | void gSPDisplayList(Gfx* pkt, Gfx* dl);
      |                               ~~~~~^~
/home/david/Documents/RockBox_Personal-master/devsrc/nano-soh-runtime/Shipwright/soh/src/overlays/actors/ovl_En_Fd/z_en_fd.c:946:45: warning: passing argument 2 of 'gSPDisplayList' from incompatible pointer type [-Wincompatible-pointer-types]
  946 |             gSPDisplayList(POLY_XLU_DISP++, gFlareDancerTriangleParticleDL);
      |                                             ^~~~~~~~~~~~~~~~~~~~~~~~~~~~~~
      |                                             |
      |                                             const char *
/home/david/Documents/RockBox_Personal-master/devsrc/nano-soh-runtime/Shipwright/soh/include/functions.h:24:36: note: expected 'Gfx *' but argument is of type 'const char *'
   24 | void gSPDisplayList(Gfx* pkt, Gfx* dl);
      |                               ~~~~~^~
