/home/david/Documents/RockBox_Personal-master/devsrc/nano-soh-runtime/Shipwright/soh/src/overlays/actors/ovl_Bg_Hidan_Rsekizou/z_bg_hidan_rsekizou.c:119:5: warning: initialization discards 'const' qualifier from pointer target type [-Wdiscarded-qualifiers]
  119 |     gFireTempleFireball0Tex, gFireTempleFireball1Tex, gFireTempleFireball2Tex, gFireTempleFireball3Tex,
      |     ^~~~~~~~~~~~~~~~~~~~~~~
/home/david/Documents/RockBox_Personal-master/devsrc/nano-soh-runtime/Shipwright/soh/src/overlays/actors/ovl_Bg_Hidan_Rsekizou/z_bg_hidan_rsekizou.c:119:30: warning: initialization discards 'const' qualifier from pointer target type [-Wdiscarded-qualifiers]
  119 |     gFireTempleFireball0Tex, gFireTempleFireball1Tex, gFireTempleFireball2Tex, gFireTempleFireball3Tex,
      |                              ^~~~~~~~~~~~~~~~~~~~~~~
/home/david/Documents/RockBox_Personal-master/devsrc/nano-soh-runtime/Shipwright/soh/src/overlays/actors/ovl_Bg_Hidan_Rsekizou/z_bg_hidan_rsekizou.c:119:55: warning: initialization discards 'const' qualifier from pointer target type [-Wdiscarded-qualifiers]
  119 |     gFireTempleFireball0Tex, gFireTempleFireball1Tex, gFireTempleFireball2Tex, gFireTempleFireball3Tex,
      |                                                       ^~~~~~~~~~~~~~~~~~~~~~~
/home/david/Documents/RockBox_Personal-master/devsrc/nano-soh-runtime/Shipwright/soh/src/overlays/actors/ovl_Bg_Hidan_Rsekizou/z_bg_hidan_rsekizou.c:119:80: warning: initialization discards 'const' qualifier from pointer target type [-Wdiscarded-qualifiers]
  119 |     gFireTempleFireball0Tex, gFireTempleFireball1Tex, gFireTempleFireball2Tex, gFireTempleFireball3Tex,
      |                                                                                ^~~~~~~~~~~~~~~~~~~~~~~
/home/david/Documents/RockBox_Personal-master/devsrc/nano-soh-runtime/Shipwright/soh/src/overlays/actors/ovl_Bg_Hidan_Rsekizou/z_bg_hidan_rsekizou.c:120:5: warning: initialization discards 'const' qualifier from pointer target type [-Wdiscarded-qualifiers]
  120 |     gFireTempleFireball4Tex, gFireTempleFireball5Tex, gFireTempleFireball6Tex, gFireTempleFireball7Tex,
      |     ^~~~~~~~~~~~~~~~~~~~~~~
/home/david/Documents/RockBox_Personal-master/devsrc/nano-soh-runtime/Shipwright/soh/src/overlays/actors/ovl_Bg_Hidan_Rsekizou/z_bg_hidan_rsekizou.c:120:30: warning: initialization discards 'const' qualifier from pointer target type [-Wdiscarded-qualifiers]
  120 |     gFireTempleFireball4Tex, gFireTempleFireball5Tex, gFireTempleFireball6Tex, gFireTempleFireball7Tex,
      |                              ^~~~~~~~~~~~~~~~~~~~~~~
/home/david/Documents/RockBox_Personal-master/devsrc/nano-soh-runtime/Shipwright/soh/src/overlays/actors/ovl_Bg_Hidan_Rsekizou/z_bg_hidan_rsekizou.c:120:55: warning: initialization discards 'const' qualifier from pointer target type [-Wdiscarded-qualifiers]
  120 |     gFireTempleFireball4Tex, gFireTempleFireball5Tex, gFireTempleFireball6Tex, gFireTempleFireball7Tex,
      |                                                       ^~~~~~~~~~~~~~~~~~~~~~~
/home/david/Documents/RockBox_Personal-master/devsrc/nano-soh-runtime/Shipwright/soh/src/overlays/actors/ovl_Bg_Hidan_Rsekizou/z_bg_hidan_rsekizou.c:120:80: warning: initialization discards 'const' qualifier from pointer target type [-Wdiscarded-qualifiers]
  120 |     gFireTempleFireball4Tex, gFireTempleFireball5Tex, gFireTempleFireball6Tex, gFireTempleFireball7Tex,
      |                                                                                ^~~~~~~~~~~~~~~~~~~~~~~
/home/david/Documents/RockBox_Personal-master/devsrc/nano-soh-runtime/Shipwright/soh/src/overlays/actors/ovl_Bg_Hidan_Rsekizou/z_bg_hidan_rsekizou.c: In function 'BgHidanRsekizou_Init':
/home/david/Documents/RockBox_Personal-master/devsrc/nano-soh-runtime/Shipwright/soh/src/overlays/actors/ovl_Bg_Hidan_Rsekizou/z_bg_hidan_rsekizou.c:132:32: warning: passing argument 1 of 'CollisionHeader_GetVirtual' discards 'const' qualifier from pointer target type [-Wdiscarded-array-qualifiers]
  132 |     CollisionHeader_GetVirtual(&gFireTempleSpinningFlamethrowerCol, &colHeader);
      |                                ^~~~~~~~~~~~~~~~~~~~~~~~~~~~~~~~~~~
In file included from /home/david/Documents/RockBox_Personal-master/devsrc/nano-soh-runtime/Shipwright/soh/include/global.h:8,
                 from /home/david/Documents/RockBox_Personal-master/devsrc/nano-soh-runtime/Shipwright/soh/src/overlays/actors/ovl_Bg_Hidan_Rsekizou/z_bg_hidan_rsekizou.h:5,
                 from /home/david/Documents/RockBox_Personal-master/devsrc/nano-soh-runtime/Shipwright/soh/src/overlays/actors/ovl_Bg_Hidan_Rsekizou/z_bg_hidan_rsekizou.c:7:
/home/david/Documents/RockBox_Personal-master/devsrc/nano-soh-runtime/Shipwright/soh/include/functions.h:673:39: note: expected 'void *' but argument is of type 'const char (*)[71]'
  673 | void CollisionHeader_GetVirtual(void* colHeader, CollisionHeader** dest);
      |                                 ~~~~~~^~~~~~~~~
In file included from /home/david/Documents/RockBox_Personal-master/devsrc/nano-soh-runtime/Shipwright/soh/include/global.h:10:
/home/david/Documents/RockBox_Personal-master/devsrc/nano-soh-runtime/Shipwright/soh/src/overlays/actors/ovl_Bg_Hidan_Rsekizou/z_bg_hidan_rsekizou.c: In function 'BgHidanRsekizou_DrawFireball':
/home/david/Documents/RockBox_Personal-master/devsrc/nano-soh-runtime/Shipwright/soh/src/overlays/actors/ovl_Bg_Hidan_Rsekizou/z_bg_hidan_rsekizou.c:194:72: warning: passing argument 3 of 'gSPSegment' makes integer from pointer without a cast [-Wint-conversion]
  194 |     gSPSegment(displayList++, 0x09, SEGMENTED_TO_VIRTUAL(sFireballsTexs[temp]));
      |                                                          ~~~~~~~~~~~~~~^~~~~~
      |                                                                        |
      |                                                                        void *
/home/david/Documents/RockBox_Personal-master/devsrc/nano-soh-runtime/Shipwright/soh/include/macros.h:37:36: note: in definition of macro 'SEGMENTED_TO_VIRTUAL'
   37 | #define SEGMENTED_TO_VIRTUAL(addr) addr
      |                                    ^~~~
/home/david/Documents/RockBox_Personal-master/devsrc/nano-soh-runtime/Shipwright/soh/include/functions.h:22:52: note: expected 'uintptr_t' {aka 'unsigned int'} but argument is of type 'void *'
   22 | void gSPSegment(void* value, int segNum, uintptr_t target);
      |                                          ~~~~~~~~~~^~~~~~
/home/david/Documents/RockBox_Personal-master/devsrc/nano-soh-runtime/Shipwright/soh/src/overlays/actors/ovl_Bg_Hidan_Rsekizou/z_bg_hidan_rsekizou.c:219:35: warning: passing argument 2 of 'gSPDisplayList' from incompatible pointer type [-Wincompatible-pointer-types]
  219 |     gSPDisplayList(displayList++, gFireTempleFireballDL);
      |                                   ^~~~~~~~~~~~~~~~~~~~~
      |                                   |
      |                                   const char *
/home/david/Documents/RockBox_Personal-master/devsrc/nano-soh-runtime/Shipwright/soh/include/functions.h:24:36: note: expected 'Gfx *' but argument is of type 'const char *'
   24 | void gSPDisplayList(Gfx* pkt, Gfx* dl);
      |                               ~~~~~^~
/home/david/Documents/RockBox_Personal-master/devsrc/nano-soh-runtime/Shipwright/soh/src/overlays/actors/ovl_Bg_Hidan_Rsekizou/z_bg_hidan_rsekizou.c: In function 'BgHidanRsekizou_Draw':
/home/david/Documents/RockBox_Personal-master/devsrc/nano-soh-runtime/Shipwright/soh/src/overlays/actors/ovl_Bg_Hidan_Rsekizou/z_bg_hidan_rsekizou.c:235:37: warning: passing argument 2 of 'gSPDisplayList' from incompatible pointer type [-Wincompatible-pointer-types]
  235 |     gSPDisplayList(POLY_OPA_DISP++, gFireTempleSpinningFlamethrowerDL);
      |                                     ^~~~~~~~~~~~~~~~~~~~~~~~~~~~~~~~~
      |                                     |
      |                                     const char *
/home/david/Documents/RockBox_Personal-master/devsrc/nano-soh-runtime/Shipwright/soh/include/functions.h:24:36: note: expected 'Gfx *' but argument is of type 'const char *'
   24 | void gSPDisplayList(Gfx* pkt, Gfx* dl);
      |                               ~~~~~^~
