                                      1 ;--------------------------------------------------------
                                      2 ; File Created by SDCC : free open source ISO C Compiler
                                      3 ; Version 4.5.1 #15267 (Linux)
                                      4 ;--------------------------------------------------------
                                      5 	.module assets
                                      6 	
                                      7 ;--------------------------------------------------------
                                      8 ; Public variables in this module
                                      9 ;--------------------------------------------------------
                                     10 	.globl _sprite_tiles
                                     11 	.globl _apartment_decor_tiles
                                     12 	.globl _bg_tiles
                                     13 	.globl b_dt_init_assets
                                     14 	.globl _dt_init_assets
                                     15 ;--------------------------------------------------------
                                     16 ; special function registers
                                     17 ;--------------------------------------------------------
                                     18 	.area _HRAM
                                     19 ;--------------------------------------------------------
                                     20 ; ram data
                                     21 ;--------------------------------------------------------
                                     22 	.area _DATA
    00000000                         23 _bg_tiles::
    00000000                         24 	.ds 512
    00000200                         25 _apartment_decor_tiles::
    00000200                         26 	.ds 80
    00000250                         27 _sprite_tiles::
    00000250                         28 	.ds 832
                                     29 ;--------------------------------------------------------
                                     30 ; ram data
                                     31 ;--------------------------------------------------------
                                     32 	.area _INITIALIZED
                                     33 ;--------------------------------------------------------
                                     34 ; absolute external ram data
                                     35 ;--------------------------------------------------------
                                     36 	.area _DABS (ABS)
                                     37 ;--------------------------------------------------------
                                     38 ; global & static initialisations
                                     39 ;--------------------------------------------------------
                                     40 	.area _HOME
                                     41 	.area _GSINIT
                                     42 	.area _GSFINAL
                                     43 	.area _GSINIT
                                     44 ;--------------------------------------------------------
                                     45 ; Home
                                     46 ;--------------------------------------------------------
                                     47 	.area _HOME
                                     48 	.area _HOME
                                     49 ;--------------------------------------------------------
                                     50 ; code
                                     51 ;--------------------------------------------------------
                                     52 	.area _CODE_255
                                     53 ;src/assets.c:859: static uint8_t shade_bits(char c) {
                                     54 ;	---------------------------------
                                     55 ; Function shade_bits
                                     56 ; ---------------------------------
    00000000                         57 _shade_bits:
                                     58 ;src/assets.c:860: switch (c) {
    00000000 FE 23            [ 8]   59 	cp	a, #0x23
    00000002 28 0E            [12]   60 	jr	Z, 00103$
    00000004 FE 2A            [ 8]   61 	cp	a, #0x2a
    00000006 28 07            [12]   62 	jr	Z, 00102$
    00000008 D6 2B            [ 8]   63 	sub	a, #0x2b
    0000000A 20 09            [12]   64 	jr	NZ, 00104$
                                     65 ;src/assets.c:861: case '+': return 1u;
    0000000C 3E 01            [ 8]   66 	ld	a, #0x01
    0000000E C9               [16]   67 	ret
                                     68 ;src/assets.c:862: case '*': return 2u;
    0000000F                         69 00102$:
    0000000F 3E 02            [ 8]   70 	ld	a, #0x02
    00000011 C9               [16]   71 	ret
                                     72 ;src/assets.c:863: case '#': return 3u;
    00000012                         73 00103$:
    00000012 3E 03            [ 8]   74 	ld	a, #0x03
    00000014 C9               [16]   75 	ret
                                     76 ;src/assets.c:864: default: return 0u;
    00000015                         77 00104$:
    00000015 AF               [ 4]   78 	xor	a, a
                                     79 ;src/assets.c:865: }
                                     80 ;src/assets.c:866: }
    00000016 C9               [16]   81 	ret
    00000017                         82 _apartment_decor_sources:
    00000017 0E                      83 	.db #0x0e	; 14
    00000018 13                      84 	.db #0x13	; 19
    00000019 10                      85 	.db #0x10	; 16
    0000001A 15                      86 	.db #0x15	; 21
    0000001B 18                      87 	.db #0x18	; 24
    0000001C                         88 _bg_patterns:
    0000001Cr5Cr05                   89 	.dw __str_0
    0000001Er65r05                   90 	.dw __str_1
    00000020r6Er05                   91 	.dw __str_2
    00000022r77r05                   92 	.dw __str_3
    00000024r80r05                   93 	.dw __str_4
    00000026r89r05                   94 	.dw __str_5
    00000028r92r05                   95 	.dw __str_6
    0000002Ar9Br05                   96 	.dw __str_7
    0000002Cr77r05                   97 	.dw __str_3
    0000002ErA4r05                   98 	.dw __str_8
    00000030rADr05                   99 	.dw __str_9
    00000032rADr05                  100 	.dw __str_9
    00000034rB6r05                  101 	.dw __str_10
    00000036rADr05                  102 	.dw __str_9
    00000038rA4r05                  103 	.dw __str_8
    0000003Ar77r05                  104 	.dw __str_3
    0000003Cr77r05                  105 	.dw __str_3
    0000003ErBFr05                  106 	.dw __str_11
    00000040rC8r05                  107 	.dw __str_12
    00000042rD1r05                  108 	.dw __str_13
    00000044rBFr05                  109 	.dw __str_11
    00000046rC8r05                  110 	.dw __str_12
    00000048rD1r05                  111 	.dw __str_13
    0000004Ar77r05                  112 	.dw __str_3
    0000004CrC8r05                  113 	.dw __str_12
    0000004ErDAr05                  114 	.dw __str_14
    00000050rE3r05                  115 	.dw __str_15
    00000052rDAr05                  116 	.dw __str_14
    00000054rE3r05                  117 	.dw __str_15
    00000056rDAr05                  118 	.dw __str_14
    00000058rE3r05                  119 	.dw __str_15
    0000005ArC8r05                  120 	.dw __str_12
    0000005CrC8r05                  121 	.dw __str_12
    0000005ErECr05                  122 	.dw __str_16
    00000060rECr05                  123 	.dw __str_16
    00000062rF5r05                  124 	.dw __str_17
    00000064rECr05                  125 	.dw __str_16
    00000066rECr05                  126 	.dw __str_16
    00000068rF5r05                  127 	.dw __str_17
    0000006ArC8r05                  128 	.dw __str_12
    0000006CrC8r05                  129 	.dw __str_12
    0000006ErFEr05                  130 	.dw __str_18
    00000070r07r06                  131 	.dw __str_19
    00000072rECr05                  132 	.dw __str_16
    00000074rECr05                  133 	.dw __str_16
    00000076r10r06                  134 	.dw __str_20
    00000078rFEr05                  135 	.dw __str_18
    0000007ArC8r05                  136 	.dw __str_12
    0000007CrC8r05                  137 	.dw __str_12
    0000007Er19r06                  138 	.dw __str_21
    00000080r19r06                  139 	.dw __str_21
    00000082r19r06                  140 	.dw __str_21
    00000084rFEr05                  141 	.dw __str_18
    00000086r19r06                  142 	.dw __str_21
    00000088r19r06                  143 	.dw __str_21
    0000008ArC8r05                  144 	.dw __str_12
    0000008Cr22r06                  145 	.dw __str_22
    0000008Er2Br06                  146 	.dw __str_23
    00000090r34r06                  147 	.dw __str_24
    00000092rFEr05                  148 	.dw __str_18
    00000094rFEr05                  149 	.dw __str_18
    00000096r34r06                  150 	.dw __str_24
    00000098r2Br06                  151 	.dw __str_23
    0000009Ar22r06                  152 	.dw __str_22
    0000009CrBFr05                  153 	.dw __str_11
    0000009Er3Dr06                  154 	.dw __str_25
    000000A0r46r06                  155 	.dw __str_26
    000000A2rC8r05                  156 	.dw __str_12
    000000A4rC8r05                  157 	.dw __str_12
    000000A6r22r06                  158 	.dw __str_22
    000000A8r4Fr06                  159 	.dw __str_27
    000000AAr58r06                  160 	.dw __str_28
    000000ACr58r06                  161 	.dw __str_28
    000000AEr58r06                  162 	.dw __str_28
    000000B0r61r06                  163 	.dw __str_29
    000000B2r61r06                  164 	.dw __str_29
    000000B4r58r06                  165 	.dw __str_28
    000000B6r58r06                  166 	.dw __str_28
    000000B8r6Ar06                  167 	.dw __str_30
    000000BAr73r06                  168 	.dw __str_31
    000000BCr22r06                  169 	.dw __str_22
    000000BEr2Br06                  170 	.dw __str_23
    000000C0rFEr05                  171 	.dw __str_18
    000000C2rECr05                  172 	.dw __str_16
    000000C4rECr05                  173 	.dw __str_16
    000000C6rFEr05                  174 	.dw __str_18
    000000C8r2Br06                  175 	.dw __str_23
    000000CAr22r06                  176 	.dw __str_22
    000000CCr61r06                  177 	.dw __str_29
    000000CEr22r06                  178 	.dw __str_22
    000000D0r7Cr06                  179 	.dw __str_32
    000000D2r22r06                  180 	.dw __str_22
    000000D4r7Cr06                  181 	.dw __str_32
    000000D6r22r06                  182 	.dw __str_22
    000000D8r7Cr06                  183 	.dw __str_32
    000000DAr61r06                  184 	.dw __str_29
    000000DCr85r06                  185 	.dw __str_33
    000000DEr85r06                  186 	.dw __str_33
    000000E0r85r06                  187 	.dw __str_33
    000000E2r85r06                  188 	.dw __str_33
    000000E4r85r06                  189 	.dw __str_33
    000000E6r85r06                  190 	.dw __str_33
    000000E8r85r06                  191 	.dw __str_33
    000000EAr8Er06                  192 	.dw __str_34
    000000ECrC8r05                  193 	.dw __str_12
    000000EErFEr05                  194 	.dw __str_18
    000000F0rFEr05                  195 	.dw __str_18
    000000F2r34r06                  196 	.dw __str_24
    000000F4rFEr05                  197 	.dw __str_18
    000000F6rFEr05                  198 	.dw __str_18
    000000F8r97r06                  199 	.dw __str_35
    000000FArA0r06                  200 	.dw __str_36
    000000FCr22r06                  201 	.dw __str_22
    000000FEr7Cr06                  202 	.dw __str_32
    00000100rA9r06                  203 	.dw __str_37
    00000102r7Cr06                  204 	.dw __str_32
    00000104r7Cr06                  205 	.dw __str_32
    00000106rA9r06                  206 	.dw __str_37
    00000108r7Cr06                  207 	.dw __str_32
    0000010Ar22r06                  208 	.dw __str_22
    0000010Cr22r06                  209 	.dw __str_22
    0000010Er7Cr06                  210 	.dw __str_32
    00000110r73r06                  211 	.dw __str_31
    00000112r22r06                  212 	.dw __str_22
    00000114r4Fr06                  213 	.dw __str_27
    00000116r97r06                  214 	.dw __str_35
    00000118r77r05                  215 	.dw __str_3
    0000011Ar77r05                  216 	.dw __str_3
    0000011Cr58r06                  217 	.dw __str_28
    0000011Er61r06                  218 	.dw __str_29
    00000120r6Ar06                  219 	.dw __str_30
    00000122r73r06                  220 	.dw __str_31
    00000124r22r06                  221 	.dw __str_22
    00000126r58r06                  222 	.dw __str_28
    00000128r4Fr06                  223 	.dw __str_27
    0000012ArA0r06                  224 	.dw __str_36
    0000012Cr97r06                  225 	.dw __str_35
    0000012ErB2r06                  226 	.dw __str_38
    00000130rBBr06                  227 	.dw __str_39
    00000132r97r06                  228 	.dw __str_35
    00000134r4Fr06                  229 	.dw __str_27
    00000136r61r06                  230 	.dw __str_29
    00000138r58r06                  231 	.dw __str_28
    0000013Ar77r05                  232 	.dw __str_3
    0000013Cr22r06                  233 	.dw __str_22
    0000013Er2Br06                  234 	.dw __str_23
    00000140rFEr05                  235 	.dw __str_18
    00000142r2Br06                  236 	.dw __str_23
    00000144r61r06                  237 	.dw __str_29
    00000146r4Fr06                  238 	.dw __str_27
    00000148r97r06                  239 	.dw __str_35
    0000014Ar77r05                  240 	.dw __str_3
    0000014Cr22r06                  241 	.dw __str_22
    0000014Er2Br06                  242 	.dw __str_23
    00000150r19r06                  243 	.dw __str_21
    00000152rFEr05                  244 	.dw __str_18
    00000154r34r06                  245 	.dw __str_24
    00000156rECr05                  246 	.dw __str_16
    00000158rFEr05                  247 	.dw __str_18
    0000015Ar22r06                  248 	.dw __str_22
    0000015Cr58r06                  249 	.dw __str_28
    0000015Er61r06                  250 	.dw __str_29
    00000160r58r06                  251 	.dw __str_28
    00000162r58r06                  252 	.dw __str_28
    00000164r58r06                  253 	.dw __str_28
    00000166r6Ar06                  254 	.dw __str_30
    00000168r7Cr06                  255 	.dw __str_32
    0000016Ar6Ar06                  256 	.dw __str_30
    0000016Cr22r06                  257 	.dw __str_22
    0000016Er7Cr06                  258 	.dw __str_32
    00000170rC4r06                  259 	.dw __str_40
    00000172r7Cr06                  260 	.dw __str_32
    00000174r22r06                  261 	.dw __str_22
    00000176r4Fr06                  262 	.dw __str_27
    00000178r97r06                  263 	.dw __str_35
    0000017Ar77r05                  264 	.dw __str_3
    0000017Cr22r06                  265 	.dw __str_22
    0000017Er2Br06                  266 	.dw __str_23
    00000180rCDr06                  267 	.dw __str_41
    00000182rD6r06                  268 	.dw __str_42
    00000184rCDr06                  269 	.dw __str_41
    00000186rFEr05                  270 	.dw __str_18
    00000188r2Br06                  271 	.dw __str_23
    0000018Ar22r06                  272 	.dw __str_22
    0000018Cr22r06                  273 	.dw __str_22
    0000018Er2Br06                  274 	.dw __str_23
    00000190rECr05                  275 	.dw __str_16
    00000192rCDr06                  276 	.dw __str_41
    00000194rD6r06                  277 	.dw __str_42
    00000196rFEr05                  278 	.dw __str_18
    00000198r73r06                  279 	.dw __str_31
    0000019Ar4Fr06                  280 	.dw __str_27
    0000019Cr22r06                  281 	.dw __str_22
    0000019Er2Br06                  282 	.dw __str_23
    000001A0rFEr05                  283 	.dw __str_18
    000001A2rFEr05                  284 	.dw __str_18
    000001A4r34r06                  285 	.dw __str_24
    000001A6r2Br06                  286 	.dw __str_23
    000001A8rA0r06                  287 	.dw __str_36
    000001AArA0r06                  288 	.dw __str_36
    000001ACr22r06                  289 	.dw __str_22
    000001AEr7Cr06                  290 	.dw __str_32
    000001B0r22r06                  291 	.dw __str_22
    000001B2r4Fr06                  292 	.dw __str_27
    000001B4r97r06                  293 	.dw __str_35
    000001B6rA0r06                  294 	.dw __str_36
    000001B8rA0r06                  295 	.dw __str_36
    000001BAr77r05                  296 	.dw __str_3
    000001BCr22r06                  297 	.dw __str_22
    000001BEr2Br06                  298 	.dw __str_23
    000001C0rFEr05                  299 	.dw __str_18
    000001C2rECr05                  300 	.dw __str_16
    000001C4rFEr05                  301 	.dw __str_18
    000001C6r2Br06                  302 	.dw __str_23
    000001C8r6Ar06                  303 	.dw __str_30
    000001CAr97r06                  304 	.dw __str_35
    000001CCr77r05                  305 	.dw __str_3
    000001CEr61r06                  306 	.dw __str_29
    000001D0r73r06                  307 	.dw __str_31
    000001D2r2Br06                  308 	.dw __str_23
    000001D4r73r06                  309 	.dw __str_31
    000001D6r61r06                  310 	.dw __str_29
    000001D8r58r06                  311 	.dw __str_28
    000001DAr85r06                  312 	.dw __str_33
    000001DCrA4r05                  313 	.dw __str_8
    000001DErDFr06                  314 	.dw __str_43
    000001E0r22r06                  315 	.dw __str_22
    000001E2rE8r06                  316 	.dw __str_44
    000001E4r61r06                  317 	.dw __str_29
    000001E6rDFr06                  318 	.dw __str_43
    000001E8rA0r06                  319 	.dw __str_36
    000001EArF1r06                  320 	.dw __str_45
    000001ECr61r06                  321 	.dw __str_29
    000001EEr22r06                  322 	.dw __str_22
    000001F0r7Cr06                  323 	.dw __str_32
    000001F2r7Cr06                  324 	.dw __str_32
    000001F4rE8r06                  325 	.dw __str_44
    000001F6r7Cr06                  326 	.dw __str_32
    000001F8r97r06                  327 	.dw __str_35
    000001FArA0r06                  328 	.dw __str_36
    000001FCr77r05                  329 	.dw __str_3
    000001FEr58r06                  330 	.dw __str_28
    00000200r61r06                  331 	.dw __str_29
    00000202r73r06                  332 	.dw __str_31
    00000204r73r06                  333 	.dw __str_31
    00000206r61r06                  334 	.dw __str_29
    00000208r58r06                  335 	.dw __str_28
    0000020Ar77r05                  336 	.dw __str_3
    0000020Cr22r06                  337 	.dw __str_22
    0000020Er7Cr06                  338 	.dw __str_32
    00000210r22r06                  339 	.dw __str_22
    00000212rE8r06                  340 	.dw __str_44
    00000214r22r06                  341 	.dw __str_22
    00000216rE8r06                  342 	.dw __str_44
    00000218r22r06                  343 	.dw __str_22
    0000021Ar85r06                  344 	.dw __str_33
    0000021C                        345 _sprite_patterns:
    0000021CrFAr06                  346 	.dw __str_46
    0000021Er03r07                  347 	.dw __str_47
    00000220r0Cr07                  348 	.dw __str_48
    00000222r15r07                  349 	.dw __str_49
    00000224r1Er07                  350 	.dw __str_50
    00000226r27r07                  351 	.dw __str_51
    00000228r30r07                  352 	.dw __str_52
    0000022Ar1Er07                  353 	.dw __str_50
    0000022Cr39r07                  354 	.dw __str_53
    0000022Er42r07                  355 	.dw __str_54
    00000230r4Br07                  356 	.dw __str_55
    00000232r54r07                  357 	.dw __str_56
    00000234r5Dr07                  358 	.dw __str_57
    00000236r66r07                  359 	.dw __str_58
    00000238r6Fr07                  360 	.dw __str_59
    0000023Ar5Dr07                  361 	.dw __str_57
    0000023Cr78r07                  362 	.dw __str_60
    0000023Er81r07                  363 	.dw __str_61
    00000240r8Ar07                  364 	.dw __str_62
    00000242r93r07                  365 	.dw __str_63
    00000244r93r07                  366 	.dw __str_63
    00000246r9Cr07                  367 	.dw __str_64
    00000248r58r06                  368 	.dw __str_28
    0000024Ar77r05                  369 	.dw __str_3
    0000024CrA5r07                  370 	.dw __str_65
    0000024ErAEr07                  371 	.dw __str_66
    00000250rB7r07                  372 	.dw __str_67
    00000252rC0r07                  373 	.dw __str_68
    00000254rC0r07                  374 	.dw __str_68
    00000256rC9r07                  375 	.dw __str_69
    00000258r58r06                  376 	.dw __str_28
    0000025Ar77r05                  377 	.dw __str_3
    0000025CrFAr06                  378 	.dw __str_46
    0000025Er03r07                  379 	.dw __str_47
    00000260r0Cr07                  380 	.dw __str_48
    00000262r15r07                  381 	.dw __str_49
    00000264r1Er07                  382 	.dw __str_50
    00000266r27r07                  383 	.dw __str_51
    00000268r30r07                  384 	.dw __str_52
    0000026Ar1Er07                  385 	.dw __str_50
    0000026Cr39r07                  386 	.dw __str_53
    0000026Er42r07                  387 	.dw __str_54
    00000270r4Br07                  388 	.dw __str_55
    00000272r54r07                  389 	.dw __str_56
    00000274r5Dr07                  390 	.dw __str_57
    00000276r66r07                  391 	.dw __str_58
    00000278r6Fr07                  392 	.dw __str_59
    0000027Ar5Dr07                  393 	.dw __str_57
    0000027Cr78r07                  394 	.dw __str_60
    0000027Er81r07                  395 	.dw __str_61
    00000280r8Ar07                  396 	.dw __str_62
    00000282r93r07                  397 	.dw __str_63
    00000284rD2r07                  398 	.dw __str_70
    00000286rDBr07                  399 	.dw __str_71
    00000288r85r06                  400 	.dw __str_33
    0000028Ar77r05                  401 	.dw __str_3
    0000028CrA5r07                  402 	.dw __str_65
    0000028ErAEr07                  403 	.dw __str_66
    00000290rB7r07                  404 	.dw __str_67
    00000292rE4r07                  405 	.dw __str_72
    00000294rEDr07                  406 	.dw __str_73
    00000296rF6r07                  407 	.dw __str_74
    00000298rFFr07                  408 	.dw __str_75
    0000029Ar77r05                  409 	.dw __str_3
    0000029CrFAr06                  410 	.dw __str_46
    0000029Er03r07                  411 	.dw __str_47
    000002A0r08r08                  412 	.dw __str_76
    000002A2r11r08                  413 	.dw __str_77
    000002A4r1Ar08                  414 	.dw __str_78
    000002A6r23r08                  415 	.dw __str_79
    000002A8r2Cr08                  416 	.dw __str_80
    000002AAr1Ar08                  417 	.dw __str_78
    000002ACr39r07                  418 	.dw __str_53
    000002AEr42r07                  419 	.dw __str_54
    000002B0r35r08                  420 	.dw __str_81
    000002B2r3Er08                  421 	.dw __str_82
    000002B4r47r08                  422 	.dw __str_83
    000002B6r50r08                  423 	.dw __str_84
    000002B8r59r08                  424 	.dw __str_85
    000002BAr47r08                  425 	.dw __str_83
    000002BCr81r07                  426 	.dw __str_61
    000002BEr62r08                  427 	.dw __str_86
    000002C0r8Ar07                  428 	.dw __str_62
    000002C2r93r07                  429 	.dw __str_63
    000002C4r93r07                  430 	.dw __str_63
    000002C6r9Cr07                  431 	.dw __str_64
    000002C8r58r06                  432 	.dw __str_28
    000002CAr77r05                  433 	.dw __str_3
    000002CCrAEr07                  434 	.dw __str_66
    000002CEr6Br08                  435 	.dw __str_87
    000002D0rB7r07                  436 	.dw __str_67
    000002D2rC0r07                  437 	.dw __str_68
    000002D4rC0r07                  438 	.dw __str_68
    000002D6rC9r07                  439 	.dw __str_69
    000002D8r58r06                  440 	.dw __str_28
    000002DAr77r05                  441 	.dw __str_3
    000002DCrFAr06                  442 	.dw __str_46
    000002DEr03r07                  443 	.dw __str_47
    000002E0r08r08                  444 	.dw __str_76
    000002E2r11r08                  445 	.dw __str_77
    000002E4r1Ar08                  446 	.dw __str_78
    000002E6r23r08                  447 	.dw __str_79
    000002E8r2Cr08                  448 	.dw __str_80
    000002EAr1Ar08                  449 	.dw __str_78
    000002ECr39r07                  450 	.dw __str_53
    000002EEr42r07                  451 	.dw __str_54
    000002F0r35r08                  452 	.dw __str_81
    000002F2r3Er08                  453 	.dw __str_82
    000002F4r47r08                  454 	.dw __str_83
    000002F6r50r08                  455 	.dw __str_84
    000002F8r59r08                  456 	.dw __str_85
    000002FAr47r08                  457 	.dw __str_83
    000002FCr81r07                  458 	.dw __str_61
    000002FEr62r08                  459 	.dw __str_86
    00000300r8Ar07                  460 	.dw __str_62
    00000302r74r08                  461 	.dw __str_88
    00000304r7Dr08                  462 	.dw __str_89
    00000306rDBr07                  463 	.dw __str_71
    00000308r85r06                  464 	.dw __str_33
    0000030Ar77r05                  465 	.dw __str_3
    0000030CrAEr07                  466 	.dw __str_66
    0000030Er6Br08                  467 	.dw __str_87
    00000310rB7r07                  468 	.dw __str_67
    00000312rC0r07                  469 	.dw __str_68
    00000314r86r08                  470 	.dw __str_90
    00000316rF6r07                  471 	.dw __str_74
    00000318rFFr07                  472 	.dw __str_75
    0000031Ar77r05                  473 	.dw __str_3
    0000031CrFAr06                  474 	.dw __str_46
    0000031Er03r07                  475 	.dw __str_47
    00000320r8Fr08                  476 	.dw __str_91
    00000322r98r08                  477 	.dw __str_92
    00000324r1Er07                  478 	.dw __str_50
    00000326rA1r08                  479 	.dw __str_93
    00000328r27r07                  480 	.dw __str_51
    0000032Ar1Er07                  481 	.dw __str_50
    0000032CrAAr08                  482 	.dw __str_94
    0000032ErB3r08                  483 	.dw __str_95
    00000330rBCr08                  484 	.dw __str_96
    00000332rC5r08                  485 	.dw __str_97
    00000334rAEr07                  486 	.dw __str_66
    00000336rCEr08                  487 	.dw __str_98
    00000338r6Br08                  488 	.dw __str_87
    0000033ArD7r08                  489 	.dw __str_99
    0000033Cr78r07                  490 	.dw __str_60
    0000033Er81r07                  491 	.dw __str_61
    00000340rE0r08                  492 	.dw __str_100
    00000342r74r08                  493 	.dw __str_88
    00000344r93r07                  494 	.dw __str_63
    00000346r9Cr07                  495 	.dw __str_64
    00000348r58r06                  496 	.dw __str_28
    0000034Ar77r05                  497 	.dw __str_3
    0000034CrE9r08                  498 	.dw __str_101
    0000034ErF2r08                  499 	.dw __str_102
    00000350rFBr08                  500 	.dw __str_103
    00000352r04r09                  501 	.dw __str_104
    00000354r04r09                  502 	.dw __str_104
    00000356r0Dr09                  503 	.dw __str_105
    00000358r58r06                  504 	.dw __str_28
    0000035Ar77r05                  505 	.dw __str_3
    0000035CrFAr06                  506 	.dw __str_46
    0000035Er03r07                  507 	.dw __str_47
    00000360r8Fr08                  508 	.dw __str_91
    00000362r98r08                  509 	.dw __str_92
    00000364r1Er07                  510 	.dw __str_50
    00000366rA1r08                  511 	.dw __str_93
    00000368r27r07                  512 	.dw __str_51
    0000036Ar1Er07                  513 	.dw __str_50
    0000036CrAAr08                  514 	.dw __str_94
    0000036ErB3r08                  515 	.dw __str_95
    00000370rBCr08                  516 	.dw __str_96
    00000372rC5r08                  517 	.dw __str_97
    00000374rAEr07                  518 	.dw __str_66
    00000376rCEr08                  519 	.dw __str_98
    00000378r6Br08                  520 	.dw __str_87
    0000037ArD7r08                  521 	.dw __str_99
    0000037Cr78r07                  522 	.dw __str_60
    0000037Er81r07                  523 	.dw __str_61
    00000380rE0r08                  524 	.dw __str_100
    00000382r74r08                  525 	.dw __str_88
    00000384r16r09                  526 	.dw __str_106
    00000386rC9r07                  527 	.dw __str_69
    00000388r1Fr09                  528 	.dw __str_107
    0000038Ar77r05                  529 	.dw __str_3
    0000038CrE9r08                  530 	.dw __str_101
    0000038ErF2r08                  531 	.dw __str_102
    00000390rFBr08                  532 	.dw __str_103
    00000392r28r09                  533 	.dw __str_108
    00000394r31r09                  534 	.dw __str_109
    00000396r3Ar09                  535 	.dw __str_110
    00000398r58r06                  536 	.dw __str_28
    0000039Ar77r05                  537 	.dw __str_3
    0000039CrFFr07                  538 	.dw __str_75
    0000039Er43r09                  539 	.dw __str_111
    000003A0r4Cr09                  540 	.dw __str_112
    000003A2r55r09                  541 	.dw __str_113
    000003A4r5Er09                  542 	.dw __str_114
    000003A6r67r09                  543 	.dw __str_115
    000003A8rA1r08                  544 	.dw __str_93
    000003AAr27r07                  545 	.dw __str_51
    000003ACr85r06                  546 	.dw __str_33
    000003AEr70r09                  547 	.dw __str_116
    000003B0r79r09                  548 	.dw __str_117
    000003B2r82r09                  549 	.dw __str_118
    000003B4r8Br09                  550 	.dw __str_119
    000003B6r94r09                  551 	.dw __str_120
    000003B8r54r07                  552 	.dw __str_56
    000003BAr6Br08                  553 	.dw __str_87
    000003BCr1Er07                  554 	.dw __str_50
    000003BEr62r08                  555 	.dw __str_86
    000003C0r9Dr09                  556 	.dw __str_121
    000003C2rA6r09                  557 	.dw __str_122
    000003C4rAFr09                  558 	.dw __str_123
    000003C6r9Cr07                  559 	.dw __str_64
    000003C8r58r06                  560 	.dw __str_28
    000003CAr77r05                  561 	.dw __str_3
    000003CCrD7r08                  562 	.dw __str_99
    000003CErB8r09                  563 	.dw __str_124
    000003D0rC1r09                  564 	.dw __str_125
    000003D2rCAr09                  565 	.dw __str_126
    000003D4rCEr08                  566 	.dw __str_98
    000003D6rD3r09                  567 	.dw __str_127
    000003D8r58r06                  568 	.dw __str_28
    000003DAr77r05                  569 	.dw __str_3
    000003DCrDCr09                  570 	.dw __str_128
    000003DErE5r09                  571 	.dw __str_129
    000003E0r8Fr08                  572 	.dw __str_91
    000003E2r98r08                  573 	.dw __str_92
    000003E4r1Er07                  574 	.dw __str_50
    000003E6rEEr09                  575 	.dw __str_130
    000003E8rA1r08                  576 	.dw __str_93
    000003EAr67r09                  577 	.dw __str_115
    000003ECrF7r09                  578 	.dw __str_131
    000003EEr00r0A                  579 	.dw __str_132
    000003F0r09r0A                  580 	.dw __str_133
    000003F2r8Br09                  581 	.dw __str_119
    000003F4rC5r08                  582 	.dw __str_97
    000003F6r12r0A                  583 	.dw __str_134
    000003F8r1Br0A                  584 	.dw __str_135
    000003FAr6Br08                  585 	.dw __str_87
    000003FCr98r08                  586 	.dw __str_92
    000003FEr24r0A                  587 	.dw __str_136
    00000400r93r07                  588 	.dw __str_63
    00000402r93r07                  589 	.dw __str_63
    00000404r2Dr0A                  590 	.dw __str_137
    00000406r36r0A                  591 	.dw __str_138
    00000408r58r06                  592 	.dw __str_28
    0000040Ar77r05                  593 	.dw __str_3
    0000040CrD7r08                  594 	.dw __str_99
    0000040Er3Fr0A                  595 	.dw __str_139
    00000410rE4r07                  596 	.dw __str_72
    00000412rC0r07                  597 	.dw __str_68
    00000414r48r0A                  598 	.dw __str_140
    00000416r51r0A                  599 	.dw __str_141
    00000418r58r06                  600 	.dw __str_28
    0000041Ar77r05                  601 	.dw __str_3
    0000041CrFAr06                  602 	.dw __str_46
    0000041Er5Ar0A                  603 	.dw __str_142
    00000420r81r07                  604 	.dw __str_61
    00000422r62r08                  605 	.dw __str_86
    00000424r1Er07                  606 	.dw __str_50
    00000426r16r09                  607 	.dw __str_106
    00000428rA1r08                  608 	.dw __str_93
    0000042Ar67r09                  609 	.dw __str_115
    0000042CrAAr08                  610 	.dw __str_94
    0000042Er63r0A                  611 	.dw __str_143
    00000430rF2r08                  612 	.dw __str_102
    00000432rB8r09                  613 	.dw __str_124
    00000434rAEr07                  614 	.dw __str_66
    00000436rCEr08                  615 	.dw __str_98
    00000438r6Cr0A                  616 	.dw __str_144
    0000043Ar94r09                  617 	.dw __str_120
    0000043Cr75r0A                  618 	.dw __str_145
    0000043Er75r0A                  619 	.dw __str_145
    00000440r75r0A                  620 	.dw __str_145
    00000442r7Er0A                  621 	.dw __str_146
    00000444r9Dr09                  622 	.dw __str_121
    00000446r43r09                  623 	.dw __str_111
    00000448r58r06                  624 	.dw __str_28
    0000044Ar77r05                  625 	.dw __str_3
    0000044Cr87r0A                  626 	.dw __str_147
    0000044Er87r0A                  627 	.dw __str_147
    00000450r87r0A                  628 	.dw __str_147
    00000452r90r0A                  629 	.dw __str_148
    00000454rCAr09                  630 	.dw __str_126
    00000456r99r0A                  631 	.dw __str_149
    00000458r58r06                  632 	.dw __str_28
    0000045Ar77r05                  633 	.dw __str_3
    0000045CrA2r0A                  634 	.dw __str_150
    0000045Er58r06                  635 	.dw __str_28
    00000460r99r0A                  636 	.dw __str_149
    00000462rABr0A                  637 	.dw __str_151
    00000464r67r09                  638 	.dw __str_115
    00000466rA1r08                  639 	.dw __str_93
    00000468r16r09                  640 	.dw __str_106
    0000046Ar1Er07                  641 	.dw __str_50
    0000046CrB4r0A                  642 	.dw __str_152
    0000046Er58r06                  643 	.dw __str_28
    00000470rBDr0A                  644 	.dw __str_153
    00000472rC6r0A                  645 	.dw __str_154
    00000474r94r09                  646 	.dw __str_120
    00000476r6Cr0A                  647 	.dw __str_144
    00000478rCEr08                  648 	.dw __str_98
    0000047ArAEr07                  649 	.dw __str_66
    0000047Cr78r07                  650 	.dw __str_60
    0000047Er5Er09                  651 	.dw __str_114
    00000480r74r08                  652 	.dw __str_88
    00000482r93r07                  653 	.dw __str_63
    00000484r93r07                  654 	.dw __str_63
    00000486r9Cr07                  655 	.dw __str_64
    00000488r58r06                  656 	.dw __str_28
    0000048Ar77r05                  657 	.dw __str_3
    0000048CrA5r07                  658 	.dw __str_65
    0000048Er8Br09                  659 	.dw __str_119
    00000490rE4r07                  660 	.dw __str_72
    00000492rC0r07                  661 	.dw __str_68
    00000494rC0r07                  662 	.dw __str_68
    00000496rD3r09                  663 	.dw __str_127
    00000498r58r06                  664 	.dw __str_28
    0000049Ar77r05                  665 	.dw __str_3
    0000049CrFFr07                  666 	.dw __str_75
    0000049Er43r09                  667 	.dw __str_111
    000004A0r8Fr08                  668 	.dw __str_91
    000004A2r55r09                  669 	.dw __str_113
    000004A4r5Er09                  670 	.dw __str_114
    000004A6r67r09                  671 	.dw __str_115
    000004A8rA1r08                  672 	.dw __str_93
    000004AAr27r07                  673 	.dw __str_51
    000004ACr85r06                  674 	.dw __str_33
    000004AEr70r09                  675 	.dw __str_116
    000004B0rCFr0A                  676 	.dw __str_155
    000004B2r82r09                  677 	.dw __str_118
    000004B4r8Br09                  678 	.dw __str_119
    000004B6r94r09                  679 	.dw __str_120
    000004B8r1Br0A                  680 	.dw __str_135
    000004BAr6Br08                  681 	.dw __str_87
    000004BCr1Er07                  682 	.dw __str_50
    000004BEr62r08                  683 	.dw __str_86
    000004C0r9Dr09                  684 	.dw __str_121
    000004C2rA6r09                  685 	.dw __str_122
    000004C4rD8r0A                  686 	.dw __str_156
    000004C6r9Cr07                  687 	.dw __str_64
    000004C8r58r06                  688 	.dw __str_28
    000004CAr77r05                  689 	.dw __str_3
    000004CCrD7r08                  690 	.dw __str_99
    000004CErB8r09                  691 	.dw __str_124
    000004D0rC1r09                  692 	.dw __str_125
    000004D2rCAr09                  693 	.dw __str_126
    000004D4rCEr08                  694 	.dw __str_98
    000004D6rC9r07                  695 	.dw __str_69
    000004D8r3Ar09                  696 	.dw __str_110
    000004DAr58r06                  697 	.dw __str_28
    000004DCr85r06                  698 	.dw __str_33
    000004DErE1r0A                  699 	.dw __str_157
    000004E0rEAr0A                  700 	.dw __str_158
    000004E2rF3r0A                  701 	.dw __str_159
    000004E4rF3r0A                  702 	.dw __str_159
    000004E6rEAr0A                  703 	.dw __str_158
    000004E8rE1r0A                  704 	.dw __str_157
    000004EAr85r06                  705 	.dw __str_33
    000004ECr85r06                  706 	.dw __str_33
    000004EErFCr0A                  707 	.dw __str_160
    000004F0rEAr0A                  708 	.dw __str_158
    000004F2r05r0B                  709 	.dw __str_161
    000004F4r05r0B                  710 	.dw __str_161
    000004F6rEAr0A                  711 	.dw __str_158
    000004F8rFCr0A                  712 	.dw __str_160
    000004FAr85r06                  713 	.dw __str_33
    000004FCr58r06                  714 	.dw __str_28
    000004FEr6Ar06                  715 	.dw __str_30
    00000500r7Cr06                  716 	.dw __str_32
    00000502r73r06                  717 	.dw __str_31
    00000504r6Ar06                  718 	.dw __str_30
    00000506r73r06                  719 	.dw __str_31
    00000508r7Cr06                  720 	.dw __str_32
    0000050Ar6Ar06                  721 	.dw __str_30
    0000050Cr6Ar06                  722 	.dw __str_30
    0000050Er73r06                  723 	.dw __str_31
    00000510r7Cr06                  724 	.dw __str_32
    00000512r6Ar06                  725 	.dw __str_30
    00000514r73r06                  726 	.dw __str_31
    00000516r6Ar06                  727 	.dw __str_30
    00000518r7Cr06                  728 	.dw __str_32
    0000051Ar73r06                  729 	.dw __str_31
    0000051Cr8Er06                  730 	.dw __str_34
    0000051Er0Er0B                  731 	.dw __str_162
    00000520rEAr0A                  732 	.dw __str_158
    00000522r17r0B                  733 	.dw __str_163
    00000524r20r0B                  734 	.dw __str_164
    00000526r2Br06                  735 	.dw __str_23
    00000528r73r06                  736 	.dw __str_31
    0000052Ar61r06                  737 	.dw __str_29
    0000052Cr8Er06                  738 	.dw __str_34
    0000052Er0Er0B                  739 	.dw __str_162
    00000530r29r0B                  740 	.dw __str_165
    00000532r32r0B                  741 	.dw __str_166
    00000534r3Br0B                  742 	.dw __str_167
    00000536r87r0A                  743 	.dw __str_147
    00000538r73r06                  744 	.dw __str_31
    0000053Ar61r06                  745 	.dw __str_29
    0000053Cr61r06                  746 	.dw __str_29
    0000053Er73r06                  747 	.dw __str_31
    00000540r7Cr06                  748 	.dw __str_32
    00000542r44r0B                  749 	.dw __str_168
    00000544r7Cr06                  750 	.dw __str_32
    00000546r73r06                  751 	.dw __str_31
    00000548r6Ar06                  752 	.dw __str_30
    0000054Ar61r06                  753 	.dw __str_29
    0000054Cr61r06                  754 	.dw __str_29
    0000054Er7Cr06                  755 	.dw __str_32
    00000550r73r06                  756 	.dw __str_31
    00000552r7Cr06                  757 	.dw __str_32
    00000554r44r0B                  758 	.dw __str_168
    00000556r7Cr06                  759 	.dw __str_32
    00000558r73r06                  760 	.dw __str_31
    0000055Ar61r06                  761 	.dw __str_29
    0000055C                        762 __str_0:
    0000055C 2E 2E 2B 2E 2E 2E 2E   763 	.ascii "..+....."
             2E
    00000564 00                     764 	.db 0x00
    00000565                        765 __str_1:
    00000565 2E 2B 2E 2E 2B 2E 2E   766 	.ascii ".+..+..."
             2E
    0000056D 00                     767 	.db 0x00
    0000056E                        768 __str_2:
    0000056E 2E 2E 2E 2B 2E 2E 2B   769 	.ascii "...+..+."
             2E
    00000576 00                     770 	.db 0x00
    00000577                        771 __str_3:
    00000577 2E 2E 2E 2E 2E 2E 2E   772 	.ascii "........"
             2E
    0000057F 00                     773 	.db 0x00
    00000580                        774 __str_4:
    00000580 2E 2B 2E 2E 2E 2E 2B   775 	.ascii ".+....+."
             2E
    00000588 00                     776 	.db 0x00
    00000589                        777 __str_5:
    00000589 2E 2E 2E 2B 2E 2E 2E   778 	.ascii "...+...."
             2E
    00000591 00                     779 	.db 0x00
    00000592                        780 __str_6:
    00000592 2E 2E 2E 2E 2B 2E 2E   781 	.ascii "....+..."
             2E
    0000059A 00                     782 	.db 0x00
    0000059B                        783 __str_7:
    0000059B 2E 2B 2E 2E 2E 2E 2E   784 	.ascii ".+......"
             2E
    000005A3 00                     785 	.db 0x00
    000005A4                        786 __str_8:
    000005A4 2E 2E 2B 2B 2B 2B 2E   787 	.ascii "..++++.."
             2E
    000005AC 00                     788 	.db 0x00
    000005AD                        789 __str_9:
    000005AD 2E 2B 2A 2A 2A 2A 2B   790 	.ascii ".+****+."
             2E
    000005B5 00                     791 	.db 0x00
    000005B6                        792 __str_10:
    000005B6 2B 2B 2A 2A 2A 2A 2B   793 	.ascii "++****++"
             2B
    000005BE 00                     794 	.db 0x00
    000005BF                        795 __str_11:
    000005BF 2B 2B 2B 2B 2B 2B 2B   796 	.ascii "++++++++"
             2B
    000005C7 00                     797 	.db 0x00
    000005C8                        798 __str_12:
    000005C8 23 23 23 23 23 23 23   799 	.ascii "########"
             23
    000005D0 00                     800 	.db 0x00
    000005D1                        801 __str_13:
    000005D1 2A 2A 2A 2A 2A 2A 2A   802 	.ascii "********"
             2A
    000005D9 00                     803 	.db 0x00
    000005DA                        804 __str_14:
    000005DA 23 23 2A 2A 23 23 2A   805 	.ascii "##**##**"
             2A
    000005E2 00                     806 	.db 0x00
    000005E3                        807 __str_15:
    000005E3 23 2A 23 23 2A 2A 23   808 	.ascii "#*##**##"
             23
    000005EB 00                     809 	.db 0x00
    000005EC                        810 __str_16:
    000005EC 23 2B 2B 23 23 2B 2B   811 	.ascii "#++##++#"
             23
    000005F4 00                     812 	.db 0x00
    000005F5                        813 __str_17:
    000005F5 23 2A 2A 2A 2A 2A 2A   814 	.ascii "#******#"
             23
    000005FD 00                     815 	.db 0x00
    000005FE                        816 __str_18:
    000005FE 23 2B 2B 2B 2B 2B 2B   817 	.ascii "#++++++#"
             23
    00000606 00                     818 	.db 0x00
    00000607                        819 __str_19:
    00000607 23 2B 23 23 23 23 2B   820 	.ascii "#+####+#"
             23
    0000060F 00                     821 	.db 0x00
    00000610                        822 __str_20:
    00000610 23 2B 2B 23 23 2A 2B   823 	.ascii "#++##*+#"
             23
    00000618 00                     824 	.db 0x00
    00000619                        825 __str_21:
    00000619 23 2A 2B 23 23 2B 2A   826 	.ascii "#*+##+*#"
             23
    00000621 00                     827 	.db 0x00
    00000622                        828 __str_22:
    00000622 2E 23 23 23 23 23 23   829 	.ascii ".######."
             2E
    0000062A 00                     830 	.db 0x00
    0000062B                        831 __str_23:
    0000062B 23 23 2B 2B 2B 2B 23   832 	.ascii "##++++##"
             23
    00000633 00                     833 	.db 0x00
    00000634                        834 __str_24:
    00000634 23 2A 23 23 23 23 2A   835 	.ascii "#*####*#"
             23
    0000063C 00                     836 	.db 0x00
    0000063D                        837 __str_25:
    0000063D 23 23 2B 2B 23 23 2B   838 	.ascii "##++##++"
             2B
    00000645 00                     839 	.db 0x00
    00000646                        840 __str_26:
    00000646 2E 2E 23 23 23 23 23   841 	.ascii "..######"
             23
    0000064E 00                     842 	.db 0x00
    0000064F                        843 __str_27:
    0000064F 2E 2E 23 2E 2E 23 2E   844 	.ascii "..#..#.."
             2E
    00000657 00                     845 	.db 0x00
    00000658                        846 __str_28:
    00000658 2E 2E 2E 23 23 2E 2E   847 	.ascii "...##..."
             2E
    00000660 00                     848 	.db 0x00
    00000661                        849 __str_29:
    00000661 2E 2E 23 23 23 23 2E   850 	.ascii "..####.."
             2E
    00000669 00                     851 	.db 0x00
    0000066A                        852 __str_30:
    0000066A 2E 2E 23 2B 2B 23 2E   853 	.ascii "..#++#.."
             2E
    00000672 00                     854 	.db 0x00
    00000673                        855 __str_31:
    00000673 2E 23 23 2B 2B 23 23   856 	.ascii ".##++##."
             2E
    0000067B 00                     857 	.db 0x00
    0000067C                        858 __str_32:
    0000067C 2E 23 2B 2B 2B 2B 23   859 	.ascii ".#++++#."
             2E
    00000684 00                     860 	.db 0x00
    00000685                        861 __str_33:
    00000685 2E 2E 23 23 2E 2E 2E   862 	.ascii "..##...."
             2E
    0000068D 00                     863 	.db 0x00
    0000068E                        864 __str_34:
    0000068E 2E 23 23 23 23 2E 2E   865 	.ascii ".####..."
             2E
    00000696 00                     866 	.db 0x00
    00000697                        867 __str_35:
    00000697 2E 23 23 2E 2E 23 23   868 	.ascii ".##..##."
             2E
    0000069F 00                     869 	.db 0x00
    000006A0                        870 __str_36:
    000006A0 2E 23 2E 2E 2E 2E 23   871 	.ascii ".#....#."
             2E
    000006A8 00                     872 	.db 0x00
    000006A9                        873 __str_37:
    000006A9 2E 23 2A 2B 2B 2A 23   874 	.ascii ".#*++*#."
             2E
    000006B1 00                     875 	.db 0x00
    000006B2                        876 __str_38:
    000006B2 23 23 2B 23 23 2B 23   877 	.ascii "##+##+##"
             23
    000006BA 00                     878 	.db 0x00
    000006BB                        879 __str_39:
    000006BB 23 2B 2B 2E 2E 2B 2B   880 	.ascii "#++..++#"
             23
    000006C3 00                     881 	.db 0x00
    000006C4                        882 __str_40:
    000006C4 2E 23 2B 23 23 2B 23   883 	.ascii ".#+##+#."
             2E
    000006CC 00                     884 	.db 0x00
    000006CD                        885 __str_41:
    000006CD 23 2B 2B 2A 2A 2B 2B   886 	.ascii "#++**++#"
             23
    000006D5 00                     887 	.db 0x00
    000006D6                        888 __str_42:
    000006D6 23 2A 2B 2B 2B 2B 2A   889 	.ascii "#*++++*#"
             23
    000006DE 00                     890 	.db 0x00
    000006DF                        891 __str_43:
    000006DF 2E 2B 2B 23 23 2B 2B   892 	.ascii ".++##++."
             2E
    000006E7 00                     893 	.db 0x00
    000006E8                        894 __str_44:
    000006E8 2E 23 2A 23 23 2A 23   895 	.ascii ".#*##*#."
             2E
    000006F0 00                     896 	.db 0x00
    000006F1                        897 __str_45:
    000006F1 23 2E 2E 2E 2E 2E 2E   898 	.ascii "#......#"
             23
    000006F9 00                     899 	.db 0x00
    000006FA                        900 __str_46:
    000006FA 2E 2E 2E 2E 2E 23 23   901 	.ascii ".....###"
             23
    00000702 00                     902 	.db 0x00
    00000703                        903 __str_47:
    00000703 2E 2E 2E 2E 23 23 2A   904 	.ascii "....##**"
             2A
    0000070B 00                     905 	.db 0x00
    0000070C                        906 __str_48:
    0000070C 2E 2E 2E 23 23 2A 23   907 	.ascii "...##*##"
             23
    00000714 00                     908 	.db 0x00
    00000715                        909 __str_49:
    00000715 2E 2E 2E 23 2A 23 2B   910 	.ascii "...#*#++"
             2B
    0000071D 00                     911 	.db 0x00
    0000071E                        912 __str_50:
    0000071E 2E 2E 23 23 2A 2B 2B   913 	.ascii "..##*+++"
             2B
    00000726 00                     914 	.db 0x00
    00000727                        915 __str_51:
    00000727 2E 2E 23 2A 2B 2B 2B   916 	.ascii "..#*+++#"
             23
    0000072F 00                     917 	.db 0x00
    00000730                        918 __str_52:
    00000730 2E 2E 23 2A 2B 2B 23   919 	.ascii "..#*++#+"
             2B
    00000738 00                     920 	.db 0x00
    00000739                        921 __str_53:
    00000739 23 23 23 23 2E 2E 2E   922 	.ascii "####...."
             2E
    00000741 00                     923 	.db 0x00
    00000742                        924 __str_54:
    00000742 2A 2A 2A 23 23 2E 2E   925 	.ascii "***##..."
             2E
    0000074A 00                     926 	.db 0x00
    0000074B                        927 __str_55:
    0000074B 2B 23 23 2A 23 23 2E   928 	.ascii "+##*##.."
             2E
    00000753 00                     929 	.db 0x00
    00000754                        930 __str_56:
    00000754 2B 2B 2B 23 2A 23 2E   931 	.ascii "+++#*#.."
             2E
    0000075C 00                     932 	.db 0x00
    0000075D                        933 __str_57:
    0000075D 2B 2B 2B 2B 2A 23 23   934 	.ascii "++++*##."
             2E
    00000765 00                     935 	.db 0x00
    00000766                        936 __str_58:
    00000766 23 2B 2B 2B 2B 2A 23   937 	.ascii "#++++*#."
             2E
    0000076E 00                     938 	.db 0x00
    0000076F                        939 __str_59:
    0000076F 2B 23 2B 2B 2A 23 2E   940 	.ascii "+#++*#.."
             2E
    00000777 00                     941 	.db 0x00
    00000778                        942 __str_60:
    00000778 2E 2E 2E 23 2A 2A 2B   943 	.ascii "...#**+#"
             23
    00000780 00                     944 	.db 0x00
    00000781                        945 __str_61:
    00000781 2E 2E 2E 23 23 2A 2B   946 	.ascii "...##*++"
             2B
    00000789 00                     947 	.db 0x00
    0000078A                        948 __str_62:
    0000078A 2E 2E 23 23 2A 2B 2A   949 	.ascii "..##*+*#"
             23
    00000792 00                     950 	.db 0x00
    00000793                        951 __str_63:
    00000793 2E 2E 23 2A 2B 2B 2A   952 	.ascii "..#*++*#"
             23
    0000079B 00                     953 	.db 0x00
    0000079C                        954 __str_64:
    0000079C 2E 2E 23 2A 2A 23 23   955 	.ascii "..#**##."
             2E
    000007A4 00                     956 	.db 0x00
    000007A5                        957 __str_65:
    000007A5 23 2B 2A 2A 23 2E 2E   958 	.ascii "#+**#..."
             2E
    000007AD 00                     959 	.db 0x00
    000007AE                        960 __str_66:
    000007AE 2B 2B 2B 2A 23 23 2E   961 	.ascii "+++*##.."
             2E
    000007B6 00                     962 	.db 0x00
    000007B7                        963 __str_67:
    000007B7 23 2A 2B 2A 23 23 2E   964 	.ascii "#*+*##.."
             2E
    000007BF 00                     965 	.db 0x00
    000007C0                        966 __str_68:
    000007C0 23 2A 2B 2B 2A 23 2E   967 	.ascii "#*++*#.."
             2E
    000007C8 00                     968 	.db 0x00
    000007C9                        969 __str_69:
    000007C9 2E 23 23 2A 2A 23 2E   970 	.ascii ".##**#.."
             2E
    000007D1 00                     971 	.db 0x00
    000007D2                        972 __str_70:
    000007D2 2E 23 23 2A 2B 2B 23   973 	.ascii ".##*++##"
             23
    000007DA 00                     974 	.db 0x00
    000007DB                        975 __str_71:
    000007DB 2E 23 2A 2A 23 23 2E   976 	.ascii ".#**##.."
             2E
    000007E3 00                     977 	.db 0x00
    000007E4                        978 __str_72:
    000007E4 23 2A 2B 2B 23 23 2E   979 	.ascii "#*++##.."
             2E
    000007EC 00                     980 	.db 0x00
    000007ED                        981 __str_73:
    000007ED 2E 2E 23 2B 2B 2A 23   982 	.ascii "..#++*#."
             2E
    000007F5 00                     983 	.db 0x00
    000007F6                        984 __str_74:
    000007F6 2E 2E 23 23 2A 2A 23   985 	.ascii "..##**#."
             2E
    000007FE 00                     986 	.db 0x00
    000007FF                        987 __str_75:
    000007FF 2E 2E 2E 2E 23 23 2E   988 	.ascii "....##.."
             2E
    00000807 00                     989 	.db 0x00
    00000808                        990 __str_76:
    00000808 2E 2E 2E 23 23 2A 2A   991 	.ascii "...##***"
             2A
    00000810 00                     992 	.db 0x00
    00000811                        993 __str_77:
    00000811 2E 2E 2E 23 2A 2A 23   994 	.ascii "...#**##"
             23
    00000819 00                     995 	.db 0x00
    0000081A                        996 __str_78:
    0000081A 2E 2E 23 23 2A 2A 2B   997 	.ascii "..##**++"
             2B
    00000822 00                     998 	.db 0x00
    00000823                        999 __str_79:
    00000823 2E 2E 23 2A 2A 2B 2B  1000 	.ascii "..#**+++"
             2B
    0000082B 00                    1001 	.db 0x00
    0000082C                       1002 __str_80:
    0000082C 2E 2E 23 2A 2A 2B 2B  1003 	.ascii "..#**++*"
             2A
    00000834 00                    1004 	.db 0x00
    00000835                       1005 __str_81:
    00000835 2A 2A 2A 2A 23 23 2E  1006 	.ascii "****##.."
             2E
    0000083D 00                    1007 	.db 0x00
    0000083E                       1008 __str_82:
    0000083E 23 23 23 2A 2A 23 2E  1009 	.ascii "###**#.."
             2E
    00000846 00                    1010 	.db 0x00
    00000847                       1011 __str_83:
    00000847 2B 2B 2B 2A 2A 23 23  1012 	.ascii "+++**##."
             2E
    0000084F 00                    1013 	.db 0x00
    00000850                       1014 __str_84:
    00000850 2B 2B 2B 2B 2A 2A 23  1015 	.ascii "++++**#."
             2E
    00000858 00                    1016 	.db 0x00
    00000859                       1017 __str_85:
    00000859 2A 2A 2B 2B 2A 2A 23  1018 	.ascii "**++**#."
             2E
    00000861 00                    1019 	.db 0x00
    00000862                       1020 __str_86:
    00000862 2E 2E 2E 23 2A 2B 2B  1021 	.ascii "...#*++#"
             23
    0000086A 00                    1022 	.db 0x00
    0000086B                       1023 __str_87:
    0000086B 23 2B 2B 2B 2A 23 2E  1024 	.ascii "#+++*#.."
             2E
    00000873 00                    1025 	.db 0x00
    00000874                       1026 __str_88:
    00000874 2E 2E 23 23 2B 2B 2A  1027 	.ascii "..##++*#"
             23
    0000087C 00                    1028 	.db 0x00
    0000087D                       1029 __str_89:
    0000087D 2E 23 2A 2B 2B 23 2E  1030 	.ascii ".#*++#.."
             2E
    00000885 00                    1031 	.db 0x00
    00000886                       1032 __str_90:
    00000886 23 23 2B 2B 2A 23 23  1033 	.ascii "##++*##."
             2E
    0000088E 00                    1034 	.db 0x00
    0000088F                       1035 __str_91:
    0000088F 2E 2E 2E 23 23 2A 2A  1036 	.ascii "...##**#"
             23
    00000897 00                    1037 	.db 0x00
    00000898                       1038 __str_92:
    00000898 2E 2E 2E 23 2A 2A 2B  1039 	.ascii "...#**++"
             2B
    000008A0 00                    1040 	.db 0x00
    000008A1                       1041 __str_93:
    000008A1 2E 2E 23 2A 2B 2B 2B  1042 	.ascii "..#*++++"
             2B
    000008A9 00                    1043 	.db 0x00
    000008AA                       1044 __str_94:
    000008AA 23 23 23 2E 2E 2E 2E  1045 	.ascii "###....."
             2E
    000008B2 00                    1046 	.db 0x00
    000008B3                       1047 __str_95:
    000008B3 2A 2A 23 23 2E 2E 2E  1048 	.ascii "**##...."
             2E
    000008BB 00                    1049 	.db 0x00
    000008BC                       1050 __str_96:
    000008BC 23 2B 2A 23 23 2E 2E  1051 	.ascii "#+*##..."
             2E
    000008C4 00                    1052 	.db 0x00
    000008C5                       1053 __str_97:
    000008C5 2B 2B 2B 2A 23 2E 2E  1054 	.ascii "+++*#..."
             2E
    000008CD 00                    1055 	.db 0x00
    000008CE                       1056 __str_98:
    000008CE 23 23 2B 2B 2A 23 2E  1057 	.ascii "##++*#.."
             2E
    000008D6 00                    1058 	.db 0x00
    000008D7                       1059 __str_99:
    000008D7 2B 2B 2B 2B 23 23 2E  1060 	.ascii "++++##.."
             2E
    000008DF 00                    1061 	.db 0x00
    000008E0                       1062 __str_100:
    000008E0 2E 2E 2E 23 2A 2B 2A  1063 	.ascii "...#*+*#"
             23
    000008E8 00                    1064 	.db 0x00
    000008E9                       1065 __str_101:
    000008E9 23 2B 2A 23 2E 2E 2E  1066 	.ascii "#+*#...."
             2E
    000008F1 00                    1067 	.db 0x00
    000008F2                       1068 __str_102:
    000008F2 2B 2B 2A 23 23 2E 2E  1069 	.ascii "++*##..."
             2E
    000008FA 00                    1070 	.db 0x00
    000008FB                       1071 __str_103:
    000008FB 23 2A 2B 2A 23 2E 2E  1072 	.ascii "#*+*#..."
             2E
    00000903 00                    1073 	.db 0x00
    00000904                       1074 __str_104:
    00000904 23 2A 2B 2B 23 2E 2E  1075 	.ascii "#*++#..."
             2E
    0000090C 00                    1076 	.db 0x00
    0000090D                       1077 __str_105:
    0000090D 2E 23 23 2A 23 2E 2E  1078 	.ascii ".##*#..."
             2E
    00000915 00                    1079 	.db 0x00
    00000916                       1080 __str_106:
    00000916 2E 2E 23 2A 2B 2B 23  1081 	.ascii "..#*++##"
             23
    0000091E 00                    1082 	.db 0x00
    0000091F                       1083 __str_107:
    0000091F 2E 23 23 2E 2E 2E 2E  1084 	.ascii ".##....."
             2E
    00000927 00                    1085 	.db 0x00
    00000928                       1086 __str_108:
    00000928 23 2A 2B 23 23 2E 2E  1087 	.ascii "#*+##..."
             2E
    00000930 00                    1088 	.db 0x00
    00000931                       1089 __str_109:
    00000931 2E 2E 23 2B 2A 23 2E  1090 	.ascii "..#+*#.."
             2E
    00000939 00                    1091 	.db 0x00
    0000093A                       1092 __str_110:
    0000093A 2E 2E 23 23 2A 23 2E  1093 	.ascii "..##*#.."
             2E
    00000942 00                    1094 	.db 0x00
    00000943                       1095 __str_111:
    00000943 2E 2E 2E 23 2A 2A 23  1096 	.ascii "...#**#."
             2E
    0000094B 00                    1097 	.db 0x00
    0000094C                       1098 __str_112:
    0000094C 2E 2E 2E 23 2A 2A 2A  1099 	.ascii "...#***#"
             23
    00000954 00                    1100 	.db 0x00
    00000955                       1101 __str_113:
    00000955 2E 2E 2E 2E 23 2A 2B  1102 	.ascii "....#*++"
             2B
    0000095D 00                    1103 	.db 0x00
    0000095E                       1104 __str_114:
    0000095E 2E 2E 2E 23 23 2B 2B  1105 	.ascii "...##+++"
             2B
    00000966 00                    1106 	.db 0x00
    00000967                       1107 __str_115:
    00000967 2E 2E 23 23 2A 2B 2B  1108 	.ascii "..##*++#"
             23
    0000096F 00                    1109 	.db 0x00
    00000970                       1110 __str_116:
    00000970 2E 23 2A 2A 23 2E 2E  1111 	.ascii ".#**#..."
             2E
    00000978 00                    1112 	.db 0x00
    00000979                       1113 __str_117:
    00000979 23 2A 2A 2A 23 2E 2E  1114 	.ascii "#***#..."
             2E
    00000981 00                    1115 	.db 0x00
    00000982                       1116 __str_118:
    00000982 2B 2B 2A 23 2E 2E 2E  1117 	.ascii "++*#...."
             2E
    0000098A 00                    1118 	.db 0x00
    0000098B                       1119 __str_119:
    0000098B 2B 2B 2B 23 23 2E 2E  1120 	.ascii "+++##..."
             2E
    00000993 00                    1121 	.db 0x00
    00000994                       1122 __str_120:
    00000994 23 2B 2B 2A 23 23 2E  1123 	.ascii "#++*##.."
             2E
    0000099C 00                    1124 	.db 0x00
    0000099D                       1125 __str_121:
    0000099D 2E 2E 2E 23 23 2B 2B  1126 	.ascii "...##++*"
             2A
    000009A5 00                    1127 	.db 0x00
    000009A6                       1128 __str_122:
    000009A6 2E 2E 23 23 2B 2B 2B  1129 	.ascii "..##+++*"
             2A
    000009AE 00                    1130 	.db 0x00
    000009AF                       1131 __str_123:
    000009AF 2E 2E 23 2A 2B 2B 2B  1132 	.ascii "..#*+++*"
             2A
    000009B7 00                    1133 	.db 0x00
    000009B8                       1134 __str_124:
    000009B8 23 2B 2B 2A 23 2E 2E  1135 	.ascii "#++*#..."
             2E
    000009C0 00                    1136 	.db 0x00
    000009C1                       1137 __str_125:
    000009C1 23 23 2B 23 23 2E 2E  1138 	.ascii "##+##..."
             2E
    000009C9 00                    1139 	.db 0x00
    000009CA                       1140 __str_126:
    000009CA 23 23 2B 2B 23 23 2E  1141 	.ascii "##++##.."
             2E
    000009D2 00                    1142 	.db 0x00
    000009D3                       1143 __str_127:
    000009D3 2E 2E 2E 2A 2A 23 2E  1144 	.ascii "...**#.."
             2E
    000009DB 00                    1145 	.db 0x00
    000009DC                       1146 __str_128:
    000009DC 2E 2E 2E 2E 2E 2E 23  1147 	.ascii "......##"
             23
    000009E4 00                    1148 	.db 0x00
    000009E5                       1149 __str_129:
    000009E5 2E 2E 2E 2E 23 23 23  1150 	.ascii "....###*"
             2A
    000009ED 00                    1151 	.db 0x00
    000009EE                       1152 __str_130:
    000009EE 2E 2E 23 2A 2A 2B 23  1153 	.ascii "..#**+##"
             23
    000009F6 00                    1154 	.db 0x00
    000009F7                       1155 __str_131:
    000009F7 23 23 2E 2E 2E 2E 2E  1156 	.ascii "##......"
             2E
    000009FF 00                    1157 	.db 0x00
    00000A00                       1158 __str_132:
    00000A00 2A 23 23 2E 2E 2E 2E  1159 	.ascii "*##....."
             2E
    00000A08 00                    1160 	.db 0x00
    00000A09                       1161 __str_133:
    00000A09 2B 2B 23 23 2E 2E 2E  1162 	.ascii "++##...."
             2E
    00000A11 00                    1163 	.db 0x00
    00000A12                       1164 __str_134:
    00000A12 23 23 2B 2A 23 23 2E  1165 	.ascii "##+*##.."
             2E
    00000A1A 00                    1166 	.db 0x00
    00000A1B                       1167 __str_135:
    00000A1B 2B 2B 2B 2A 2A 23 2E  1168 	.ascii "+++**#.."
             2E
    00000A23 00                    1169 	.db 0x00
    00000A24                       1170 __str_136:
    00000A24 2E 2E 23 23 2A 2B 23  1171 	.ascii "..##*+##"
             23
    00000A2C 00                    1172 	.db 0x00
    00000A2D                       1173 __str_137:
    00000A2D 2E 2E 23 23 2B 2A 23  1174 	.ascii "..##+*#."
             2E
    00000A35 00                    1175 	.db 0x00
    00000A36                       1176 __str_138:
    00000A36 2E 2E 2E 23 2A 2A 2E  1177 	.ascii "...#**.."
             2E
    00000A3E 00                    1178 	.db 0x00
    00000A3F                       1179 __str_139:
    00000A3F 23 23 2B 2A 23 2E 2E  1180 	.ascii "##+*#..."
             2E
    00000A47 00                    1181 	.db 0x00
    00000A48                       1182 __str_140:
    00000A48 2E 23 2A 2B 23 23 2E  1183 	.ascii ".#*+##.."
             2E
    00000A50 00                    1184 	.db 0x00
    00000A51                       1185 __str_141:
    00000A51 2E 2E 2A 2A 23 2E 2E  1186 	.ascii "..**#..."
             2E
    00000A59 00                    1187 	.db 0x00
    00000A5A                       1188 __str_142:
    00000A5A 2E 2E 2E 2E 23 23 2A  1189 	.ascii "....##*#"
             23
    00000A62 00                    1190 	.db 0x00
    00000A63                       1191 __str_143:
    00000A63 23 2A 23 23 2E 2E 2E  1192 	.ascii "#*##...."
             2E
    00000A6B 00                    1193 	.db 0x00
    00000A6C                       1194 __str_144:
    00000A6C 2B 2B 2B 2B 2A 23 2E  1195 	.ascii "++++*#.."
             2E
    00000A74 00                    1196 	.db 0x00
    00000A75                       1197 __str_145:
    00000A75 2E 2E 23 2B 2B 2B 2B  1198 	.ascii "..#+++++"
             2B
    00000A7D 00                    1199 	.db 0x00
    00000A7E                       1200 __str_146:
    00000A7E 2E 2E 23 23 2B 2B 2B  1201 	.ascii "..##++++"
             2B
    00000A86 00                    1202 	.db 0x00
    00000A87                       1203 __str_147:
    00000A87 23 23 2B 2B 2B 2B 23  1204 	.ascii "##++++#."
             2E
    00000A8F 00                    1205 	.db 0x00
    00000A90                       1206 __str_148:
    00000A90 23 23 2B 2B 2B 23 23  1207 	.ascii "##+++##."
             2E
    00000A98 00                    1208 	.db 0x00
    00000A99                       1209 __str_149:
    00000A99 2E 2E 2E 23 2A 23 2E  1210 	.ascii "...#*#.."
             2E
    00000AA1 00                    1211 	.db 0x00
    00000AA2                       1212 __str_150:
    00000AA2 2E 2E 2E 2E 23 2E 2E  1213 	.ascii "....#..."
             2E
    00000AAA 00                    1214 	.db 0x00
    00000AAB                       1215 __str_151:
    00000AAB 2E 2E 2E 23 2A 23 23  1216 	.ascii "...#*###"
             23
    00000AB3 00                    1217 	.db 0x00
    00000AB4                       1218 __str_152:
    00000AB4 2E 2E 2E 23 2E 2E 2E  1219 	.ascii "...#...."
             2E
    00000ABC 00                    1220 	.db 0x00
    00000ABD                       1221 __str_153:
    00000ABD 2E 2E 23 2A 23 2E 2E  1222 	.ascii "..#*#..."
             2E
    00000AC5 00                    1223 	.db 0x00
    00000AC6                       1224 __str_154:
    00000AC6 23 23 23 2A 23 2E 2E  1225 	.ascii "###*#..."
             2E
    00000ACE 00                    1226 	.db 0x00
    00000ACF                       1227 __str_155:
    00000ACF 23 2A 2A 23 23 2E 2E  1228 	.ascii "#**##..."
             2E
    00000AD7 00                    1229 	.db 0x00
    00000AD8                       1230 __str_156:
    00000AD8 2E 2E 23 2A 2B 2B 23  1231 	.ascii "..#*++#*"
             2A
    00000AE0 00                    1232 	.db 0x00
    00000AE1                       1233 __str_157:
    00000AE1 2E 23 2B 2B 23 23 2E  1234 	.ascii ".#++##.."
             2E
    00000AE9 00                    1235 	.db 0x00
    00000AEA                       1236 __str_158:
    00000AEA 23 2B 2B 2B 2B 2B 23  1237 	.ascii "#+++++#."
             2E
    00000AF2 00                    1238 	.db 0x00
    00000AF3                       1239 __str_159:
    00000AF3 2E 23 2B 2B 23 2B 2B  1240 	.ascii ".#++#++#"
             23
    00000AFB 00                    1241 	.db 0x00
    00000AFC                       1242 __str_160:
    00000AFC 2E 23 23 2B 2B 23 2E  1243 	.ascii ".##++#.."
             2E
    00000B04 00                    1244 	.db 0x00
    00000B05                       1245 __str_161:
    00000B05 23 2B 2B 23 2B 2B 23  1246 	.ascii "#++#++#."
             2E
    00000B0D 00                    1247 	.db 0x00
    00000B0E                       1248 __str_162:
    00000B0E 23 23 2B 2B 2B 2B 2E  1249 	.ascii "##++++.."
             2E
    00000B16 00                    1250 	.db 0x00
    00000B17                       1251 __str_163:
    00000B17 23 23 2A 2A 2A 2A 23  1252 	.ascii "##****##"
             23
    00000B1F 00                    1253 	.db 0x00
    00000B20                       1254 __str_164:
    00000B20 2E 23 2B 2B 2B 2B 2B  1255 	.ascii ".#+++++#"
             23
    00000B28 00                    1256 	.db 0x00
    00000B29                       1257 __str_165:
    00000B29 23 2B 2B 2B 2B 2B 23  1258 	.ascii "#+++++##"
             23
    00000B31 00                    1259 	.db 0x00
    00000B32                       1260 __str_166:
    00000B32 23 23 2A 2A 2A 2A 2B  1261 	.ascii "##****+#"
             23
    00000B3A 00                    1262 	.db 0x00
    00000B3B                       1263 __str_167:
    00000B3B 2E 23 2B 2B 2B 2B 23  1264 	.ascii ".#++++##"
             23
    00000B43 00                    1265 	.db 0x00
    00000B44                       1266 __str_168:
    00000B44 23 23 2B 2A 2A 2B 23  1267 	.ascii "##+**+##"
             23
    00000B4C 00                    1268 	.db 0x00
                                   1269 ;src/assets.c:868: static void encode_tile(uint8_t *dst, const char *const rows[8]) {
                                   1270 ;	---------------------------------
                                   1271 ; Function encode_tile
                                   1272 ; ---------------------------------
    00000B4D                       1273 _encode_tile:
    00000B4D E8 F4            [16] 1274 	add	sp, #-12
    00000B4F F8 08            [12] 1275 	ldhl	sp,	#8
    00000B51 7B               [ 4] 1276 	ld	a, e
    00000B52 22               [ 8] 1277 	ld	(hl+), a
    00000B53 72               [ 8] 1278 	ld	(hl), d
    00000B54 F8 06            [12] 1279 	ldhl	sp,	#6
    00000B56 79               [ 4] 1280 	ld	a, c
    00000B57 22               [ 8] 1281 	ld	(hl+), a
    00000B58 70               [ 8] 1282 	ld	(hl), b
                                   1283 ;src/assets.c:872: for (y = 0u; y != 8u; ++y) {
    00000B59 F8 0A            [12] 1284 	ldhl	sp,	#10
    00000B5B 36 00            [12] 1285 	ld	(hl), #0x00
    00000B5D                       1286 00105$:
                                   1287 ;src/assets.c:873: uint8_t lo = 0u;
    00000B5D F8 03            [12] 1288 	ldhl	sp,	#3
                                   1289 ;src/assets.c:874: uint8_t hi = 0u;
    00000B5F AF               [ 4] 1290 	xor	a, a
    00000B60 32               [ 8] 1291 	ld	(hl-), a
    00000B61 77               [ 8] 1292 	ld	(hl), a
                                   1293 ;src/assets.c:875: for (x = 0u; x != 8u; ++x) {
    00000B62 F8 0B            [12] 1294 	ldhl	sp,	#11
    00000B64 36 00            [12] 1295 	ld	(hl), #0x00
    00000B66                       1296 00103$:
                                   1297 ;src/assets.c:876: uint8_t shade = shade_bits(rows[y][x]);
    00000B66 F8 0A            [12] 1298 	ldhl	sp,	#10
    00000B68 7E               [ 8] 1299 	ld	a, (hl)
    00000B69 16 00            [ 8] 1300 	ld	d, #0x00
    00000B6B 87               [ 4] 1301 	add	a, a
    00000B6C CB 12            [ 8] 1302 	rl	d
    00000B6E 5F               [ 4] 1303 	ld	e, a
    00000B6F F8 06            [12] 1304 	ldhl	sp,	#6
    00000B71 2A               [ 8] 1305 	ld	a,	(hl+)
    00000B72 66               [ 8] 1306 	ld	h, (hl)
    00000B73 6F               [ 4] 1307 	ld	l, a
    00000B74 19               [ 8] 1308 	add	hl, de
    00000B75 2A               [ 8] 1309 	ld	a, (hl+)
    00000B76 4F               [ 4] 1310 	ld	c, a
    00000B77 46               [ 8] 1311 	ld	b, (hl)
    00000B78 F8 0B            [12] 1312 	ldhl	sp,	#11
    00000B7A 6E               [ 8] 1313 	ld	l, (hl)
    00000B7B 26 00            [ 8] 1314 	ld	h, #0x00
    00000B7D 09               [ 8] 1315 	add	hl, bc
    00000B7E 4D               [ 4] 1316 	ld	c, l
    00000B7F 44               [ 4] 1317 	ld	b, h
    00000B80 0A               [ 8] 1318 	ld	a, (bc)
    00000B81 CDr00r00         [24] 1319 	call	_shade_bits
    00000B84 F8 05            [12] 1320 	ldhl	sp,	#5
    00000B86 77               [ 8] 1321 	ld	(hl), a
                                   1322 ;src/assets.c:877: lo <<= 1;
    00000B87 F8 03            [12] 1323 	ldhl	sp,	#3
    00000B89 CB 26            [16] 1324 	sla	(hl)
                                   1325 ;src/assets.c:878: hi <<= 1;
    00000B8B 2B               [ 8] 1326 	dec	hl
    00000B8C 2A               [ 8] 1327 	ld	a, (hl+)
    00000B8D 23               [ 8] 1328 	inc	hl
    00000B8E 87               [ 4] 1329 	add	a, a
                                   1330 ;src/assets.c:879: lo |= (shade & 1u);
    00000B8F 22               [ 8] 1331 	ld	(hl+), a
    00000B90 3A               [ 8] 1332 	ld	a, (hl-)
    00000B91 2B               [ 8] 1333 	dec	hl
    00000B92 E6 01            [ 8] 1334 	and	a, #0x01
    00000B94 B6               [ 8] 1335 	or	a, (hl)
                                   1336 ;src/assets.c:880: hi |= (shade >> 1);
    00000B95 22               [ 8] 1337 	ld	(hl+), a
    00000B96 23               [ 8] 1338 	inc	hl
    00000B97 7E               [ 8] 1339 	ld	a, (hl)
    00000B98 CB 3F            [ 8] 1340 	srl	a
    00000B9A 32               [ 8] 1341 	ld	(hl-), a
    00000B9B 2A               [ 8] 1342 	ld	a, (hl+)
    00000B9C B6               [ 8] 1343 	or	a, (hl)
    00000B9D F8 02            [12] 1344 	ldhl	sp,	#2
    00000B9F 77               [ 8] 1345 	ld	(hl), a
                                   1346 ;src/assets.c:875: for (x = 0u; x != 8u; ++x) {
    00000BA0 F8 0B            [12] 1347 	ldhl	sp,	#11
    00000BA2 34               [12] 1348 	inc	(hl)
    00000BA3 7E               [ 8] 1349 	ld	a, (hl)
    00000BA4 D6 08            [ 8] 1350 	sub	a, #0x08
    00000BA6 20 BE            [12] 1351 	jr	NZ, 00103$
                                   1352 ;src/assets.c:882: dst[y * 2u] = lo;
    00000BA8 F8 0A            [12] 1353 	ldhl	sp,	#10
    00000BAA 4E               [ 8] 1354 	ld	c, (hl)
    00000BAB AF               [ 4] 1355 	xor	a, a
    00000BAC CB 21            [ 8] 1356 	sla	c
    00000BAE 8F               [ 4] 1357 	adc	a, a
    00000BAF F8 00            [12] 1358 	ldhl	sp,	#0
    00000BB1 71               [ 8] 1359 	ld	(hl), c
    00000BB2 23               [ 8] 1360 	inc	hl
    00000BB3 77               [ 8] 1361 	ld	(hl), a
    00000BB4 F8 08            [12] 1362 	ldhl	sp,#8
    00000BB6 2A               [ 8] 1363 	ld	a, (hl+)
    00000BB7 5F               [ 4] 1364 	ld	e, a
    00000BB8 56               [ 8] 1365 	ld	d, (hl)
    00000BB9 E1               [12] 1366 	pop	hl
    00000BBA E5               [16] 1367 	push	hl
    00000BBB 19               [ 8] 1368 	add	hl, de
    00000BBC E5               [16] 1369 	push	hl
    00000BBD 7D               [ 4] 1370 	ld	a, l
    00000BBE F8 06            [12] 1371 	ldhl	sp,	#6
    00000BC0 77               [ 8] 1372 	ld	(hl), a
    00000BC1 E1               [12] 1373 	pop	hl
    00000BC2 7C               [ 4] 1374 	ld	a, h
    00000BC3 F8 05            [12] 1375 	ldhl	sp,	#5
    00000BC5 32               [ 8] 1376 	ld	(hl-), a
    00000BC6 2A               [ 8] 1377 	ld	a, (hl+)
    00000BC7 5F               [ 4] 1378 	ld	e, a
    00000BC8 3A               [ 8] 1379 	ld	a, (hl-)
    00000BC9 2B               [ 8] 1380 	dec	hl
    00000BCA 57               [ 4] 1381 	ld	d, a
    00000BCB 7E               [ 8] 1382 	ld	a, (hl)
    00000BCC 12               [ 8] 1383 	ld	(de), a
                                   1384 ;src/assets.c:883: dst[y * 2u + 1u] = hi;
    00000BCD D1               [12] 1385 	pop	de
    00000BCE D5               [16] 1386 	push	de
    00000BCF 6B               [ 4] 1387 	ld	l, e
    00000BD0 62               [ 4] 1388 	ld	h, d
    00000BD1 23               [ 8] 1389 	inc	hl
    00000BD2 E5               [16] 1390 	push	hl
    00000BD3 7D               [ 4] 1391 	ld	a, l
    00000BD4 F8 06            [12] 1392 	ldhl	sp,	#6
    00000BD6 77               [ 8] 1393 	ld	(hl), a
    00000BD7 E1               [12] 1394 	pop	hl
    00000BD8 7C               [ 4] 1395 	ld	a, h
    00000BD9 F8 05            [12] 1396 	ldhl	sp,	#5
    00000BDB 32               [ 8] 1397 	ld	(hl-), a
    00000BDC 2A               [ 8] 1398 	ld	a, (hl+)
    00000BDD 5F               [ 4] 1399 	ld	e, a
    00000BDE 56               [ 8] 1400 	ld	d, (hl)
    00000BDF F8 08            [12] 1401 	ldhl	sp,	#8
    00000BE1 2A               [ 8] 1402 	ld	a,	(hl+)
    00000BE2 66               [ 8] 1403 	ld	h, (hl)
    00000BE3 6F               [ 4] 1404 	ld	l, a
    00000BE4 19               [ 8] 1405 	add	hl, de
    00000BE5 33               [ 8] 1406 	inc	sp
    00000BE6 33               [ 8] 1407 	inc	sp
    00000BE7 5D               [ 4] 1408 	ld	e, l
    00000BE8 54               [ 4] 1409 	ld	d, h
    00000BE9 D5               [16] 1410 	push	de
    00000BEA F8 02            [12] 1411 	ldhl	sp,	#2
    00000BEC 7E               [ 8] 1412 	ld	a, (hl)
    00000BED 12               [ 8] 1413 	ld	(de), a
                                   1414 ;src/assets.c:872: for (y = 0u; y != 8u; ++y) {
    00000BEE F8 0A            [12] 1415 	ldhl	sp,	#10
    00000BF0 34               [12] 1416 	inc	(hl)
    00000BF1 7E               [ 8] 1417 	ld	a, (hl)
    00000BF2 D6 08            [ 8] 1418 	sub	a, #0x08
    00000BF4 C2r5Dr0B         [16] 1419 	jp	NZ, 00105$
                                   1420 ;src/assets.c:885: }
    00000BF7 E8 0C            [16] 1421 	add	sp, #12
    00000BF9 C9               [16] 1422 	ret
                                   1423 ;src/assets.c:887: void dt_init_assets(void) BANKED {
                                   1424 ;	---------------------------------
                                   1425 ; Function dt_init_assets
                                   1426 ; ---------------------------------
                         000000FF  1427 	b_dt_init_assets	= 255
    00000BFA                       1428 _dt_init_assets::
                                   1429 ;src/assets.c:890: for (i = 0u; i != BG_TILE_COUNT; ++i) {
    00000BFA 16 00            [ 8] 1430 	ld	d, #0x00
    00000BFC                       1431 00104$:
                                   1432 ;src/assets.c:891: encode_tile(&bg_tiles[i * 16u], bg_patterns[i]);
    00000BFC 6A               [ 4] 1433 	ld	l, d
    00000BFD 26 00            [ 8] 1434 	ld	h, #0x00
    00000BFF 29               [ 8] 1435 	add	hl, hl
    00000C00 29               [ 8] 1436 	add	hl, hl
    00000C01 29               [ 8] 1437 	add	hl, hl
    00000C02 29               [ 8] 1438 	add	hl, hl
    00000C03 01r1Cr00         [12] 1439 	ld	bc, #_bg_patterns
    00000C06 09               [ 8] 1440 	add	hl, bc
    00000C07 4D               [ 4] 1441 	ld	c, l
    00000C08 44               [ 4] 1442 	ld	b, h
    00000C09 6A               [ 4] 1443 	ld	l, d
    00000C0A 26 00            [ 8] 1444 	ld	h, #0x00
    00000C0C 29               [ 8] 1445 	add	hl, hl
    00000C0D 29               [ 8] 1446 	add	hl, hl
    00000C0E 29               [ 8] 1447 	add	hl, hl
    00000C0F 29               [ 8] 1448 	add	hl, hl
    00000C10 7D               [ 4] 1449 	ld	a, l
    00000C11 C6r00            [ 8] 1450 	add	a, #<(_bg_tiles)
    00000C13 5F               [ 4] 1451 	ld	e, a
    00000C14 7C               [ 4] 1452 	ld	a, h
    00000C15 CEs00            [ 8] 1453 	adc	a, #>(_bg_tiles)
    00000C17 D5               [16] 1454 	push	de
    00000C18 57               [ 4] 1455 	ld	d, a
    00000C19 CDr4Dr0B         [24] 1456 	call	_encode_tile
    00000C1C D1               [12] 1457 	pop	de
                                   1458 ;src/assets.c:890: for (i = 0u; i != BG_TILE_COUNT; ++i) {
    00000C1D 14               [ 4] 1459 	inc	d
    00000C1E 7A               [ 4] 1460 	ld	a, d
                                   1461 ;src/assets.c:893: for (i = 0u; i != APARTMENT_DECOR_TILE_COUNT; ++i) {
    00000C1F D6 20            [ 8] 1462 	sub	a, #0x20
    00000C21 20 D9            [12] 1463 	jr	NZ, 00104$
    00000C23 5F               [ 4] 1464 	ld	e, a
    00000C24                       1465 00106$:
                                   1466 ;src/assets.c:894: encode_tile(&apartment_decor_tiles[i * 16u], bg_patterns[apartment_decor_sources[i]]);
    00000C24 21r17r00         [12] 1467 	ld	hl, #_apartment_decor_sources
    00000C27 16 00            [ 8] 1468 	ld	d, #0x00
    00000C29 19               [ 8] 1469 	add	hl, de
    00000C2A 6E               [ 8] 1470 	ld	l, (hl)
    00000C2B 26 00            [ 8] 1471 	ld	h, #0x00
    00000C2D 29               [ 8] 1472 	add	hl, hl
    00000C2E 29               [ 8] 1473 	add	hl, hl
    00000C2F 29               [ 8] 1474 	add	hl, hl
    00000C30 29               [ 8] 1475 	add	hl, hl
    00000C31 01r1Cr00         [12] 1476 	ld	bc, #_bg_patterns
    00000C34 09               [ 8] 1477 	add	hl, bc
    00000C35 4D               [ 4] 1478 	ld	c, l
    00000C36 44               [ 4] 1479 	ld	b, h
    00000C37 6B               [ 4] 1480 	ld	l, e
    00000C38 26 00            [ 8] 1481 	ld	h, #0x00
    00000C3A 29               [ 8] 1482 	add	hl, hl
    00000C3B 29               [ 8] 1483 	add	hl, hl
    00000C3C 29               [ 8] 1484 	add	hl, hl
    00000C3D 29               [ 8] 1485 	add	hl, hl
    00000C3E 7D               [ 4] 1486 	ld	a, l
    00000C3F C6r00            [ 8] 1487 	add	a, #<(_apartment_decor_tiles)
    00000C41 57               [ 4] 1488 	ld	d, a
    00000C42 7C               [ 4] 1489 	ld	a, h
    00000C43 CEs02            [ 8] 1490 	adc	a, #>(_apartment_decor_tiles)
    00000C45 D5               [16] 1491 	push	de
    00000C46 5A               [ 4] 1492 	ld	e, d
    00000C47 57               [ 4] 1493 	ld	d, a
    00000C48 CDr4Dr0B         [24] 1494 	call	_encode_tile
    00000C4B D1               [12] 1495 	pop	de
                                   1496 ;src/assets.c:893: for (i = 0u; i != APARTMENT_DECOR_TILE_COUNT; ++i) {
    00000C4C 1C               [ 4] 1497 	inc	e
    00000C4D 7B               [ 4] 1498 	ld	a, e
                                   1499 ;src/assets.c:896: for (i = 0u; i != SPRITE_TILE_COUNT; ++i) {
    00000C4E D6 05            [ 8] 1500 	sub	a, #0x05
    00000C50 20 D2            [12] 1501 	jr	NZ, 00106$
    00000C52 57               [ 4] 1502 	ld	d, a
    00000C53                       1503 00108$:
                                   1504 ;src/assets.c:897: encode_tile(&sprite_tiles[i * 16u], sprite_patterns[i]);
    00000C53 6A               [ 4] 1505 	ld	l, d
    00000C54 26 00            [ 8] 1506 	ld	h, #0x00
    00000C56 29               [ 8] 1507 	add	hl, hl
    00000C57 29               [ 8] 1508 	add	hl, hl
    00000C58 29               [ 8] 1509 	add	hl, hl
    00000C59 29               [ 8] 1510 	add	hl, hl
    00000C5A 01r1Cr02         [12] 1511 	ld	bc, #_sprite_patterns
    00000C5D 09               [ 8] 1512 	add	hl, bc
    00000C5E 4D               [ 4] 1513 	ld	c, l
    00000C5F 44               [ 4] 1514 	ld	b, h
    00000C60 6A               [ 4] 1515 	ld	l, d
    00000C61 26 00            [ 8] 1516 	ld	h, #0x00
    00000C63 29               [ 8] 1517 	add	hl, hl
    00000C64 29               [ 8] 1518 	add	hl, hl
    00000C65 29               [ 8] 1519 	add	hl, hl
    00000C66 29               [ 8] 1520 	add	hl, hl
    00000C67 7D               [ 4] 1521 	ld	a, l
    00000C68 C6r50            [ 8] 1522 	add	a, #<(_sprite_tiles)
    00000C6A 5F               [ 4] 1523 	ld	e, a
    00000C6B 7C               [ 4] 1524 	ld	a, h
    00000C6C CEs02            [ 8] 1525 	adc	a, #>(_sprite_tiles)
    00000C6E D5               [16] 1526 	push	de
    00000C6F 57               [ 4] 1527 	ld	d, a
    00000C70 CDr4Dr0B         [24] 1528 	call	_encode_tile
    00000C73 D1               [12] 1529 	pop	de
                                   1530 ;src/assets.c:896: for (i = 0u; i != SPRITE_TILE_COUNT; ++i) {
    00000C74 14               [ 4] 1531 	inc	d
    00000C75 7A               [ 4] 1532 	ld	a, d
    00000C76 D6 34            [ 8] 1533 	sub	a, #0x34
    00000C78 20 D9            [12] 1534 	jr	NZ, 00108$
                                   1535 ;src/assets.c:899: }
    00000C7A C9               [16] 1536 	ret
                                   1537 	.area _CODE_255
                                   1538 	.area _INITIALIZER
                                   1539 	.area _CABS (ABS)
