                                      1 ;--------------------------------------------------------
                                      2 ; File Created by SDCC : free open source ISO C Compiler
                                      3 ; Version 4.5.1 #15267 (Linux)
                                      4 ;--------------------------------------------------------
                                      5 	.module soma_ramen
                                      6 	
                                      7 ;--------------------------------------------------------
                                      8 ; Public variables in this module
                                      9 ;--------------------------------------------------------
                                     10 	.globl _soma_ramen_map
                                     11 	.globl _soma_ramen_tiles
                                     12 	.globl _soma_ramen_palettes
                                     13 	.globl b___func_soma_ramen
                                     14 	.globl ___func_soma_ramen
                                     15 ;--------------------------------------------------------
                                     16 ; special function registers
                                     17 ;--------------------------------------------------------
                                     18 	.area _HRAM
                                     19 ;--------------------------------------------------------
                                     20 ; ram data
                                     21 ;--------------------------------------------------------
                                     22 	.area _DATA
                                     23 ;--------------------------------------------------------
                                     24 ; ram data
                                     25 ;--------------------------------------------------------
                                     26 	.area _INITIALIZED
                                     27 ;--------------------------------------------------------
                                     28 ; absolute external ram data
                                     29 ;--------------------------------------------------------
                                     30 	.area _DABS (ABS)
                                     31 ;--------------------------------------------------------
                                     32 ; global & static initialisations
                                     33 ;--------------------------------------------------------
                                     34 	.area _HOME
                                     35 	.area _GSINIT
                                     36 	.area _GSFINAL
                                     37 	.area _GSINIT
                                     38 ;--------------------------------------------------------
                                     39 ; Home
                                     40 ;--------------------------------------------------------
                                     41 	.area _HOME
                                     42 	.area _HOME
                                     43 ;--------------------------------------------------------
                                     44 ; code
                                     45 ;--------------------------------------------------------
                                     46 	.area _CODE_255
                                     47 ;res/soma_ramen.c:10: BANKREF(soma_ramen)
                                     48 ;	---------------------------------
                                     49 ; Function __func_soma_ramen
                                     50 ; ---------------------------------
                         000000FF    51 	b___func_soma_ramen	= 255
    00000000                         52 ___func_soma_ramen::
                                     53 	.local b___func_soma_ramen 
                         000000FF    54 	___bank_soma_ramen = b___func_soma_ramen 
                                     55 	.globl ___bank_soma_ramen 
                                     56 	.area _CODE_255
    00000000                         57 _soma_ramen_palettes:
    00000000 BD 77                   58 	.dw #0x77bd
    00000002 7B 6F                   59 	.dw #0x6f7b
    00000004 8C 31                   60 	.dw #0x318c
    00000006 00 00                   61 	.dw #0x0000
    00000008                         62 _soma_ramen_tiles:
    00000008 FF                      63 	.db #0xff	; 255
    00000009 00                      64 	.db #0x00	; 0
    0000000A FF                      65 	.db #0xff	; 255
    0000000B 00                      66 	.db #0x00	; 0
    0000000C FF                      67 	.db #0xff	; 255
    0000000D 00                      68 	.db #0x00	; 0
    0000000E FF                      69 	.db #0xff	; 255
    0000000F 00                      70 	.db #0x00	; 0
    00000010 FF                      71 	.db #0xff	; 255
    00000011 03                      72 	.db #0x03	; 3
    00000012 FF                      73 	.db #0xff	; 255
    00000013 03                      74 	.db #0x03	; 3
    00000014 FF                      75 	.db #0xff	; 255
    00000015 0F                      76 	.db #0x0f	; 15
    00000016 FF                      77 	.db #0xff	; 255
    00000017 0F                      78 	.db #0x0f	; 15
    00000018 FF                      79 	.db #0xff	; 255
    00000019 00                      80 	.db #0x00	; 0
    0000001A FF                      81 	.db #0xff	; 255
    0000001B 00                      82 	.db #0x00	; 0
    0000001C FF                      83 	.db #0xff	; 255
    0000001D 00                      84 	.db #0x00	; 0
    0000001E FF                      85 	.db #0xff	; 255
    0000001F 00                      86 	.db #0x00	; 0
    00000020 FF                      87 	.db #0xff	; 255
    00000021 FF                      88 	.db #0xff	; 255
    00000022 FF                      89 	.db #0xff	; 255
    00000023 FF                      90 	.db #0xff	; 255
    00000024 FF                      91 	.db #0xff	; 255
    00000025 FF                      92 	.db #0xff	; 255
    00000026 FF                      93 	.db #0xff	; 255
    00000027 FF                      94 	.db #0xff	; 255
    00000028 FF                      95 	.db #0xff	; 255
    00000029 00                      96 	.db #0x00	; 0
    0000002A FF                      97 	.db #0xff	; 255
    0000002B 00                      98 	.db #0x00	; 0
    0000002C FF                      99 	.db #0xff	; 255
    0000002D 00                     100 	.db #0x00	; 0
    0000002E FF                     101 	.db #0xff	; 255
    0000002F 00                     102 	.db #0x00	; 0
    00000030 FF                     103 	.db #0xff	; 255
    00000031 E0                     104 	.db #0xe0	; 224
    00000032 FF                     105 	.db #0xff	; 255
    00000033 E0                     106 	.db #0xe0	; 224
    00000034 FF                     107 	.db #0xff	; 255
    00000035 F8                     108 	.db #0xf8	; 248
    00000036 FF                     109 	.db #0xff	; 255
    00000037 F8                     110 	.db #0xf8	; 248
    00000038 FF                     111 	.db #0xff	; 255
    00000039 0F                     112 	.db #0x0f	; 15
    0000003A FF                     113 	.db #0xff	; 255
    0000003B 0F                     114 	.db #0x0f	; 15
    0000003C FF                     115 	.db #0xff	; 255
    0000003D 0F                     116 	.db #0x0f	; 15
    0000003E FF                     117 	.db #0xff	; 255
    0000003F 0F                     118 	.db #0x0f	; 15
    00000040 FF                     119 	.db #0xff	; 255
    00000041 0F                     120 	.db #0x0f	; 15
    00000042 FF                     121 	.db #0xff	; 255
    00000043 0F                     122 	.db #0x0f	; 15
    00000044 FF                     123 	.db #0xff	; 255
    00000045 0F                     124 	.db #0x0f	; 15
    00000046 FF                     125 	.db #0xff	; 255
    00000047 0F                     126 	.db #0x0f	; 15
    00000048 FF                     127 	.db #0xff	; 255
    00000049 FF                     128 	.db #0xff	; 255
    0000004A FF                     129 	.db #0xff	; 255
    0000004B 80                     130 	.db #0x80	; 128
    0000004C FF                     131 	.db #0xff	; 255
    0000004D 80                     132 	.db #0x80	; 128
    0000004E FF                     133 	.db #0xff	; 255
    0000004F 80                     134 	.db #0x80	; 128
    00000050 FF                     135 	.db #0xff	; 255
    00000051 80                     136 	.db #0x80	; 128
    00000052 FF                     137 	.db #0xff	; 255
    00000053 80                     138 	.db #0x80	; 128
    00000054 FF                     139 	.db #0xff	; 255
    00000055 80                     140 	.db #0x80	; 128
    00000056 FF                     141 	.db #0xff	; 255
    00000057 80                     142 	.db #0x80	; 128
    00000058 FF                     143 	.db #0xff	; 255
    00000059 FF                     144 	.db #0xff	; 255
    0000005A FF                     145 	.db #0xff	; 255
    0000005B 00                     146 	.db #0x00	; 0
    0000005C FF                     147 	.db #0xff	; 255
    0000005D 00                     148 	.db #0x00	; 0
    0000005E FF                     149 	.db #0xff	; 255
    0000005F 00                     150 	.db #0x00	; 0
    00000060 FF                     151 	.db #0xff	; 255
    00000061 00                     152 	.db #0x00	; 0
    00000062 FF                     153 	.db #0xff	; 255
    00000063 00                     154 	.db #0x00	; 0
    00000064 FF                     155 	.db #0xff	; 255
    00000065 00                     156 	.db #0x00	; 0
    00000066 FF                     157 	.db #0xff	; 255
    00000067 00                     158 	.db #0x00	; 0
    00000068 FF                     159 	.db #0xff	; 255
    00000069 FF                     160 	.db #0xff	; 255
    0000006A FF                     161 	.db #0xff	; 255
    0000006B 00                     162 	.db #0x00	; 0
    0000006C FF                     163 	.db #0xff	; 255
    0000006D 01                     164 	.db #0x01	; 1
    0000006E FF                     165 	.db #0xff	; 255
    0000006F 03                     166 	.db #0x03	; 3
    00000070 FF                     167 	.db #0xff	; 255
    00000071 07                     168 	.db #0x07	; 7
    00000072 FE                     169 	.db #0xfe	; 254
    00000073 07                     170 	.db #0x07	; 7
    00000074 FE                     171 	.db #0xfe	; 254
    00000075 0F                     172 	.db #0x0f	; 15
    00000076 FC                     173 	.db #0xfc	; 252
    00000077 0F                     174 	.db #0x0f	; 15
    00000078 FF                     175 	.db #0xff	; 255
    00000079 FF                     176 	.db #0xff	; 255
    0000007A FF                     177 	.db #0xff	; 255
    0000007B FF                     178 	.db #0xff	; 255
    0000007C E0                     179 	.db #0xe0	; 224
    0000007D FF                     180 	.db #0xff	; 255
    0000007E 80                     181 	.db #0x80	; 128
    0000007F FF                     182 	.db #0xff	; 255
    00000080 00                     183 	.db #0x00	; 0
    00000081 FF                     184 	.db #0xff	; 255
    00000082 00                     185 	.db #0x00	; 0
    00000083 FF                     186 	.db #0xff	; 255
    00000084 00                     187 	.db #0x00	; 0
    00000085 FF                     188 	.db #0xff	; 255
    00000086 00                     189 	.db #0x00	; 0
    00000087 FF                     190 	.db #0xff	; 255
    00000088 FF                     191 	.db #0xff	; 255
    00000089 FF                     192 	.db #0xff	; 255
    0000008A FF                     193 	.db #0xff	; 255
    0000008B F8                     194 	.db #0xf8	; 248
    0000008C 3F                     195 	.db #0x3f	; 63
    0000008D FC                     196 	.db #0xfc	; 252
    0000008E 0F                     197 	.db #0x0f	; 15
    0000008F FE                     198 	.db #0xfe	; 254
    00000090 07                     199 	.db #0x07	; 7
    00000091 FF                     200 	.db #0xff	; 255
    00000092 03                     201 	.db #0x03	; 3
    00000093 FF                     202 	.db #0xff	; 255
    00000094 03                     203 	.db #0x03	; 3
    00000095 FF                     204 	.db #0xff	; 255
    00000096 01                     205 	.db #0x01	; 1
    00000097 FF                     206 	.db #0xff	; 255
    00000098 FF                     207 	.db #0xff	; 255
    00000099 FF                     208 	.db #0xff	; 255
    0000009A FF                     209 	.db #0xff	; 255
    0000009B 00                     210 	.db #0x00	; 0
    0000009C FF                     211 	.db #0xff	; 255
    0000009D 00                     212 	.db #0x00	; 0
    0000009E FF                     213 	.db #0xff	; 255
    0000009F 00                     214 	.db #0x00	; 0
    000000A0 FF                     215 	.db #0xff	; 255
    000000A1 00                     216 	.db #0x00	; 0
    000000A2 FF                     217 	.db #0xff	; 255
    000000A3 00                     218 	.db #0x00	; 0
    000000A4 FF                     219 	.db #0xff	; 255
    000000A5 80                     220 	.db #0x80	; 128
    000000A6 FF                     221 	.db #0xff	; 255
    000000A7 80                     222 	.db #0x80	; 128
    000000A8 FF                     223 	.db #0xff	; 255
    000000A9 FF                     224 	.db #0xff	; 255
    000000AA FF                     225 	.db #0xff	; 255
    000000AB 0F                     226 	.db #0x0f	; 15
    000000AC FE                     227 	.db #0xfe	; 254
    000000AD 1F                     228 	.db #0x1f	; 31
    000000AE F8                     229 	.db #0xf8	; 248
    000000AF 3F                     230 	.db #0x3f	; 63
    000000B0 F0                     231 	.db #0xf0	; 240
    000000B1 7F                     232 	.db #0x7f	; 127
    000000B2 E0                     233 	.db #0xe0	; 224
    000000B3 7F                     234 	.db #0x7f	; 127
    000000B4 E0                     235 	.db #0xe0	; 224
    000000B5 FF                     236 	.db #0xff	; 255
    000000B6 C0                     237 	.db #0xc0	; 192
    000000B7 FF                     238 	.db #0xff	; 255
    000000B8 FF                     239 	.db #0xff	; 255
    000000B9 FF                     240 	.db #0xff	; 255
    000000BA FF                     241 	.db #0xff	; 255
    000000BB FF                     242 	.db #0xff	; 255
    000000BC 03                     243 	.db #0x03	; 3
    000000BD FF                     244 	.db #0xff	; 255
    000000BE 00                     245 	.db #0x00	; 0
    000000BF FF                     246 	.db #0xff	; 255
    000000C0 00                     247 	.db #0x00	; 0
    000000C1 FF                     248 	.db #0xff	; 255
    000000C2 00                     249 	.db #0x00	; 0
    000000C3 FF                     250 	.db #0xff	; 255
    000000C4 00                     251 	.db #0x00	; 0
    000000C5 FF                     252 	.db #0xff	; 255
    000000C6 00                     253 	.db #0x00	; 0
    000000C7 FF                     254 	.db #0xff	; 255
    000000C8 FF                     255 	.db #0xff	; 255
    000000C9 FF                     256 	.db #0xff	; 255
    000000CA FF                     257 	.db #0xff	; 255
    000000CB 80                     258 	.db #0x80	; 128
    000000CC FF                     259 	.db #0xff	; 255
    000000CD C0                     260 	.db #0xc0	; 192
    000000CE FF                     261 	.db #0xff	; 255
    000000CF E0                     262 	.db #0xe0	; 224
    000000D0 7F                     263 	.db #0x7f	; 127
    000000D1 F0                     264 	.db #0xf0	; 240
    000000D2 3F                     265 	.db #0x3f	; 63
    000000D3 F0                     266 	.db #0xf0	; 240
    000000D4 3F                     267 	.db #0x3f	; 63
    000000D5 F8                     268 	.db #0xf8	; 248
    000000D6 1F                     269 	.db #0x1f	; 31
    000000D7 F8                     270 	.db #0xf8	; 248
    000000D8 FF                     271 	.db #0xff	; 255
    000000D9 F8                     272 	.db #0xf8	; 248
    000000DA FF                     273 	.db #0xff	; 255
    000000DB F8                     274 	.db #0xf8	; 248
    000000DC FF                     275 	.db #0xff	; 255
    000000DD F8                     276 	.db #0xf8	; 248
    000000DE FF                     277 	.db #0xff	; 255
    000000DF F8                     278 	.db #0xf8	; 248
    000000E0 FF                     279 	.db #0xff	; 255
    000000E1 F8                     280 	.db #0xf8	; 248
    000000E2 FF                     281 	.db #0xff	; 255
    000000E3 F8                     282 	.db #0xf8	; 248
    000000E4 FF                     283 	.db #0xff	; 255
    000000E5 F8                     284 	.db #0xf8	; 248
    000000E6 FF                     285 	.db #0xff	; 255
    000000E7 F8                     286 	.db #0xf8	; 248
    000000E8 FF                     287 	.db #0xff	; 255
    000000E9 80                     288 	.db #0x80	; 128
    000000EA FF                     289 	.db #0xff	; 255
    000000EB 83                     290 	.db #0x83	; 131
    000000EC FF                     291 	.db #0xff	; 255
    000000ED 87                     292 	.db #0x87	; 135
    000000EE FF                     293 	.db #0xff	; 255
    000000EF 87                     294 	.db #0x87	; 135
    000000F0 FF                     295 	.db #0xff	; 255
    000000F1 87                     296 	.db #0x87	; 135
    000000F2 FF                     297 	.db #0xff	; 255
    000000F3 87                     298 	.db #0x87	; 135
    000000F4 FF                     299 	.db #0xff	; 255
    000000F5 87                     300 	.db #0x87	; 135
    000000F6 FF                     301 	.db #0xff	; 255
    000000F7 87                     302 	.db #0x87	; 135
    000000F8 FF                     303 	.db #0xff	; 255
    000000F9 00                     304 	.db #0x00	; 0
    000000FA FF                     305 	.db #0xff	; 255
    000000FB FF                     306 	.db #0xff	; 255
    000000FC FF                     307 	.db #0xff	; 255
    000000FD FF                     308 	.db #0xff	; 255
    000000FE FF                     309 	.db #0xff	; 255
    000000FF FF                     310 	.db #0xff	; 255
    00000100 00                     311 	.db #0x00	; 0
    00000101 FF                     312 	.db #0xff	; 255
    00000102 00                     313 	.db #0x00	; 0
    00000103 FF                     314 	.db #0xff	; 255
    00000104 00                     315 	.db #0x00	; 0
    00000105 FF                     316 	.db #0xff	; 255
    00000106 00                     317 	.db #0x00	; 0
    00000107 FF                     318 	.db #0xff	; 255
    00000108 FC                     319 	.db #0xfc	; 252
    00000109 0F                     320 	.db #0x0f	; 15
    0000010A FC                     321 	.db #0xfc	; 252
    0000010B FF                     322 	.db #0xff	; 255
    0000010C FC                     323 	.db #0xfc	; 252
    0000010D FF                     324 	.db #0xff	; 255
    0000010E FC                     325 	.db #0xfc	; 252
    0000010F FF                     326 	.db #0xff	; 255
    00000110 0C                     327 	.db #0x0c	; 12
    00000111 FF                     328 	.db #0xff	; 255
    00000112 0C                     329 	.db #0x0c	; 12
    00000113 FF                     330 	.db #0xff	; 255
    00000114 0E                     331 	.db #0x0e	; 14
    00000115 FF                     332 	.db #0xff	; 255
    00000116 06                     333 	.db #0x06	; 6
    00000117 FF                     334 	.db #0xff	; 255
    00000118 00                     335 	.db #0x00	; 0
    00000119 FF                     336 	.db #0xff	; 255
    0000011A 00                     337 	.db #0x00	; 0
    0000011B FF                     338 	.db #0xff	; 255
    0000011C 00                     339 	.db #0x00	; 0
    0000011D FF                     340 	.db #0xff	; 255
    0000011E 00                     341 	.db #0x00	; 0
    0000011F FF                     342 	.db #0xff	; 255
    00000120 00                     343 	.db #0x00	; 0
    00000121 FF                     344 	.db #0xff	; 255
    00000122 00                     345 	.db #0x00	; 0
    00000123 FF                     346 	.db #0xff	; 255
    00000124 00                     347 	.db #0x00	; 0
    00000125 FF                     348 	.db #0xff	; 255
    00000126 00                     349 	.db #0x00	; 0
    00000127 FF                     350 	.db #0xff	; 255
    00000128 01                     351 	.db #0x01	; 1
    00000129 FF                     352 	.db #0xff	; 255
    0000012A 01                     353 	.db #0x01	; 1
    0000012B FF                     354 	.db #0xff	; 255
    0000012C 01                     355 	.db #0x01	; 1
    0000012D FF                     356 	.db #0xff	; 255
    0000012E 01                     357 	.db #0x01	; 1
    0000012F FF                     358 	.db #0xff	; 255
    00000130 01                     359 	.db #0x01	; 1
    00000131 FF                     360 	.db #0xff	; 255
    00000132 01                     361 	.db #0x01	; 1
    00000133 FF                     362 	.db #0xff	; 255
    00000134 03                     363 	.db #0x03	; 3
    00000135 FF                     364 	.db #0xff	; 255
    00000136 03                     365 	.db #0x03	; 3
    00000137 FF                     366 	.db #0xff	; 255
    00000138 FF                     367 	.db #0xff	; 255
    00000139 80                     368 	.db #0x80	; 128
    0000013A FF                     369 	.db #0xff	; 255
    0000013B FF                     370 	.db #0xff	; 255
    0000013C FF                     371 	.db #0xff	; 255
    0000013D FF                     372 	.db #0xff	; 255
    0000013E FF                     373 	.db #0xff	; 255
    0000013F FF                     374 	.db #0xff	; 255
    00000140 80                     375 	.db #0x80	; 128
    00000141 FF                     376 	.db #0xff	; 255
    00000142 80                     377 	.db #0x80	; 128
    00000143 FF                     378 	.db #0xff	; 255
    00000144 80                     379 	.db #0x80	; 128
    00000145 FF                     380 	.db #0xff	; 255
    00000146 00                     381 	.db #0x00	; 0
    00000147 FF                     382 	.db #0xff	; 255
    00000148 C0                     383 	.db #0xc0	; 192
    00000149 FF                     384 	.db #0xff	; 255
    0000014A C0                     385 	.db #0xc0	; 192
    0000014B FF                     386 	.db #0xff	; 255
    0000014C C0                     387 	.db #0xc0	; 192
    0000014D FF                     388 	.db #0xff	; 255
    0000014E C0                     389 	.db #0xc0	; 192
    0000014F FF                     390 	.db #0xff	; 255
    00000150 C0                     391 	.db #0xc0	; 192
    00000151 FF                     392 	.db #0xff	; 255
    00000152 C0                     393 	.db #0xc0	; 192
    00000153 FF                     394 	.db #0xff	; 255
    00000154 E0                     395 	.db #0xe0	; 224
    00000155 FF                     396 	.db #0xff	; 255
    00000156 60                     397 	.db #0x60	; 96
    00000157 FF                     398 	.db #0xff	; 255
    00000158 1F                     399 	.db #0x1f	; 31
    00000159 F8                     400 	.db #0xf8	; 248
    0000015A 1F                     401 	.db #0x1f	; 31
    0000015B FF                     402 	.db #0xff	; 255
    0000015C 1F                     403 	.db #0x1f	; 31
    0000015D FF                     404 	.db #0xff	; 255
    0000015E 1F                     405 	.db #0x1f	; 31
    0000015F FF                     406 	.db #0xff	; 255
    00000160 18                     407 	.db #0x18	; 24
    00000161 FF                     408 	.db #0xff	; 255
    00000162 18                     409 	.db #0x18	; 24
    00000163 FF                     410 	.db #0xff	; 255
    00000164 38                     411 	.db #0x38	; 56	'8'
    00000165 FF                     412 	.db #0xff	; 255
    00000166 30                     413 	.db #0x30	; 48	'0'
    00000167 FF                     414 	.db #0xff	; 255
    00000168 FF                     415 	.db #0xff	; 255
    00000169 00                     416 	.db #0x00	; 0
    0000016A FF                     417 	.db #0xff	; 255
    0000016B E0                     418 	.db #0xe0	; 224
    0000016C FF                     419 	.db #0xff	; 255
    0000016D F0                     420 	.db #0xf0	; 240
    0000016E FF                     421 	.db #0xff	; 255
    0000016F F0                     422 	.db #0xf0	; 240
    00000170 7F                     423 	.db #0x7f	; 127
    00000171 F0                     424 	.db #0xf0	; 240
    00000172 7F                     425 	.db #0x7f	; 127
    00000173 F0                     426 	.db #0xf0	; 240
    00000174 7F                     427 	.db #0x7f	; 127
    00000175 F0                     428 	.db #0xf0	; 240
    00000176 7F                     429 	.db #0x7f	; 127
    00000177 F0                     430 	.db #0xf0	; 240
    00000178 FF                     431 	.db #0xff	; 255
    00000179 87                     432 	.db #0x87	; 135
    0000017A FF                     433 	.db #0xff	; 255
    0000017B 87                     434 	.db #0x87	; 135
    0000017C FF                     435 	.db #0xff	; 255
    0000017D 87                     436 	.db #0x87	; 135
    0000017E FF                     437 	.db #0xff	; 255
    0000017F 87                     438 	.db #0x87	; 135
    00000180 FF                     439 	.db #0xff	; 255
    00000181 87                     440 	.db #0x87	; 135
    00000182 FF                     441 	.db #0xff	; 255
    00000183 87                     442 	.db #0x87	; 135
    00000184 FF                     443 	.db #0xff	; 255
    00000185 87                     444 	.db #0x87	; 135
    00000186 FF                     445 	.db #0xff	; 255
    00000187 87                     446 	.db #0x87	; 135
    00000188 07                     447 	.db #0x07	; 7
    00000189 FF                     448 	.db #0xff	; 255
    0000018A 03                     449 	.db #0x03	; 3
    0000018B FF                     450 	.db #0xff	; 255
    0000018C 01                     451 	.db #0x01	; 1
    0000018D FF                     452 	.db #0xff	; 255
    0000018E 00                     453 	.db #0x00	; 0
    0000018F FF                     454 	.db #0xff	; 255
    00000190 00                     455 	.db #0x00	; 0
    00000191 FF                     456 	.db #0xff	; 255
    00000192 00                     457 	.db #0x00	; 0
    00000193 FF                     458 	.db #0xff	; 255
    00000194 00                     459 	.db #0x00	; 0
    00000195 FF                     460 	.db #0xff	; 255
    00000196 00                     461 	.db #0x00	; 0
    00000197 FF                     462 	.db #0xff	; 255
    00000198 00                     463 	.db #0x00	; 0
    00000199 FF                     464 	.db #0xff	; 255
    0000019A 80                     465 	.db #0x80	; 128
    0000019B FF                     466 	.db #0xff	; 255
    0000019C E0                     467 	.db #0xe0	; 224
    0000019D FF                     468 	.db #0xff	; 255
    0000019E FF                     469 	.db #0xff	; 255
    0000019F FF                     470 	.db #0xff	; 255
    000001A0 3F                     471 	.db #0x3f	; 63
    000001A1 FF                     472 	.db #0xff	; 255
    000001A2 07                     473 	.db #0x07	; 7
    000001A3 FF                     474 	.db #0xff	; 255
    000001A4 00                     475 	.db #0x00	; 0
    000001A5 FF                     476 	.db #0xff	; 255
    000001A6 00                     477 	.db #0x00	; 0
    000001A7 FF                     478 	.db #0xff	; 255
    000001A8 07                     479 	.db #0x07	; 7
    000001A9 FF                     480 	.db #0xff	; 255
    000001AA 0E                     481 	.db #0x0e	; 14
    000001AB FF                     482 	.db #0xff	; 255
    000001AC 3C                     483 	.db #0x3c	; 60
    000001AD FF                     484 	.db #0xff	; 255
    000001AE F8                     485 	.db #0xf8	; 248
    000001AF FF                     486 	.db #0xff	; 255
    000001B0 E0                     487 	.db #0xe0	; 224
    000001B1 FF                     488 	.db #0xff	; 255
    000001B2 00                     489 	.db #0x00	; 0
    000001B3 FF                     490 	.db #0xff	; 255
    000001B4 00                     491 	.db #0x00	; 0
    000001B5 FF                     492 	.db #0xff	; 255
    000001B6 00                     493 	.db #0x00	; 0
    000001B7 FF                     494 	.db #0xff	; 255
    000001B8 70                     495 	.db #0x70	; 112	'p'
    000001B9 FF                     496 	.db #0xff	; 255
    000001BA 38                     497 	.db #0x38	; 56	'8'
    000001BB FF                     498 	.db #0xff	; 255
    000001BC 1E                     499 	.db #0x1e	; 30
    000001BD FF                     500 	.db #0xff	; 255
    000001BE 0F                     501 	.db #0x0f	; 15
    000001BF FF                     502 	.db #0xff	; 255
    000001C0 03                     503 	.db #0x03	; 3
    000001C1 FF                     504 	.db #0xff	; 255
    000001C2 00                     505 	.db #0x00	; 0
    000001C3 FF                     506 	.db #0xff	; 255
    000001C4 00                     507 	.db #0x00	; 0
    000001C5 FF                     508 	.db #0xff	; 255
    000001C6 00                     509 	.db #0x00	; 0
    000001C7 FF                     510 	.db #0xff	; 255
    000001C8 00                     511 	.db #0x00	; 0
    000001C9 FF                     512 	.db #0xff	; 255
    000001CA 00                     513 	.db #0x00	; 0
    000001CB FF                     514 	.db #0xff	; 255
    000001CC 03                     515 	.db #0x03	; 3
    000001CD FF                     516 	.db #0xff	; 255
    000001CE FF                     517 	.db #0xff	; 255
    000001CF FF                     518 	.db #0xff	; 255
    000001D0 FE                     519 	.db #0xfe	; 254
    000001D1 FF                     520 	.db #0xff	; 255
    000001D2 70                     521 	.db #0x70	; 112	'p'
    000001D3 FF                     522 	.db #0xff	; 255
    000001D4 00                     523 	.db #0x00	; 0
    000001D5 FF                     524 	.db #0xff	; 255
    000001D6 00                     525 	.db #0x00	; 0
    000001D7 FF                     526 	.db #0xff	; 255
    000001D8 70                     527 	.db #0x70	; 112	'p'
    000001D9 FF                     528 	.db #0xff	; 255
    000001DA E0                     529 	.db #0xe0	; 224
    000001DB FF                     530 	.db #0xff	; 255
    000001DC C0                     531 	.db #0xc0	; 192
    000001DD FF                     532 	.db #0xff	; 255
    000001DE 80                     533 	.db #0x80	; 128
    000001DF FF                     534 	.db #0xff	; 255
    000001E0 00                     535 	.db #0x00	; 0
    000001E1 FF                     536 	.db #0xff	; 255
    000001E2 00                     537 	.db #0x00	; 0
    000001E3 FF                     538 	.db #0xff	; 255
    000001E4 00                     539 	.db #0x00	; 0
    000001E5 FF                     540 	.db #0xff	; 255
    000001E6 00                     541 	.db #0x00	; 0
    000001E7 FF                     542 	.db #0xff	; 255
    000001E8 7F                     543 	.db #0x7f	; 127
    000001E9 F0                     544 	.db #0xf0	; 240
    000001EA 7F                     545 	.db #0x7f	; 127
    000001EB F0                     546 	.db #0xf0	; 240
    000001EC 7F                     547 	.db #0x7f	; 127
    000001ED F0                     548 	.db #0xf0	; 240
    000001EE 7F                     549 	.db #0x7f	; 127
    000001EF F0                     550 	.db #0xf0	; 240
    000001F0 7F                     551 	.db #0x7f	; 127
    000001F1 F0                     552 	.db #0xf0	; 240
    000001F2 7F                     553 	.db #0x7f	; 127
    000001F3 F0                     554 	.db #0xf0	; 240
    000001F4 7F                     555 	.db #0x7f	; 127
    000001F5 F0                     556 	.db #0xf0	; 240
    000001F6 7F                     557 	.db #0x7f	; 127
    000001F7 F0                     558 	.db #0xf0	; 240
    000001F8 FF                     559 	.db #0xff	; 255
    000001F9 87                     560 	.db #0x87	; 135
    000001FA FF                     561 	.db #0xff	; 255
    000001FB 87                     562 	.db #0x87	; 135
    000001FC FF                     563 	.db #0xff	; 255
    000001FD 87                     564 	.db #0x87	; 135
    000001FE FF                     565 	.db #0xff	; 255
    000001FF 87                     566 	.db #0x87	; 135
    00000200 FF                     567 	.db #0xff	; 255
    00000201 87                     568 	.db #0x87	; 135
    00000202 FF                     569 	.db #0xff	; 255
    00000203 87                     570 	.db #0x87	; 135
    00000204 FC                     571 	.db #0xfc	; 252
    00000205 87                     572 	.db #0x87	; 135
    00000206 FC                     573 	.db #0xfc	; 252
    00000207 83                     574 	.db #0x83	; 131
    00000208 00                     575 	.db #0x00	; 0
    00000209 FF                     576 	.db #0xff	; 255
    0000020A 00                     577 	.db #0x00	; 0
    0000020B FF                     578 	.db #0xff	; 255
    0000020C 00                     579 	.db #0x00	; 0
    0000020D FF                     580 	.db #0xff	; 255
    0000020E 00                     581 	.db #0x00	; 0
    0000020F FF                     582 	.db #0xff	; 255
    00000210 00                     583 	.db #0x00	; 0
    00000211 FF                     584 	.db #0xff	; 255
    00000212 FF                     585 	.db #0xff	; 255
    00000213 FF                     586 	.db #0xff	; 255
    00000214 00                     587 	.db #0x00	; 0
    00000215 FF                     588 	.db #0xff	; 255
    00000216 00                     589 	.db #0x00	; 0
    00000217 FF                     590 	.db #0xff	; 255
    00000218 7F                     591 	.db #0x7f	; 127
    00000219 F0                     592 	.db #0xf0	; 240
    0000021A 7F                     593 	.db #0x7f	; 127
    0000021B F0                     594 	.db #0xf0	; 240
    0000021C 7F                     595 	.db #0x7f	; 127
    0000021D F0                     596 	.db #0xf0	; 240
    0000021E 7F                     597 	.db #0x7f	; 127
    0000021F F0                     598 	.db #0xf0	; 240
    00000220 7F                     599 	.db #0x7f	; 127
    00000221 F0                     600 	.db #0xf0	; 240
    00000222 FF                     601 	.db #0xff	; 255
    00000223 F0                     602 	.db #0xf0	; 240
    00000224 1F                     603 	.db #0x1f	; 31
    00000225 F0                     604 	.db #0xf0	; 240
    00000226 1F                     605 	.db #0x1f	; 31
    00000227 E0                     606 	.db #0xe0	; 224
    00000228 FC                     607 	.db #0xfc	; 252
    00000229 83                     608 	.db #0x83	; 131
    0000022A FC                     609 	.db #0xfc	; 252
    0000022B 83                     610 	.db #0x83	; 131
    0000022C FC                     611 	.db #0xfc	; 252
    0000022D 83                     612 	.db #0x83	; 131
    0000022E FF                     613 	.db #0xff	; 255
    0000022F 80                     614 	.db #0x80	; 128
    00000230 FF                     615 	.db #0xff	; 255
    00000231 80                     616 	.db #0x80	; 128
    00000232 FF                     617 	.db #0xff	; 255
    00000233 80                     618 	.db #0x80	; 128
    00000234 FF                     619 	.db #0xff	; 255
    00000235 80                     620 	.db #0x80	; 128
    00000236 FF                     621 	.db #0xff	; 255
    00000237 80                     622 	.db #0x80	; 128
    00000238 00                     623 	.db #0x00	; 0
    00000239 FF                     624 	.db #0xff	; 255
    0000023A 00                     625 	.db #0x00	; 0
    0000023B FF                     626 	.db #0xff	; 255
    0000023C 00                     627 	.db #0x00	; 0
    0000023D FF                     628 	.db #0xff	; 255
    0000023E FF                     629 	.db #0xff	; 255
    0000023F 00                     630 	.db #0x00	; 0
    00000240 FF                     631 	.db #0xff	; 255
    00000241 00                     632 	.db #0x00	; 0
    00000242 FF                     633 	.db #0xff	; 255
    00000243 00                     634 	.db #0x00	; 0
    00000244 FF                     635 	.db #0xff	; 255
    00000245 00                     636 	.db #0x00	; 0
    00000246 FF                     637 	.db #0xff	; 255
    00000247 00                     638 	.db #0x00	; 0
    00000248 1F                     639 	.db #0x1f	; 31
    00000249 E0                     640 	.db #0xe0	; 224
    0000024A 1F                     641 	.db #0x1f	; 31
    0000024B E0                     642 	.db #0xe0	; 224
    0000024C 1F                     643 	.db #0x1f	; 31
    0000024D E0                     644 	.db #0xe0	; 224
    0000024E FF                     645 	.db #0xff	; 255
    0000024F 00                     646 	.db #0x00	; 0
    00000250 FF                     647 	.db #0xff	; 255
    00000251 00                     648 	.db #0x00	; 0
    00000252 FF                     649 	.db #0xff	; 255
    00000253 00                     650 	.db #0x00	; 0
    00000254 FF                     651 	.db #0xff	; 255
    00000255 00                     652 	.db #0x00	; 0
    00000256 FF                     653 	.db #0xff	; 255
    00000257 00                     654 	.db #0x00	; 0
    00000258 FF                     655 	.db #0xff	; 255
    00000259 80                     656 	.db #0x80	; 128
    0000025A FF                     657 	.db #0xff	; 255
    0000025B 80                     658 	.db #0x80	; 128
    0000025C FF                     659 	.db #0xff	; 255
    0000025D 80                     660 	.db #0x80	; 128
    0000025E FF                     661 	.db #0xff	; 255
    0000025F 80                     662 	.db #0x80	; 128
    00000260 FF                     663 	.db #0xff	; 255
    00000261 80                     664 	.db #0x80	; 128
    00000262 FF                     665 	.db #0xff	; 255
    00000263 80                     666 	.db #0x80	; 128
    00000264 FF                     667 	.db #0xff	; 255
    00000265 80                     668 	.db #0x80	; 128
    00000266 FF                     669 	.db #0xff	; 255
    00000267 80                     670 	.db #0x80	; 128
    00000268 FF                     671 	.db #0xff	; 255
    00000269 00                     672 	.db #0x00	; 0
    0000026A FF                     673 	.db #0xff	; 255
    0000026B 00                     674 	.db #0x00	; 0
    0000026C FF                     675 	.db #0xff	; 255
    0000026D 00                     676 	.db #0x00	; 0
    0000026E FF                     677 	.db #0xff	; 255
    0000026F 00                     678 	.db #0x00	; 0
    00000270 FF                     679 	.db #0xff	; 255
    00000271 00                     680 	.db #0x00	; 0
    00000272 FF                     681 	.db #0xff	; 255
    00000273 01                     682 	.db #0x01	; 1
    00000274 FF                     683 	.db #0xff	; 255
    00000275 01                     684 	.db #0x01	; 1
    00000276 FF                     685 	.db #0xff	; 255
    00000277 01                     686 	.db #0x01	; 1
    00000278 FF                     687 	.db #0xff	; 255
    00000279 00                     688 	.db #0x00	; 0
    0000027A FF                     689 	.db #0xff	; 255
    0000027B 00                     690 	.db #0x00	; 0
    0000027C FF                     691 	.db #0xff	; 255
    0000027D 00                     692 	.db #0x00	; 0
    0000027E FF                     693 	.db #0xff	; 255
    0000027F 00                     694 	.db #0x00	; 0
    00000280 FF                     695 	.db #0xff	; 255
    00000281 FF                     696 	.db #0xff	; 255
    00000282 FF                     697 	.db #0xff	; 255
    00000283 FF                     698 	.db #0xff	; 255
    00000284 FF                     699 	.db #0xff	; 255
    00000285 FF                     700 	.db #0xff	; 255
    00000286 C0                     701 	.db #0xc0	; 192
    00000287 C0                     702 	.db #0xc0	; 192
    00000288 FF                     703 	.db #0xff	; 255
    00000289 00                     704 	.db #0x00	; 0
    0000028A FF                     705 	.db #0xff	; 255
    0000028B 00                     706 	.db #0x00	; 0
    0000028C FF                     707 	.db #0xff	; 255
    0000028D 00                     708 	.db #0x00	; 0
    0000028E FF                     709 	.db #0xff	; 255
    0000028F 00                     710 	.db #0x00	; 0
    00000290 FF                     711 	.db #0xff	; 255
    00000291 E0                     712 	.db #0xe0	; 224
    00000292 FF                     713 	.db #0xff	; 255
    00000293 F0                     714 	.db #0xf0	; 240
    00000294 FF                     715 	.db #0xff	; 255
    00000295 F0                     716 	.db #0xf0	; 240
    00000296 7F                     717 	.db #0x7f	; 127
    00000297 70                     718 	.db #0x70	; 112	'p'
    00000298 FF                     719 	.db #0xff	; 255
    00000299 00                     720 	.db #0x00	; 0
    0000029A FF                     721 	.db #0xff	; 255
    0000029B 00                     722 	.db #0x00	; 0
    0000029C FF                     723 	.db #0xff	; 255
    0000029D 00                     724 	.db #0x00	; 0
    0000029E FF                     725 	.db #0xff	; 255
    0000029F 00                     726 	.db #0x00	; 0
    000002A0 FF                     727 	.db #0xff	; 255
    000002A1 00                     728 	.db #0x00	; 0
    000002A2 FF                     729 	.db #0xff	; 255
    000002A3 00                     730 	.db #0x00	; 0
    000002A4 FF                     731 	.db #0xff	; 255
    000002A5 00                     732 	.db #0x00	; 0
    000002A6 FF                     733 	.db #0xff	; 255
    000002A7 00                     734 	.db #0x00	; 0
    000002A8 FF                     735 	.db #0xff	; 255
    000002A9 00                     736 	.db #0x00	; 0
    000002AA FF                     737 	.db #0xff	; 255
    000002AB 00                     738 	.db #0x00	; 0
    000002AC FF                     739 	.db #0xff	; 255
    000002AD 00                     740 	.db #0x00	; 0
    000002AE FF                     741 	.db #0xff	; 255
    000002AF 00                     742 	.db #0x00	; 0
    000002B0 FF                     743 	.db #0xff	; 255
    000002B1 03                     744 	.db #0x03	; 3
    000002B2 FF                     745 	.db #0xff	; 255
    000002B3 07                     746 	.db #0x07	; 7
    000002B4 FF                     747 	.db #0xff	; 255
    000002B5 07                     748 	.db #0x07	; 7
    000002B6 FF                     749 	.db #0xff	; 255
    000002B7 07                     750 	.db #0x07	; 7
    000002B8 FF                     751 	.db #0xff	; 255
    000002B9 00                     752 	.db #0x00	; 0
    000002BA FF                     753 	.db #0xff	; 255
    000002BB 00                     754 	.db #0x00	; 0
    000002BC FF                     755 	.db #0xff	; 255
    000002BD 00                     756 	.db #0x00	; 0
    000002BE FF                     757 	.db #0xff	; 255
    000002BF 00                     758 	.db #0x00	; 0
    000002C0 FF                     759 	.db #0xff	; 255
    000002C1 FF                     760 	.db #0xff	; 255
    000002C2 FF                     761 	.db #0xff	; 255
    000002C3 FF                     762 	.db #0xff	; 255
    000002C4 FF                     763 	.db #0xff	; 255
    000002C5 FF                     764 	.db #0xff	; 255
    000002C6 01                     765 	.db #0x01	; 1
    000002C7 01                     766 	.db #0x01	; 1
    000002C8 FF                     767 	.db #0xff	; 255
    000002C9 00                     768 	.db #0x00	; 0
    000002CA FF                     769 	.db #0xff	; 255
    000002CB 00                     770 	.db #0x00	; 0
    000002CC FF                     771 	.db #0xff	; 255
    000002CD 00                     772 	.db #0x00	; 0
    000002CE FF                     773 	.db #0xff	; 255
    000002CF 00                     774 	.db #0x00	; 0
    000002D0 FF                     775 	.db #0xff	; 255
    000002D1 80                     776 	.db #0x80	; 128
    000002D2 FF                     777 	.db #0xff	; 255
    000002D3 C0                     778 	.db #0xc0	; 192
    000002D4 FF                     779 	.db #0xff	; 255
    000002D5 C0                     780 	.db #0xc0	; 192
    000002D6 FF                     781 	.db #0xff	; 255
    000002D7 C0                     782 	.db #0xc0	; 192
    000002D8 FF                     783 	.db #0xff	; 255
    000002D9 00                     784 	.db #0x00	; 0
    000002DA FF                     785 	.db #0xff	; 255
    000002DB 00                     786 	.db #0x00	; 0
    000002DC FF                     787 	.db #0xff	; 255
    000002DD 00                     788 	.db #0x00	; 0
    000002DE FF                     789 	.db #0xff	; 255
    000002DF 00                     790 	.db #0x00	; 0
    000002E0 FF                     791 	.db #0xff	; 255
    000002E1 0F                     792 	.db #0x0f	; 15
    000002E2 FF                     793 	.db #0xff	; 255
    000002E3 1F                     794 	.db #0x1f	; 31
    000002E4 FF                     795 	.db #0xff	; 255
    000002E5 1F                     796 	.db #0x1f	; 31
    000002E6 FC                     797 	.db #0xfc	; 252
    000002E7 1C                     798 	.db #0x1c	; 28
    000002E8 FF                     799 	.db #0xff	; 255
    000002E9 00                     800 	.db #0x00	; 0
    000002EA FF                     801 	.db #0xff	; 255
    000002EB 00                     802 	.db #0x00	; 0
    000002EC FF                     803 	.db #0xff	; 255
    000002ED 00                     804 	.db #0x00	; 0
    000002EE FF                     805 	.db #0xff	; 255
    000002EF 00                     806 	.db #0x00	; 0
    000002F0 FF                     807 	.db #0xff	; 255
    000002F1 FE                     808 	.db #0xfe	; 254
    000002F2 FF                     809 	.db #0xff	; 255
    000002F3 FF                     810 	.db #0xff	; 255
    000002F4 FF                     811 	.db #0xff	; 255
    000002F5 FF                     812 	.db #0xff	; 255
    000002F6 07                     813 	.db #0x07	; 7
    000002F7 07                     814 	.db #0x07	; 7
    000002F8 FF                     815 	.db #0xff	; 255
    000002F9 00                     816 	.db #0x00	; 0
    000002FA FF                     817 	.db #0xff	; 255
    000002FB 00                     818 	.db #0x00	; 0
    000002FC FF                     819 	.db #0xff	; 255
    000002FD 00                     820 	.db #0x00	; 0
    000002FE FF                     821 	.db #0xff	; 255
    000002FF 00                     822 	.db #0x00	; 0
    00000300 FF                     823 	.db #0xff	; 255
    00000301 3F                     824 	.db #0x3f	; 63
    00000302 FF                     825 	.db #0xff	; 255
    00000303 7F                     826 	.db #0x7f	; 127
    00000304 FF                     827 	.db #0xff	; 255
    00000305 7F                     828 	.db #0x7f	; 127
    00000306 F0                     829 	.db #0xf0	; 240
    00000307 70                     830 	.db #0x70	; 112	'p'
    00000308 FF                     831 	.db #0xff	; 255
    00000309 00                     832 	.db #0x00	; 0
    0000030A FF                     833 	.db #0xff	; 255
    0000030B 00                     834 	.db #0x00	; 0
    0000030C FF                     835 	.db #0xff	; 255
    0000030D 00                     836 	.db #0x00	; 0
    0000030E FF                     837 	.db #0xff	; 255
    0000030F 00                     838 	.db #0x00	; 0
    00000310 FF                     839 	.db #0xff	; 255
    00000311 F8                     840 	.db #0xf8	; 248
    00000312 FF                     841 	.db #0xff	; 255
    00000313 FC                     842 	.db #0xfc	; 252
    00000314 FF                     843 	.db #0xff	; 255
    00000315 FC                     844 	.db #0xfc	; 252
    00000316 1F                     845 	.db #0x1f	; 31
    00000317 1C                     846 	.db #0x1c	; 28
    00000318 FF                     847 	.db #0xff	; 255
    00000319 01                     848 	.db #0x01	; 1
    0000031A FF                     849 	.db #0xff	; 255
    0000031B 01                     850 	.db #0x01	; 1
    0000031C FF                     851 	.db #0xff	; 255
    0000031D 01                     852 	.db #0x01	; 1
    0000031E FF                     853 	.db #0xff	; 255
    0000031F 01                     854 	.db #0x01	; 1
    00000320 FF                     855 	.db #0xff	; 255
    00000321 01                     856 	.db #0x01	; 1
    00000322 FF                     857 	.db #0xff	; 255
    00000323 01                     858 	.db #0x01	; 1
    00000324 FF                     859 	.db #0xff	; 255
    00000325 01                     860 	.db #0x01	; 1
    00000326 FF                     861 	.db #0xff	; 255
    00000327 01                     862 	.db #0x01	; 1
    00000328 C0                     863 	.db #0xc0	; 192
    00000329 C0                     864 	.db #0xc0	; 192
    0000032A C0                     865 	.db #0xc0	; 192
    0000032B C0                     866 	.db #0xc0	; 192
    0000032C C0                     867 	.db #0xc0	; 192
    0000032D C0                     868 	.db #0xc0	; 192
    0000032E C0                     869 	.db #0xc0	; 192
    0000032F C0                     870 	.db #0xc0	; 192
    00000330 C0                     871 	.db #0xc0	; 192
    00000331 C0                     872 	.db #0xc0	; 192
    00000332 C0                     873 	.db #0xc0	; 192
    00000333 C0                     874 	.db #0xc0	; 192
    00000334 FF                     875 	.db #0xff	; 255
    00000335 FF                     876 	.db #0xff	; 255
    00000336 00                     877 	.db #0x00	; 0
    00000337 FF                     878 	.db #0xff	; 255
    00000338 7F                     879 	.db #0x7f	; 127
    00000339 70                     880 	.db #0x70	; 112	'p'
    0000033A 7F                     881 	.db #0x7f	; 127
    0000033B 70                     882 	.db #0x70	; 112	'p'
    0000033C 7F                     883 	.db #0x7f	; 127
    0000033D 70                     884 	.db #0x70	; 112	'p'
    0000033E 7F                     885 	.db #0x7f	; 127
    0000033F 70                     886 	.db #0x70	; 112	'p'
    00000340 7F                     887 	.db #0x7f	; 127
    00000341 70                     888 	.db #0x70	; 112	'p'
    00000342 7F                     889 	.db #0x7f	; 127
    00000343 70                     890 	.db #0x70	; 112	'p'
    00000344 FF                     891 	.db #0xff	; 255
    00000345 F0                     892 	.db #0xf0	; 240
    00000346 1F                     893 	.db #0x1f	; 31
    00000347 F0                     894 	.db #0xf0	; 240
    00000348 FF                     895 	.db #0xff	; 255
    00000349 07                     896 	.db #0x07	; 7
    0000034A FF                     897 	.db #0xff	; 255
    0000034B 07                     898 	.db #0x07	; 7
    0000034C FF                     899 	.db #0xff	; 255
    0000034D 07                     900 	.db #0x07	; 7
    0000034E FF                     901 	.db #0xff	; 255
    0000034F 07                     902 	.db #0x07	; 7
    00000350 FF                     903 	.db #0xff	; 255
    00000351 07                     904 	.db #0x07	; 7
    00000352 FF                     905 	.db #0xff	; 255
    00000353 07                     906 	.db #0x07	; 7
    00000354 FF                     907 	.db #0xff	; 255
    00000355 07                     908 	.db #0x07	; 7
    00000356 FC                     909 	.db #0xfc	; 252
    00000357 07                     910 	.db #0x07	; 7
    00000358 01                     911 	.db #0x01	; 1
    00000359 01                     912 	.db #0x01	; 1
    0000035A 01                     913 	.db #0x01	; 1
    0000035B 01                     914 	.db #0x01	; 1
    0000035C 01                     915 	.db #0x01	; 1
    0000035D 01                     916 	.db #0x01	; 1
    0000035E 01                     917 	.db #0x01	; 1
    0000035F 01                     918 	.db #0x01	; 1
    00000360 01                     919 	.db #0x01	; 1
    00000361 01                     920 	.db #0x01	; 1
    00000362 01                     921 	.db #0x01	; 1
    00000363 01                     922 	.db #0x01	; 1
    00000364 FF                     923 	.db #0xff	; 255
    00000365 FF                     924 	.db #0xff	; 255
    00000366 00                     925 	.db #0x00	; 0
    00000367 FF                     926 	.db #0xff	; 255
    00000368 FF                     927 	.db #0xff	; 255
    00000369 C0                     928 	.db #0xc0	; 192
    0000036A FF                     929 	.db #0xff	; 255
    0000036B C0                     930 	.db #0xc0	; 192
    0000036C FF                     931 	.db #0xff	; 255
    0000036D C0                     932 	.db #0xc0	; 192
    0000036E FF                     933 	.db #0xff	; 255
    0000036F C0                     934 	.db #0xc0	; 192
    00000370 FF                     935 	.db #0xff	; 255
    00000371 C0                     936 	.db #0xc0	; 192
    00000372 FF                     937 	.db #0xff	; 255
    00000373 C0                     938 	.db #0xc0	; 192
    00000374 FF                     939 	.db #0xff	; 255
    00000375 C0                     940 	.db #0xc0	; 192
    00000376 7F                     941 	.db #0x7f	; 127
    00000377 C0                     942 	.db #0xc0	; 192
    00000378 FC                     943 	.db #0xfc	; 252
    00000379 1C                     944 	.db #0x1c	; 28
    0000037A FC                     945 	.db #0xfc	; 252
    0000037B 1C                     946 	.db #0x1c	; 28
    0000037C FC                     947 	.db #0xfc	; 252
    0000037D 1C                     948 	.db #0x1c	; 28
    0000037E FC                     949 	.db #0xfc	; 252
    0000037F 1C                     950 	.db #0x1c	; 28
    00000380 FC                     951 	.db #0xfc	; 252
    00000381 1C                     952 	.db #0x1c	; 28
    00000382 FC                     953 	.db #0xfc	; 252
    00000383 1C                     954 	.db #0x1c	; 28
    00000384 FF                     955 	.db #0xff	; 255
    00000385 1F                     956 	.db #0x1f	; 31
    00000386 F0                     957 	.db #0xf0	; 240
    00000387 1F                     958 	.db #0x1f	; 31
    00000388 07                     959 	.db #0x07	; 7
    00000389 07                     960 	.db #0x07	; 7
    0000038A 07                     961 	.db #0x07	; 7
    0000038B 07                     962 	.db #0x07	; 7
    0000038C 07                     963 	.db #0x07	; 7
    0000038D 07                     964 	.db #0x07	; 7
    0000038E 07                     965 	.db #0x07	; 7
    0000038F 07                     966 	.db #0x07	; 7
    00000390 07                     967 	.db #0x07	; 7
    00000391 07                     968 	.db #0x07	; 7
    00000392 07                     969 	.db #0x07	; 7
    00000393 07                     970 	.db #0x07	; 7
    00000394 FF                     971 	.db #0xff	; 255
    00000395 FF                     972 	.db #0xff	; 255
    00000396 01                     973 	.db #0x01	; 1
    00000397 FF                     974 	.db #0xff	; 255
    00000398 F0                     975 	.db #0xf0	; 240
    00000399 70                     976 	.db #0x70	; 112	'p'
    0000039A F0                     977 	.db #0xf0	; 240
    0000039B 70                     978 	.db #0x70	; 112	'p'
    0000039C F0                     979 	.db #0xf0	; 240
    0000039D 70                     980 	.db #0x70	; 112	'p'
    0000039E F0                     981 	.db #0xf0	; 240
    0000039F 70                     982 	.db #0x70	; 112	'p'
    000003A0 F0                     983 	.db #0xf0	; 240
    000003A1 70                     984 	.db #0x70	; 112	'p'
    000003A2 F0                     985 	.db #0xf0	; 240
    000003A3 70                     986 	.db #0x70	; 112	'p'
    000003A4 FF                     987 	.db #0xff	; 255
    000003A5 7F                     988 	.db #0x7f	; 127
    000003A6 C0                     989 	.db #0xc0	; 192
    000003A7 7F                     990 	.db #0x7f	; 127
    000003A8 1F                     991 	.db #0x1f	; 31
    000003A9 1C                     992 	.db #0x1c	; 28
    000003AA 1F                     993 	.db #0x1f	; 31
    000003AB 1C                     994 	.db #0x1c	; 28
    000003AC 1F                     995 	.db #0x1f	; 31
    000003AD 1C                     996 	.db #0x1c	; 28
    000003AE 1F                     997 	.db #0x1f	; 31
    000003AF 1C                     998 	.db #0x1c	; 28
    000003B0 1F                     999 	.db #0x1f	; 31
    000003B1 1C                    1000 	.db #0x1c	; 28
    000003B2 1F                    1001 	.db #0x1f	; 31
    000003B3 1C                    1002 	.db #0x1c	; 28
    000003B4 FF                    1003 	.db #0xff	; 255
    000003B5 FC                    1004 	.db #0xfc	; 252
    000003B6 07                    1005 	.db #0x07	; 7
    000003B7 FC                    1006 	.db #0xfc	; 252
    000003B8 FC                    1007 	.db #0xfc	; 252
    000003B9 03                    1008 	.db #0x03	; 3
    000003BA FC                    1009 	.db #0xfc	; 252
    000003BB 03                    1010 	.db #0x03	; 3
    000003BC FC                    1011 	.db #0xfc	; 252
    000003BD 03                    1012 	.db #0x03	; 3
    000003BE FF                    1013 	.db #0xff	; 255
    000003BF 00                    1014 	.db #0x00	; 0
    000003C0 FF                    1015 	.db #0xff	; 255
    000003C1 00                    1016 	.db #0x00	; 0
    000003C2 FF                    1017 	.db #0xff	; 255
    000003C3 00                    1018 	.db #0x00	; 0
    000003C4 FF                    1019 	.db #0xff	; 255
    000003C5 00                    1020 	.db #0x00	; 0
    000003C6 FF                    1021 	.db #0xff	; 255
    000003C7 00                    1022 	.db #0x00	; 0
    000003C8 7F                    1023 	.db #0x7f	; 127
    000003C9 80                    1024 	.db #0x80	; 128
    000003CA 7F                    1025 	.db #0x7f	; 127
    000003CB 80                    1026 	.db #0x80	; 128
    000003CC 7F                    1027 	.db #0x7f	; 127
    000003CD 80                    1028 	.db #0x80	; 128
    000003CE FF                    1029 	.db #0xff	; 255
    000003CF 00                    1030 	.db #0x00	; 0
    000003D0 FF                    1031 	.db #0xff	; 255
    000003D1 00                    1032 	.db #0x00	; 0
    000003D2 FF                    1033 	.db #0xff	; 255
    000003D3 00                    1034 	.db #0x00	; 0
    000003D4 FF                    1035 	.db #0xff	; 255
    000003D5 00                    1036 	.db #0x00	; 0
    000003D6 FF                    1037 	.db #0xff	; 255
    000003D7 00                    1038 	.db #0x00	; 0
    000003D8 F0                    1039 	.db #0xf0	; 240
    000003D9 0F                    1040 	.db #0x0f	; 15
    000003DA F0                    1041 	.db #0xf0	; 240
    000003DB 0F                    1042 	.db #0x0f	; 15
    000003DC F0                    1043 	.db #0xf0	; 240
    000003DD 0F                    1044 	.db #0x0f	; 15
    000003DE FF                    1045 	.db #0xff	; 255
    000003DF 00                    1046 	.db #0x00	; 0
    000003E0 FF                    1047 	.db #0xff	; 255
    000003E1 00                    1048 	.db #0x00	; 0
    000003E2 FF                    1049 	.db #0xff	; 255
    000003E3 00                    1050 	.db #0x00	; 0
    000003E4 FF                    1051 	.db #0xff	; 255
    000003E5 00                    1052 	.db #0x00	; 0
    000003E6 FF                    1053 	.db #0xff	; 255
    000003E7 00                    1054 	.db #0x00	; 0
    000003E8 01                    1055 	.db #0x01	; 1
    000003E9 FE                    1056 	.db #0xfe	; 254
    000003EA 01                    1057 	.db #0x01	; 1
    000003EB FE                    1058 	.db #0xfe	; 254
    000003EC 01                    1059 	.db #0x01	; 1
    000003ED FE                    1060 	.db #0xfe	; 254
    000003EE FF                    1061 	.db #0xff	; 255
    000003EF 00                    1062 	.db #0x00	; 0
    000003F0 FF                    1063 	.db #0xff	; 255
    000003F1 00                    1064 	.db #0x00	; 0
    000003F2 FF                    1065 	.db #0xff	; 255
    000003F3 00                    1066 	.db #0x00	; 0
    000003F4 FF                    1067 	.db #0xff	; 255
    000003F5 00                    1068 	.db #0x00	; 0
    000003F6 FF                    1069 	.db #0xff	; 255
    000003F7 00                    1070 	.db #0x00	; 0
    000003F8 C0                    1071 	.db #0xc0	; 192
    000003F9 3F                    1072 	.db #0x3f	; 63
    000003FA C0                    1073 	.db #0xc0	; 192
    000003FB 3F                    1074 	.db #0x3f	; 63
    000003FC C0                    1075 	.db #0xc0	; 192
    000003FD 3F                    1076 	.db #0x3f	; 63
    000003FE FF                    1077 	.db #0xff	; 255
    000003FF 00                    1078 	.db #0x00	; 0
    00000400 FF                    1079 	.db #0xff	; 255
    00000401 00                    1080 	.db #0x00	; 0
    00000402 FF                    1081 	.db #0xff	; 255
    00000403 00                    1082 	.db #0x00	; 0
    00000404 FF                    1083 	.db #0xff	; 255
    00000405 00                    1084 	.db #0x00	; 0
    00000406 FF                    1085 	.db #0xff	; 255
    00000407 00                    1086 	.db #0x00	; 0
    00000408 07                    1087 	.db #0x07	; 7
    00000409 F8                    1088 	.db #0xf8	; 248
    0000040A 07                    1089 	.db #0x07	; 7
    0000040B F8                    1090 	.db #0xf8	; 248
    0000040C 07                    1091 	.db #0x07	; 7
    0000040D F8                    1092 	.db #0xf8	; 248
    0000040E FF                    1093 	.db #0xff	; 255
    0000040F 00                    1094 	.db #0x00	; 0
    00000410 FF                    1095 	.db #0xff	; 255
    00000411 00                    1096 	.db #0x00	; 0
    00000412 FF                    1097 	.db #0xff	; 255
    00000413 00                    1098 	.db #0x00	; 0
    00000414 FF                    1099 	.db #0xff	; 255
    00000415 00                    1100 	.db #0x00	; 0
    00000416 FF                    1101 	.db #0xff	; 255
    00000417 00                    1102 	.db #0x00	; 0
    00000418 FF                    1103 	.db #0xff	; 255
    00000419 00                    1104 	.db #0x00	; 0
    0000041A FF                    1105 	.db #0xff	; 255
    0000041B 01                    1106 	.db #0x01	; 1
    0000041C FF                    1107 	.db #0xff	; 255
    0000041D 01                    1108 	.db #0x01	; 1
    0000041E FF                    1109 	.db #0xff	; 255
    0000041F 01                    1110 	.db #0x01	; 1
    00000420 FF                    1111 	.db #0xff	; 255
    00000421 01                    1112 	.db #0x01	; 1
    00000422 FF                    1113 	.db #0xff	; 255
    00000423 01                    1114 	.db #0x01	; 1
    00000424 FF                    1115 	.db #0xff	; 255
    00000425 01                    1116 	.db #0x01	; 1
    00000426 FF                    1117 	.db #0xff	; 255
    00000427 01                    1118 	.db #0x01	; 1
    00000428 FF                    1119 	.db #0xff	; 255
    00000429 FF                    1120 	.db #0xff	; 255
    0000042A FF                    1121 	.db #0xff	; 255
    0000042B FF                    1122 	.db #0xff	; 255
    0000042C FF                    1123 	.db #0xff	; 255
    0000042D FF                    1124 	.db #0xff	; 255
    0000042E C0                    1125 	.db #0xc0	; 192
    0000042F FF                    1126 	.db #0xff	; 255
    00000430 C0                    1127 	.db #0xc0	; 192
    00000431 FF                    1128 	.db #0xff	; 255
    00000432 C0                    1129 	.db #0xc0	; 192
    00000433 FF                    1130 	.db #0xff	; 255
    00000434 C0                    1131 	.db #0xc0	; 192
    00000435 FF                    1132 	.db #0xff	; 255
    00000436 C0                    1133 	.db #0xc0	; 192
    00000437 FF                    1134 	.db #0xff	; 255
    00000438 FF                    1135 	.db #0xff	; 255
    00000439 FF                    1136 	.db #0xff	; 255
    0000043A FF                    1137 	.db #0xff	; 255
    0000043B FF                    1138 	.db #0xff	; 255
    0000043C FF                    1139 	.db #0xff	; 255
    0000043D FF                    1140 	.db #0xff	; 255
    0000043E 01                    1141 	.db #0x01	; 1
    0000043F FF                    1142 	.db #0xff	; 255
    00000440 01                    1143 	.db #0x01	; 1
    00000441 FF                    1144 	.db #0xff	; 255
    00000442 01                    1145 	.db #0x01	; 1
    00000443 FF                    1146 	.db #0xff	; 255
    00000444 01                    1147 	.db #0x01	; 1
    00000445 FF                    1148 	.db #0xff	; 255
    00000446 01                    1149 	.db #0x01	; 1
    00000447 FF                    1150 	.db #0xff	; 255
    00000448 FF                    1151 	.db #0xff	; 255
    00000449 80                    1152 	.db #0x80	; 128
    0000044A FF                    1153 	.db #0xff	; 255
    0000044B C0                    1154 	.db #0xc0	; 192
    0000044C FF                    1155 	.db #0xff	; 255
    0000044D C0                    1156 	.db #0xc0	; 192
    0000044E FF                    1157 	.db #0xff	; 255
    0000044F C0                    1158 	.db #0xc0	; 192
    00000450 FF                    1159 	.db #0xff	; 255
    00000451 C0                    1160 	.db #0xc0	; 192
    00000452 FF                    1161 	.db #0xff	; 255
    00000453 C0                    1162 	.db #0xc0	; 192
    00000454 FF                    1163 	.db #0xff	; 255
    00000455 C0                    1164 	.db #0xc0	; 192
    00000456 FF                    1165 	.db #0xff	; 255
    00000457 C0                    1166 	.db #0xc0	; 192
    00000458 C0                    1167 	.db #0xc0	; 192
    00000459 FF                    1168 	.db #0xff	; 255
    0000045A C0                    1169 	.db #0xc0	; 192
    0000045B FF                    1170 	.db #0xff	; 255
    0000045C C0                    1171 	.db #0xc0	; 192
    0000045D FF                    1172 	.db #0xff	; 255
    0000045E C0                    1173 	.db #0xc0	; 192
    0000045F FF                    1174 	.db #0xff	; 255
    00000460 C0                    1175 	.db #0xc0	; 192
    00000461 FF                    1176 	.db #0xff	; 255
    00000462 C0                    1177 	.db #0xc0	; 192
    00000463 FF                    1178 	.db #0xff	; 255
    00000464 C0                    1179 	.db #0xc0	; 192
    00000465 FF                    1180 	.db #0xff	; 255
    00000466 C0                    1181 	.db #0xc0	; 192
    00000467 FF                    1182 	.db #0xff	; 255
    00000468 01                    1183 	.db #0x01	; 1
    00000469 FF                    1184 	.db #0xff	; 255
    0000046A 01                    1185 	.db #0x01	; 1
    0000046B FF                    1186 	.db #0xff	; 255
    0000046C 01                    1187 	.db #0x01	; 1
    0000046D FF                    1188 	.db #0xff	; 255
    0000046E 01                    1189 	.db #0x01	; 1
    0000046F FF                    1190 	.db #0xff	; 255
    00000470 01                    1191 	.db #0x01	; 1
    00000471 FF                    1192 	.db #0xff	; 255
    00000472 01                    1193 	.db #0x01	; 1
    00000473 FF                    1194 	.db #0xff	; 255
    00000474 01                    1195 	.db #0x01	; 1
    00000475 FF                    1196 	.db #0xff	; 255
    00000476 01                    1197 	.db #0x01	; 1
    00000477 FF                    1198 	.db #0xff	; 255
    00000478 FF                    1199 	.db #0xff	; 255
    00000479 C0                    1200 	.db #0xc0	; 192
    0000047A FF                    1201 	.db #0xff	; 255
    0000047B C0                    1202 	.db #0xc0	; 192
    0000047C FF                    1203 	.db #0xff	; 255
    0000047D C0                    1204 	.db #0xc0	; 192
    0000047E FF                    1205 	.db #0xff	; 255
    0000047F C0                    1206 	.db #0xc0	; 192
    00000480 FF                    1207 	.db #0xff	; 255
    00000481 C0                    1208 	.db #0xc0	; 192
    00000482 FF                    1209 	.db #0xff	; 255
    00000483 C0                    1210 	.db #0xc0	; 192
    00000484 FF                    1211 	.db #0xff	; 255
    00000485 C0                    1212 	.db #0xc0	; 192
    00000486 FF                    1213 	.db #0xff	; 255
    00000487 C0                    1214 	.db #0xc0	; 192
    00000488 FF                    1215 	.db #0xff	; 255
    00000489 0F                    1216 	.db #0x0f	; 15
    0000048A FF                    1217 	.db #0xff	; 255
    0000048B 0F                    1218 	.db #0x0f	; 15
    0000048C FF                    1219 	.db #0xff	; 255
    0000048D 0F                    1220 	.db #0x0f	; 15
    0000048E FF                    1221 	.db #0xff	; 255
    0000048F 03                    1222 	.db #0x03	; 3
    00000490 FF                    1223 	.db #0xff	; 255
    00000491 03                    1224 	.db #0x03	; 3
    00000492 FF                    1225 	.db #0xff	; 255
    00000493 00                    1226 	.db #0x00	; 0
    00000494 FF                    1227 	.db #0xff	; 255
    00000495 00                    1228 	.db #0x00	; 0
    00000496 FF                    1229 	.db #0xff	; 255
    00000497 00                    1230 	.db #0x00	; 0
    00000498 FF                    1231 	.db #0xff	; 255
    00000499 FF                    1232 	.db #0xff	; 255
    0000049A FF                    1233 	.db #0xff	; 255
    0000049B FF                    1234 	.db #0xff	; 255
    0000049C FF                    1235 	.db #0xff	; 255
    0000049D FF                    1236 	.db #0xff	; 255
    0000049E FF                    1237 	.db #0xff	; 255
    0000049F FF                    1238 	.db #0xff	; 255
    000004A0 FF                    1239 	.db #0xff	; 255
    000004A1 FF                    1240 	.db #0xff	; 255
    000004A2 FF                    1241 	.db #0xff	; 255
    000004A3 00                    1242 	.db #0x00	; 0
    000004A4 FF                    1243 	.db #0xff	; 255
    000004A5 00                    1244 	.db #0x00	; 0
    000004A6 FF                    1245 	.db #0xff	; 255
    000004A7 00                    1246 	.db #0x00	; 0
    000004A8 FF                    1247 	.db #0xff	; 255
    000004A9 FD                    1248 	.db #0xfd	; 253
    000004AA FF                    1249 	.db #0xff	; 255
    000004AB FD                    1250 	.db #0xfd	; 253
    000004AC FF                    1251 	.db #0xff	; 255
    000004AD FD                    1252 	.db #0xfd	; 253
    000004AE FF                    1253 	.db #0xff	; 255
    000004AF FD                    1254 	.db #0xfd	; 253
    000004B0 FF                    1255 	.db #0xff	; 255
    000004B1 FC                    1256 	.db #0xfc	; 252
    000004B2 FF                    1257 	.db #0xff	; 255
    000004B3 00                    1258 	.db #0x00	; 0
    000004B4 FF                    1259 	.db #0xff	; 255
    000004B5 00                    1260 	.db #0x00	; 0
    000004B6 FF                    1261 	.db #0xff	; 255
    000004B7 00                    1262 	.db #0x00	; 0
    000004B8 C0                    1263 	.db #0xc0	; 192
    000004B9 FF                    1264 	.db #0xff	; 255
    000004BA C0                    1265 	.db #0xc0	; 192
    000004BB FF                    1266 	.db #0xff	; 255
    000004BC FF                    1267 	.db #0xff	; 255
    000004BD FF                    1268 	.db #0xff	; 255
    000004BE FF                    1269 	.db #0xff	; 255
    000004BF FF                    1270 	.db #0xff	; 255
    000004C0 FF                    1271 	.db #0xff	; 255
    000004C1 FF                    1272 	.db #0xff	; 255
    000004C2 FF                    1273 	.db #0xff	; 255
    000004C3 00                    1274 	.db #0x00	; 0
    000004C4 FF                    1275 	.db #0xff	; 255
    000004C5 00                    1276 	.db #0x00	; 0
    000004C6 FF                    1277 	.db #0xff	; 255
    000004C7 00                    1278 	.db #0x00	; 0
    000004C8 01                    1279 	.db #0x01	; 1
    000004C9 FF                    1280 	.db #0xff	; 255
    000004CA 01                    1281 	.db #0x01	; 1
    000004CB FF                    1282 	.db #0xff	; 255
    000004CC FF                    1283 	.db #0xff	; 255
    000004CD FF                    1284 	.db #0xff	; 255
    000004CE FF                    1285 	.db #0xff	; 255
    000004CF FF                    1286 	.db #0xff	; 255
    000004D0 FF                    1287 	.db #0xff	; 255
    000004D1 FF                    1288 	.db #0xff	; 255
    000004D2 FF                    1289 	.db #0xff	; 255
    000004D3 00                    1290 	.db #0x00	; 0
    000004D4 FF                    1291 	.db #0xff	; 255
    000004D5 00                    1292 	.db #0x00	; 0
    000004D6 FF                    1293 	.db #0xff	; 255
    000004D7 00                    1294 	.db #0x00	; 0
    000004D8 FF                    1295 	.db #0xff	; 255
    000004D9 FF                    1296 	.db #0xff	; 255
    000004DA FF                    1297 	.db #0xff	; 255
    000004DB FF                    1298 	.db #0xff	; 255
    000004DC FF                    1299 	.db #0xff	; 255
    000004DD FF                    1300 	.db #0xff	; 255
    000004DE FF                    1301 	.db #0xff	; 255
    000004DF FF                    1302 	.db #0xff	; 255
    000004E0 FF                    1303 	.db #0xff	; 255
    000004E1 BF                    1304 	.db #0xbf	; 191
    000004E2 FF                    1305 	.db #0xff	; 255
    000004E3 00                    1306 	.db #0x00	; 0
    000004E4 FF                    1307 	.db #0xff	; 255
    000004E5 00                    1308 	.db #0x00	; 0
    000004E6 FF                    1309 	.db #0xff	; 255
    000004E7 00                    1310 	.db #0x00	; 0
    000004E8 FF                    1311 	.db #0xff	; 255
    000004E9 F8                    1312 	.db #0xf8	; 248
    000004EA FF                    1313 	.db #0xff	; 255
    000004EB F8                    1314 	.db #0xf8	; 248
    000004EC FF                    1315 	.db #0xff	; 255
    000004ED F8                    1316 	.db #0xf8	; 248
    000004EE FF                    1317 	.db #0xff	; 255
    000004EF E0                    1318 	.db #0xe0	; 224
    000004F0 FF                    1319 	.db #0xff	; 255
    000004F1 E0                    1320 	.db #0xe0	; 224
    000004F2 FF                    1321 	.db #0xff	; 255
    000004F3 00                    1322 	.db #0x00	; 0
    000004F4 FF                    1323 	.db #0xff	; 255
    000004F5 00                    1324 	.db #0x00	; 0
    000004F6 FF                    1325 	.db #0xff	; 255
    000004F7 00                    1326 	.db #0x00	; 0
    000004F8                       1327 _soma_ramen_map:
    000004F8 00                    1328 	.db #0x00	; 0
    000004F9 01                    1329 	.db #0x01	; 1
    000004FA 01                    1330 	.db #0x01	; 1
    000004FB 01                    1331 	.db #0x01	; 1
    000004FC 01                    1332 	.db #0x01	; 1
    000004FD 01                    1333 	.db #0x01	; 1
    000004FE 01                    1334 	.db #0x01	; 1
    000004FF 01                    1335 	.db #0x01	; 1
    00000500 01                    1336 	.db #0x01	; 1
    00000501 01                    1337 	.db #0x01	; 1
    00000502 01                    1338 	.db #0x01	; 1
    00000503 01                    1339 	.db #0x01	; 1
    00000504 01                    1340 	.db #0x01	; 1
    00000505 01                    1341 	.db #0x01	; 1
    00000506 01                    1342 	.db #0x01	; 1
    00000507 01                    1343 	.db #0x01	; 1
    00000508 01                    1344 	.db #0x01	; 1
    00000509 01                    1345 	.db #0x01	; 1
    0000050A 01                    1346 	.db #0x01	; 1
    0000050B 02                    1347 	.db #0x02	; 2
    0000050C 03                    1348 	.db #0x03	; 3
    0000050D 04                    1349 	.db #0x04	; 4
    0000050E 05                    1350 	.db #0x05	; 5
    0000050F 05                    1351 	.db #0x05	; 5
    00000510 05                    1352 	.db #0x05	; 5
    00000511 05                    1353 	.db #0x05	; 5
    00000512 06                    1354 	.db #0x06	; 6
    00000513 07                    1355 	.db #0x07	; 7
    00000514 08                    1356 	.db #0x08	; 8
    00000515 09                    1357 	.db #0x09	; 9
    00000516 05                    1358 	.db #0x05	; 5
    00000517 0A                    1359 	.db #0x0a	; 10
    00000518 0B                    1360 	.db #0x0b	; 11
    00000519 0C                    1361 	.db #0x0c	; 12
    0000051A 05                    1362 	.db #0x05	; 5
    0000051B 05                    1363 	.db #0x05	; 5
    0000051C 05                    1364 	.db #0x05	; 5
    0000051D 05                    1365 	.db #0x05	; 5
    0000051E 05                    1366 	.db #0x05	; 5
    0000051F 0D                    1367 	.db #0x0d	; 13
    00000520 03                    1368 	.db #0x03	; 3
    00000521 0E                    1369 	.db #0x0e	; 14
    00000522 0F                    1370 	.db #0x0f	; 15
    00000523 0F                    1371 	.db #0x0f	; 15
    00000524 0F                    1372 	.db #0x0f	; 15
    00000525 0F                    1373 	.db #0x0f	; 15
    00000526 10                    1374 	.db #0x10	; 16
    00000527 11                    1375 	.db #0x11	; 17
    00000528 12                    1376 	.db #0x12	; 18
    00000529 13                    1377 	.db #0x13	; 19
    0000052A 0F                    1378 	.db #0x0f	; 15
    0000052B 14                    1379 	.db #0x14	; 20
    0000052C 11                    1380 	.db #0x11	; 17
    0000052D 15                    1381 	.db #0x15	; 21
    0000052E 0F                    1382 	.db #0x0f	; 15
    0000052F 0F                    1383 	.db #0x0f	; 15
    00000530 0F                    1384 	.db #0x0f	; 15
    00000531 0F                    1385 	.db #0x0f	; 15
    00000532 16                    1386 	.db #0x16	; 22
    00000533 0D                    1387 	.db #0x0d	; 13
    00000534 03                    1388 	.db #0x03	; 3
    00000535 17                    1389 	.db #0x17	; 23
    00000536 11                    1390 	.db #0x11	; 17
    00000537 11                    1391 	.db #0x11	; 17
    00000538 11                    1392 	.db #0x11	; 17
    00000539 11                    1393 	.db #0x11	; 17
    0000053A 18                    1394 	.db #0x18	; 24
    0000053B 19                    1395 	.db #0x19	; 25
    0000053C 1A                    1396 	.db #0x1a	; 26
    0000053D 11                    1397 	.db #0x11	; 17
    0000053E 11                    1398 	.db #0x11	; 17
    0000053F 1B                    1399 	.db #0x1b	; 27
    00000540 1C                    1400 	.db #0x1c	; 28
    00000541 1D                    1401 	.db #0x1d	; 29
    00000542 11                    1402 	.db #0x11	; 17
    00000543 11                    1403 	.db #0x11	; 17
    00000544 11                    1404 	.db #0x11	; 17
    00000545 11                    1405 	.db #0x11	; 17
    00000546 1E                    1406 	.db #0x1e	; 30
    00000547 0D                    1407 	.db #0x0d	; 13
    00000548 03                    1408 	.db #0x03	; 3
    00000549 1F                    1409 	.db #0x1f	; 31
    0000054A 20                    1410 	.db #0x20	; 32
    0000054B 20                    1411 	.db #0x20	; 32
    0000054C 20                    1412 	.db #0x20	; 32
    0000054D 20                    1413 	.db #0x20	; 32
    0000054E 20                    1414 	.db #0x20	; 32
    0000054F 20                    1415 	.db #0x20	; 32
    00000550 20                    1416 	.db #0x20	; 32
    00000551 20                    1417 	.db #0x20	; 32
    00000552 20                    1418 	.db #0x20	; 32
    00000553 20                    1419 	.db #0x20	; 32
    00000554 20                    1420 	.db #0x20	; 32
    00000555 20                    1421 	.db #0x20	; 32
    00000556 20                    1422 	.db #0x20	; 32
    00000557 20                    1423 	.db #0x20	; 32
    00000558 20                    1424 	.db #0x20	; 32
    00000559 20                    1425 	.db #0x20	; 32
    0000055A 21                    1426 	.db #0x21	; 33
    0000055B 0D                    1427 	.db #0x0d	; 13
    0000055C 03                    1428 	.db #0x03	; 3
    0000055D 22                    1429 	.db #0x22	; 34
    0000055E 23                    1430 	.db #0x23	; 35
    0000055F 23                    1431 	.db #0x23	; 35
    00000560 23                    1432 	.db #0x23	; 35
    00000561 23                    1433 	.db #0x23	; 35
    00000562 23                    1434 	.db #0x23	; 35
    00000563 23                    1435 	.db #0x23	; 35
    00000564 23                    1436 	.db #0x23	; 35
    00000565 23                    1437 	.db #0x23	; 35
    00000566 23                    1438 	.db #0x23	; 35
    00000567 23                    1439 	.db #0x23	; 35
    00000568 23                    1440 	.db #0x23	; 35
    00000569 23                    1441 	.db #0x23	; 35
    0000056A 23                    1442 	.db #0x23	; 35
    0000056B 23                    1443 	.db #0x23	; 35
    0000056C 23                    1444 	.db #0x23	; 35
    0000056D 23                    1445 	.db #0x23	; 35
    0000056E 24                    1446 	.db #0x24	; 36
    0000056F 0D                    1447 	.db #0x0d	; 13
    00000570 03                    1448 	.db #0x03	; 3
    00000571 25                    1449 	.db #0x25	; 37
    00000572 26                    1450 	.db #0x26	; 38
    00000573 27                    1451 	.db #0x27	; 39
    00000574 28                    1452 	.db #0x28	; 40
    00000575 29                    1453 	.db #0x29	; 41
    00000576 2A                    1454 	.db #0x2a	; 42
    00000577 2B                    1455 	.db #0x2b	; 43
    00000578 2C                    1456 	.db #0x2c	; 44
    00000579 29                    1457 	.db #0x29	; 41
    0000057A 2D                    1458 	.db #0x2d	; 45
    0000057B 2E                    1459 	.db #0x2e	; 46
    0000057C 29                    1460 	.db #0x29	; 41
    0000057D 29                    1461 	.db #0x29	; 41
    0000057E 2F                    1462 	.db #0x2f	; 47
    0000057F 30                    1463 	.db #0x30	; 48	'0'
    00000580 29                    1464 	.db #0x29	; 41
    00000581 29                    1465 	.db #0x29	; 41
    00000582 29                    1466 	.db #0x29	; 41
    00000583 0D                    1467 	.db #0x0d	; 13
    00000584 03                    1468 	.db #0x03	; 3
    00000585 25                    1469 	.db #0x25	; 37
    00000586 31                    1470 	.db #0x31	; 49	'1'
    00000587 32                    1471 	.db #0x32	; 50	'2'
    00000588 33                    1472 	.db #0x33	; 51	'3'
    00000589 29                    1473 	.db #0x29	; 41
    0000058A 34                    1474 	.db #0x34	; 52	'4'
    0000058B 35                    1475 	.db #0x35	; 53	'5'
    0000058C 36                    1476 	.db #0x36	; 54	'6'
    0000058D 29                    1477 	.db #0x29	; 41
    0000058E 37                    1478 	.db #0x37	; 55	'7'
    0000058F 38                    1479 	.db #0x38	; 56	'8'
    00000590 29                    1480 	.db #0x29	; 41
    00000591 29                    1481 	.db #0x29	; 41
    00000592 39                    1482 	.db #0x39	; 57	'9'
    00000593 3A                    1483 	.db #0x3a	; 58
    00000594 29                    1484 	.db #0x29	; 41
    00000595 29                    1485 	.db #0x29	; 41
    00000596 29                    1486 	.db #0x29	; 41
    00000597 0D                    1487 	.db #0x0d	; 13
    00000598 03                    1488 	.db #0x03	; 3
    00000599 25                    1489 	.db #0x25	; 37
    0000059A 29                    1490 	.db #0x29	; 41
    0000059B 23                    1491 	.db #0x23	; 35
    0000059C 24                    1492 	.db #0x24	; 36
    0000059D 29                    1493 	.db #0x29	; 41
    0000059E 3B                    1494 	.db #0x3b	; 59
    0000059F 23                    1495 	.db #0x23	; 35
    000005A0 3C                    1496 	.db #0x3c	; 60
    000005A1 29                    1497 	.db #0x29	; 41
    000005A2 3D                    1498 	.db #0x3d	; 61
    000005A3 3E                    1499 	.db #0x3e	; 62
    000005A4 29                    1500 	.db #0x29	; 41
    000005A5 29                    1501 	.db #0x29	; 41
    000005A6 3F                    1502 	.db #0x3f	; 63
    000005A7 40                    1503 	.db #0x40	; 64
    000005A8 29                    1504 	.db #0x29	; 41
    000005A9 29                    1505 	.db #0x29	; 41
    000005AA 29                    1506 	.db #0x29	; 41
    000005AB 0D                    1507 	.db #0x0d	; 13
    000005AC 03                    1508 	.db #0x03	; 3
    000005AD 25                    1509 	.db #0x25	; 37
    000005AE 29                    1510 	.db #0x29	; 41
    000005AF 29                    1511 	.db #0x29	; 41
    000005B0 29                    1512 	.db #0x29	; 41
    000005B1 29                    1513 	.db #0x29	; 41
    000005B2 29                    1514 	.db #0x29	; 41
    000005B3 29                    1515 	.db #0x29	; 41
    000005B4 29                    1516 	.db #0x29	; 41
    000005B5 29                    1517 	.db #0x29	; 41
    000005B6 29                    1518 	.db #0x29	; 41
    000005B7 29                    1519 	.db #0x29	; 41
    000005B8 29                    1520 	.db #0x29	; 41
    000005B9 29                    1521 	.db #0x29	; 41
    000005BA 29                    1522 	.db #0x29	; 41
    000005BB 29                    1523 	.db #0x29	; 41
    000005BC 29                    1524 	.db #0x29	; 41
    000005BD 29                    1525 	.db #0x29	; 41
    000005BE 29                    1526 	.db #0x29	; 41
    000005BF 0D                    1527 	.db #0x0d	; 13
    000005C0 03                    1528 	.db #0x03	; 3
    000005C1 25                    1529 	.db #0x25	; 37
    000005C2 29                    1530 	.db #0x29	; 41
    000005C3 29                    1531 	.db #0x29	; 41
    000005C4 29                    1532 	.db #0x29	; 41
    000005C5 29                    1533 	.db #0x29	; 41
    000005C6 29                    1534 	.db #0x29	; 41
    000005C7 29                    1535 	.db #0x29	; 41
    000005C8 29                    1536 	.db #0x29	; 41
    000005C9 29                    1537 	.db #0x29	; 41
    000005CA 29                    1538 	.db #0x29	; 41
    000005CB 29                    1539 	.db #0x29	; 41
    000005CC 29                    1540 	.db #0x29	; 41
    000005CD 29                    1541 	.db #0x29	; 41
    000005CE 29                    1542 	.db #0x29	; 41
    000005CF 29                    1543 	.db #0x29	; 41
    000005D0 29                    1544 	.db #0x29	; 41
    000005D1 29                    1545 	.db #0x29	; 41
    000005D2 29                    1546 	.db #0x29	; 41
    000005D3 0D                    1547 	.db #0x0d	; 13
    000005D4 03                    1548 	.db #0x03	; 3
    000005D5 25                    1549 	.db #0x25	; 37
    000005D6 29                    1550 	.db #0x29	; 41
    000005D7 29                    1551 	.db #0x29	; 41
    000005D8 29                    1552 	.db #0x29	; 41
    000005D9 29                    1553 	.db #0x29	; 41
    000005DA 29                    1554 	.db #0x29	; 41
    000005DB 29                    1555 	.db #0x29	; 41
    000005DC 29                    1556 	.db #0x29	; 41
    000005DD 29                    1557 	.db #0x29	; 41
    000005DE 29                    1558 	.db #0x29	; 41
    000005DF 29                    1559 	.db #0x29	; 41
    000005E0 29                    1560 	.db #0x29	; 41
    000005E1 29                    1561 	.db #0x29	; 41
    000005E2 29                    1562 	.db #0x29	; 41
    000005E3 29                    1563 	.db #0x29	; 41
    000005E4 29                    1564 	.db #0x29	; 41
    000005E5 29                    1565 	.db #0x29	; 41
    000005E6 29                    1566 	.db #0x29	; 41
    000005E7 0D                    1567 	.db #0x0d	; 13
    000005E8 03                    1568 	.db #0x03	; 3
    000005E9 25                    1569 	.db #0x25	; 37
    000005EA 29                    1570 	.db #0x29	; 41
    000005EB 29                    1571 	.db #0x29	; 41
    000005EC 29                    1572 	.db #0x29	; 41
    000005ED 29                    1573 	.db #0x29	; 41
    000005EE 29                    1574 	.db #0x29	; 41
    000005EF 29                    1575 	.db #0x29	; 41
    000005F0 29                    1576 	.db #0x29	; 41
    000005F1 29                    1577 	.db #0x29	; 41
    000005F2 29                    1578 	.db #0x29	; 41
    000005F3 29                    1579 	.db #0x29	; 41
    000005F4 29                    1580 	.db #0x29	; 41
    000005F5 29                    1581 	.db #0x29	; 41
    000005F6 29                    1582 	.db #0x29	; 41
    000005F7 29                    1583 	.db #0x29	; 41
    000005F8 29                    1584 	.db #0x29	; 41
    000005F9 29                    1585 	.db #0x29	; 41
    000005FA 29                    1586 	.db #0x29	; 41
    000005FB 0D                    1587 	.db #0x0d	; 13
    000005FC 03                    1588 	.db #0x03	; 3
    000005FD 25                    1589 	.db #0x25	; 37
    000005FE 29                    1590 	.db #0x29	; 41
    000005FF 29                    1591 	.db #0x29	; 41
    00000600 29                    1592 	.db #0x29	; 41
    00000601 29                    1593 	.db #0x29	; 41
    00000602 29                    1594 	.db #0x29	; 41
    00000603 29                    1595 	.db #0x29	; 41
    00000604 29                    1596 	.db #0x29	; 41
    00000605 29                    1597 	.db #0x29	; 41
    00000606 29                    1598 	.db #0x29	; 41
    00000607 29                    1599 	.db #0x29	; 41
    00000608 29                    1600 	.db #0x29	; 41
    00000609 29                    1601 	.db #0x29	; 41
    0000060A 29                    1602 	.db #0x29	; 41
    0000060B 29                    1603 	.db #0x29	; 41
    0000060C 29                    1604 	.db #0x29	; 41
    0000060D 29                    1605 	.db #0x29	; 41
    0000060E 29                    1606 	.db #0x29	; 41
    0000060F 0D                    1607 	.db #0x0d	; 13
    00000610 03                    1608 	.db #0x03	; 3
    00000611 25                    1609 	.db #0x25	; 37
    00000612 29                    1610 	.db #0x29	; 41
    00000613 29                    1611 	.db #0x29	; 41
    00000614 29                    1612 	.db #0x29	; 41
    00000615 29                    1613 	.db #0x29	; 41
    00000616 29                    1614 	.db #0x29	; 41
    00000617 29                    1615 	.db #0x29	; 41
    00000618 29                    1616 	.db #0x29	; 41
    00000619 29                    1617 	.db #0x29	; 41
    0000061A 29                    1618 	.db #0x29	; 41
    0000061B 29                    1619 	.db #0x29	; 41
    0000061C 29                    1620 	.db #0x29	; 41
    0000061D 29                    1621 	.db #0x29	; 41
    0000061E 29                    1622 	.db #0x29	; 41
    0000061F 29                    1623 	.db #0x29	; 41
    00000620 29                    1624 	.db #0x29	; 41
    00000621 29                    1625 	.db #0x29	; 41
    00000622 29                    1626 	.db #0x29	; 41
    00000623 0D                    1627 	.db #0x0d	; 13
    00000624 03                    1628 	.db #0x03	; 3
    00000625 25                    1629 	.db #0x25	; 37
    00000626 29                    1630 	.db #0x29	; 41
    00000627 29                    1631 	.db #0x29	; 41
    00000628 29                    1632 	.db #0x29	; 41
    00000629 29                    1633 	.db #0x29	; 41
    0000062A 29                    1634 	.db #0x29	; 41
    0000062B 29                    1635 	.db #0x29	; 41
    0000062C 41                    1636 	.db #0x41	; 65	'A'
    0000062D 42                    1637 	.db #0x42	; 66	'B'
    0000062E 43                    1638 	.db #0x43	; 67	'C'
    0000062F 44                    1639 	.db #0x44	; 68	'D'
    00000630 29                    1640 	.db #0x29	; 41
    00000631 29                    1641 	.db #0x29	; 41
    00000632 29                    1642 	.db #0x29	; 41
    00000633 29                    1643 	.db #0x29	; 41
    00000634 29                    1644 	.db #0x29	; 41
    00000635 29                    1645 	.db #0x29	; 41
    00000636 29                    1646 	.db #0x29	; 41
    00000637 0D                    1647 	.db #0x0d	; 13
    00000638 03                    1648 	.db #0x03	; 3
    00000639 25                    1649 	.db #0x25	; 37
    0000063A 29                    1650 	.db #0x29	; 41
    0000063B 29                    1651 	.db #0x29	; 41
    0000063C 29                    1652 	.db #0x29	; 41
    0000063D 29                    1653 	.db #0x29	; 41
    0000063E 29                    1654 	.db #0x29	; 41
    0000063F 29                    1655 	.db #0x29	; 41
    00000640 31                    1656 	.db #0x31	; 49	'1'
    00000641 45                    1657 	.db #0x45	; 69	'E'
    00000642 46                    1658 	.db #0x46	; 70	'F'
    00000643 47                    1659 	.db #0x47	; 71	'G'
    00000644 29                    1660 	.db #0x29	; 41
    00000645 29                    1661 	.db #0x29	; 41
    00000646 29                    1662 	.db #0x29	; 41
    00000647 29                    1663 	.db #0x29	; 41
    00000648 29                    1664 	.db #0x29	; 41
    00000649 29                    1665 	.db #0x29	; 41
    0000064A 29                    1666 	.db #0x29	; 41
    0000064B 0D                    1667 	.db #0x0d	; 13
    0000064C 48                    1668 	.db #0x48	; 72	'H'
    0000064D 49                    1669 	.db #0x49	; 73	'I'
    0000064E 49                    1670 	.db #0x49	; 73	'I'
    0000064F 49                    1671 	.db #0x49	; 73	'I'
    00000650 49                    1672 	.db #0x49	; 73	'I'
    00000651 49                    1673 	.db #0x49	; 73	'I'
    00000652 49                    1674 	.db #0x49	; 73	'I'
    00000653 49                    1675 	.db #0x49	; 73	'I'
    00000654 4A                    1676 	.db #0x4a	; 74	'J'
    00000655 4B                    1677 	.db #0x4b	; 75	'K'
    00000656 4C                    1678 	.db #0x4c	; 76	'L'
    00000657 4D                    1679 	.db #0x4d	; 77	'M'
    00000658 49                    1680 	.db #0x49	; 73	'I'
    00000659 49                    1681 	.db #0x49	; 73	'I'
    0000065A 49                    1682 	.db #0x49	; 73	'I'
    0000065B 49                    1683 	.db #0x49	; 73	'I'
    0000065C 49                    1684 	.db #0x49	; 73	'I'
    0000065D 49                    1685 	.db #0x49	; 73	'I'
    0000065E 49                    1686 	.db #0x49	; 73	'I'
    0000065F 4E                    1687 	.db #0x4e	; 78	'N'
                                   1688 	.area _INITIALIZER
                                   1689 	.area _CABS (ABS)
