N3GD_START host=0000A07E target=000140FC ppb=512 pages=1
N3GD_BEGIN id=0 kind=cand j=-1 v=0AAC po=72 sl=4294967295 l0=00014110 host=0000A07E tgt=000140FC bank=0 pb=3157 pp=18 phy=404114 shift=4294967295 t=40 ix=DE53 u=00014110 l=00014110
N3GD_BODY id=0 off=000 00000000000000000000000000000000
N3GD_BODY id=0 off=010 00000000000000000000000000000000
N3GD_BODY id=0 off=020 00000000000000000000000000000000
N3GD_BODY id=0 off=030 00000000000000000000000000000000
N3GD_BODY id=0 off=040 00000000000000000000000000000000
N3GD_BODY id=0 off=050 00000000000000000000000000000000
N3GD_BODY id=0 off=060 00000000000000000000000000000000
N3GD_BODY id=0 off=070 00000000000000000000000000000000
N3GD_BODY id=0 off=080 00000000000000000000000000000000
N3GD_BODY id=0 off=090 00000000000000000000000000000000
N3GD_BODY id=0 off=0a0 00000000000000000000000000000000
N3GD_BODY id=0 off=0b0 00000000000000000000000000000000
N3GD_BODY id=0 off=0c0 00000000000000000000000000000000
N3GD_BODY id=0 off=0d0 00000000000000000000000000000000
N3GD_BODY id=0 off=0e0 00000000000000000000000000000000
N3GD_BODY id=0 off=0f0 00000000000000000000000000000000
N3GD_BODY id=0 off=100 00000000000000000000000000000000
N3GD_BODY id=0 off=110 00000000000000000000000000000000
N3GD_BODY id=0 off=120 00000000000000000000000000000000
N3GD_BODY id=0 off=130 00000000000000000000000000000000
N3GD_BODY id=0 off=140 00000000000000000000000000000000
N3GD_BODY id=0 off=150 00000000000000000000000000000000
N3GD_BODY id=0 off=160 00000000000000000000000000000000
N3GD_BODY id=0 off=170 00000000000000000000000000000000
N3GD_BODY id=0 off=180 00000000000000000000000000000000
N3GD_BODY id=0 off=190 00000000000000000000000000000000
N3GD_BODY id=0 off=1a0 00000000000000000000000000000000
N3GD_BODY id=0 off=1b0 00000000000000000000000000000000
N3GD_BODY id=0 off=1c0 00000000000000000000000000000000
N3GD_BODY id=0 off=1d0 00000000000000000000000000000000
N3GD_BODY id=0 off=1e0 00000000000000000000000000000000
N3GD_BODY id=0 off=1f0 00000000000000000000000000000000
N3GD_BODY id=0 off=200 00000000000000000000000000000000
N3GD_BODY id=0 off=210 00000000000000000000000000000000
N3GD_BODY id=0 off=220 00000000000000000000000000000000
N3GD_BODY id=0 off=230 00000000000000000000000000000000
N3GD_BODY id=0 off=240 00000000000000000000000000000000
N3GD_BODY id=0 off=250 00000000000000000000000000000000
N3GD_BODY id=0 off=260 00000000000000000000000000000000
N3GD_BODY id=0 off=270 00000000000000000000000000000000
N3GD_BODY id=0 off=280 00000000000000000000000000000000
N3GD_BODY id=0 off=290 00000000000000000000000000000000
N3GD_BODY id=0 off=2a0 00000000000000000000000000000000
N3GD_BODY id=0 off=2b0 00000000000000000000000000000000
N3GD_BODY id=0 off=2c0 00000000000000000000000000000000
N3GD_BODY id=0 off=2d0 00000000000000000000000000000000
N3GD_BODY id=0 off=2e0 00000000000000000000000000000000
N3GD_BODY id=0 off=2f0 00000000000000000000000000000000
N3GD_BODY id=0 off=300 00000000000000000000000000000000
N3GD_BODY id=0 off=310 00000000000000000000000000000000
N3GD_BODY id=0 off=320 00000000000000000000000000000000
N3GD_BODY id=0 off=330 00000000000000000000000000000000
N3GD_BODY id=0 off=340 00000000000000000000000000000000
N3GD_BODY id=0 off=350 00000000000000000000000000000000
N3GD_BODY id=0 off=360 00000000000000000000000000000000
N3GD_BODY id=0 off=370 00000000000000000000000000000000
N3GD_BODY id=0 off=380 00000000000000000000000000000000
N3GD_BODY id=0 off=390 00000000000000000000000000000000
N3GD_BODY id=0 off=3a0 00000000000000000000000000000000
N3GD_BODY id=0 off=3b0 00000000000000000000000000000000
N3GD_BODY id=0 off=3c0 00000000000000000000000000000000
N3GD_BODY id=0 off=3d0 00000000000000000000000000000000
N3GD_BODY id=0 off=3e0 00000000000000000000000000000000
N3GD_BODY id=0 off=3f0 00000000000000000000000000000000
N3GD_BODY id=0 off=400 00000000000000000000000000000000
N3GD_BODY id=0 off=410 00000000000000000000000000000000
N3GD_BODY id=0 off=420 00000000000000000000000000000000
N3GD_BODY id=0 off=430 00000000000000000000000000000000
N3GD_BODY id=0 off=440 00000000000000000000000000000000
N3GD_BODY id=0 off=450 00000000000000000000000000000000
N3GD_BODY id=0 off=460 00000000000000000000000000000000
N3GD_BODY id=0 off=470 00000000000000000000000000000000
N3GD_BODY id=0 off=480 00000000000000000000000000000000
N3GD_BODY id=0 off=490 00000000000000000000000000000000
N3GD_BODY id=0 off=4a0 00000000000000000000000000000000
N3GD_BODY id=0 off=4b0 00000000000000000000000000000000
N3GD_BODY id=0 off=4c0 00000000000000000000000000000000
N3GD_BODY id=0 off=4d0 00000000000000000000000000000000
N3GD_BODY id=0 off=4e0 00000000000000000000000000000000
N3GD_BODY id=0 off=4f0 00000000000000000000000000000000
N3GD_BODY id=0 off=500 00000000000000000000000000000000
N3GD_BODY id=0 off=510 00000000000000000000000000000000
N3GD_BODY id=0 off=520 00000000000000000000000000000000
N3GD_BODY id=0 off=530 00000000000000000000000000000000
N3GD_BODY id=0 off=540 00000000000000000000000000000000
N3GD_BODY id=0 off=550 00000000000000000000000000000000
N3GD_BODY id=0 off=560 00000000000000000000000000000000
N3GD_BODY id=0 off=570 00000000000000000000000000000000
N3GD_BODY id=0 off=580 00000000000000000000000000000000
N3GD_BODY id=0 off=590 00000000000000000000000000000000
N3GD_BODY id=0 off=5a0 00000000000000000000000000000000
N3GD_BODY id=0 off=5b0 00000000000000000000000000000000
N3GD_BODY id=0 off=5c0 00000000000000000000000000000000
N3GD_BODY id=0 off=5d0 00000000000000000000000000000000
N3GD_BODY id=0 off=5e0 00000000000000000000000000000000
N3GD_BODY id=0 off=5f0 00000000000000000000000000000000
N3GD_BODY id=0 off=600 00000000000000000000000000000000
N3GD_BODY id=0 off=610 00000000000000000000000000000000
N3GD_BODY id=0 off=620 00000000000000000000000000000000
N3GD_BODY id=0 off=630 00000000000000000000000000000000
N3GD_BODY id=0 off=640 00000000000000000000000000000000
N3GD_BODY id=0 off=650 00000000000000000000000000000000
N3GD_BODY id=0 off=660 00000000000000000000000000000000
N3GD_BODY id=0 off=670 00000000000000000000000000000000
N3GD_BODY id=0 off=680 00000000000000000000000000000000
N3GD_BODY id=0 off=690 00000000000000000000000000000000
N3GD_BODY id=0 off=6a0 00000000000000000000000000000000
N3GD_BODY id=0 off=6b0 00000000000000000000000000000000
N3GD_BODY id=0 off=6c0 00000000000000000000000000000000
N3GD_BODY id=0 off=6d0 00000000000000000000000000000000
N3GD_BODY id=0 off=6e0 00000000000000000000000000000000
N3GD_BODY id=0 off=6f0 00000000000000000000000000000000
N3GD_BODY id=0 off=700 00000000000000000000000000000000
N3GD_BODY id=0 off=710 00000000000000000000000000000000
N3GD_BODY id=0 off=720 00000000000000000000000000000000
N3GD_BODY id=0 off=730 00000000000000000000000000000000
N3GD_BODY id=0 off=740 00000000000000000000000000000000
N3GD_BODY id=0 off=750 00000000000000000000000000000000
N3GD_BODY id=0 off=760 00000000000000000000000000000000
N3GD_BODY id=0 off=770 00000000000000000000000000000000
N3GD_BODY id=0 off=780 00000000000000000000000000000000
N3GD_BODY id=0 off=790 00000000000000000000000000000000
N3GD_BODY id=0 off=7a0 00000000000000000000000000000000
N3GD_BODY id=0 off=7b0 00000000000000000000000000000000
N3GD_BODY id=0 off=7c0 00000000000000000000000000000000
N3GD_BODY id=0 off=7d0 00000000000000000000000000000000
N3GD_BODY id=0 off=7e0 00000000000000000000000000000000
N3GD_BODY id=0 off=7f0 00000000000000000000000000000000
N3GD_OOB id=0 off=000 1041010053de0000ff40ffffe5ab0668
N3GD_OOB id=0 off=010 0a52efac2207c7a22532dbc8686282cd
N3GD_OOB id=0 off=020 377bcde4a25178a6eb7c95b8b7fa1e2e
N3GD_OOB id=0 off=030 eddbaafff14d9b9ea7ce563d0b3c39de
N3GD_END id=0
N3GD_DONE pages=1
