N3GD_START host=0000A07E target=000140FC ppb=512 pages=13
N3GD_BEGIN id=0 kind=cand j=-1 v=050E po=248 sl=4294967295 l0=FFFFFFFF host=0000A07E tgt=000140FC bank=0 pb=1719 pp=62 phy=220094 shift=4294967295 t=40 ix=CC41 u=000CC1F2 l=000CC1F2
N3GD_BODY id=0 off=000 00ff00ff00ff00ff00ff00ff00ff00ff
N3GD_BODY id=0 off=010 00ff00ff00ff00ff00ff00ff00ff00ff
N3GD_BODY id=0 off=020 00ff00ff00ff00ff00ff00ff00ff00ff
N3GD_BODY id=0 off=030 00ff00ff00ff00ff00ff00ff00ff00ff
N3GD_BODY id=0 off=040 00ff00ff00ff00ff00ff00ff00ff00ff
N3GD_BODY id=0 off=050 00ff00ff00ff00ff00ff00ff00ff00ff
N3GD_BODY id=0 off=060 00ff00ff00ff00ff00ff00ff00ff00ff
N3GD_BODY id=0 off=070 00ff00ff00ff00ff00ff00ff00ff00ff
N3GD_BODY id=0 off=080 00ff00ff00ff00ff00ff00ff00ff00ff
N3GD_BODY id=0 off=090 00ff00ff00ff00ff00ff00ff00ff00ff
N3GD_BODY id=0 off=0a0 00ff00ff00ff00ff00ff00ff00ff00ff
N3GD_BODY id=0 off=0b0 00ff00ff00ff00ff00ff00ff00ff00ff
N3GD_BODY id=0 off=0c0 00ff00ff00ff00ff00ff00ff00ff00ff
N3GD_BODY id=0 off=0d0 00ff00ff00ff00ff00ff00ff00ff00ff
N3GD_BODY id=0 off=0e0 00ff00ff00ff00ff00ff00ff00ff00ff
N3GD_BODY id=0 off=0f0 00ff00ff00ff00ff00ff00ff00ff00ff
N3GD_BODY id=0 off=100 00ff00ff00ff00ff00ff00ff00ff00ff
N3GD_BODY id=0 off=110 00ff00ff00ff00ff00ff00ff00ff00ff
N3GD_BODY id=0 off=120 00ff00ff00ff00ff00ff00ff00ff00ff
N3GD_BODY id=0 off=130 00ff00ff00ff00ff00ff00ff00ff00ff
N3GD_BODY id=0 off=140 00ff00ff00ff00ff00ff00ff00ff00ff
N3GD_BODY id=0 off=150 00ff00ff00ff00ff00ff00ff00ff00ff
N3GD_BODY id=0 off=160 00ff00ff00ff00ff00ff00ff00ff00ff
N3GD_BODY id=0 off=170 00ff00ff00ff00ff00ff00ff00ff00ff
N3GD_BODY id=0 off=180 00ff00ff00ff00ff00ff00ff00ff00ff
N3GD_BODY id=0 off=190 00ff00ff00ff00ff00ff00ff00ff00ff
N3GD_BODY id=0 off=1a0 00ff00ff00ff00ff00ff00ff00ff00ff
N3GD_BODY id=0 off=1b0 00ff00ff00ff00ff00ff00ff00ff00ff
N3GD_BODY id=0 off=1c0 00ff00ff00ff00ff00ff00ff00ff00ff
N3GD_BODY id=0 off=1d0 00ff00ff00ff00ff00ff00ff00ff00ff
N3GD_BODY id=0 off=1e0 00ff00ff00ff00ff00ff00ff00ff00ff
N3GD_BODY id=0 off=1f0 00ff00ff00ff00ff00ff00ff00ff00ff
N3GD_BODY id=0 off=200 00ff00ff00ff00ff00ff00ff00ff00ff
N3GD_BODY id=0 off=210 00ff00ff00ff00ff00ff00ff00ff00ff
N3GD_BODY id=0 off=220 00ff00ff00ff00ff00ff00ff00ff00ff
N3GD_BODY id=0 off=230 00ff00ff00ff00ff00ff00ff00ff00ff
N3GD_BODY id=0 off=240 00ff00ff00ff00ff00ff00ff00ff00ff
N3GD_BODY id=0 off=250 00ff00ff00ff00ff00ff00ff00ff00ff
N3GD_BODY id=0 off=260 00ff00ff00ff00ff00ff00ff00ff00ff
N3GD_BODY id=0 off=270 00ff00ff00ff00ff00ff00ff00ff00ff
N3GD_BODY id=0 off=280 00ff00ff00ff00ff00ff00ff00ff00ff
N3GD_BODY id=0 off=290 00ff00ff00ff00ff00ff00ff00ff00ff
N3GD_BODY id=0 off=2a0 00ff00ff00ff00ff00ff00ff00ff00ff
N3GD_BODY id=0 off=2b0 00ff00ff00ff00ff00ff00ff00ff00ff
N3GD_BODY id=0 off=2c0 00ff00ff00ff00ff00ff00ff00ff00ff
N3GD_BODY id=0 off=2d0 00ff00ff00ff00ff00ff00ff00ff00ff
N3GD_BODY id=0 off=2e0 00ff00ff00ff00ff00ff00ff00ff00ff
N3GD_BODY id=0 off=2f0 00ff00ff00ff00ff00ff00ff00ff00ff
N3GD_BODY id=0 off=300 00ff00ff00ff00ff00ff00ff00ff00ff
N3GD_BODY id=0 off=310 00ff00ff00ff00ff00ff00ff00ff00ff
N3GD_BODY id=0 off=320 00ff00ff00ff00ff00ff00ff00ff00ff
N3GD_BODY id=0 off=330 00ff00ff00ff00ff00ff00ff00ff00ff
N3GD_BODY id=0 off=340 00ff00ff00ff00ff00ff00ff00ff00ff
N3GD_BODY id=0 off=350 00ff00ff00ff00ff00ff00ff00ff00ff
N3GD_BODY id=0 off=360 00ff00ff00ff00ff00ff00ff00ff00ff
N3GD_BODY id=0 off=370 00ff00ff00ff00ff00ff00ff00ff00ff
N3GD_BODY id=0 off=380 00ff00ff00ff00ff00ff00ff00ff00ff
N3GD_BODY id=0 off=390 00ff00ff00ff00ff00ff00ff00ff00ff
N3GD_BODY id=0 off=3a0 00ff00ff00ff00ff00ff00ff00ff00ff
N3GD_BODY id=0 off=3b0 00ff00ff00ff00ff00ff00ff00ff00ff
N3GD_BODY id=0 off=3c0 00ff00ff00ff00ff00ff00ff00ff00ff
N3GD_BODY id=0 off=3d0 00ff00ff00ff00ff00ff00ffffff00ff
N3GD_BODY id=0 off=3e0 00ff00ff00ff00ff00ff00ff00ff00ff
N3GD_BODY id=0 off=3f0 00ff00ff00ff00ff00ff00ff00ff00ff
N3GD_BODY id=0 off=400 00ff00ff00ff00ff00ff00ff00ff00ff
N3GD_BODY id=0 off=410 00ff00ff00ff00ff00ff00ff00ff00ff
N3GD_BODY id=0 off=420 00ff00ff00ff00ff00ff00ff00ff00ff
N3GD_BODY id=0 off=430 00ff00ff00ff00ff00ff00ff00ff00ff
N3GD_BODY id=0 off=440 00ff00ff00ff00ff00ff00ff00ff00ff
N3GD_BODY id=0 off=450 00ff00ff00ff00ff00ff00ff00ff00ff
N3GD_BODY id=0 off=460 00ff00ff00ff00ff00ff00ff00ff00ff
N3GD_BODY id=0 off=470 00ff00ff00ff00ff00ff00ff00ff00ff
N3GD_BODY id=0 off=480 00ff00ff00ff00ff00ff00ff00ff00ff
N3GD_BODY id=0 off=490 00ff00ff00ff00ff00ff00ff00ff00ff
N3GD_BODY id=0 off=4a0 00ff00ff00ff00ff00ff00ff00ff00ff
N3GD_BODY id=0 off=4b0 ffff00ffffff00ffffff00ffffff00f2
N3GD_BODY id=0 off=4c0 f1f70ee1dfec20d1cfe330c2bfda40b3
N3GD_BODY id=0 off=4d0 afd150a49fc7609b96c2699691bf6e91
N3GD_BODY id=0 off=4e0 8cbc738e88ba778a84b87b8781b67e84
N3GD_BODY id=0 off=4f0 7eb481807cb383807db5828078aa8e7d
N3GD_BODY id=0 off=500 7096a67a6c86b878667dc7766478ca74
N3GD_BODY id=0 off=510 6275ca715d71cc715f76c6756686b676
N3GD_BODY id=0 off=520 6b99a4756eab927370ad8f746eab9174
N3GD_BODY id=0 off=530 6daa92756eab91766fab907871ad8e7a
N3GD_BODY id=0 off=540 73ae8c7c76af897e78b187817bb28484
N3GD_BODY id=0 off=550 7eb4818882b67d8d87b978908bbc7495
N3GD_BODY id=0 off=560 90bf6f9e99c466afabce54bcb9d646cc
N3GD_BODY id=0 off=570 c9e036dedceb23f1f0f60fffffff00ff
N3GD_BODY id=0 off=580 ffff00ffffff00ffffff00ffffff00ff
N3GD_BODY id=0 off=590 ffff00f5f6fa0be5e9f31bd6dbeb2bc7
N3GD_BODY id=0 off=5a0 cee43bb6bfdc4da7b2d55da2aed262a0
N3GD_BODY id=0 off=5b0 acd2649eaad1669ba8cf6999a6ce6b98
N3GD_BODY id=0 off=5c0 a4cd6d95a2cc7093a0cb72919fca748f
N3GD_BODY id=0 off=5d0 9dc9768d9bc8788a99c77b8897c67d86
N3GD_BODY id=0 off=5e0 95c57f8493c4828291c3848090c2867e
N3GD_BODY id=0 off=5f0 8ec1887b8bc08b798abf8d7788be8f75
N3GD_BODY id=0 off=600 86bd917384bc947182bb966f81ba986d
N3GD_BODY id=0 off=610 7fb99a6a7cb89d687bb79f6679b6a164
N3GD_BODY id=0 off=620 77b5a36276b4a56073b3a86276b4a57a
N3GD_BODY id=0 off=630 8bbf8c94a1cc71aeb8d855cbd1e637e9
N3GD_BODY id=0 off=640 ecf517ffffff00ffffff00ffffff00ff
N3GD_BODY id=0 off=650 ffff00ffffff00ffffff00ffffff00ff
N3GD_BODY id=0 off=660 ffff00ffffff00ffffff00ffffff00ff
N3GD_BODY id=0 off=670 ffff00ff00ff00ff00ff00ff00ff00ff
N3GD_BODY id=0 off=680 00ff00ff00ff00ff00ff00ff00ff00ff
N3GD_BODY id=0 off=690 00ff00ff00ff00ff00ff00ff00ff00ff
N3GD_BODY id=0 off=6a0 00ff00ff00ff00ff00ff00ff00ff00ff
N3GD_BODY id=0 off=6b0 00ff00ff00ff00ff00ff00ff00ff00ff
N3GD_BODY id=0 off=6c0 00ff00ff00ff00ff00ff00ff00ff00ff
N3GD_BODY id=0 off=6d0 00ff00ff00ff00ff00ff00ff00ff00ff
N3GD_BODY id=0 off=6e0 00ff00ff00ff00ff00ff00ff00ff00ff
N3GD_BODY id=0 off=6f0 00ff00ff00ff00ff00ff00ff00ff00ff
N3GD_BODY id=0 off=700 00ff00ff00ff00ff00ff00ff00ff00ff
N3GD_BODY id=0 off=710 00ff00ff00ff00ff00ff00ff00ff00ff
N3GD_BODY id=0 off=720 00ff00ff00ff00ff00ff00ff00ff00ff
N3GD_BODY id=0 off=730 00ff00ff00ff00ff00ff00ff00ff00ff
N3GD_BODY id=0 off=740 00ff00ff00ff00ff00ff00ff00ff00ff
N3GD_BODY id=0 off=750 00ff00ff00ff00ff00ff00ff00ff00ff
N3GD_BODY id=0 off=760 00ff00ff00ff00ff00ff00ff00ff00ff
N3GD_BODY id=0 off=770 00ff00ff00ff00ff00ff00ff00ff00ff
N3GD_BODY id=0 off=780 00ff00ff00ff00ff00ff00ff00ff00ff
N3GD_BODY id=0 off=790 00ff00ff00ff00ff00ff00ff00ff00ff
N3GD_BODY id=0 off=7a0 00ff00ff00ff00ff00ff00ff00ff00ff
N3GD_BODY id=0 off=7b0 00ff00ff00ff00ff00ff00ff00ff00ff
N3GD_BODY id=0 off=7c0 00ff00ff00ff00ff00ff00ff00ff00ff
N3GD_BODY id=0 off=7d0 00ff00ff00ff00ff00ff00ff00ff00ff
N3GD_BODY id=0 off=7e0 00ff00ff00ff00ff00ff00ff00ff00ff
N3GD_BODY id=0 off=7f0 00ff00ff00ff00ff00ff00ff00ff00ff
N3GD_OOB id=0 off=000 f2c10c0041cc0000ff40ffffe5ab0678
N3GD_OOB id=0 off=010 0a52efac2207c7a2053adbc8606282c5
N3GD_OOB id=0 off=020 374bcde4a25178a6eb7e94b8b7fa1e2e
N3GD_OOB id=0 off=030 eddbaafff14d9b9ea7ce563d3b3c79fe
N3GD_END id=0
N3GD_BEGIN id=1 kind=cand j=-1 v=050E po=249 sl=4294967295 l0=FFFFFFFF host=0000A07E tgt=000140FC bank=1 pb=1719 pp=62 phy=220094 shift=4294967295 t=00 ix=0000 u=00000000 l=00000000
N3GD_BODY id=1 off=000 00000000000000000000000000000000
N3GD_BODY id=1 off=010 00000000000000000000000000000000
N3GD_BODY id=1 off=020 00000000000000000000000000000000
N3GD_BODY id=1 off=030 00000000000000000000000000000000
N3GD_BODY id=1 off=040 00000000000000000000000000000000
N3GD_BODY id=1 off=050 00000000000000000000000000000000
N3GD_BODY id=1 off=060 00000000000000000000000000000000
N3GD_BODY id=1 off=070 00000000000000000000000000000000
N3GD_BODY id=1 off=080 00000000000000000000000000000000
N3GD_BODY id=1 off=090 00000000000000000000000000000000
N3GD_BODY id=1 off=0a0 00000000000000000000000000000000
N3GD_BODY id=1 off=0b0 00000000000000000000000000000000
N3GD_BODY id=1 off=0c0 00000000000000000000000000000000
N3GD_BODY id=1 off=0d0 00000000000000000000000000000000
N3GD_BODY id=1 off=0e0 00000000000000000000000000000000
N3GD_BODY id=1 off=0f0 00000000000000000000000000000000
N3GD_BODY id=1 off=100 00000000000000000000000000000000
N3GD_BODY id=1 off=110 00000000000000000000000000000000
N3GD_BODY id=1 off=120 00000000000000000000000000000000
N3GD_BODY id=1 off=130 00000000000000000000000000000000
N3GD_BODY id=1 off=140 00000000000000000000000000000000
N3GD_BODY id=1 off=150 00000000000000000000000000000000
N3GD_BODY id=1 off=160 00000000000000000000000000000000
N3GD_BODY id=1 off=170 00000000000000000000000000000000
N3GD_BODY id=1 off=180 00000000000000000000000000000000
N3GD_BODY id=1 off=190 00000000000000000000000000000000
N3GD_BODY id=1 off=1a0 00000000000000000000000000000000
N3GD_BODY id=1 off=1b0 00000000000000000000000000000000
N3GD_BODY id=1 off=1c0 00000000000000000000000000000000
N3GD_BODY id=1 off=1d0 00000000000000000000000000000000
N3GD_BODY id=1 off=1e0 00000000000000000000000000000000
N3GD_BODY id=1 off=1f0 00000000000000000000000000000000
N3GD_BODY id=1 off=200 00000000000000000000000000000000
N3GD_BODY id=1 off=210 00000000000000000000000000000000
N3GD_BODY id=1 off=220 00000000000000000000000000000000
N3GD_BODY id=1 off=230 00000000000000000000000000000000
N3GD_BODY id=1 off=240 00000000000000000000000000000000
N3GD_BODY id=1 off=250 00000000000000000000000000000000
N3GD_BODY id=1 off=260 00000000000000000000000000000000
N3GD_BODY id=1 off=270 00000000000000000000000000000000
N3GD_BODY id=1 off=280 00000000000000000000000000000000
N3GD_BODY id=1 off=290 00000000000000000000000000000000
N3GD_BODY id=1 off=2a0 00000000000000000000000000000000
N3GD_BODY id=1 off=2b0 00000000000000000000000000000000
N3GD_BODY id=1 off=2c0 00000000000000000000000000000000
N3GD_BODY id=1 off=2d0 00000000000000000000000000000000
N3GD_BODY id=1 off=2e0 00000000000000000000000000000000
N3GD_BODY id=1 off=2f0 00000000000000000000000000000000
N3GD_BODY id=1 off=300 00000000000000000000000000000000
N3GD_BODY id=1 off=310 00000000000000000000000000000000
N3GD_BODY id=1 off=320 00000000000000000000000000000000
N3GD_BODY id=1 off=330 00000000000000000000000000000000
N3GD_BODY id=1 off=340 00000000000000000000000000000000
N3GD_BODY id=1 off=350 00000000000000000000000000000000
N3GD_BODY id=1 off=360 00000000000000000000000000000000
N3GD_BODY id=1 off=370 00000000000000000000000000000000
N3GD_BODY id=1 off=380 00000000000000000000000000000000
N3GD_BODY id=1 off=390 00000000000000000000000000000000
N3GD_BODY id=1 off=3a0 00000000000000000000000000000000
N3GD_BODY id=1 off=3b0 00000000000000000000000000000000
N3GD_BODY id=1 off=3c0 00000000000000000000000000000000
N3GD_BODY id=1 off=3d0 00000000000000000000000000000000
N3GD_BODY id=1 off=3e0 00000000000000000000000000000000
N3GD_BODY id=1 off=3f0 00000000000000000000000000000000
N3GD_BODY id=1 off=400 00000000000000000000000000000000
N3GD_BODY id=1 off=410 00000000000000000000000000000000
N3GD_BODY id=1 off=420 00000000000000000000000000000000
N3GD_BODY id=1 off=430 00000000000000000000000000000000
N3GD_BODY id=1 off=440 00000000000000000000000000000000
N3GD_BODY id=1 off=450 00000000000000000000000000000000
N3GD_BODY id=1 off=460 00000000000000000000000000000000
N3GD_BODY id=1 off=470 00000000000000000000000000000000
N3GD_BODY id=1 off=480 00000000000000000000000000000000
N3GD_BODY id=1 off=490 00000000000000000000000000000000
N3GD_BODY id=1 off=4a0 00000000000000000000000000000000
N3GD_BODY id=1 off=4b0 00000000000000000000000000000000
N3GD_BODY id=1 off=4c0 00000000000000000000000000000000
N3GD_BODY id=1 off=4d0 00000000000000000000000000000000
N3GD_BODY id=1 off=4e0 00000000000000000000000000000000
N3GD_BODY id=1 off=4f0 00000000000000000000000000000000
N3GD_BODY id=1 off=500 00000000000000000000000000000000
N3GD_BODY id=1 off=510 00000000000000000000000000000000
N3GD_BODY id=1 off=520 00000000000000000000000000000000
N3GD_BODY id=1 off=530 00000000000000000000000000000000
N3GD_BODY id=1 off=540 00000000000000000000000000000000
N3GD_BODY id=1 off=550 00000000000000000000000000000000
N3GD_BODY id=1 off=560 00000000000000000000000000000000
N3GD_BODY id=1 off=570 00000000000000000000000000000000
N3GD_BODY id=1 off=580 00000000000000000000000000000000
N3GD_BODY id=1 off=590 00000000000000000000000000000000
N3GD_BODY id=1 off=5a0 00000000000000000000000000000000
N3GD_BODY id=1 off=5b0 00000000000000000000000000000000
N3GD_BODY id=1 off=5c0 00000000000000000000000000000000
N3GD_BODY id=1 off=5d0 00000000000000000000000000000000
N3GD_BODY id=1 off=5e0 00000000000000000000000000000000
N3GD_BODY id=1 off=5f0 00000000000000000000000000000000
N3GD_BODY id=1 off=600 00000000000000000000000000000000
N3GD_BODY id=1 off=610 00000000000000000000000000000000
N3GD_BODY id=1 off=620 00000000000000000000000000000000
N3GD_BODY id=1 off=630 00000000000000000000000000000000
N3GD_BODY id=1 off=640 00000000000000000000000000000000
N3GD_BODY id=1 off=650 00000000000000000000000000000000
N3GD_BODY id=1 off=660 00000000000000000000000000000000
N3GD_BODY id=1 off=670 00000000000000000000000000000000
N3GD_BODY id=1 off=680 00000000000000000000000000000000
N3GD_BODY id=1 off=690 00000000000000000000000000000000
N3GD_BODY id=1 off=6a0 00000000000000000000000000000000
N3GD_BODY id=1 off=6b0 00000000000000000000000000000000
N3GD_BODY id=1 off=6c0 00000000000000000000000000000000
N3GD_BODY id=1 off=6d0 00000000000000000000000000000000
N3GD_BODY id=1 off=6e0 00000000000000000000000000000000
N3GD_BODY id=1 off=6f0 00000000000000000000000000000000
N3GD_BODY id=1 off=700 00000000000000000000000000000000
N3GD_BODY id=1 off=710 00000000000000000000000000000000
N3GD_BODY id=1 off=720 00000000000000000000000000000000
N3GD_BODY id=1 off=730 00000000000000000000000000000000
N3GD_BODY id=1 off=740 00000000000000000000000000000000
N3GD_BODY id=1 off=750 00000000000000000000000000000000
N3GD_BODY id=1 off=760 00000000000000000000000000000000
N3GD_BODY id=1 off=770 00000000000000000000000000000000
N3GD_BODY id=1 off=780 00000000000000000000000000000000
N3GD_BODY id=1 off=790 00000000000000000000000000000000
N3GD_BODY id=1 off=7a0 00000000000000000000000000000000
N3GD_BODY id=1 off=7b0 00000000000000000000000000000000
N3GD_BODY id=1 off=7c0 00000000000000000000000000000000
N3GD_BODY id=1 off=7d0 00000000000000000000000000000000
N3GD_BODY id=1 off=7e0 00000000000000000000000000000000
N3GD_BODY id=1 off=7f0 00000000000000000000000000000000
N3GD_OOB id=1 off=000 000000000000000000000000e5ab0678
N3GD_OOB id=1 off=010 0a52efac2207c7a2053adbc8606282c5
N3GD_OOB id=1 off=020 374bcde4a25178a6eb7e94b8b7fa1e2e
N3GD_OOB id=1 off=030 eddbaafff14d9b9ea7ce563d3b3c79fe
N3GD_END id=1
N3GD_BEGIN id=2 kind=cand j=-1 v=050E po=250 sl=4294967295 l0=FFFFFFFF host=0000A07E tgt=000140FC bank=2 pb=1719 pp=62 phy=220094 shift=4294967295 t=00 ix=0000 u=00000000 l=00000000
N3GD_BODY id=2 off=000 00000000000000000000000000000000
N3GD_BODY id=2 off=010 00000000000000000000000000000000
N3GD_BODY id=2 off=020 00000000000000000000000000000000
N3GD_BODY id=2 off=030 00000000000000000000000000000000
N3GD_BODY id=2 off=040 00000000000000000000000000000000
N3GD_BODY id=2 off=050 00000000000000000000000000000000
N3GD_BODY id=2 off=060 00000000000000000000000000000000
N3GD_BODY id=2 off=070 00000000000000000000000000000000
N3GD_BODY id=2 off=080 00000000000000000000000000000000
N3GD_BODY id=2 off=090 00000000000000000000000000000000
N3GD_BODY id=2 off=0a0 00000000000000000000000000000000
N3GD_BODY id=2 off=0b0 00000000000000000000000000000000
N3GD_BODY id=2 off=0c0 00000000000000000000000000000000
N3GD_BODY id=2 off=0d0 00000000000000000000000000000000
N3GD_BODY id=2 off=0e0 00000000000000000000000000000000
N3GD_BODY id=2 off=0f0 00000000000000000000000000000000
N3GD_BODY id=2 off=100 00000000000000000000000000000000
N3GD_BODY id=2 off=110 00000000000000000000000000000000
N3GD_BODY id=2 off=120 00000000000000000000000000000000
N3GD_BODY id=2 off=130 00000000000000000000000000000000
N3GD_BODY id=2 off=140 00000000000000000000000000000000
N3GD_BODY id=2 off=150 00000000000000000000000000000000
N3GD_BODY id=2 off=160 00000000000000000000000000000000
N3GD_BODY id=2 off=170 00000000000000000000000000000000
N3GD_BODY id=2 off=180 00000000000000000000000000000000
N3GD_BODY id=2 off=190 00000000000000000000000000000000
N3GD_BODY id=2 off=1a0 00000000000000000000000000000000
N3GD_BODY id=2 off=1b0 00000000000000000000000000000000
N3GD_BODY id=2 off=1c0 00000000000000000000000000000000
N3GD_BODY id=2 off=1d0 00000000000000000000000000000000
N3GD_BODY id=2 off=1e0 00000000000000000000000000000000
N3GD_BODY id=2 off=1f0 00000000000000000000000000000000
N3GD_BODY id=2 off=200 00000000000000000000000000000000
N3GD_BODY id=2 off=210 00000000000000000000000000000000
N3GD_BODY id=2 off=220 00000000000000000000000000000000
N3GD_BODY id=2 off=230 00000000000000000000000000000000
N3GD_BODY id=2 off=240 00000000000000000000000000000000
N3GD_BODY id=2 off=250 00000000000000000000000000000000
N3GD_BODY id=2 off=260 00000000000000000000000000000000
N3GD_BODY id=2 off=270 00000000000000000000000000000000
N3GD_BODY id=2 off=280 00000000000000000000000000000000
N3GD_BODY id=2 off=290 00000000000000000000000000000000
N3GD_BODY id=2 off=2a0 00000000000000000000000000000000
N3GD_BODY id=2 off=2b0 00000000000000000000000000000000
N3GD_BODY id=2 off=2c0 00000000000000000000000000000000
N3GD_BODY id=2 off=2d0 00000000000000000000000000000000
N3GD_BODY id=2 off=2e0 00000000000000000000000000000000
N3GD_BODY id=2 off=2f0 00000000000000000000000000000000
N3GD_BODY id=2 off=300 00000000000000000000000000000000
N3GD_BODY id=2 off=310 00000000000000000000000000000000
N3GD_BODY id=2 off=320 00000000000000000000000000000000
N3GD_BODY id=2 off=330 00000000000000000000000000000000
N3GD_BODY id=2 off=340 00000000000000000000000000000000
N3GD_BODY id=2 off=350 00000000000000000000000000000000
N3GD_BODY id=2 off=360 00000000000000000000000000000000
N3GD_BODY id=2 off=370 00000000000000000000000000000000
N3GD_BODY id=2 off=380 00000000000000000000000000000000
N3GD_BODY id=2 off=390 00000000000000000000000000000000
N3GD_BODY id=2 off=3a0 00000000000000000000000000000000
N3GD_BODY id=2 off=3b0 00000000000000000000000000000000
N3GD_BODY id=2 off=3c0 00000000000000000000000000000000
N3GD_BODY id=2 off=3d0 00000000000000000000000000000000
N3GD_BODY id=2 off=3e0 00000000000000000000000000000000
N3GD_BODY id=2 off=3f0 00000000000000000000000000000000
N3GD_BODY id=2 off=400 00000000000000000000000000000000
N3GD_BODY id=2 off=410 00000000000000000000000000000000
N3GD_BODY id=2 off=420 00000000000000000000000000000000
N3GD_BODY id=2 off=430 00000000000000000000000000000000
N3GD_BODY id=2 off=440 00000000000000000000000000000000
N3GD_BODY id=2 off=450 00000000000000000000000000000000
N3GD_BODY id=2 off=460 00000000000000000000000000000000
N3GD_BODY id=2 off=470 00000000000000000000000000000000
N3GD_BODY id=2 off=480 00000000000000000000000000000000
N3GD_BODY id=2 off=490 00000000000000000000000000000000
N3GD_BODY id=2 off=4a0 00000000000000000000000000000000
N3GD_BODY id=2 off=4b0 00000000000000000000000000000000
N3GD_BODY id=2 off=4c0 00000000000000000000000000000000
N3GD_BODY id=2 off=4d0 00000000000000000000000000000000
N3GD_BODY id=2 off=4e0 00000000000000000000000000000000
N3GD_BODY id=2 off=4f0 00000000000000000000000000000000
N3GD_BODY id=2 off=500 00000000000000000000000000000000
N3GD_BODY id=2 off=510 00000000000000000000000000000000
N3GD_BODY id=2 off=520 00000000000000000000000000000000
N3GD_BODY id=2 off=530 00000000000000000000000000000000
N3GD_BODY id=2 off=540 00000000000000000000000000000000
N3GD_BODY id=2 off=550 00000000000000000000000000000000
N3GD_BODY id=2 off=560 00000000000000000000000000000000
N3GD_BODY id=2 off=570 00000000000000000000000000000000
N3GD_BODY id=2 off=580 00000000000000000000000000000000
N3GD_BODY id=2 off=590 00000000000000000000000000000000
N3GD_BODY id=2 off=5a0 00000000000000000000000000000000
N3GD_BODY id=2 off=5b0 00000000000000000000000000000000
N3GD_BODY id=2 off=5c0 00000000000000000000000000000000
N3GD_BODY id=2 off=5d0 00000000000000000000000000000000
N3GD_BODY id=2 off=5e0 00000000000000000000000000000000
N3GD_BODY id=2 off=5f0 00000000000000000000000000000000
N3GD_BODY id=2 off=600 00000000000000000000000000000000
N3GD_BODY id=2 off=610 00000000000000000000000000000000
N3GD_BODY id=2 off=620 00000000000000000000000000000000
N3GD_BODY id=2 off=630 00000000000000000000000000000000
N3GD_BODY id=2 off=640 00000000000000000000000000000000
N3GD_BODY id=2 off=650 00000000000000000000000000000000
N3GD_BODY id=2 off=660 00000000000000000000000000000000
N3GD_BODY id=2 off=670 00000000000000000000000000000000
N3GD_BODY id=2 off=680 00000000000000000000000000000000
N3GD_BODY id=2 off=690 00000000000000000000000000000000
N3GD_BODY id=2 off=6a0 00000000000000000000000000000000
N3GD_BODY id=2 off=6b0 00000000000000000000000000000000
N3GD_BODY id=2 off=6c0 00000000000000000000000000000000
N3GD_BODY id=2 off=6d0 00000000000000000000000000000000
N3GD_BODY id=2 off=6e0 00000000000000000000000000000000
N3GD_BODY id=2 off=6f0 00000000000000000000000000000000
N3GD_BODY id=2 off=700 00000000000000000000000000000000
N3GD_BODY id=2 off=710 00000000000000000000000000000000
N3GD_BODY id=2 off=720 00000000000000000000000000000000
N3GD_BODY id=2 off=730 00000000000000000000000000000000
N3GD_BODY id=2 off=740 00000000000000000000000000000000
N3GD_BODY id=2 off=750 00000000000000000000000000000000
N3GD_BODY id=2 off=760 00000000000000000000000000000000
N3GD_BODY id=2 off=770 00000000000000000000000000000000
N3GD_BODY id=2 off=780 00000000000000000000000000000000
N3GD_BODY id=2 off=790 00000000000000000000000000000000
N3GD_BODY id=2 off=7a0 00000000000000000000000000000000
N3GD_BODY id=2 off=7b0 00000000000000000000000000000000
N3GD_BODY id=2 off=7c0 00000000000000000000000000000000
N3GD_BODY id=2 off=7d0 00000000000000000000000000000000
N3GD_BODY id=2 off=7e0 00000000000000000000000000000000
N3GD_BODY id=2 off=7f0 00000000000000000000000000000000
N3GD_OOB id=2 off=000 000000000000000000000000e5ab0678
N3GD_OOB id=2 off=010 0a52efac2207c7a2053adbc8606282c5
N3GD_OOB id=2 off=020 374bcde4a25178a6eb7e94b8b7fa1e2e
N3GD_OOB id=2 off=030 eddbaafff14d9b9ea7ce563d3b3c79fe
N3GD_END id=2
N3GD_BEGIN id=3 kind=cand j=-1 v=050E po=251 sl=4294967295 l0=FFFFFFFF host=0000A07E tgt=000140FC bank=3 pb=1719 pp=62 phy=220094 shift=4294967295 t=00 ix=0000 u=00000000 l=00000000
N3GD_BODY id=3 off=000 00000000000000000000000000000000
N3GD_BODY id=3 off=010 00000000000000000000000000000000
N3GD_BODY id=3 off=020 00000000000000000000000000000000
N3GD_BODY id=3 off=030 00000000000000000000000000000000
N3GD_BODY id=3 off=040 00000000000000000000000000000000
N3GD_BODY id=3 off=050 00000000000000000000000000000000
N3GD_BODY id=3 off=060 00000000000000000000000000000000
N3GD_BODY id=3 off=070 00000000000000000000000000000000
N3GD_BODY id=3 off=080 00000000000000000000000000000000
N3GD_BODY id=3 off=090 00000000000000000000000000000000
N3GD_BODY id=3 off=0a0 00000000000000000000000000000000
N3GD_BODY id=3 off=0b0 00000000000000000000000000000000
N3GD_BODY id=3 off=0c0 00000000000000000000000000000000
N3GD_BODY id=3 off=0d0 00000000000000000000000000000000
N3GD_BODY id=3 off=0e0 00000000000000000000000000000000
N3GD_BODY id=3 off=0f0 00000000000000000000000000000000
N3GD_BODY id=3 off=100 00000000000000000000000000000000
N3GD_BODY id=3 off=110 00000000000000000000000000000000
N3GD_BODY id=3 off=120 00000000000000000000000000000000
N3GD_BODY id=3 off=130 00000000000000000000000000000000
N3GD_BODY id=3 off=140 00000000000000000000000000000000
N3GD_BODY id=3 off=150 00000000000000000000000000000000
N3GD_BODY id=3 off=160 00000000000000000000000000000000
N3GD_BODY id=3 off=170 00000000000000000000000000000000
N3GD_BODY id=3 off=180 00000000000000000000000000000000
N3GD_BODY id=3 off=190 00000000000000000000000000000000
N3GD_BODY id=3 off=1a0 00000000000000000000000000000000
N3GD_BODY id=3 off=1b0 00000000000000000000000000000000
N3GD_BODY id=3 off=1c0 00000000000000000000000000000000
N3GD_BODY id=3 off=1d0 00000000000000000000000000000000
N3GD_BODY id=3 off=1e0 00000000000000000000000000000000
N3GD_BODY id=3 off=1f0 00000000000000000000000000000000
N3GD_BODY id=3 off=200 00000000000000000000000000000000
N3GD_BODY id=3 off=210 00000000000000000000000000000000
N3GD_BODY id=3 off=220 00000000000000000000000000000000
N3GD_BODY id=3 off=230 00000000000000000000000000000000
N3GD_BODY id=3 off=240 00000000000000000000000000000000
N3GD_BODY id=3 off=250 00000000000000000000000000000000
N3GD_BODY id=3 off=260 00000000000000000000000000000000
N3GD_BODY id=3 off=270 00000000000000000000000000000000
N3GD_BODY id=3 off=280 00000000000000000000000000000000
N3GD_BODY id=3 off=290 00000000000000000000000000000000
N3GD_BODY id=3 off=2a0 00000000000000000000000000000000
N3GD_BODY id=3 off=2b0 00000000000000000000000000000000
N3GD_BODY id=3 off=2c0 00000000000000000000000000000000
N3GD_BODY id=3 off=2d0 00000000000000000000000000000000
N3GD_BODY id=3 off=2e0 00000000000000000000000000000000
N3GD_BODY id=3 off=2f0 00000000000000000000000000000000
N3GD_BODY id=3 off=300 00000000000000000000000000000000
N3GD_BODY id=3 off=310 00000000000000000000000000000000
N3GD_BODY id=3 off=320 00000000000000000000000000000000
N3GD_BODY id=3 off=330 00000000000000000000000000000000
N3GD_BODY id=3 off=340 00000000000000000000000000000000
N3GD_BODY id=3 off=350 00000000000000000000000000000000
N3GD_BODY id=3 off=360 00000000000000000000000000000000
N3GD_BODY id=3 off=370 00000000000000000000000000000000
N3GD_BODY id=3 off=380 00000000000000000000000000000000
N3GD_BODY id=3 off=390 00000000000000000000000000000000
N3GD_BODY id=3 off=3a0 00000000000000000000000000000000
N3GD_BODY id=3 off=3b0 00000000000000000000000000000000
N3GD_BODY id=3 off=3c0 00000000000000000000000000000000
N3GD_BODY id=3 off=3d0 00000000000000000000000000000000
N3GD_BODY id=3 off=3e0 00000000000000000000000000000000
N3GD_BODY id=3 off=3f0 00000000000000000000000000000000
N3GD_BODY id=3 off=400 00000000000000000000000000000000
N3GD_BODY id=3 off=410 00000000000000000000000000000000
N3GD_BODY id=3 off=420 00000000000000000000000000000000
N3GD_BODY id=3 off=430 00000000000000000000000000000000
N3GD_BODY id=3 off=440 00000000000000000000000000000000
N3GD_BODY id=3 off=450 00000000000000000000000000000000
N3GD_BODY id=3 off=460 00000000000000000000000000000000
N3GD_BODY id=3 off=470 00000000000000000000000000000000
N3GD_BODY id=3 off=480 00000000000000000000000000000000
N3GD_BODY id=3 off=490 00000000000000000000000000000000
N3GD_BODY id=3 off=4a0 00000000000000000000000000000000
N3GD_BODY id=3 off=4b0 00000000000000000000000000000000
N3GD_BODY id=3 off=4c0 00000000000000000000000000000000
N3GD_BODY id=3 off=4d0 00000000000000000000000000000000
N3GD_BODY id=3 off=4e0 00000000000000000000000000000000
N3GD_BODY id=3 off=4f0 00000000000000000000000000000000
N3GD_BODY id=3 off=500 00000000000000000000000000000000
N3GD_BODY id=3 off=510 00000000000000000000000000000000
N3GD_BODY id=3 off=520 00000000000000000000000000000000
N3GD_BODY id=3 off=530 00000000000000000000000000000000
N3GD_BODY id=3 off=540 00000000000000000000000000000000
N3GD_BODY id=3 off=550 00000000000000000000000000000000
N3GD_BODY id=3 off=560 00000000000000000000000000000000
N3GD_BODY id=3 off=570 00000000000000000000000000000000
N3GD_BODY id=3 off=580 00000000000000000000000000000000
N3GD_BODY id=3 off=590 00000000000000000000000000000000
N3GD_BODY id=3 off=5a0 00000000000000000000000000000000
N3GD_BODY id=3 off=5b0 00000000000000000000000000000000
N3GD_BODY id=3 off=5c0 00000000000000000000000000000000
N3GD_BODY id=3 off=5d0 00000000000000000000000000000000
N3GD_BODY id=3 off=5e0 00000000000000000000000000000000
N3GD_BODY id=3 off=5f0 00000000000000000000000000000000
N3GD_BODY id=3 off=600 00000000000000000000000000000000
N3GD_BODY id=3 off=610 00000000000000000000000000000000
N3GD_BODY id=3 off=620 00000000000000000000000000000000
N3GD_BODY id=3 off=630 00000000000000000000000000000000
N3GD_BODY id=3 off=640 00000000000000000000000000000000
N3GD_BODY id=3 off=650 00000000000000000000000000000000
N3GD_BODY id=3 off=660 00000000000000000000000000000000
N3GD_BODY id=3 off=670 00000000000000000000000000000000
N3GD_BODY id=3 off=680 00000000000000000000000000000000
N3GD_BODY id=3 off=690 00000000000000000000000000000000
N3GD_BODY id=3 off=6a0 00000000000000000000000000000000
N3GD_BODY id=3 off=6b0 00000000000000000000000000000000
N3GD_BODY id=3 off=6c0 00000000000000000000000000000000
N3GD_BODY id=3 off=6d0 00000000000000000000000000000000
N3GD_BODY id=3 off=6e0 00000000000000000000000000000000
N3GD_BODY id=3 off=6f0 00000000000000000000000000000000
N3GD_BODY id=3 off=700 00000000000000000000000000000000
N3GD_BODY id=3 off=710 00000000000000000000000000000000
N3GD_BODY id=3 off=720 00000000000000000000000000000000
N3GD_BODY id=3 off=730 00000000000000000000000000000000
N3GD_BODY id=3 off=740 00000000000000000000000000000000
N3GD_BODY id=3 off=750 00000000000000000000000000000000
N3GD_BODY id=3 off=760 00000000000000000000000000000000
N3GD_BODY id=3 off=770 00000000000000000000000000000000
N3GD_BODY id=3 off=780 00000000000000000000000000000000
N3GD_BODY id=3 off=790 00000000000000000000000000000000
N3GD_BODY id=3 off=7a0 00000000000000000000000000000000
N3GD_BODY id=3 off=7b0 00000000000000000000000000000000
N3GD_BODY id=3 off=7c0 00000000000000000000000000000000
N3GD_BODY id=3 off=7d0 00000000000000000000000000000000
N3GD_BODY id=3 off=7e0 00000000000000000000000000000000
N3GD_BODY id=3 off=7f0 00000000000000000000000000000000
N3GD_OOB id=3 off=000 000000000000000000000000e5ab0678
N3GD_OOB id=3 off=010 0a52efac2207c7a2053adbc8606282c5
N3GD_OOB id=3 off=020 374bcde4a25178a6eb7e94b8b7fa1e2e
N3GD_OOB id=3 off=030 eddbaafff14d9b9ea7ce563d3b3c79fe
N3GD_END id=3
N3GD_BEGIN id=4 kind=cand j=-1 v=050E po=252 sl=4294967295 l0=FFFFFFFF host=0000A07E tgt=000140FC bank=0 pb=1719 pp=63 phy=220095 shift=4294967295 t=40 ix=CC41 u=000CC1FA l=000CC1FA
N3GD_BODY id=4 off=000 ffff00ffffff00ffffff00ffffff00ff
N3GD_BODY id=4 off=010 ffff00ffffff00ffffff00ffffff00ff
N3GD_BODY id=4 off=020 ffff00ffffff00ffffff00ffffff00ff
N3GD_BODY id=4 off=030 ffff00ffffff00ffffff00ffffff00ff
N3GD_BODY id=4 off=040 ffff00ffffff00ffffff00ffffff00ff
N3GD_BODY id=4 off=050 ffff00ffffff00ffffff00ffffff00ff
N3GD_BODY id=4 off=060 ffff00ffffff00ffffff00ffffff00ff
N3GD_BODY id=4 off=070 ffff00ffffff00ffffff00ffffff00ff
N3GD_BODY id=4 off=080 ffff00ffffff00ffffff00ffffff00ff
N3GD_BODY id=4 off=090 ffff00ffffff00ffffff00ffffff00ff
N3GD_BODY id=4 off=0a0 ffff00ffffff00ffffff00ffffff00ff
N3GD_BODY id=4 off=0b0 ffff00ffffff00ffffff00ffffff00ff
N3GD_BODY id=4 off=0c0 ffff00ffffff00ffffff00ffffff00ff
N3GD_BODY id=4 off=0d0 ffff00ffffff00ffffff00ffffff00ff
N3GD_BODY id=4 off=0e0 ffff00ffffff00ffffff00ffffff00ff
N3GD_BODY id=4 off=0f0 ffff00ffffff00ffffff00ffffff00ff
N3GD_BODY id=4 off=100 ffff00ffffff00ffffff00ffffff00ff
N3GD_BODY id=4 off=110 ffff00ffffff00ffffff00ffffff00ff
N3GD_BODY id=4 off=120 ffff00ffffff00ffffff00ffffff00ff
N3GD_BODY id=4 off=130 ffff00ffffff00ffffff00ffffff00ff
N3GD_BODY id=4 off=140 ffff00ffffff00ffffff00ffffff00ff
N3GD_BODY id=4 off=150 ffff00ffffff00ffffff00ffffff00ff
N3GD_BODY id=4 off=160 ffff00ffffff00ffffff00ffffff00ff
N3GD_BODY id=4 off=170 ffff00ffffff00ffffff00ffffff00ff
N3GD_BODY id=4 off=180 ffff00ffffff00ffffff00ffffff00ff
N3GD_BODY id=4 off=190 ffff00ffffff00ffffff00ffffff00ff
N3GD_BODY id=4 off=1a0 ffff00ffffff00ffffff00ffffff00ff
N3GD_BODY id=4 off=1b0 ffff00ffffff00ffffff00ffffff00ff
N3GD_BODY id=4 off=1c0 ffff00ffffff00ffffff00ffffff00ff
N3GD_BODY id=4 off=1d0 ffff00ffffff00ffffff00ffffff00ff
N3GD_BODY id=4 off=1e0 ffff00ffffff00ffffff00ffffff00ff
N3GD_BODY id=4 off=1f0 ffff00ffffff00ffffff00ffffff00ff
N3GD_BODY id=4 off=200 ffff00ffffff00ffffff00ffffff00ff
N3GD_BODY id=4 off=210 ffff00ffffff00ffffff00ffffff00ff
N3GD_BODY id=4 off=220 ffff00ffffff00ffffff00ffffff00ff
N3GD_BODY id=4 off=230 ffff00ffffff00ffffff00ffffff00ff
N3GD_BODY id=4 off=240 ffff00ffffff00ffffff00ffffff00ff
N3GD_BODY id=4 off=250 ffff00ffffff00ffffff00ffffff00ff
N3GD_BODY id=4 off=260 ffff00ffffff00ffffff00ffffff00ff
N3GD_BODY id=4 off=270 ffff00ffffff00ffffff00ffffff00ff
N3GD_BODY id=4 off=280 ffff00ffffff00ffffff00ffffff00ff
N3GD_BODY id=4 off=290 ffff00ffffff00ffffff00ffffff00ff
N3GD_BODY id=4 off=2a0 ffff00ffffff00ffffff00ffffff00ff
N3GD_BODY id=4 off=2b0 ffff00ffffff00ffffff00ffffff00ff
N3GD_BODY id=4 off=2c0 ffff00ffffff00ffffff00ffffff00ff
N3GD_BODY id=4 off=2d0 ffff00ffffff00ffffff00ffffff00ff
N3GD_BODY id=4 off=2e0 ffff00ffffff00ffffff00ffffff00ff
N3GD_BODY id=4 off=2f0 ffff00ffffff00ffffff00ffffff00ff
N3GD_BODY id=4 off=300 ffff00ffffff00ffffff00ffffff00ff
N3GD_BODY id=4 off=310 ffff00ffffff00ffffff00ffffff00ff
N3GD_BODY id=4 off=320 ffff00ffffff00ffffff00ffffff00ff
N3GD_BODY id=4 off=330 ffff00ffffff00ffffff00ffffff00ff
N3GD_BODY id=4 off=340 ffff00ffffff00ffffff00ffffff00ff
N3GD_BODY id=4 off=350 ffff00ffffff00ffffff00ffffff00ff
N3GD_BODY id=4 off=360 ffff00ffffff00ffffff00ffffff00ff
N3GD_BODY id=4 off=370 ffff00ffffff00ffffff00ffffff00ff
N3GD_BODY id=4 off=380 ffff00ffffff00ffffff00ffffff00ff
N3GD_BODY id=4 off=390 ffff00ffffff00ffffff00ffffff00ff
N3GD_BODY id=4 off=3a0 ffff00ffffff00ffffff00ffffff00ff
N3GD_BODY id=4 off=3b0 ffff00ffffff00ffffff00ffffff00ff
N3GD_BODY id=4 off=3c0 ffff00ffffff00ffffff00ffffff00ff
N3GD_BODY id=4 off=3d0 ffff00ffffff00ffffff00ffffff00ff
N3GD_BODY id=4 off=3e0 ffff00ffffff00ffffff00ffffff00ff
N3GD_BODY id=4 off=3f0 ffff00ffffff00ffffff00ffffff00ff
N3GD_BODY id=4 off=400 ffff00ffffff00ffffff00ffffff00ff
N3GD_BODY id=4 off=410 ffff00ffffff00ffffff00ffffff00ff
N3GD_BODY id=4 off=420 ffff00ffffff00ffffff00ffffff00ff
N3GD_BODY id=4 off=430 ffff00ffffff00ffffff00ffffff00ff
N3GD_BODY id=4 off=440 ffff00ffffff00ffffff00ffffff00ff
N3GD_BODY id=4 off=450 ffff00ffffff00ffffff00ffffff00ff
N3GD_BODY id=4 off=460 ffff00ffffff00ffffff00ffffff00ff
N3GD_BODY id=4 off=470 ffff00ffffff00ffffff00ffffff00ff
N3GD_BODY id=4 off=480 ffff00ffffff00ffffff00ffffff00ff
N3GD_BODY id=4 off=490 ffff00ffffff00ffffff00ffffff00ff
N3GD_BODY id=4 off=4a0 ffff00ffffff00ffffff00ffffff00ff
N3GD_BODY id=4 off=4b0 ffff00ffffff00ffffff00ffffff00ff
N3GD_BODY id=4 off=4c0 ffff00ffffff00ffffff00ffffff00ff
N3GD_BODY id=4 off=4d0 ffff00ffffff00ffffff00ffffff00ff
N3GD_BODY id=4 off=4e0 ffff00ffffff00ffffff00ffffff00ff
N3GD_BODY id=4 off=4f0 ffff00ffffff00ffffff00ffffff00ff
N3GD_BODY id=4 off=500 ffff00ffffff00ffffff00ffffff00ff
N3GD_BODY id=4 off=510 ffff00ffffff00ffffff00ffffff00ff
N3GD_BODY id=4 off=520 ffff00ffffff00ffffff00ffffff00ff
N3GD_BODY id=4 off=530 ffff00ffffff00ffffff00ffffff00ff
N3GD_BODY id=4 off=540 ffff00ffffff00ffffff00ffffff00ff
N3GD_BODY id=4 off=550 ffff00ffffff00ffffff00ffffff00ff
N3GD_BODY id=4 off=560 ffff00ffffff00ffffff00ffffff00ff
N3GD_BODY id=4 off=570 ffff00ffffff00ffffff00ffffff00ff
N3GD_BODY id=4 off=580 ffff00ffffff00ffffff00ffffff00ff
N3GD_BODY id=4 off=590 ffff00ffffff00ffffff00ffffff00ff
N3GD_BODY id=4 off=5a0 ffff00ffffff00ffffff00ffffff00ff
N3GD_BODY id=4 off=5b0 ffff00ffffff00ffffff00ffffff00ff
N3GD_BODY id=4 off=5c0 ffff00ffffff00ffffff00ffffff00ff
N3GD_BODY id=4 off=5d0 ffff00ffffff00ffffff00ffffff00ff
N3GD_BODY id=4 off=5e0 ffff00ffffff00ffffff00ffffff00ff
N3GD_BODY id=4 off=5f0 ffff00ffffff00ffffff00ffffff00ff
N3GD_BODY id=4 off=600 ffff00ffffff00ffffff00ffffff00ff
N3GD_BODY id=4 off=610 ffff00ffffff00ffffff00ffffff00ff
N3GD_BODY id=4 off=620 ffff00ffffff00ffffff00ffffff00ff
N3GD_BODY id=4 off=630 ffff00ffffff00ffffff00ffffff00ff
N3GD_BODY id=4 off=640 ffff00ffffff00ffffff00ffffff00ff
N3GD_BODY id=4 off=650 ffff00ffffff00ffffff00ffffff00ff
N3GD_BODY id=4 off=660 ffff00ffffff00ffffff00ffffff00ff
N3GD_BODY id=4 off=670 ffff00ffffff00ffffff00ffffff00ff
N3GD_BODY id=4 off=680 ffff00ffffff00ffffff00ffffff00ff
N3GD_BODY id=4 off=690 ffff00ffffff00ffffff00ffffff00ff
N3GD_BODY id=4 off=6a0 ffff00ffffff00ffffff00ffffff00ff
N3GD_BODY id=4 off=6b0 ffff00ffffff00ffffff00ffffff00ff
N3GD_BODY id=4 off=6c0 ffff00ffffff00ffffff00ffffff00ff
N3GD_BODY id=4 off=6d0 ffff00ffffff00ffffff00ffffff00ff
N3GD_BODY id=4 off=6e0 ffff00ffffff00ffffff00ffffff00ff
N3GD_BODY id=4 off=6f0 ffff00ffffff00ffffff00ffffff00ff
N3GD_BODY id=4 off=700 ffff00ffffff00ffffff00ffffff00ff
N3GD_BODY id=4 off=710 ffff00ffffff00ffffff00ffffff00ff
N3GD_BODY id=4 off=720 ffff00ffffff00ffffff00ffffff00ff
N3GD_BODY id=4 off=730 ffff00ffffff00ffffff00ffffff00ff
N3GD_BODY id=4 off=740 ffff00ffffff00ffffff00ffffff00ff
N3GD_BODY id=4 off=750 ffff00ffffff00ffffff00ffffff00ff
N3GD_BODY id=4 off=760 ffff00ffffff00ffffff00ffffff00ff
N3GD_BODY id=4 off=770 ffff00ffffff00ffffff00ffffff00ff
N3GD_BODY id=4 off=780 ffff00ffffff00ffffff00ffffff00ff
N3GD_BODY id=4 off=790 ffff00ffffff00ffffff00ffffff00ff
N3GD_BODY id=4 off=7a0 ffff00ffffff00ffffff00ffffff00ff
N3GD_BODY id=4 off=7b0 ffff00ffffff00ffffff00ffffff00ff
N3GD_BODY id=4 off=7c0 ffff00ffffff00ffffff00ffffff00ff
N3GD_BODY id=4 off=7d0 ffff00ffffff00ffffff00ffffff00ff
N3GD_BODY id=4 off=7e0 ffff00ffffff00ffffff00ffffff00ff
N3GD_BODY id=4 off=7f0 ffff00ffffff00ffffff00ffffff00ff
N3GD_OOB id=4 off=000 fac10c0041cc0000ff40ffffe5ab0678
N3GD_OOB id=4 off=010 0a52efac2207c7a2053adbc8606282c5
N3GD_OOB id=4 off=020 374bcde4a25178a6eb7e94b8b7fa1e2e
N3GD_OOB id=4 off=030 eddbaafff14d9b9ea7ce563d3b3c79fe
N3GD_END id=4
N3GD_BEGIN id=5 kind=cand j=-1 v=050E po=253 sl=4294967295 l0=FFFFFFFF host=0000A07E tgt=000140FC bank=1 pb=1719 pp=63 phy=220095 shift=4294967295 t=00 ix=0000 u=00000000 l=00000000
N3GD_BODY id=5 off=000 00000000000000000000000000000000
N3GD_BODY id=5 off=010 00000000000000000000000000000000
N3GD_BODY id=5 off=020 00000000000000000000000000000000
N3GD_BODY id=5 off=030 00000000000000000000000000000000
N3GD_BODY id=5 off=040 00000000000000000000000000000000
N3GD_BODY id=5 off=050 00000000000000000000000000000000
N3GD_BODY id=5 off=060 00000000000000000000000000000000
N3GD_BODY id=5 off=070 00000000000000000000000000000000
N3GD_BODY id=5 off=080 00000000000000000000000000000000
N3GD_BODY id=5 off=090 00000000000000000000000000000000
N3GD_BODY id=5 off=0a0 00000000000000000000000000000000
N3GD_BODY id=5 off=0b0 00000000000000000000000000000000
N3GD_BODY id=5 off=0c0 00000000000000000000000000000000
N3GD_BODY id=5 off=0d0 00000000000000000000000000000000
N3GD_BODY id=5 off=0e0 00000000000000000000000000000000
N3GD_BODY id=5 off=0f0 00000000000000000000000000000000
N3GD_BODY id=5 off=100 00000000000000000000000000000000
N3GD_BODY id=5 off=110 00000000000000000000000000000000
N3GD_BODY id=5 off=120 00000000000000000000000000000000
N3GD_BODY id=5 off=130 00000000000000000000000000000000
N3GD_BODY id=5 off=140 00000000000000000000000000000000
N3GD_BODY id=5 off=150 00000000000000000000000000000000
N3GD_BODY id=5 off=160 00000000000000000000000000000000
N3GD_BODY id=5 off=170 00000000000000000000000000000000
N3GD_BODY id=5 off=180 00000000000000000000000000000000
N3GD_BODY id=5 off=190 00000000000000000000000000000000
N3GD_BODY id=5 off=1a0 00000000000000000000000000000000
N3GD_BODY id=5 off=1b0 00000000000000000000000000000000
N3GD_BODY id=5 off=1c0 00000000000000000000000000000000
N3GD_BODY id=5 off=1d0 00000000000000000000000000000000
N3GD_BODY id=5 off=1e0 00000000000000000000000000000000
N3GD_BODY id=5 off=1f0 00000000000000000000000000000000
N3GD_BODY id=5 off=200 00000000000000000000000000000000
N3GD_BODY id=5 off=210 00000000000000000000000000000000
N3GD_BODY id=5 off=220 00000000000000000000000000000000
N3GD_BODY id=5 off=230 00000000000000000000000000000000
N3GD_BODY id=5 off=240 00000000000000000000000000000000
N3GD_BODY id=5 off=250 00000000000000000000000000000000
N3GD_BODY id=5 off=260 00000000000000000000000000000000
N3GD_BODY id=5 off=270 00000000000000000000000000000000
N3GD_BODY id=5 off=280 00000000000000000000000000000000
N3GD_BODY id=5 off=290 00000000000000000000000000000000
N3GD_BODY id=5 off=2a0 00000000000000000000000000000000
N3GD_BODY id=5 off=2b0 00000000000000000000000000000000
N3GD_BODY id=5 off=2c0 00000000000000000000000000000000
N3GD_BODY id=5 off=2d0 00000000000000000000000000000000
N3GD_BODY id=5 off=2e0 00000000000000000000000000000000
N3GD_BODY id=5 off=2f0 00000000000000000000000000000000
N3GD_BODY id=5 off=300 00000000000000000000000000000000
N3GD_BODY id=5 off=310 00000000000000000000000000000000
N3GD_BODY id=5 off=320 00000000000000000000000000000000
N3GD_BODY id=5 off=330 00000000000000000000000000000000
N3GD_BODY id=5 off=340 00000000000000000000000000000000
N3GD_BODY id=5 off=350 00000000000000000000000000000000
N3GD_BODY id=5 off=360 00000000000000000000000000000000
N3GD_BODY id=5 off=370 00000000000000000000000000000000
N3GD_BODY id=5 off=380 00000000000000000000000000000000
N3GD_BODY id=5 off=390 00000000000000000000000000000000
N3GD_BODY id=5 off=3a0 00000000000000000000000000000000
N3GD_BODY id=5 off=3b0 00000000000000000000000000000000
N3GD_BODY id=5 off=3c0 00000000000000000000000000000000
N3GD_BODY id=5 off=3d0 00000000000000000000000000000000
N3GD_BODY id=5 off=3e0 00000000000000000000000000000000
N3GD_BODY id=5 off=3f0 00000000000000000000000000000000
N3GD_BODY id=5 off=400 00000000000000000000000000000000
N3GD_BODY id=5 off=410 00000000000000000000000000000000
N3GD_BODY id=5 off=420 00000000000000000000000000000000
N3GD_BODY id=5 off=430 00000000000000000000000000000000
N3GD_BODY id=5 off=440 00000000000000000000000000000000
N3GD_BODY id=5 off=450 00000000000000000000000000000000
N3GD_BODY id=5 off=460 00000000000000000000000000000000
N3GD_BODY id=5 off=470 00000000000000000000000000000000
N3GD_BODY id=5 off=480 00000000000000000000000000000000
N3GD_BODY id=5 off=490 00000000000000000000000000000000
N3GD_BODY id=5 off=4a0 00000000000000000000000000000000
N3GD_BODY id=5 off=4b0 00000000000000000000000000000000
N3GD_BODY id=5 off=4c0 00000000000000000000000000000000
N3GD_BODY id=5 off=4d0 00000000000000000000000000000000
N3GD_BODY id=5 off=4e0 00000000000000000000000000000000
N3GD_BODY id=5 off=4f0 00000000000000000000000000000000
N3GD_BODY id=5 off=500 00000000000000000000000000000000
N3GD_BODY id=5 off=510 00000000000000000000000000000000
N3GD_BODY id=5 off=520 00000000000000000000000000000000
N3GD_BODY id=5 off=530 00000000000000000000000000000000
N3GD_BODY id=5 off=540 00000000000000000000000000000000
N3GD_BODY id=5 off=550 00000000000000000000000000000000
N3GD_BODY id=5 off=560 00000000000000000000000000000000
N3GD_BODY id=5 off=570 00000000000000000000000000000000
N3GD_BODY id=5 off=580 00000000000000000000000000000000
N3GD_BODY id=5 off=590 00000000000000000000000000000000
N3GD_BODY id=5 off=5a0 00000000000000000000000000000000
N3GD_BODY id=5 off=5b0 00000000000000000000000000000000
N3GD_BODY id=5 off=5c0 00000000000000000000000000000000
N3GD_BODY id=5 off=5d0 00000000000000000000000000000000
N3GD_BODY id=5 off=5e0 00000000000000000000000000000000
N3GD_BODY id=5 off=5f0 00000000000000000000000000000000
N3GD_BODY id=5 off=600 00000000000000000000000000000000
N3GD_BODY id=5 off=610 00000000000000000000000000000000
N3GD_BODY id=5 off=620 00000000000000000000000000000000
N3GD_BODY id=5 off=630 00000000000000000000000000000000
N3GD_BODY id=5 off=640 00000000000000000000000000000000
N3GD_BODY id=5 off=650 00000000000000000000000000000000
N3GD_BODY id=5 off=660 00000000000000000000000000000000
N3GD_BODY id=5 off=670 00000000000000000000000000000000
N3GD_BODY id=5 off=680 00000000000000000000000000000000
N3GD_BODY id=5 off=690 00000000000000000000000000000000
N3GD_BODY id=5 off=6a0 00000000000000000000000000000000
N3GD_BODY id=5 off=6b0 00000000000000000000000000000000
N3GD_BODY id=5 off=6c0 00000000000000000000000000000000
N3GD_BODY id=5 off=6d0 00000000000000000000000000000000
N3GD_BODY id=5 off=6e0 00000000000000000000000000000000
N3GD_BODY id=5 off=6f0 00000000000000000000000000000000
N3GD_BODY id=5 off=700 00000000000000000000000000000000
N3GD_BODY id=5 off=710 00000000000000000000000000000000
N3GD_BODY id=5 off=720 00000000000000000000000000000000
N3GD_BODY id=5 off=730 00000000000000000000000000000000
N3GD_BODY id=5 off=740 00000000000000000000000000000000
N3GD_BODY id=5 off=750 00000000000000000000000000000000
N3GD_BODY id=5 off=760 00000000000000000000000000000000
N3GD_BODY id=5 off=770 00000000000000000000000000000000
N3GD_BODY id=5 off=780 00000000000000000000000000000000
N3GD_BODY id=5 off=790 00000000000000000000000000000000
N3GD_BODY id=5 off=7a0 00000000000000000000000000000000
N3GD_BODY id=5 off=7b0 00000000000000000000000000000000
N3GD_BODY id=5 off=7c0 00000000000000000000000000000000
N3GD_BODY id=5 off=7d0 00000000000000000000000000000000
N3GD_BODY id=5 off=7e0 00000000000000000000000000000000
N3GD_BODY id=5 off=7f0 00000000000000000000000000000000
N3GD_OOB id=5 off=000 000000000000000000000000e5ab0678
N3GD_OOB id=5 off=010 0a52efac2207c7a2053adbc8606282c5
N3GD_OOB id=5 off=020 374bcde4a25178a6eb7e94b8b7fa1e2e
N3GD_OOB id=5 off=030 eddbaafff14d9b9ea7ce563d3b3c79fe
N3GD_END id=5
N3GD_BEGIN id=6 kind=cand j=-1 v=050E po=254 sl=4294967295 l0=FFFFFFFF host=0000A07E tgt=000140FC bank=2 pb=1719 pp=63 phy=220095 shift=4294967295 t=00 ix=0000 u=00000000 l=00000000
N3GD_BODY id=6 off=000 00000000000000000000000000000000
N3GD_BODY id=6 off=010 00000000000000000000000000000000
N3GD_BODY id=6 off=020 00000000000000000000000000000000
N3GD_BODY id=6 off=030 00000000000000000000000000000000
N3GD_BODY id=6 off=040 00000000000000000000000000000000
N3GD_BODY id=6 off=050 00000000000000000000000000000000
N3GD_BODY id=6 off=060 00000000000000000000000000000000
N3GD_BODY id=6 off=070 00000000000000000000000000000000
N3GD_BODY id=6 off=080 00000000000000000000000000000000
N3GD_BODY id=6 off=090 00000000000000000000000000000000
N3GD_BODY id=6 off=0a0 00000000000000000000000000000000
N3GD_BODY id=6 off=0b0 00000000000000000000000000000000
N3GD_BODY id=6 off=0c0 00000000000000000000000000000000
N3GD_BODY id=6 off=0d0 00000000000000000000000000000000
N3GD_BODY id=6 off=0e0 00000000000000000000000000000000
N3GD_BODY id=6 off=0f0 00000000000000000000000000000000
N3GD_BODY id=6 off=100 00000000000000000000000000000000
N3GD_BODY id=6 off=110 00000000000000000000000000000000
N3GD_BODY id=6 off=120 00000000000000000000000000000000
N3GD_BODY id=6 off=130 00000000000000000000000000000000
N3GD_BODY id=6 off=140 00000000000000000000000000000000
N3GD_BODY id=6 off=150 00000000000000000000000000000000
N3GD_BODY id=6 off=160 00000000000000000000000000000000
N3GD_BODY id=6 off=170 00000000000000000000000000000000
N3GD_BODY id=6 off=180 00000000000000000000000000000000
N3GD_BODY id=6 off=190 00000000000000000000000000000000
N3GD_BODY id=6 off=1a0 00000000000000000000000000000000
N3GD_BODY id=6 off=1b0 00000000000000000000000000000000
N3GD_BODY id=6 off=1c0 00000000000000000000000000000000
N3GD_BODY id=6 off=1d0 00000000000000000000000000000000
N3GD_BODY id=6 off=1e0 00000000000000000000000000000000
N3GD_BODY id=6 off=1f0 00000000000000000000000000000000
N3GD_BODY id=6 off=200 00000000000000000000000000000000
N3GD_BODY id=6 off=210 00000000000000000000000000000000
N3GD_BODY id=6 off=220 00000000000000000000000000000000
N3GD_BODY id=6 off=230 00000000000000000000000000000000
N3GD_BODY id=6 off=240 00000000000000000000000000000000
N3GD_BODY id=6 off=250 00000000000000000000000000000000
N3GD_BODY id=6 off=260 00000000000000000000000000000000
N3GD_BODY id=6 off=270 00000000000000000000000000000000
N3GD_BODY id=6 off=280 00000000000000000000000000000000
N3GD_BODY id=6 off=290 00000000000000000000000000000000
N3GD_BODY id=6 off=2a0 00000000000000000000000000000000
N3GD_BODY id=6 off=2b0 00000000000000000000000000000000
N3GD_BODY id=6 off=2c0 00000000000000000000000000000000
N3GD_BODY id=6 off=2d0 00000000000000000000000000000000
N3GD_BODY id=6 off=2e0 00000000000000000000000000000000
N3GD_BODY id=6 off=2f0 00000000000000000000000000000000
N3GD_BODY id=6 off=300 00000000000000000000000000000000
N3GD_BODY id=6 off=310 00000000000000000000000000000000
N3GD_BODY id=6 off=320 00000000000000000000000000000000
N3GD_BODY id=6 off=330 00000000000000000000000000000000
N3GD_BODY id=6 off=340 00000000000000000000000000000000
N3GD_BODY id=6 off=350 00000000000000000000000000000000
N3GD_BODY id=6 off=360 00000000000000000000000000000000
N3GD_BODY id=6 off=370 00000000000000000000000000000000
N3GD_BODY id=6 off=380 00000000000000000000000000000000
N3GD_BODY id=6 off=390 00000000000000000000000000000000
N3GD_BODY id=6 off=3a0 00000000000000000000000000000000
N3GD_BODY id=6 off=3b0 00000000000000000000000000000000
N3GD_BODY id=6 off=3c0 00000000000000000000000000000000
N3GD_BODY id=6 off=3d0 00000000000000000000000000000000
N3GD_BODY id=6 off=3e0 00000000000000000000000000000000
N3GD_BODY id=6 off=3f0 00000000000000000000000000000000
N3GD_BODY id=6 off=400 00000000000000000000000000000000
N3GD_BODY id=6 off=410 00000000000000000000000000000000
N3GD_BODY id=6 off=420 00000000000000000000000000000000
N3GD_BODY id=6 off=430 00000000000000000000000000000000
N3GD_BODY id=6 off=440 00000000000000000000000000000000
N3GD_BODY id=6 off=450 00000000000000000000000000000000
N3GD_BODY id=6 off=460 00000000000000000000000000000000
N3GD_BODY id=6 off=470 00000000000000000000000000000000
N3GD_BODY id=6 off=480 00000000000000000000000000000000
N3GD_BODY id=6 off=490 00000000000000000000000000000000
N3GD_BODY id=6 off=4a0 00000000000000000000000000000000
N3GD_BODY id=6 off=4b0 00000000000000000000000000000000
N3GD_BODY id=6 off=4c0 00000000000000000000000000000000
N3GD_BODY id=6 off=4d0 00000000000000000000000000000000
N3GD_BODY id=6 off=4e0 00000000000000000000000000000000
N3GD_BODY id=6 off=4f0 00000000000000000000000000000000
N3GD_BODY id=6 off=500 00000000000000000000000000000000
N3GD_BODY id=6 off=510 00000000000000000000000000000000
N3GD_BODY id=6 off=520 00000000000000000000000000000000
N3GD_BODY id=6 off=530 00000000000000000000000000000000
N3GD_BODY id=6 off=540 00000000000000000000000000000000
N3GD_BODY id=6 off=550 00000000000000000000000000000000
N3GD_BODY id=6 off=560 00000000000000000000000000000000
N3GD_BODY id=6 off=570 00000000000000000000000000000000
N3GD_BODY id=6 off=580 00000000000000000000000000000000
N3GD_BODY id=6 off=590 00000000000000000000000000000000
N3GD_BODY id=6 off=5a0 00000000000000000000000000000000
N3GD_BODY id=6 off=5b0 00000000000000000000000000000000
N3GD_BODY id=6 off=5c0 00000000000000000000000000000000
N3GD_BODY id=6 off=5d0 00000000000000000000000000000000
N3GD_BODY id=6 off=5e0 00000000000000000000000000000000
N3GD_BODY id=6 off=5f0 00000000000000000000000000000000
N3GD_BODY id=6 off=600 00000000000000000000000000000000
N3GD_BODY id=6 off=610 00000000000000000000000000000000
N3GD_BODY id=6 off=620 00000000000000000000000000000000
N3GD_BODY id=6 off=630 00000000000000000000000000000000
N3GD_BODY id=6 off=640 00000000000000000000000000000000
N3GD_BODY id=6 off=650 00000000000000000000000000000000
N3GD_BODY id=6 off=660 00000000000000000000000000000000
N3GD_BODY id=6 off=670 00000000000000000000000000000000
N3GD_BODY id=6 off=680 00000000000000000000000000000000
N3GD_BODY id=6 off=690 00000000000000000000000000000000
N3GD_BODY id=6 off=6a0 00000000000000000000000000000000
N3GD_BODY id=6 off=6b0 00000000000000000000000000000000
N3GD_BODY id=6 off=6c0 00000000000000000000000000000000
N3GD_BODY id=6 off=6d0 00000000000000000000000000000000
N3GD_BODY id=6 off=6e0 00000000000000000000000000000000
N3GD_BODY id=6 off=6f0 00000000000000000000000000000000
N3GD_BODY id=6 off=700 00000000000000000000000000000000
N3GD_BODY id=6 off=710 00000000000000000000000000000000
N3GD_BODY id=6 off=720 00000000000000000000000000000000
N3GD_BODY id=6 off=730 00000000000000000000000000000000
N3GD_BODY id=6 off=740 00000000000000000000000000000000
N3GD_BODY id=6 off=750 00000000000000000000000000000000
N3GD_BODY id=6 off=760 00000000000000000000000000000000
N3GD_BODY id=6 off=770 00000000000000000000000000000000
N3GD_BODY id=6 off=780 00000000000000000000000000000000
N3GD_BODY id=6 off=790 00000000000000000000000000000000
N3GD_BODY id=6 off=7a0 00000000000000000000000000000000
N3GD_BODY id=6 off=7b0 00000000000000000000000000000000
N3GD_BODY id=6 off=7c0 00000000000000000000000000000000
N3GD_BODY id=6 off=7d0 00000000000000000000000000000000
N3GD_BODY id=6 off=7e0 00000000000000000000000000000000
N3GD_BODY id=6 off=7f0 00000000000000000000000000000000
N3GD_OOB id=6 off=000 000000000000000000000000e5ab0678
N3GD_OOB id=6 off=010 0a52efac2207c7a2053adbc8606282c5
N3GD_OOB id=6 off=020 374bcde4a25178a6eb7e94b8b7fa1e2e
N3GD_OOB id=6 off=030 eddbaafff14d9b9ea7ce563d3b3c79fe
N3GD_END id=6
N3GD_BEGIN id=7 kind=cand j=-1 v=050E po=255 sl=4294967295 l0=FFFFFFFF host=0000A07E tgt=000140FC bank=3 pb=1719 pp=63 phy=220095 shift=4294967295 t=00 ix=0000 u=00000000 l=00000000
N3GD_BODY id=7 off=000 00000000000000000000000000000000
N3GD_BODY id=7 off=010 00000000000000000000000000000000
N3GD_BODY id=7 off=020 00000000000000000000000000000000
N3GD_BODY id=7 off=030 00000000000000000000000000000000
N3GD_BODY id=7 off=040 00000000000000000000000000000000
N3GD_BODY id=7 off=050 00000000000000000000000000000000
N3GD_BODY id=7 off=060 00000000000000000000000000000000
N3GD_BODY id=7 off=070 00000000000000000000000000000000
N3GD_BODY id=7 off=080 00000000000000000000000000000000
N3GD_BODY id=7 off=090 00000000000000000000000000000000
N3GD_BODY id=7 off=0a0 00000000000000000000000000000000
N3GD_BODY id=7 off=0b0 00000000000000000000000000000000
N3GD_BODY id=7 off=0c0 00000000000000000000000000000000
N3GD_BODY id=7 off=0d0 00000000000000000000000000000000
N3GD_BODY id=7 off=0e0 00000000000000000000000000000000
N3GD_BODY id=7 off=0f0 00000000000000000000000000000000
N3GD_BODY id=7 off=100 00000000000000000000000000000000
N3GD_BODY id=7 off=110 00000000000000000000000000000000
N3GD_BODY id=7 off=120 00000000000000000000000000000000
N3GD_BODY id=7 off=130 00000000000000000000000000000000
N3GD_BODY id=7 off=140 00000000000000000000000000000000
N3GD_BODY id=7 off=150 00000000000000000000000000000000
N3GD_BODY id=7 off=160 00000000000000000000000000000000
N3GD_BODY id=7 off=170 00000000000000000000000000000000
N3GD_BODY id=7 off=180 00000000000000000000000000000000
N3GD_BODY id=7 off=190 00000000000000000000000000000000
N3GD_BODY id=7 off=1a0 00000000000000000000000000000000
N3GD_BODY id=7 off=1b0 00000000000000000000000000000000
N3GD_BODY id=7 off=1c0 00000000000000000000000000000000
N3GD_BODY id=7 off=1d0 00000000000000000000000000000000
N3GD_BODY id=7 off=1e0 00000000000000000000000000000000
N3GD_BODY id=7 off=1f0 00000000000000000000000000000000
N3GD_BODY id=7 off=200 00000000000000000000000000000000
N3GD_BODY id=7 off=210 00000000000000000000000000000000
N3GD_BODY id=7 off=220 00000000000000000000000000000000
N3GD_BODY id=7 off=230 00000000000000000000000000000000
N3GD_BODY id=7 off=240 00000000000000000000000000000000
N3GD_BODY id=7 off=250 00000000000000000000000000000000
N3GD_BODY id=7 off=260 00000000000000000000000000000000
N3GD_BODY id=7 off=270 00000000000000000000000000000000
N3GD_BODY id=7 off=280 00000000000000000000000000000000
N3GD_BODY id=7 off=290 00000000000000000000000000000000
N3GD_BODY id=7 off=2a0 00000000000000000000000000000000
N3GD_BODY id=7 off=2b0 00000000000000000000000000000000
N3GD_BODY id=7 off=2c0 00000000000000000000000000000000
N3GD_BODY id=7 off=2d0 00000000000000000000000000000000
N3GD_BODY id=7 off=2e0 00000000000000000000000000000000
N3GD_BODY id=7 off=2f0 00000000000000000000000000000000
N3GD_BODY id=7 off=300 00000000000000000000000000000000
N3GD_BODY id=7 off=310 00000000000000000000000000000000
N3GD_BODY id=7 off=320 00000000000000000000000000000000
N3GD_BODY id=7 off=330 00000000000000000000000000000000
N3GD_BODY id=7 off=340 00000000000000000000000000000000
N3GD_BODY id=7 off=350 00000000000000000000000000000000
N3GD_BODY id=7 off=360 00000000000000000000000000000000
N3GD_BODY id=7 off=370 00000000000000000000000000000000
N3GD_BODY id=7 off=380 00000000000000000000000000000000
N3GD_BODY id=7 off=390 00000000000000000000000000000000
N3GD_BODY id=7 off=3a0 00000000000000000000000000000000
N3GD_BODY id=7 off=3b0 00000000000000000000000000000000
N3GD_BODY id=7 off=3c0 00000000000000000000000000000000
N3GD_BODY id=7 off=3d0 00000000000000000000000000000000
N3GD_BODY id=7 off=3e0 00000000000000000000000000000000
N3GD_BODY id=7 off=3f0 00000000000000000000000000000000
N3GD_BODY id=7 off=400 00000000000000000000000000000000
N3GD_BODY id=7 off=410 00000000000000000000000000000000
N3GD_BODY id=7 off=420 00000000000000000000000000000000
N3GD_BODY id=7 off=430 00000000000000000000000000000000
N3GD_BODY id=7 off=440 00000000000000000000000000000000
N3GD_BODY id=7 off=450 00000000000000000000000000000000
N3GD_BODY id=7 off=460 00000000000000000000000000000000
N3GD_BODY id=7 off=470 00000000000000000000000000000000
N3GD_BODY id=7 off=480 00000000000000000000000000000000
N3GD_BODY id=7 off=490 00000000000000000000000000000000
N3GD_BODY id=7 off=4a0 00000000000000000000000000000000
N3GD_BODY id=7 off=4b0 00000000000000000000000000000000
N3GD_BODY id=7 off=4c0 00000000000000000000000000000000
N3GD_BODY id=7 off=4d0 00000000000000000000000000000000
N3GD_BODY id=7 off=4e0 00000000000000000000000000000000
N3GD_BODY id=7 off=4f0 00000000000000000000000000000000
N3GD_BODY id=7 off=500 00000000000000000000000000000000
N3GD_BODY id=7 off=510 00000000000000000000000000000000
N3GD_BODY id=7 off=520 00000000000000000000000000000000
N3GD_BODY id=7 off=530 00000000000000000000000000000000
N3GD_BODY id=7 off=540 00000000000000000000000000000000
N3GD_BODY id=7 off=550 00000000000000000000000000000000
N3GD_BODY id=7 off=560 00000000000000000000000000000000
N3GD_BODY id=7 off=570 00000000000000000000000000000000
N3GD_BODY id=7 off=580 00000000000000000000000000000000
N3GD_BODY id=7 off=590 00000000000000000000000000000000
N3GD_BODY id=7 off=5a0 00000000000000000000000000000000
N3GD_BODY id=7 off=5b0 00000000000000000000000000000000
N3GD_BODY id=7 off=5c0 00000000000000000000000000000000
N3GD_BODY id=7 off=5d0 00000000000000000000000000000000
N3GD_BODY id=7 off=5e0 00000000000000000000000000000000
N3GD_BODY id=7 off=5f0 00000000000000000000000000000000
N3GD_BODY id=7 off=600 00000000000000000000000000000000
N3GD_BODY id=7 off=610 00000000000000000000000000000000
N3GD_BODY id=7 off=620 00000000000000000000000000000000
N3GD_BODY id=7 off=630 00000000000000000000000000000000
N3GD_BODY id=7 off=640 00000000000000000000000000000000
N3GD_BODY id=7 off=650 00000000000000000000000000000000
N3GD_BODY id=7 off=660 00000000000000000000000000000000
N3GD_BODY id=7 off=670 00000000000000000000000000000000
N3GD_BODY id=7 off=680 00000000000000000000000000000000
N3GD_BODY id=7 off=690 00000000000000000000000000000000
N3GD_BODY id=7 off=6a0 00000000000000000000000000000000
N3GD_BODY id=7 off=6b0 00000000000000000000000000000000
N3GD_BODY id=7 off=6c0 00000000000000000000000000000000
N3GD_BODY id=7 off=6d0 00000000000000000000000000000000
N3GD_BODY id=7 off=6e0 00000000000000000000000000000000
N3GD_BODY id=7 off=6f0 00000000000000000000000000000000
N3GD_BODY id=7 off=700 00000000000000000000000000000000
N3GD_BODY id=7 off=710 00000000000000000000000000000000
N3GD_BODY id=7 off=720 00000000000000000000000000000000
N3GD_BODY id=7 off=730 00000000000000000000000000000000
N3GD_BODY id=7 off=740 00000000000000000000000000000000
N3GD_BODY id=7 off=750 00000000000000000000000000000000
N3GD_BODY id=7 off=760 00000000000000000000000000000000
N3GD_BODY id=7 off=770 00000000000000000000000000000000
N3GD_BODY id=7 off=780 00000000000000000000000000000000
N3GD_BODY id=7 off=790 00000000000000000000000000000000
N3GD_BODY id=7 off=7a0 00000000000000000000000000000000
N3GD_BODY id=7 off=7b0 00000000000000000000000000000000
N3GD_BODY id=7 off=7c0 00000000000000000000000000000000
N3GD_BODY id=7 off=7d0 00000000000000000000000000000000
N3GD_BODY id=7 off=7e0 00000000000000000000000000000000
N3GD_BODY id=7 off=7f0 00000000000000000000000000000000
N3GD_OOB id=7 off=000 000000000000000000000000e5ab0678
N3GD_OOB id=7 off=010 0a52efac2207c7a2053adbc8606282c5
N3GD_OOB id=7 off=020 374bcde4a25178a6eb7e94b8b7fa1e2e
N3GD_OOB id=7 off=030 eddbaafff14d9b9ea7ce563d3b3c79fe
N3GD_END id=7
N3GD_BEGIN id=8 kind=cand j=-1 v=050E po=256 sl=4294967295 l0=FFFFFFFF host=0000A07E tgt=000140FC bank=0 pb=1719 pp=64 phy=220096 shift=4294967295 t=40 ix=CC41 u=000CC202 l=000CC202
N3GD_BODY id=8 off=000 00000000000000000000000000000000
N3GD_BODY id=8 off=010 00000000000000000000000000000000
N3GD_BODY id=8 off=020 00000000000000000000000000000000
N3GD_BODY id=8 off=030 00000000000000000000000000000000
N3GD_BODY id=8 off=040 00000000000000000000000000000000
N3GD_BODY id=8 off=050 000000000000000000000000000000b3
N3GD_BODY id=8 off=060 8c5b4b8f2a8d22cf3b4d448f4ccd44cf
N3GD_BODY id=8 off=070 448b445144d74b1d5c256cb18c000000
N3GD_BODY id=8 off=080 00000000000000000000000000000000
N3GD_BODY id=8 off=090 00000000000000000000000000000000
N3GD_BODY id=8 off=0a0 00000000000000000000000000000000
N3GD_BODY id=8 off=0b0 00000000000000000000000000000000
N3GD_BODY id=8 off=0c0 00000000000000000000000000000000
N3GD_BODY id=8 off=0d0 00000000000000000000000000000000
N3GD_BODY id=8 off=0e0 00000000000000000000000000000000
N3GD_BODY id=8 off=0f0 00000000000000000000000000000000
N3GD_BODY id=8 off=100 00000000000000000000000000000000
N3GD_BODY id=8 off=110 00000000000000000000000000000000
N3GD_BODY id=8 off=120 00000000000000000000000000000000
N3GD_BODY id=8 off=130 00000000000000000000000000000000
N3GD_BODY id=8 off=140 00000000000000000000000000000000
N3GD_BODY id=8 off=150 00000000000000000000000000000000
N3GD_BODY id=8 off=160 00000000000000000000000000000000
N3GD_BODY id=8 off=170 00000000000000000000000000000000
N3GD_BODY id=8 off=180 000000000000000000ab6b99311d4271
N3GD_BODY id=8 off=190 84b38c00000000000000000000000000
N3GD_BODY id=8 off=1a0 00000000000000000000000000000000
N3GD_BODY id=8 off=1b0 00000000000000000000000000000000
N3GD_BODY id=8 off=1c0 00000000000000000000000000000000
N3GD_BODY id=8 off=1d0 00000000000000000000000000000000
N3GD_BODY id=8 off=1e0 00000000000000000000000000000000
N3GD_BODY id=8 off=1f0 00000000000000000000000000000000
N3GD_BODY id=8 off=200 00000000000000000000000000000000
N3GD_BODY id=8 off=210 00000000000000000000000000000000
N3GD_BODY id=8 off=220 00000000000000000000000000000000
N3GD_BODY id=8 off=230 00000000000000000000000000000000
N3GD_BODY id=8 off=240 00000000000000000000000000000000
N3GD_BODY id=8 off=250 0000000000000000000000f5942763db
N3GD_BODY id=8 off=260 319929db31a14a738400000000000000
N3GD_BODY id=8 off=270 00000000000000000000000000000000
N3GD_BODY id=8 off=280 0000000000000000005f429929572997
N3GD_BODY id=8 off=290 299729a96b0000000000000000000000
N3GD_BODY id=8 off=2a0 00000000000000000000000000000000
N3GD_BODY id=8 off=2b0 00000000000000000000000000000000
N3GD_BODY id=8 off=2c0 00000000000000000000000000000000
N3GD_BODY id=8 off=2d0 00000000000000000000000000000000
N3GD_BODY id=8 off=2e0 00000000000000000000000000000000
N3GD_BODY id=8 off=2f0 00000000000000000000000000000000
N3GD_BODY id=8 off=300 00000000000000000000000000000000
N3GD_BODY id=8 off=310 00000000000000000000000000000000
N3GD_BODY id=8 off=320 000000000000001d635542d752d7525b
N3GD_BODY id=8 off=330 635d6b217c237ca78c6ba5f1bdb3ad37
N3GD_BODY id=8 off=340 a5000000000000000000000000000000
N3GD_BODY id=8 off=350 00000000000000000000000000000000
N3GD_BODY id=8 off=360 00000000000000000000000000000000
N3GD_BODY id=8 off=370 00000000000000000000000000000000
N3GD_BODY id=8 off=380 00000000000000000000000000000000
N3GD_BODY id=8 off=390 00000000000000b58ca14ad931572997
N3GD_BODY id=8 off=3a0 299729992957299929d931ab6b000000
N3GD_BODY id=8 off=3b0 00000000000000000000000000000000
N3GD_BODY id=8 off=3c0 00000000000000000000000000000000
N3GD_BODY id=8 off=3d0 00000000000000f794e5521d3aa14ab5
N3GD_BODY id=8 off=3e0 8c000000000000000000000000000000
N3GD_BODY id=8 off=3f0 00000000000000000000000000000000
N3GD_BODY id=8 off=400 00000000000000000000000000000000
N3GD_BODY id=8 off=410 00000000000000000000000000000000
N3GD_BODY id=8 off=420 00000000000000000000000000000000
N3GD_BODY id=8 off=430 00000000000000000000000000000000
N3GD_BODY id=8 off=440 00000000000000000000000000000000
N3GD_BODY id=8 off=450 00000000000000000000000000000000
N3GD_BODY id=8 off=460 000000000000006d7cd3328d220f234f
N3GD_BODY id=8 off=470 3c0d4d0f4d0d450f4d0d4555559f6da1
N3GD_BODY id=8 off=480 755f6d1d6d9b64636c6f7c0000000000
N3GD_BODY id=8 off=490 00000000000000000000000000000000
N3GD_BODY id=8 off=4a0 00000000000000000000000000000000
N3GD_BODY id=8 off=4b0 00000000000000000000000000000000
N3GD_BODY id=8 off=4c0 00000000000000000000000000000000
N3GD_BODY id=8 off=4d0 00000000000000000000000000000000
N3GD_BODY id=8 off=4e0 00000000000000000000000000000000
N3GD_BODY id=8 off=4f0 00000000000000000000000000000000
N3GD_BODY id=8 off=500 00000000000000000000000000000000
N3GD_BODY id=8 off=510 00000000000000000000000000000000
N3GD_BODY id=8 off=520 00000000000000000000000000000000
N3GD_BODY id=8 off=530 00000000000000000000000000000000
N3GD_BODY id=8 off=540 00000000000000000000000000000000
N3GD_BODY id=8 off=550 00000000000000000000000000000000
N3GD_BODY id=8 off=560 00000000000000000000000000000000
N3GD_BODY id=8 off=570 00000000000000000000000000000000
N3GD_BODY id=8 off=580 000000000000000000000000006763ed
N3GD_BODY id=8 off=590 73ab6b99295f42a96b69637184000000
N3GD_BODY id=8 off=5a0 00000000000000000000000000000000
N3GD_BODY id=8 off=5b0 00000000000000000000000000000000
N3GD_BODY id=8 off=5c0 00000000000000000000000000000000
N3GD_BODY id=8 off=5d0 00000000000000000000000000000000
N3GD_BODY id=8 off=5e0 00000000000000000000000000000000
N3GD_BODY id=8 off=5f0 00000000000000000000000000000000
N3GD_BODY id=8 off=600 00000000000000000000000000000000
N3GD_BODY id=8 off=610 00000000000000000000000000000000
N3GD_BODY id=8 off=620 00000000000000000000000000000000
N3GD_BODY id=8 off=630 00000000000000000000000000000000
N3GD_BODY id=8 off=640 00000000000000000000000000000000
N3GD_BODY id=8 off=650 00000000000000000000000000000000
N3GD_BODY id=8 off=660 00b58c71845f42993197299929572999
N3GD_BODY id=8 off=670 29e352b38c0000000000000000000000
N3GD_BODY id=8 off=680 00000000000000000000000000000000
N3GD_BODY id=8 off=690 00f594d93197299929972999315f4200
N3GD_BODY id=8 off=6a0 00000000000000000000000000000000
N3GD_BODY id=8 off=6b0 00000000000000000000000000000000
N3GD_BODY id=8 off=6c0 00000000000000000000000000000000
N3GD_BODY id=8 off=6d0 00000000000000000000000000000000
N3GD_BODY id=8 off=6e0 00000000000000000000000000000000
N3GD_BODY id=8 off=6f0 00000000000000000000000000000000
N3GD_BODY id=8 off=700 00000000000000000000000000000000
N3GD_BODY id=8 off=710 00000000000000000000000000000000
N3GD_BODY id=8 off=720 000000000000000000000000000000b1
N3GD_BODY id=8 off=730 8c554ad752d7521b635b63df73217c65
N3GD_BODY id=8 off=740 84e994efb575cef7d6b7ce37be379d00
N3GD_BODY id=8 off=750 00000000000000000000000000000000
N3GD_BODY id=8 off=760 00000000000000000000000000000000
N3GD_BODY id=8 off=770 00000000000000000000000000000000
N3GD_BODY id=8 off=780 00000000000000000000000000000000
N3GD_BODY id=8 off=790 00000000000000000000000000738ca9
N3GD_BODY id=8 off=7a0 6b1b3ad9319729992997299931972999
N3GD_BODY id=8 off=7b0 299729d931db31a96b00000000000000
N3GD_BODY id=8 off=7c0 00000000000000000000000000000000
N3GD_BODY id=8 off=7d0 00000000000000000000000000f594ab
N3GD_BODY id=8 off=7e0 6b1b3a99319729db31a352b58c000000
N3GD_BODY id=8 off=7f0 00000000000000000000000000000000
N3GD_OOB id=8 off=000 02c20c0041cc0000ff40ffffe5ab0678
N3GD_OOB id=8 off=010 0a52efac2207c7a2053adbc8606282c5
N3GD_OOB id=8 off=020 374bcde4a25178a6eb7e94b8b7fa1e2e
N3GD_OOB id=8 off=030 eddbaafff14d9b9ea7ce563d3b3c79fe
N3GD_END id=8
N3GD_BEGIN id=9 kind=cand j=-1 v=050E po=257 sl=4294967295 l0=FFFFFFFF host=0000A07E tgt=000140FC bank=1 pb=1719 pp=64 phy=220096 shift=4294967295 t=00 ix=0000 u=00000000 l=00000000
N3GD_BODY id=9 off=000 00000000000000000000000000000000
N3GD_BODY id=9 off=010 00000000000000000000000000000000
N3GD_BODY id=9 off=020 00000000000000000000000000000000
N3GD_BODY id=9 off=030 00000000000000000000000000000000
N3GD_BODY id=9 off=040 00000000000000000000000000000000
N3GD_BODY id=9 off=050 00000000000000000000000000000000
N3GD_BODY id=9 off=060 00000000000000000000000000000000
N3GD_BODY id=9 off=070 00000000000000000000000000000000
N3GD_BODY id=9 off=080 00000000000000000000000000000000
N3GD_BODY id=9 off=090 00000000000000000000000000000000
N3GD_BODY id=9 off=0a0 00000000000000000000000000000000
N3GD_BODY id=9 off=0b0 00000000000000000000000000000000
N3GD_BODY id=9 off=0c0 00000000000000000000000000000000
N3GD_BODY id=9 off=0d0 00000000000000000000000000000000
N3GD_BODY id=9 off=0e0 00000000000000000000000000000000
N3GD_BODY id=9 off=0f0 00000000000000000000000000000000
N3GD_BODY id=9 off=100 00000000000000000000000000000000
N3GD_BODY id=9 off=110 00000000000000000000000000000000
N3GD_BODY id=9 off=120 00000000000000000000000000000000
N3GD_BODY id=9 off=130 00000000000000000000000000000000
N3GD_BODY id=9 off=140 00000000000000000000000000000000
N3GD_BODY id=9 off=150 00000000000000000000000000000000
N3GD_BODY id=9 off=160 00000000000000000000000000000000
N3GD_BODY id=9 off=170 00000000000000000000000000000000
N3GD_BODY id=9 off=180 00000000000000000000000000000000
N3GD_BODY id=9 off=190 00000000000000000000000000000000
N3GD_BODY id=9 off=1a0 00000000000000000000000000000000
N3GD_BODY id=9 off=1b0 00000000000000000000000000000000
N3GD_BODY id=9 off=1c0 00000000000000000000000000000000
N3GD_BODY id=9 off=1d0 00000000000000000000000000000000
N3GD_BODY id=9 off=1e0 00000000000000000000000000000000
N3GD_BODY id=9 off=1f0 00000000000000000000000000000000
N3GD_BODY id=9 off=200 00000000000000000000000000000000
N3GD_BODY id=9 off=210 00000000000000000000000000000000
N3GD_BODY id=9 off=220 00000000000000000000000000000000
N3GD_BODY id=9 off=230 00000000000000000000000000000000
N3GD_BODY id=9 off=240 00000000000000000000000000000000
N3GD_BODY id=9 off=250 00000000000000000000000000000000
N3GD_BODY id=9 off=260 00000000000000000000000000000000
N3GD_BODY id=9 off=270 00000000000000000000000000000000
N3GD_BODY id=9 off=280 00000000000000000000000000000000
N3GD_BODY id=9 off=290 00000000000000000000000000000000
N3GD_BODY id=9 off=2a0 00000000000000000000000000000000
N3GD_BODY id=9 off=2b0 00000000000000000000000000000000
N3GD_BODY id=9 off=2c0 00000000000000000000000000000000
N3GD_BODY id=9 off=2d0 00000000000000000000000000000000
N3GD_BODY id=9 off=2e0 00000000000000000000000000000000
N3GD_BODY id=9 off=2f0 00000000000000000000000000000000
N3GD_BODY id=9 off=300 00000000000000000000000000000000
N3GD_BODY id=9 off=310 00000000000000000000000000000000
N3GD_BODY id=9 off=320 00000000000000000000000000000000
N3GD_BODY id=9 off=330 00000000000000000000000000000000
N3GD_BODY id=9 off=340 00000000000000000000000000000000
N3GD_BODY id=9 off=350 00000000000000000000000000000000
N3GD_BODY id=9 off=360 00000000000000000000000000000000
N3GD_BODY id=9 off=370 00000000000000000000000000000000
N3GD_BODY id=9 off=380 00000000000000000000000000000000
N3GD_BODY id=9 off=390 00000000000000000000000000000000
N3GD_BODY id=9 off=3a0 00000000000000000000000000000000
N3GD_BODY id=9 off=3b0 00000000000000000000000000000000
N3GD_BODY id=9 off=3c0 00000000000000000000000000000000
N3GD_BODY id=9 off=3d0 00000000000000000000000000000000
N3GD_BODY id=9 off=3e0 00000000000000000000000000000000
N3GD_BODY id=9 off=3f0 00000000000000000000000000000000
N3GD_BODY id=9 off=400 00000000000000000000000000000000
N3GD_BODY id=9 off=410 00000000000000000000000000000000
N3GD_BODY id=9 off=420 00000000000000000000000000000000
N3GD_BODY id=9 off=430 00000000000000000000000000000000
N3GD_BODY id=9 off=440 00000000000000000000000000000000
N3GD_BODY id=9 off=450 00000000000000000000000000000000
N3GD_BODY id=9 off=460 00000000000000000000000000000000
N3GD_BODY id=9 off=470 00000000000000000000000000000000
N3GD_BODY id=9 off=480 00000000000000000000000000000000
N3GD_BODY id=9 off=490 00000000000000000000000000000000
N3GD_BODY id=9 off=4a0 00000000000000000000000000000000
N3GD_BODY id=9 off=4b0 00000000000000000000000000000000
N3GD_BODY id=9 off=4c0 00000000000000000000000000000000
N3GD_BODY id=9 off=4d0 00000000000000000000000000000000
N3GD_BODY id=9 off=4e0 00000000000000000000000000000000
N3GD_BODY id=9 off=4f0 00000000000000000000000000000000
N3GD_BODY id=9 off=500 00000000000000000000000000000000
N3GD_BODY id=9 off=510 00000000000000000000000000000000
N3GD_BODY id=9 off=520 00000000000000000000000000000000
N3GD_BODY id=9 off=530 00000000000000000000000000000000
N3GD_BODY id=9 off=540 00000000000000000000000000000000
N3GD_BODY id=9 off=550 00000000000000000000000000000000
N3GD_BODY id=9 off=560 00000000000000000000000000000000
N3GD_BODY id=9 off=570 00000000000000000000000000000000
N3GD_BODY id=9 off=580 00000000000000000000000000000000
N3GD_BODY id=9 off=590 00000000000000000000000000000000
N3GD_BODY id=9 off=5a0 00000000000000000000000000000000
N3GD_BODY id=9 off=5b0 00000000000000000000000000000000
N3GD_BODY id=9 off=5c0 00000000000000000000000000000000
N3GD_BODY id=9 off=5d0 00000000000000000000000000000000
N3GD_BODY id=9 off=5e0 00000000000000000000000000000000
N3GD_BODY id=9 off=5f0 00000000000000000000000000000000
N3GD_BODY id=9 off=600 00000000000000000000000000000000
N3GD_BODY id=9 off=610 00000000000000000000000000000000
N3GD_BODY id=9 off=620 00000000000000000000000000000000
N3GD_BODY id=9 off=630 00000000000000000000000000000000
N3GD_BODY id=9 off=640 00000000000000000000000000000000
N3GD_BODY id=9 off=650 00000000000000000000000000000000
N3GD_BODY id=9 off=660 00000000000000000000000000000000
N3GD_BODY id=9 off=670 00000000000000000000000000000000
N3GD_BODY id=9 off=680 00000000000000000000000000000000
N3GD_BODY id=9 off=690 00000000000000000000000000000000
N3GD_BODY id=9 off=6a0 00000000000000000000000000000000
N3GD_BODY id=9 off=6b0 00000000000000000000000000000000
N3GD_BODY id=9 off=6c0 00000000000000000000000000000000
N3GD_BODY id=9 off=6d0 00000000000000000000000000000000
N3GD_BODY id=9 off=6e0 00000000000000000000000000000000
N3GD_BODY id=9 off=6f0 00000000000000000000000000000000
N3GD_BODY id=9 off=700 00000000000000000000000000000000
N3GD_BODY id=9 off=710 00000000000000000000000000000000
N3GD_BODY id=9 off=720 00000000000000000000000000000000
N3GD_BODY id=9 off=730 00000000000000000000000000000000
N3GD_BODY id=9 off=740 00000000000000000000000000000000
N3GD_BODY id=9 off=750 00000000000000000000000000000000
N3GD_BODY id=9 off=760 00000000000000000000000000000000
N3GD_BODY id=9 off=770 00000000000000000000000000000000
N3GD_BODY id=9 off=780 00000000000000000000000000000000
N3GD_BODY id=9 off=790 00000000000000000000000000000000
N3GD_BODY id=9 off=7a0 00000000000000000000000000000000
N3GD_BODY id=9 off=7b0 00000000000000000000000000000000
N3GD_BODY id=9 off=7c0 00000000000000000000000000000000
N3GD_BODY id=9 off=7d0 00000000000000000000000000000000
N3GD_BODY id=9 off=7e0 00000000000000000000000000000000
N3GD_BODY id=9 off=7f0 00000000000000000000000000000000
N3GD_OOB id=9 off=000 000000000000000000000000e5ab0678
N3GD_OOB id=9 off=010 0a52efac2207c7a2053adbc8606282c5
N3GD_OOB id=9 off=020 374bcde4a25178a6eb7e94b8b7fa1e2e
N3GD_OOB id=9 off=030 eddbaafff14d9b9ea7ce563d3b3c79fe
N3GD_END id=9
N3GD_BEGIN id=10 kind=cand j=-1 v=050E po=258 sl=4294967295 l0=FFFFFFFF host=0000A07E tgt=000140FC bank=2 pb=1719 pp=64 phy=220096 shift=4294967295 t=00 ix=0000 u=00000000 l=00000000
N3GD_BODY id=10 off=000 00000000000000000000000000000000
N3GD_BODY id=10 off=010 00000000000000000000000000000000
N3GD_BODY id=10 off=020 00000000000000000000000000000000
N3GD_BODY id=10 off=030 00000000000000000000000000000000
N3GD_BODY id=10 off=040 00000000000000000000000000000000
N3GD_BODY id=10 off=050 00000000000000000000000000000000
N3GD_BODY id=10 off=060 00000000000000000000000000000000
N3GD_BODY id=10 off=070 00000000000000000000000000000000
N3GD_BODY id=10 off=080 00000000000000000000000000000000
N3GD_BODY id=10 off=090 00000000000000000000000000000000
N3GD_BODY id=10 off=0a0 00000000000000000000000000000000
N3GD_BODY id=10 off=0b0 00000000000000000000000000000000
N3GD_BODY id=10 off=0c0 00000000000000000000000000000000
N3GD_BODY id=10 off=0d0 00000000000000000000000000000000
N3GD_BODY id=10 off=0e0 00000000000000000000000000000000
N3GD_BODY id=10 off=0f0 00000000000000000000000000000000
N3GD_BODY id=10 off=100 00000000000000000000000000000000
N3GD_BODY id=10 off=110 00000000000000000000000000000000
N3GD_BODY id=10 off=120 00000000000000000000000000000000
N3GD_BODY id=10 off=130 00000000000000000000000000000000
N3GD_BODY id=10 off=140 00000000000000000000000000000000
N3GD_BODY id=10 off=150 00000000000000000000000000000000
N3GD_BODY id=10 off=160 00000000000000000000000000000000
N3GD_BODY id=10 off=170 00000000000000000000000000000000
N3GD_BODY id=10 off=180 00000000000000000000000000000000
N3GD_BODY id=10 off=190 00000000000000000000000000000000
N3GD_BODY id=10 off=1a0 00000000000000000000000000000000
N3GD_BODY id=10 off=1b0 00000000000000000000000000000000
N3GD_BODY id=10 off=1c0 00000000000000000000000000000000
N3GD_BODY id=10 off=1d0 00000000000000000000000000000000
N3GD_BODY id=10 off=1e0 00000000000000000000000000000000
N3GD_BODY id=10 off=1f0 00000000000000000000000000000000
N3GD_BODY id=10 off=200 00000000000000000000000000000000
N3GD_BODY id=10 off=210 00000000000000000000000000000000
N3GD_BODY id=10 off=220 00000000000000000000000000000000
N3GD_BODY id=10 off=230 00000000000000000000000000000000
N3GD_BODY id=10 off=240 00000000000000000000000000000000
N3GD_BODY id=10 off=250 00000000000000000000000000000000
N3GD_BODY id=10 off=260 00000000000000000000000000000000
N3GD_BODY id=10 off=270 00000000000000000000000000000000
N3GD_BODY id=10 off=280 00000000000000000000000000000000
N3GD_BODY id=10 off=290 00000000000000000000000000000000
N3GD_BODY id=10 off=2a0 00000000000000000000000000000000
N3GD_BODY id=10 off=2b0 00000000000000000000000000000000
N3GD_BODY id=10 off=2c0 00000000000000000000000000000000
N3GD_BODY id=10 off=2d0 00000000000000000000000000000000
N3GD_BODY id=10 off=2e0 00000000000000000000000000000000
N3GD_BODY id=10 off=2f0 00000000000000000000000000000000
N3GD_BODY id=10 off=300 00000000000000000000000000000000
N3GD_BODY id=10 off=310 00000000000000000000000000000000
N3GD_BODY id=10 off=320 00000000000000000000000000000000
N3GD_BODY id=10 off=330 00000000000000000000000000000000
N3GD_BODY id=10 off=340 00000000000000000000000000000000
N3GD_BODY id=10 off=350 00000000000000000000000000000000
N3GD_BODY id=10 off=360 00000000000000000000000000000000
N3GD_BODY id=10 off=370 00000000000000000000000000000000
N3GD_BODY id=10 off=380 00000000000000000000000000000000
N3GD_BODY id=10 off=390 00000000000000000000000000000000
N3GD_BODY id=10 off=3a0 00000000000000000000000000000000
N3GD_BODY id=10 off=3b0 00000000000000000000000000000000
N3GD_BODY id=10 off=3c0 00000000000000000000000000000000
N3GD_BODY id=10 off=3d0 00000000000000000000000000000000
N3GD_BODY id=10 off=3e0 00000000000000000000000000000000
N3GD_BODY id=10 off=3f0 00000000000000000000000000000000
N3GD_BODY id=10 off=400 00000000000000000000000000000000
N3GD_BODY id=10 off=410 00000000000000000000000000000000
N3GD_BODY id=10 off=420 00000000000000000000000000000000
N3GD_BODY id=10 off=430 00000000000000000000000000000000
N3GD_BODY id=10 off=440 00000000000000000000000000000000
N3GD_BODY id=10 off=450 00000000000000000000000000000000
N3GD_BODY id=10 off=460 00000000000000000000000000000000
N3GD_BODY id=10 off=470 00000000000000000000000000000000
N3GD_BODY id=10 off=480 00000000000000000000000000000000
N3GD_BODY id=10 off=490 00000000000000000000000000000000
N3GD_BODY id=10 off=4a0 00000000000000000000000000000000
N3GD_BODY id=10 off=4b0 00000000000000000000000000000000
N3GD_BODY id=10 off=4c0 00000000000000000000000000000000
N3GD_BODY id=10 off=4d0 00000000000000000000000000000000
N3GD_BODY id=10 off=4e0 00000000000000000000000000000000
N3GD_BODY id=10 off=4f0 00000000000000000000000000000000
N3GD_BODY id=10 off=500 00000000000000000000000000000000
N3GD_BODY id=10 off=510 00000000000000000000000000000000
N3GD_BODY id=10 off=520 00000000000000000000000000000000
N3GD_BODY id=10 off=530 00000000000000000000000000000000
N3GD_BODY id=10 off=540 00000000000000000000000000000000
N3GD_BODY id=10 off=550 00000000000000000000000000000000
N3GD_BODY id=10 off=560 00000000000000000000000000000000
N3GD_BODY id=10 off=570 00000000000000000000000000000000
N3GD_BODY id=10 off=580 00000000000000000000000000000000
N3GD_BODY id=10 off=590 00000000000000000000000000000000
N3GD_BODY id=10 off=5a0 00000000000000000000000000000000
N3GD_BODY id=10 off=5b0 00000000000000000000000000000000
N3GD_BODY id=10 off=5c0 00000000000000000000000000000000
N3GD_BODY id=10 off=5d0 00000000000000000000000000000000
N3GD_BODY id=10 off=5e0 00000000000000000000000000000000
N3GD_BODY id=10 off=5f0 00000000000000000000000000000000
N3GD_BODY id=10 off=600 00000000000000000000000000000000
N3GD_BODY id=10 off=610 00000000000000000000000000000000
N3GD_BODY id=10 off=620 00000000000000000000000000000000
N3GD_BODY id=10 off=630 00000000000000000000000000000000
N3GD_BODY id=10 off=640 00000000000000000000000000000000
N3GD_BODY id=10 off=650 00000000000000000000000000000000
N3GD_BODY id=10 off=660 00000000000000000000000000000000
N3GD_BODY id=10 off=670 00000000000000000000000000000000
N3GD_BODY id=10 off=680 00000000000000000000000000000000
N3GD_BODY id=10 off=690 00000000000000000000000000000000
N3GD_BODY id=10 off=6a0 00000000000000000000000000000000
N3GD_BODY id=10 off=6b0 00000000000000000000000000000000
N3GD_BODY id=10 off=6c0 00000000000000000000000000000000
N3GD_BODY id=10 off=6d0 00000000000000000000000000000000
N3GD_BODY id=10 off=6e0 00000000000000000000000000000000
N3GD_BODY id=10 off=6f0 00000000000000000000000000000000
N3GD_BODY id=10 off=700 00000000000000000000000000000000
N3GD_BODY id=10 off=710 00000000000000000000000000000000
N3GD_BODY id=10 off=720 00000000000000000000000000000000
N3GD_BODY id=10 off=730 00000000000000000000000000000000
N3GD_BODY id=10 off=740 00000000000000000000000000000000
N3GD_BODY id=10 off=750 00000000000000000000000000000000
N3GD_BODY id=10 off=760 00000000000000000000000000000000
N3GD_BODY id=10 off=770 00000000000000000000000000000000
N3GD_BODY id=10 off=780 00000000000000000000000000000000
N3GD_BODY id=10 off=790 00000000000000000000000000000000
N3GD_BODY id=10 off=7a0 00000000000000000000000000000000
N3GD_BODY id=10 off=7b0 00000000000000000000000000000000
N3GD_BODY id=10 off=7c0 00000000000000000000000000000000
N3GD_BODY id=10 off=7d0 00000000000000000000000000000000
N3GD_BODY id=10 off=7e0 00000000000000000000000000000000
N3GD_BODY id=10 off=7f0 00000000000000000000000000000000
N3GD_OOB id=10 off=000 000000000000000000000000e5ab0678
N3GD_OOB id=10 off=010 0a52efac2207c7a2053adbc8606282c5
N3GD_OOB id=10 off=020 374bcde4a25178a6eb7e94b8b7fa1e2e
N3GD_OOB id=10 off=030 eddbaafff14d9b9ea7ce563d3b3c79fe
N3GD_END id=10
N3GD_BEGIN id=11 kind=cand j=-1 v=050E po=259 sl=4294967295 l0=FFFFFFFF host=0000A07E tgt=000140FC bank=3 pb=1719 pp=64 phy=220096 shift=4294967295 t=00 ix=0000 u=00000000 l=00000000
N3GD_BODY id=11 off=000 00000000000000000000000000000000
N3GD_BODY id=11 off=010 00000000000000000000000000000000
N3GD_BODY id=11 off=020 00000000000000000000000000000000
N3GD_BODY id=11 off=030 00000000000000000000000000000000
N3GD_BODY id=11 off=040 00000000000000000000000000000000
N3GD_BODY id=11 off=050 00000000000000000000000000000000
N3GD_BODY id=11 off=060 00000000000000000000000000000000
N3GD_BODY id=11 off=070 00000000000000000000000000000000
N3GD_BODY id=11 off=080 00000000000000000000000000000000
N3GD_BODY id=11 off=090 00000000000000000000000000000000
N3GD_BODY id=11 off=0a0 00000000000000000000000000000000
N3GD_BODY id=11 off=0b0 00000000000000000000000000000000
N3GD_BODY id=11 off=0c0 00000000000000000000000000000000
N3GD_BODY id=11 off=0d0 00000000000000000000000000000000
N3GD_BODY id=11 off=0e0 00000000000000000000000000000000
N3GD_BODY id=11 off=0f0 00000000000000000000000000000000
N3GD_BODY id=11 off=100 00000000000000000000000000000000
N3GD_BODY id=11 off=110 00000000000000000000000000000000
N3GD_BODY id=11 off=120 00000000000000000000000000000000
N3GD_BODY id=11 off=130 00000000000000000000000000000000
N3GD_BODY id=11 off=140 00000000000000000000000000000000
N3GD_BODY id=11 off=150 00000000000000000000000000000000
N3GD_BODY id=11 off=160 00000000000000000000000000000000
N3GD_BODY id=11 off=170 00000000000000000000000000000000
N3GD_BODY id=11 off=180 00000000000000000000000000000000
N3GD_BODY id=11 off=190 00000000000000000000000000000000
N3GD_BODY id=11 off=1a0 00000000000000000000000000000000
N3GD_BODY id=11 off=1b0 00000000000000000000000000000000
N3GD_BODY id=11 off=1c0 00000000000000000000000000000000
N3GD_BODY id=11 off=1d0 00000000000000000000000000000000
N3GD_BODY id=11 off=1e0 00000000000000000000000000000000
N3GD_BODY id=11 off=1f0 00000000000000000000000000000000
N3GD_BODY id=11 off=200 00000000000000000000000000000000
N3GD_BODY id=11 off=210 00000000000000000000000000000000
N3GD_BODY id=11 off=220 00000000000000000000000000000000
N3GD_BODY id=11 off=230 00000000000000000000000000000000
N3GD_BODY id=11 off=240 00000000000000000000000000000000
N3GD_BODY id=11 off=250 00000000000000000000000000000000
N3GD_BODY id=11 off=260 00000000000000000000000000000000
N3GD_BODY id=11 off=270 00000000000000000000000000000000
N3GD_BODY id=11 off=280 00000000000000000000000000000000
N3GD_BODY id=11 off=290 00000000000000000000000000000000
N3GD_BODY id=11 off=2a0 00000000000000000000000000000000
N3GD_BODY id=11 off=2b0 00000000000000000000000000000000
N3GD_BODY id=11 off=2c0 00000000000000000000000000000000
N3GD_BODY id=11 off=2d0 00000000000000000000000000000000
N3GD_BODY id=11 off=2e0 00000000000000000000000000000000
N3GD_BODY id=11 off=2f0 00000000000000000000000000000000
N3GD_BODY id=11 off=300 00000000000000000000000000000000
N3GD_BODY id=11 off=310 00000000000000000000000000000000
N3GD_BODY id=11 off=320 00000000000000000000000000000000
N3GD_BODY id=11 off=330 00000000000000000000000000000000
N3GD_BODY id=11 off=340 00000000000000000000000000000000
N3GD_BODY id=11 off=350 00000000000000000000000000000000
N3GD_BODY id=11 off=360 00000000000000000000000000000000
N3GD_BODY id=11 off=370 00000000000000000000000000000000
N3GD_BODY id=11 off=380 00000000000000000000000000000000
N3GD_BODY id=11 off=390 00000000000000000000000000000000
N3GD_BODY id=11 off=3a0 00000000000000000000000000000000
N3GD_BODY id=11 off=3b0 00000000000000000000000000000000
N3GD_BODY id=11 off=3c0 00000000000000000000000000000000
N3GD_BODY id=11 off=3d0 00000000000000000000000000000000
N3GD_BODY id=11 off=3e0 00000000000000000000000000000000
N3GD_BODY id=11 off=3f0 00000000000000000000000000000000
N3GD_BODY id=11 off=400 00000000000000000000000000000000
N3GD_BODY id=11 off=410 00000000000000000000000000000000
N3GD_BODY id=11 off=420 00000000000000000000000000000000
N3GD_BODY id=11 off=430 00000000000000000000000000000000
N3GD_BODY id=11 off=440 00000000000000000000000000000000
N3GD_BODY id=11 off=450 00000000000000000000000000000000
N3GD_BODY id=11 off=460 00000000000000000000000000000000
N3GD_BODY id=11 off=470 00000000000000000000000000000000
N3GD_BODY id=11 off=480 00000000000000000000000000000000
N3GD_BODY id=11 off=490 00000000000000000000000000000000
N3GD_BODY id=11 off=4a0 00000000000000000000000000000000
N3GD_BODY id=11 off=4b0 00000000000000000000000000000000
N3GD_BODY id=11 off=4c0 00000000000000000000000000000000
N3GD_BODY id=11 off=4d0 00000000000000000000000000000000
N3GD_BODY id=11 off=4e0 00000000000000000000000000000000
N3GD_BODY id=11 off=4f0 00000000000000000000000000000000
N3GD_BODY id=11 off=500 00000000000000000000000000000000
N3GD_BODY id=11 off=510 00000000000000000000000000000000
N3GD_BODY id=11 off=520 00000000000000000000000000000000
N3GD_BODY id=11 off=530 00000000000000000000000000000000
N3GD_BODY id=11 off=540 00000000000000000000000000000000
N3GD_BODY id=11 off=550 00000000000000000000000000000000
N3GD_BODY id=11 off=560 00000000000000000000000000000000
N3GD_BODY id=11 off=570 00000000000000000000000000000000
N3GD_BODY id=11 off=580 00000000000000000000000000000000
N3GD_BODY id=11 off=590 00000000000000000000000000000000
N3GD_BODY id=11 off=5a0 00000000000000000000000000000000
N3GD_BODY id=11 off=5b0 00000000000000000000000000000000
N3GD_BODY id=11 off=5c0 00000000000000000000000000000000
N3GD_BODY id=11 off=5d0 00000000000000000000000000000000
N3GD_BODY id=11 off=5e0 00000000000000000000000000000000
N3GD_BODY id=11 off=5f0 00000000000000000000000000000000
N3GD_BODY id=11 off=600 00000000000000000000000000000000
N3GD_BODY id=11 off=610 00000000000000000000000000000000
N3GD_BODY id=11 off=620 00000000000000000000000000000000
N3GD_BODY id=11 off=630 00000000000000000000000000000000
N3GD_BODY id=11 off=640 00000000000000000000000000000000
N3GD_BODY id=11 off=650 00000000000000000000000000000000
N3GD_BODY id=11 off=660 00000000000000000000000000000000
N3GD_BODY id=11 off=670 00000000000000000000000000000000
N3GD_BODY id=11 off=680 00000000000000000000000000000000
N3GD_BODY id=11 off=690 00000000000000000000000000000000
N3GD_BODY id=11 off=6a0 00000000000000000000000000000000
N3GD_BODY id=11 off=6b0 00000000000000000000000000000000
N3GD_BODY id=11 off=6c0 00000000000000000000000000000000
N3GD_BODY id=11 off=6d0 00000000000000000000000000000000
N3GD_BODY id=11 off=6e0 00000000000000000000000000000000
N3GD_BODY id=11 off=6f0 00000000000000000000000000000000
N3GD_BODY id=11 off=700 00000000000000000000000000000000
N3GD_BODY id=11 off=710 00000000000000000000000000000000
N3GD_BODY id=11 off=720 00000000000000000000000000000000
N3GD_BODY id=11 off=730 00000000000000000000000000000000
N3GD_BODY id=11 off=740 00000000000000000000000000000000
N3GD_BODY id=11 off=750 00000000000000000000000000000000
N3GD_BODY id=11 off=760 00000000000000000000000000000000
N3GD_BODY id=11 off=770 00000000000000000000000000000000
N3GD_BODY id=11 off=780 00000000000000000000000000000000
N3GD_BODY id=11 off=790 00000000000000000000000000000000
N3GD_BODY id=11 off=7a0 00000000000000000000000000000000
N3GD_BODY id=11 off=7b0 00000000000000000000000000000000
N3GD_BODY id=11 off=7c0 00000000000000000000000000000000
N3GD_BODY id=11 off=7d0 00000000000000000000000000000000
N3GD_BODY id=11 off=7e0 00000000000000000000000000000000
N3GD_BODY id=11 off=7f0 00000000000000000000000000000000
N3GD_OOB id=11 off=000 000000000000000000000000e5ab0678
N3GD_OOB id=11 off=010 0a52efac2207c7a2053adbc8606282c5
N3GD_OOB id=11 off=020 374bcde4a25178a6eb7e94b8b7fa1e2e
N3GD_OOB id=11 off=030 eddbaafff14d9b9ea7ce563d3b3c79fe
N3GD_END id=11
N3GD_BEGIN id=12 kind=cand j=-1 v=050E po=260 sl=4294967295 l0=FFFFFFFF host=0000A07E tgt=000140FC bank=0 pb=1719 pp=65 phy=220097 shift=4294967295 t=40 ix=CC41 u=000CC20A l=000CC20A
N3GD_BODY id=12 off=000 00000000000000000000000000000000
N3GD_BODY id=12 off=010 00ab6b614a9729d93197299931972999
N3GD_BODY id=12 off=020 29972999319729992997299931972999
N3GD_BODY id=12 off=030 29972999319729992997299931972999
N3GD_BODY id=12 off=040 299729993199311d3a614aeb73ffffff
N3GD_BODY id=12 off=050 fffffffffffffff7b52f7c2f7c7defff
N3GD_BODY id=12 off=060 ffffffffffffff6963a14a1d42993199
N3GD_BODY id=12 off=070 29972999319729992997299931972999
N3GD_BODY id=12 off=080 29972999319729992997299931972999
N3GD_BODY id=12 off=090 29db316b630000000000000000000000
N3GD_BODY id=12 off=0a0 00000000000000000000000000000000
N3GD_BODY id=12 off=0b0 00000000000000000000000000000000
N3GD_BODY id=12 off=0c0 00000000000000000000000000000000
N3GD_BODY id=12 off=0d0 0000000000000000000000b384f1846d
N3GD_BODY id=12 off=0e0 85215dd12b0712c719031105194519cb
N3GD_BODY id=12 off=0f0 21912a5b33a133e133d5220b2ac72109
N3GD_BODY id=12 off=100 2a09220b220b224d224b228d224d228d
N3GD_BODY id=12 off=110 228b22cd2a0b2b4b334b338b3b8b33cb
N3GD_BODY id=12 off=120 3bcb3b0d3ccd330f348d2b4f2bcd22cd
N3GD_BODY id=12 off=130 2249228b1a9b44a963295b4b1a933b29
N3GD_BODY id=12 off=140 5b25538323d532295be752275be75227
N3GD_BODY id=12 off=150 5be552e75ae552e552a552e552a552e7
N3GD_BODY id=12 off=160 52295b00000000000000000000000000
N3GD_BODY id=12 off=170 00000000000000000000000000000000
N3GD_BODY id=12 off=180 00000000000000000000000000000000
N3GD_BODY id=12 off=190 00000000000000000000000000000000
N3GD_BODY id=12 off=1a0 00000000000000000000000000000000
N3GD_BODY id=12 off=1b0 00000000000000000000000000000000
N3GD_BODY id=12 off=1c0 00000000000000000000000000000000
N3GD_BODY id=12 off=1d0 00000000000000000000000000000000
N3GD_BODY id=12 off=1e0 00000000000000000000000000000000
N3GD_BODY id=12 off=1f0 00000000000000000000000000000000
N3GD_BODY id=12 off=200 00000000002f7c993197299931972999
N3GD_BODY id=12 off=210 299729993199315f4269637184738c00
N3GD_BODY id=12 off=220 002f7c1b3a9729a352e35269632f7c00
N3GD_BODY id=12 off=230 00000000000000000000000000000000
N3GD_BODY id=12 off=240 00000000000000000000000000000000
N3GD_BODY id=12 off=250 00000000000000000000000000000000
N3GD_BODY id=12 off=260 00000000000000000000000000000000
N3GD_BODY id=12 off=270 00000000000000000000000000000000
N3GD_BODY id=12 off=280 000000000000000000b58cb58c6963db
N3GD_BODY id=12 off=290 3197299931972999299729a14aab6b2f
N3GD_BODY id=12 off=2a0 7cb58c0000000000000000f794f594f5
N3GD_BODY id=12 off=2b0 947384b38c7384738471847384718473
N3GD_BODY id=12 off=2c0 847184738471847184317c7184718431
N3GD_BODY id=12 off=2d0 84ef73f173ef73ad6b1d3a9931972999
N3GD_BODY id=12 off=2e0 29972999319729992997299931972999
N3GD_BODY id=12 off=2f0 299729993197295f42295b6b63295b29
N3GD_BODY id=12 off=300 63295b295b295b696b696bab6bab6b2f
N3GD_BODY id=12 off=310 7c000000000000000000000000000000
N3GD_BODY id=12 off=320 005f42992957299729972999295729a1
N3GD_BODY id=12 off=330 4aed732f7c2f7c000000000000000000
N3GD_BODY id=12 off=340 00000000000000000000000000000000
N3GD_BODY id=12 off=350 0000000000000000000000f794993197
N3GD_BODY id=12 off=360 2997299929572997299729ab6b718400
N3GD_BODY id=12 off=370 00000000000000000000000000000000
N3GD_BODY id=12 off=380 00000000000000000000000000000000
N3GD_BODY id=12 off=390 00000000000000000000000000000000
N3GD_BODY id=12 off=3a0 00000000000000000000000000000000
N3GD_BODY id=12 off=3b0 000000000000000000974a5752195b5d
N3GD_BODY id=12 off=3c0 635b635b5beba5bbe639b1b3919f42a3
N3GD_BODY id=12 off=3d0 5965682f8037902d89a99dbbe7b5ce2b
N3GD_BODY id=12 off=3e0 9ddf6b195b133ad75aef73af6bad6bad
N3GD_BODY id=12 off=3f0 6bad6bad6b6d63af6b00000000000000
N3GD_BODY id=12 off=400 00000000000000000000000000000000
N3GD_BODY id=12 off=410 00000000000000000000000000a35297
N3GD_BODY id=12 off=420 299929d9315729972997299929572997
N3GD_BODY id=12 off=430 29972999295729972997299929572997
N3GD_BODY id=12 off=440 29972999295729972997299929572999
N3GD_BODY id=12 off=450 31db315f42e3523be7ffffffffffffff
N3GD_BODY id=12 off=460 fff7bd2f7ced73fbdeffffffffffff7d
N3GD_BODY id=12 off=470 ef6763a14adb39d93197299929572997
N3GD_BODY id=12 off=480 29972999295729972997299929572997
N3GD_BODY id=12 off=490 29972999295729992997299929d9316b
N3GD_BODY id=12 off=4a0 63000000000000000000000000000000
N3GD_BODY id=12 off=4b0 00000000000000000000000000000000
N3GD_BODY id=12 off=4c0 00000000000000000000000000000000
N3GD_BODY id=12 off=4d0 00000000000000000000000000000073
N3GD_BODY id=12 off=4e0 84af7ce96cdf548f2bc5090511c31045
N3GD_BODY id=12 off=4f0 194719912a9b3b254c694ced546b44e7
N3GD_BODY id=12 off=500 3b612ba12b5d239322c9210922c9210b
N3GD_BODY id=12 off=510 22c9210b220b1a4b224b224d224b228d
N3GD_BODY id=12 off=520 224b228b2a8b22cd2acb220d23cd220d
N3GD_BODY id=12 off=530 2b0d230f2bcb22cb2209220b22993c67
N3GD_BODY id=12 off=540 5b295b275b451a9543e75a275b8723cf
N3GD_BODY id=12 off=550 2ae752295be752e752e552e552a54ae5
N3GD_BODY id=12 off=560 52a54ae552a34aa34aa552295b000000
N3GD_BODY id=12 off=570 00000000000000000000000000000000
N3GD_BODY id=12 off=580 00000000000000000000000000000000
N3GD_BODY id=12 off=590 00000000000000000000000000000000
N3GD_BODY id=12 off=5a0 00000000000000000000000000000000
N3GD_BODY id=12 off=5b0 00000000000000000000000000000000
N3GD_BODY id=12 off=5c0 00000000000000000000000000000000
N3GD_BODY id=12 off=5d0 00000000000000000000000000000000
N3GD_BODY id=12 off=5e0 00000000000000000000000000000000
N3GD_BODY id=12 off=5f0 00000000000000000000000000000000
N3GD_BODY id=12 off=600 000000000000000000000000002f7c99
N3GD_BODY id=12 off=610 3197299929572997299729992997291d
N3GD_BODY id=12 off=620 42275bef7b317c000071841d3a57295f
N3GD_BODY id=12 off=630 42a14a614a275b2f7c00000000000000
N3GD_BODY id=12 off=640 00000000000000000000000000000000
N3GD_BODY id=12 off=650 00000000000000000000000000000000
N3GD_BODY id=12 off=660 00000000000000000000000000000000
N3GD_BODY id=12 off=670 00000000000000000000000000000000
N3GD_BODY id=12 off=680 00000000000000000000000000000000
N3GD_BODY id=12 off=690 007384ab6b5f42972997299929572997
N3GD_BODY id=12 off=6a0 29614a2f7c73840000000000000000f7
N3GD_BODY id=12 off=6b0 94b58cb58c7384738471847384318473
N3GD_BODY id=12 off=6c0 847184738431847184317c7184318473
N3GD_BODY id=12 off=6d0 847384b58c73847384337c337c0000f1
N3GD_BODY id=12 off=6e0 73db3199295729972997299929572997
N3GD_BODY id=12 off=6f0 2997299929572997299729992997291f
N3GD_BODY id=12 off=700 42275b2963295b295b295b295be75227
N3GD_BODY id=12 off=710 5be752275b275bed7300000000000000
N3GD_BODY id=12 off=720 00000000000000000000005f42972999
N3GD_BODY id=12 off=730 299729993197299929a14a2f7ced7371
N3GD_BODY id=12 off=740 84000000000000000000000000000000
N3GD_BODY id=12 off=750 00000000000000000000000000000000
N3GD_BODY id=12 off=760 00000000000000696397299931972999
N3GD_BODY id=12 off=770 29972999315f42318400000000000000
N3GD_BODY id=12 off=780 00000000000000000000000000000000
N3GD_BODY id=12 off=790 00000000000000000000000000000000
N3GD_BODY id=12 off=7a0 00000000000000000000000000000000
N3GD_BODY id=12 off=7b0 00f594f794f794f794f5943795f79400
N3GD_BODY id=12 off=7c0 00eb6cd751d9525d635d639d6b9f6ba7
N3GD_BODY id=12 off=7d0 8cfbef39cdb9a8b7a8eb786f80379079
N3GD_BODY id=12 off=7e0 a0eda433cf7be731be65849d6b954a95
N3GD_BODY id=12 off=7f0 426163af73ad6bad6bad6baf6bad6bad
N3GD_OOB id=12 off=000 0ac20c0041cc0000ff40ffffe5ab0678
N3GD_OOB id=12 off=010 0a52efac2207c7a2053adbc8606282c5
N3GD_OOB id=12 off=020 374bcde4a25178a6eb7e94b8b7fa1e2e
N3GD_OOB id=12 off=030 eddbaafff14d9b9ea7ce563d3b3c79fe
N3GD_END id=12
N3GD_DONE pages=13
