/home/david/Documents/RockBox_Personal-master/devsrc/nano-soh-runtime/Shipwright/soh/src/overlays/actors/ovl_Bg_Jya_Bombiwa/z_bg_jya_bombiwa.c: In function 'BgJyaBombiwa_Init':
/home/david/Documents/RockBox_Personal-master/devsrc/nano-soh-runtime/Shipwright/soh/src/overlays/actors/ovl_Bg_Jya_Bombiwa/z_bg_jya_bombiwa.c:100:44: warning: passing argument 3 of 'BgJyaBombiwa_SetupDynaPoly' from incompatible pointer type [-Wincompatible-pointer-types]
  100 |     BgJyaBombiwa_SetupDynaPoly(this, play, &gBombiwaCol, DPM_UNK);
      |                                            ^~~~~~~~~~~~
      |                                            |
      |                                            const char (*)[42]
/home/david/Documents/RockBox_Personal-master/devsrc/nano-soh-runtime/Shipwright/soh/src/overlays/actors/ovl_Bg_Jya_Bombiwa/z_bg_jya_bombiwa.c:66:87: note: expected 'CollisionHeader *' but argument is of type 'const char (*)[42]'
   66 | void BgJyaBombiwa_SetupDynaPoly(BgJyaBombiwa* this, PlayState* play, CollisionHeader* collision, s32 flag) {
      |                                                                      ~~~~~~~~~~~~~~~~~^~~~~~~~~
/home/david/Documents/RockBox_Personal-master/devsrc/nano-soh-runtime/Shipwright/soh/src/overlays/actors/ovl_Bg_Jya_Bombiwa/z_bg_jya_bombiwa.c: In function 'BgJyaBombiwa_Break':
/home/david/Documents/RockBox_Personal-master/devsrc/nano-soh-runtime/Shipwright/soh/src/overlays/actors/ovl_Bg_Jya_Bombiwa/z_bg_jya_bombiwa.c:155:65: warning: passing argument 16 of 'EffectSsKakera_Spawn' from incompatible pointer type [-Wincompatible-pointer-types]
  155 |                              KAKERA_COLOR_NONE, OBJECT_JYA_OBJ, gBombiwaEffectDL);
      |                                                                 ^~~~~~~~~~~~~~~~
      |                                                                 |
      |                                                                 const char *
In file included from /home/david/Documents/RockBox_Personal-master/devsrc/nano-soh-runtime/Shipwright/soh/include/global.h:8,
                 from /home/david/Documents/RockBox_Personal-master/devsrc/nano-soh-runtime/Shipwright/soh/src/overlays/actors/ovl_Bg_Jya_Bombiwa/z_bg_jya_bombiwa.h:5,
                 from /home/david/Documents/RockBox_Personal-master/devsrc/nano-soh-runtime/Shipwright/soh/src/overlays/actors/ovl_Bg_Jya_Bombiwa/z_bg_jya_bombiwa.c:7:
/home/david/Documents/RockBox_Personal-master/devsrc/nano-soh-runtime/Shipwright/soh/include/functions.h:329:43: note: expected 'Gfx *' but argument is of type 'const char *'
  329 |                           s16 objId, Gfx* dList);
      |                                      ~~~~~^~~~~
/home/david/Documents/RockBox_Personal-master/devsrc/nano-soh-runtime/Shipwright/soh/src/overlays/actors/ovl_Bg_Jya_Bombiwa/z_bg_jya_bombiwa.c: In function 'BgJyaBombiwa_Draw':
/home/david/Documents/RockBox_Personal-master/devsrc/nano-soh-runtime/Shipwright/soh/src/overlays/actors/ovl_Bg_Jya_Bombiwa/z_bg_jya_bombiwa.c:179:28: warning: passing argument 2 of 'Gfx_DrawDListOpa' from incompatible pointer type [-Wincompatible-pointer-types]
  179 |     Gfx_DrawDListOpa(play, gBombiwaDL);
      |                            ^~~~~~~~~~
      |                            |
      |                            const char *
/home/david/Documents/RockBox_Personal-master/devsrc/nano-soh-runtime/Shipwright/soh/include/functions.h:546:45: note: expected 'Gfx *' but argument is of type 'const char *'
  546 | void Gfx_DrawDListOpa(PlayState* play, Gfx* dlist);
      |                                        ~~~~~^~~~~
