/home/david/Documents/RockBox_Personal-master/devsrc/nano-soh-runtime/Shipwright/soh/src/overlays/actors/ovl_Demo_Gt/z_demo_gt.c: In function 'func_8097DAC8':
/home/david/Documents/RockBox_Personal-master/devsrc/nano-soh-runtime/Shipwright/soh/src/overlays/actors/ovl_Demo_Gt/z_demo_gt.c:127:62: warning: passing argument 16 of 'EffectSsKakera_Spawn' from incompatible pointer type [-Wincompatible-pointer-types]
  127 |                              KAKERA_COLOR_NONE, OBJECT_GEFF, gGanonRubbleDL);
      |                                                              ^~~~~~~~~~~~~~
      |                                                              |
      |                                                              const char *
In file included from /home/david/Documents/RockBox_Personal-master/devsrc/nano-soh-runtime/Shipwright/soh/include/global.h:8,
                 from /home/david/Documents/RockBox_Personal-master/devsrc/nano-soh-runtime/Shipwright/soh/src/overlays/actors/ovl_Demo_Gt/z_demo_gt.h:5,
                 from /home/david/Documents/RockBox_Personal-master/devsrc/nano-soh-runtime/Shipwright/soh/src/overlays/actors/ovl_Demo_Gt/z_demo_gt.c:1:
/home/david/Documents/RockBox_Personal-master/devsrc/nano-soh-runtime/Shipwright/soh/include/functions.h:329:43: note: expected 'Gfx *' but argument is of type 'const char *'
  329 |                           s16 objId, Gfx* dList);
      |                                      ~~~~~^~~~~
/home/david/Documents/RockBox_Personal-master/devsrc/nano-soh-runtime/Shipwright/soh/src/overlays/actors/ovl_Demo_Gt/z_demo_gt.c: In function 'func_8097DD28':
/home/david/Documents/RockBox_Personal-master/devsrc/nano-soh-runtime/Shipwright/soh/src/overlays/actors/ovl_Demo_Gt/z_demo_gt.c:168:62: warning: passing argument 16 of 'EffectSsKakera_Spawn' from incompatible pointer type [-Wincompatible-pointer-types]
  168 |                              KAKERA_COLOR_NONE, OBJECT_GEFF, gGanonRubbleDL);
      |                                                              ^~~~~~~~~~~~~~
      |                                                              |
      |                                                              const char *
/home/david/Documents/RockBox_Personal-master/devsrc/nano-soh-runtime/Shipwright/soh/include/functions.h:329:43: note: expected 'Gfx *' but argument is of type 'const char *'
  329 |                           s16 objId, Gfx* dList);
      |                                      ~~~~~^~~~~
/home/david/Documents/RockBox_Personal-master/devsrc/nano-soh-runtime/Shipwright/soh/src/overlays/actors/ovl_Demo_Gt/z_demo_gt.c: In function 'func_8097DF70':
/home/david/Documents/RockBox_Personal-master/devsrc/nano-soh-runtime/Shipwright/soh/src/overlays/actors/ovl_Demo_Gt/z_demo_gt.c:210:30: warning: passing argument 16 of 'EffectSsKakera_Spawn' from incompatible pointer type [-Wincompatible-pointer-types]
  210 |                              gGanonRubbleDL);
      |                              ^~~~~~~~~~~~~~
      |                              |
      |                              const char *
/home/david/Documents/RockBox_Personal-master/devsrc/nano-soh-runtime/Shipwright/soh/include/functions.h:329:43: note: expected 'Gfx *' but argument is of type 'const char *'
  329 |                           s16 objId, Gfx* dList);
      |                                      ~~~~~^~~~~
/home/david/Documents/RockBox_Personal-master/devsrc/nano-soh-runtime/Shipwright/soh/src/overlays/actors/ovl_Demo_Gt/z_demo_gt.c: In function 'func_8097E1D4':
/home/david/Documents/RockBox_Personal-master/devsrc/nano-soh-runtime/Shipwright/soh/src/overlays/actors/ovl_Demo_Gt/z_demo_gt.c:251:62: warning: passing argument 16 of 'EffectSsKakera_Spawn' from incompatible pointer type [-Wincompatible-pointer-types]
  251 |                              KAKERA_COLOR_NONE, OBJECT_GEFF, gGanonRubbleDL);
      |                                                              ^~~~~~~~~~~~~~
      |                                                              |
      |                                                              const char *
/home/david/Documents/RockBox_Personal-master/devsrc/nano-soh-runtime/Shipwright/soh/include/functions.h:329:43: note: expected 'Gfx *' but argument is of type 'const char *'
  329 |                           s16 objId, Gfx* dList);
      |                                      ~~~~~^~~~~
/home/david/Documents/RockBox_Personal-master/devsrc/nano-soh-runtime/Shipwright/soh/src/overlays/actors/ovl_Demo_Gt/z_demo_gt.c: In function 'DemoGt_Draw1':
/home/david/Documents/RockBox_Personal-master/devsrc/nano-soh-runtime/Shipwright/soh/src/overlays/actors/ovl_Demo_Gt/z_demo_gt.c:672:16: warning: passing argument 3 of 'gSPSegment' makes integer from pointer without a cast [-Wint-conversion]
  672 |                Gfx_TwoTexScrollEnvColorEx(gfxCtx, 0, 0, unk198[0], 0x20, 0x40, 1, 0, unk198[1], 0x20, 0x40, unk178[0],
      |                ^~~~~~~~~~~~~~~~~~~~~~~~~~~~~~~~~~~~~~~~~~~~~~~~~~~~~~~~~~~~~~~~~~~~~~~~~~~~~~~~~~~~~~~~~~~~~~~~~~~~~~~
      |                |
      |                Gfx *
  673 |                                           unk178[1], unk178[2], 0x80, 0, unk198[0] < 0 ? -1 : 1, 0,
      |                                           ~~~~~~~~~~~~~~~~~~~~~~~~~~~~~~~~~~~~~~~~~~~~~~~~~~~~~~~~~
  674 |                                           unk198[1] < 0 ? -1 : 1));
      |                                           ~~~~~~~~~~~~~~~~~~~~~~~
/home/david/Documents/RockBox_Personal-master/devsrc/nano-soh-runtime/Shipwright/soh/include/functions.h:22:52: note: expected 'uintptr_t' {aka 'unsigned int'} but argument is of type 'Gfx *'
   22 | void gSPSegment(void* value, int segNum, uintptr_t target);
      |                                          ~~~~~~~~~~^~~~~~
/home/david/Documents/RockBox_Personal-master/devsrc/nano-soh-runtime/Shipwright/soh/src/overlays/actors/ovl_Demo_Gt/z_demo_gt.c:676:16: warning: passing argument 3 of 'gSPSegment' makes integer from pointer without a cast [-Wint-conversion]
  676 |                Gfx_TwoTexScrollEnvColorEx(gfxCtx, 0, 0, unk198[0], 0x20, 0x40, 1, 0, unk198[1], 0x20, 0x40, unk188[0],
      |                ^~~~~~~~~~~~~~~~~~~~~~~~~~~~~~~~~~~~~~~~~~~~~~~~~~~~~~~~~~~~~~~~~~~~~~~~~~~~~~~~~~~~~~~~~~~~~~~~~~~~~~~
      |                |
      |                Gfx *
  677 |                                           unk188[1], unk188[2], 0x80, 0, unk198[0] < 0 ? -1 : 1, 0,
      |                                           ~~~~~~~~~~~~~~~~~~~~~~~~~~~~~~~~~~~~~~~~~~~~~~~~~~~~~~~~~
  678 |                                           unk198[1] < 0 ? -1 : 1));
      |                                           ~~~~~~~~~~~~~~~~~~~~~~~
/home/david/Documents/RockBox_Personal-master/devsrc/nano-soh-runtime/Shipwright/soh/include/functions.h:22:52: note: expected 'uintptr_t' {aka 'unsigned int'} but argument is of type 'Gfx *'
   22 | void gSPSegment(void* value, int segNum, uintptr_t target);
      |                                          ~~~~~~~~~~^~~~~~
/home/david/Documents/RockBox_Personal-master/devsrc/nano-soh-runtime/Shipwright/soh/src/overlays/actors/ovl_Demo_Gt/z_demo_gt.c:680:37: warning: passing argument 2 of 'gSPDisplayList' from incompatible pointer type [-Wincompatible-pointer-types]
  680 |     gSPDisplayList(POLY_OPA_DISP++, gTowerCollapseCsExteriorStructureDL);
      |                                     ^~~~~~~~~~~~~~~~~~~~~~~~~~~~~~~~~~~
      |                                     |
      |                                     const char *
/home/david/Documents/RockBox_Personal-master/devsrc/nano-soh-runtime/Shipwright/soh/include/functions.h:24:36: note: expected 'Gfx *' but argument is of type 'const char *'
   24 | void gSPDisplayList(Gfx* pkt, Gfx* dl);
      |                               ~~~~~^~
/home/david/Documents/RockBox_Personal-master/devsrc/nano-soh-runtime/Shipwright/soh/src/overlays/actors/ovl_Demo_Gt/z_demo_gt.c:684:16: warning: passing argument 3 of 'gSPSegment' makes integer from pointer without a cast [-Wint-conversion]
  684 |                Gfx_TwoTexScrollEx(gfxCtx, 0, 0, gameplayFrames * 0x14, 0x10, 0x200, 1, 0, gameplayFrames * 0x1E, 0x10,
      |                ^~~~~~~~~~~~~~~~~~~~~~~~~~~~~~~~~~~~~~~~~~~~~~~~~~~~~~~~~~~~~~~~~~~~~~~~~~~~~~~~~~~~~~~~~~~~~~~~~~~~~~~
      |                |
      |                Gfx *
  685 |                                   0x200, 0, 0x14, 0, 0x1E));
      |                                   ~~~~~~~~~~~~~~~~~~~~~~~~
/home/david/Documents/RockBox_Personal-master/devsrc/nano-soh-runtime/Shipwright/soh/include/functions.h:22:52: note: expected 'uintptr_t' {aka 'unsigned int'} but argument is of type 'Gfx *'
   22 | void gSPSegment(void* value, int segNum, uintptr_t target);
      |                                          ~~~~~~~~~~^~~~~~
/home/david/Documents/RockBox_Personal-master/devsrc/nano-soh-runtime/Shipwright/soh/src/overlays/actors/ovl_Demo_Gt/z_demo_gt.c:687:37: warning: passing argument 2 of 'gSPDisplayList' from incompatible pointer type [-Wincompatible-pointer-types]
  687 |     gSPDisplayList(POLY_XLU_DISP++, gTowerCollapseCsFlameSmokeDL);
      |                                     ^~~~~~~~~~~~~~~~~~~~~~~~~~~~
      |                                     |
      |                                     const char *
/home/david/Documents/RockBox_Personal-master/devsrc/nano-soh-runtime/Shipwright/soh/include/functions.h:24:36: note: expected 'Gfx *' but argument is of type 'const char *'
   24 | void gSPDisplayList(Gfx* pkt, Gfx* dl);
      |                               ~~~~~^~
/home/david/Documents/RockBox_Personal-master/devsrc/nano-soh-runtime/Shipwright/soh/src/overlays/actors/ovl_Demo_Gt/z_demo_gt.c: In function 'func_8097F904_Init1':
/home/david/Documents/RockBox_Personal-master/devsrc/nano-soh-runtime/Shipwright/soh/src/overlays/actors/ovl_Demo_Gt/z_demo_gt.c:696:37: warning: passing argument 5 of 'func_8097EE44' from incompatible pointer type [-Wincompatible-pointer-types]
  696 |     func_8097EE44(this, play, 1, 2, &gTowerCollapseCsCollapsedStructureInnerCol);
      |                                     ^~~~~~~~~~~~~~~~~~~~~~~~~~~~~~~~~~~~~~~~~~~
      |                                     |
      |                                     const char (*)[68]
/home/david/Documents/RockBox_Personal-master/devsrc/nano-soh-runtime/Shipwright/soh/src/overlays/actors/ovl_Demo_Gt/z_demo_gt.c:463:98: note: expected 'CollisionHeader *' but argument is of type 'const char (*)[68]'
  463 | u8 func_8097EE44(DemoGt* this, PlayState* play, s32 updateMode, s32 drawConfig, CollisionHeader* colHeader) {
      |                                                                                 ~~~~~~~~~~~~~~~~~^~~~~~~~~
/home/david/Documents/RockBox_Personal-master/devsrc/nano-soh-runtime/Shipwright/soh/src/overlays/actors/ovl_Demo_Gt/z_demo_gt.c: In function 'DemoGt_Draw2':
/home/david/Documents/RockBox_Personal-master/devsrc/nano-soh-runtime/Shipwright/soh/src/overlays/actors/ovl_Demo_Gt/z_demo_gt.c:860:16: warning: passing argument 3 of 'gSPSegment' makes integer from pointer without a cast [-Wint-conversion]
  860 |                Gfx_TwoTexScrollEnvColorEx(gfxCtx, 0, 0, unk198[0], 0x20, 0x40, 1, 0, unk198[1], 0x20, 0x40, unk178[0],
      |                ^~~~~~~~~~~~~~~~~~~~~~~~~~~~~~~~~~~~~~~~~~~~~~~~~~~~~~~~~~~~~~~~~~~~~~~~~~~~~~~~~~~~~~~~~~~~~~~~~~~~~~~
      |                |
      |                Gfx *
  861 |                                           unk178[1], unk178[2], 128, 0, unk198[0] < 0 ? -1 : 1, 0,
      |                                           ~~~~~~~~~~~~~~~~~~~~~~~~~~~~~~~~~~~~~~~~~~~~~~~~~~~~~~~~
  862 |                                           unk198[1] < 0 ? -1 : 1));
      |                                           ~~~~~~~~~~~~~~~~~~~~~~~
/home/david/Documents/RockBox_Personal-master/devsrc/nano-soh-runtime/Shipwright/soh/include/functions.h:22:52: note: expected 'uintptr_t' {aka 'unsigned int'} but argument is of type 'Gfx *'
   22 | void gSPSegment(void* value, int segNum, uintptr_t target);
      |                                          ~~~~~~~~~~^~~~~~
/home/david/Documents/RockBox_Personal-master/devsrc/nano-soh-runtime/Shipwright/soh/src/overlays/actors/ovl_Demo_Gt/z_demo_gt.c:864:37: warning: passing argument 2 of 'gSPDisplayList' from incompatible pointer type [-Wincompatible-pointer-types]
  864 |     gSPDisplayList(POLY_OPA_DISP++, gTowerCollapseCsCollapsedStructureInnerDL);
      |                                     ^~~~~~~~~~~~~~~~~~~~~~~~~~~~~~~~~~~~~~~~~
      |                                     |
      |                                     const char *
/home/david/Documents/RockBox_Personal-master/devsrc/nano-soh-runtime/Shipwright/soh/include/functions.h:24:36: note: expected 'Gfx *' but argument is of type 'const char *'
   24 | void gSPDisplayList(Gfx* pkt, Gfx* dl);
      |                               ~~~~~^~
/home/david/Documents/RockBox_Personal-master/devsrc/nano-soh-runtime/Shipwright/soh/src/overlays/actors/ovl_Demo_Gt/z_demo_gt.c: In function 'func_80980110_Init2':
/home/david/Documents/RockBox_Personal-master/devsrc/nano-soh-runtime/Shipwright/soh/src/overlays/actors/ovl_Demo_Gt/z_demo_gt.c:874:37: warning: passing argument 5 of 'func_8097EE44' from incompatible pointer type [-Wincompatible-pointer-types]
  874 |     func_8097EE44(this, play, 2, 3, &gTowerCollapseCsCollapsedStructureOuterCol);
      |                                     ^~~~~~~~~~~~~~~~~~~~~~~~~~~~~~~~~~~~~~~~~~~
      |                                     |
      |                                     const char (*)[68]
/home/david/Documents/RockBox_Personal-master/devsrc/nano-soh-runtime/Shipwright/soh/src/overlays/actors/ovl_Demo_Gt/z_demo_gt.c:463:98: note: expected 'CollisionHeader *' but argument is of type 'const char (*)[68]'
  463 | u8 func_8097EE44(DemoGt* this, PlayState* play, s32 updateMode, s32 drawConfig, CollisionHeader* colHeader) {
      |                                                                                 ~~~~~~~~~~~~~~~~~^~~~~~~~~
/home/david/Documents/RockBox_Personal-master/devsrc/nano-soh-runtime/Shipwright/soh/src/overlays/actors/ovl_Demo_Gt/z_demo_gt.c: In function 'DemoGt_Draw3':
/home/david/Documents/RockBox_Personal-master/devsrc/nano-soh-runtime/Shipwright/soh/src/overlays/actors/ovl_Demo_Gt/z_demo_gt.c:1173:37: warning: passing argument 2 of 'gSPDisplayList' from incompatible pointer type [-Wincompatible-pointer-types]
 1173 |     gSPDisplayList(POLY_OPA_DISP++, gTowerCollapseCsCollapsedStructureOuterDL);
      |                                     ^~~~~~~~~~~~~~~~~~~~~~~~~~~~~~~~~~~~~~~~~
      |                                     |
      |                                     const char *
/home/david/Documents/RockBox_Personal-master/devsrc/nano-soh-runtime/Shipwright/soh/include/functions.h:24:36: note: expected 'Gfx *' but argument is of type 'const char *'
   24 | void gSPDisplayList(Gfx* pkt, Gfx* dl);
      |                               ~~~~~^~
/home/david/Documents/RockBox_Personal-master/devsrc/nano-soh-runtime/Shipwright/soh/src/overlays/actors/ovl_Demo_Gt/z_demo_gt.c: In function 'DemoGt_Draw4':
/home/david/Documents/RockBox_Personal-master/devsrc/nano-soh-runtime/Shipwright/soh/src/overlays/actors/ovl_Demo_Gt/z_demo_gt.c:1295:41: warning: passing argument 2 of 'gSPDisplayList' from incompatible pointer type [-Wincompatible-pointer-types]
 1295 |         gSPDisplayList(POLY_OPA_DISP++, gTowerCollapseCsStandalonePillarDL);
      |                                         ^~~~~~~~~~~~~~~~~~~~~~~~~~~~~~~~~~
      |                                         |
      |                                         const char *
/home/david/Documents/RockBox_Personal-master/devsrc/nano-soh-runtime/Shipwright/soh/include/functions.h:24:36: note: expected 'Gfx *' but argument is of type 'const char *'
   24 | void gSPDisplayList(Gfx* pkt, Gfx* dl);
      |                               ~~~~~^~
/home/david/Documents/RockBox_Personal-master/devsrc/nano-soh-runtime/Shipwright/soh/src/overlays/actors/ovl_Demo_Gt/z_demo_gt.c: In function 'DemoGt_Draw5':
/home/david/Documents/RockBox_Personal-master/devsrc/nano-soh-runtime/Shipwright/soh/src/overlays/actors/ovl_Demo_Gt/z_demo_gt.c:1414:37: warning: passing argument 2 of 'gSPDisplayList' from incompatible pointer type [-Wincompatible-pointer-types]
 1414 |     gSPDisplayList(POLY_OPA_DISP++, gTowerCollapseCsStandalonePillarDL);
      |                                     ^~~~~~~~~~~~~~~~~~~~~~~~~~~~~~~~~~
      |                                     |
      |                                     const char *
/home/david/Documents/RockBox_Personal-master/devsrc/nano-soh-runtime/Shipwright/soh/include/functions.h:24:36: note: expected 'Gfx *' but argument is of type 'const char *'
   24 | void gSPDisplayList(Gfx* pkt, Gfx* dl);
      |                               ~~~~~^~
/home/david/Documents/RockBox_Personal-master/devsrc/nano-soh-runtime/Shipwright/soh/src/overlays/actors/ovl_Demo_Gt/z_demo_gt.c: In function 'DemoGt_Draw6':
/home/david/Documents/RockBox_Personal-master/devsrc/nano-soh-runtime/Shipwright/soh/src/overlays/actors/ovl_Demo_Gt/z_demo_gt.c:1506:37: warning: passing argument 2 of 'gSPDisplayList' from incompatible pointer type [-Wincompatible-pointer-types]
 1506 |     gSPDisplayList(POLY_OPA_DISP++, gTowerCollapseCsStandalonePillarDL);
      |                                     ^~~~~~~~~~~~~~~~~~~~~~~~~~~~~~~~~~
      |                                     |
      |                                     const char *
/home/david/Documents/RockBox_Personal-master/devsrc/nano-soh-runtime/Shipwright/soh/include/functions.h:24:36: note: expected 'Gfx *' but argument is of type 'const char *'
   24 | void gSPDisplayList(Gfx* pkt, Gfx* dl);
      |                               ~~~~~^~
/home/david/Documents/RockBox_Personal-master/devsrc/nano-soh-runtime/Shipwright/soh/src/overlays/actors/ovl_Demo_Gt/z_demo_gt.c: In function 'DemoGt_Draw7':
/home/david/Documents/RockBox_Personal-master/devsrc/nano-soh-runtime/Shipwright/soh/src/overlays/actors/ovl_Demo_Gt/z_demo_gt.c:1598:37: warning: passing argument 2 of 'gSPDisplayList' from incompatible pointer type [-Wincompatible-pointer-types]
 1598 |     gSPDisplayList(POLY_OPA_DISP++, gTowerCollapseCsWalkwayDL);
      |                                     ^~~~~~~~~~~~~~~~~~~~~~~~~
      |                                     |
      |                                     const char *
/home/david/Documents/RockBox_Personal-master/devsrc/nano-soh-runtime/Shipwright/soh/include/functions.h:24:36: note: expected 'Gfx *' but argument is of type 'const char *'
   24 | void gSPDisplayList(Gfx* pkt, Gfx* dl);
      |                               ~~~~~^~
/home/david/Documents/RockBox_Personal-master/devsrc/nano-soh-runtime/Shipwright/soh/src/overlays/actors/ovl_Demo_Gt/z_demo_gt.c: In function 'DemoGt_Draw8':
/home/david/Documents/RockBox_Personal-master/devsrc/nano-soh-runtime/Shipwright/soh/src/overlays/actors/ovl_Demo_Gt/z_demo_gt.c:1689:37: warning: passing argument 2 of 'gSPDisplayList' from incompatible pointer type [-Wincompatible-pointer-types]
 1689 |     gSPDisplayList(POLY_OPA_DISP++, gTowerCollapseCsAlternativeWalkwayDL);
      |                                     ^~~~~~~~~~~~~~~~~~~~~~~~~~~~~~~~~~~~
      |                                     |
      |                                     const char *
/home/david/Documents/RockBox_Personal-master/devsrc/nano-soh-runtime/Shipwright/soh/include/functions.h:24:36: note: expected 'Gfx *' but argument is of type 'const char *'
   24 | void gSPDisplayList(Gfx* pkt, Gfx* dl);
      |                               ~~~~~^~
