/home/david/Documents/RockBox_Personal-master/devsrc/nano-soh-runtime/Shipwright/soh/src/overlays/actors/ovl_Bg_Spot15_Rrbox/z_bg_spot15_rrbox.c: In function 'BgSpot15Rrbox_Init':
/home/david/Documents/RockBox_Personal-master/devsrc/nano-soh-runtime/Shipwright/soh/src/overlays/actors/ovl_Bg_Spot15_Rrbox/z_bg_spot15_rrbox.c:124:31: warning: passing argument 3 of 'func_808B3960' from incompatible pointer type [-Wincompatible-pointer-types]
  124 |     func_808B3960(this, play, &gLonLonMilkCrateCol, DPM_UNK);
      |                               ^~~~~~~~~~~~~~~~~~~~
      |                               |
      |                               const char (*)[53]
/home/david/Documents/RockBox_Personal-master/devsrc/nano-soh-runtime/Shipwright/soh/src/overlays/actors/ovl_Bg_Spot15_Rrbox/z_bg_spot15_rrbox.c:58:75: note: expected 'CollisionHeader *' but argument is of type 'const char (*)[53]'
   58 | void func_808B3960(BgSpot15Rrbox* this, PlayState* play, CollisionHeader* collision, s32 flags) {
      |                                                          ~~~~~~~~~~~~~~~~~^~~~~~~~~
/home/david/Documents/RockBox_Personal-master/devsrc/nano-soh-runtime/Shipwright/soh/src/overlays/actors/ovl_Bg_Spot15_Rrbox/z_bg_spot15_rrbox.c: In function 'BgSpot15Rrbox_Draw':
/home/david/Documents/RockBox_Personal-master/devsrc/nano-soh-runtime/Shipwright/soh/src/overlays/actors/ovl_Bg_Spot15_Rrbox/z_bg_spot15_rrbox.c:366:28: warning: passing argument 2 of 'Gfx_DrawDListOpa' from incompatible pointer type [-Wincompatible-pointer-types]
  366 |     Gfx_DrawDListOpa(play, gLonLonMilkCrateDL);
      |                            ^~~~~~~~~~~~~~~~~~
      |                            |
      |                            const char *
In file included from /home/david/Documents/RockBox_Personal-master/devsrc/nano-soh-runtime/Shipwright/soh/include/global.h:8,
                 from /home/david/Documents/RockBox_Personal-master/devsrc/nano-soh-runtime/Shipwright/soh/src/overlays/actors/ovl_Bg_Spot15_Rrbox/z_bg_spot15_rrbox.h:5,
                 from /home/david/Documents/RockBox_Personal-master/devsrc/nano-soh-runtime/Shipwright/soh/src/overlays/actors/ovl_Bg_Spot15_Rrbox/z_bg_spot15_rrbox.c:7:
/home/david/Documents/RockBox_Personal-master/devsrc/nano-soh-runtime/Shipwright/soh/include/functions.h:546:45: note: expected 'Gfx *' but argument is of type 'const char *'
  546 | void Gfx_DrawDListOpa(PlayState* play, Gfx* dlist);
      |                                        ~~~~~^~~~~
