/home/david/Documents/RockBox_Personal-master/devsrc/nano-soh-runtime/Shipwright/soh/src/overlays/actors/ovl_En_Shopnuts/z_en_shopnuts.c: In function 'EnShopnuts_Init':
/home/david/Documents/RockBox_Personal-master/devsrc/nano-soh-runtime/Shipwright/soh/src/overlays/actors/ovl_En_Shopnuts/z_en_shopnuts.c:67:48: warning: passing argument 3 of 'SkelAnime_InitFlex' from incompatible pointer type [-Wincompatible-pointer-types]
   67 |     SkelAnime_InitFlex(play, &this->skelAnime, &gBusinessScrubSkel, &gBusinessScrubAnim_4574, this->jointTable,
      |                                                ^~~~~~~~~~~~~~~~~~~
      |                                                |
      |                                                const char (*)[50]
In file included from /home/david/Documents/RockBox_Personal-master/devsrc/nano-soh-runtime/Shipwright/soh/include/global.h:8,
                 from /home/david/Documents/RockBox_Personal-master/devsrc/nano-soh-runtime/Shipwright/soh/src/overlays/actors/ovl_En_Shopnuts/z_en_shopnuts.h:5,
                 from /home/david/Documents/RockBox_Personal-master/devsrc/nano-soh-runtime/Shipwright/soh/src/overlays/actors/ovl_En_Shopnuts/z_en_shopnuts.c:1:
/home/david/Documents/RockBox_Personal-master/devsrc/nano-soh-runtime/Shipwright/soh/include/functions.h:1329:83: note: expected 'FlexSkeletonHeader *' but argument is of type 'const char (*)[50]'
 1329 | s32 SkelAnime_InitFlex(PlayState* play, SkelAnime* skelAnime, FlexSkeletonHeader* skeletonHeaderSeg,
      |                                                               ~~~~~~~~~~~~~~~~~~~~^~~~~~~~~~~~~~~~~
/home/david/Documents/RockBox_Personal-master/devsrc/nano-soh-runtime/Shipwright/soh/src/overlays/actors/ovl_En_Shopnuts/z_en_shopnuts.c:67:69: warning: passing argument 4 of 'SkelAnime_InitFlex' from incompatible pointer type [-Wincompatible-pointer-types]
   67 |     SkelAnime_InitFlex(play, &this->skelAnime, &gBusinessScrubSkel, &gBusinessScrubAnim_4574, this->jointTable,
      |                                                                     ^~~~~~~~~~~~~~~~~~~~~~~~
      |                                                                     |
      |                                                                     const char (*)[55]
/home/david/Documents/RockBox_Personal-master/devsrc/nano-soh-runtime/Shipwright/soh/include/functions.h:1330:41: note: expected 'AnimationHeader *' but argument is of type 'const char (*)[55]'
 1330 |                        AnimationHeader* animation, Vec3s* jointTable, Vec3s* morphTable, s32 limbCount);
      |                        ~~~~~~~~~~~~~~~~~^~~~~~~~~
/home/david/Documents/RockBox_Personal-master/devsrc/nano-soh-runtime/Shipwright/soh/src/overlays/actors/ovl_En_Shopnuts/z_en_shopnuts.c: In function 'EnShopnuts_SetupWait':
/home/david/Documents/RockBox_Personal-master/devsrc/nano-soh-runtime/Shipwright/soh/src/overlays/actors/ovl_En_Shopnuts/z_en_shopnuts.c:95:50: warning: passing argument 2 of 'Animation_PlayOnceSetSpeed' from incompatible pointer type [-Wincompatible-pointer-types]
   95 |     Animation_PlayOnceSetSpeed(&this->skelAnime, &gBusinessScrubAnim_139C, 0.0f);
      |                                                  ^~~~~~~~~~~~~~~~~~~~~~~~
      |                                                  |
      |                                                  const char (*)[55]
/home/david/Documents/RockBox_Personal-master/devsrc/nano-soh-runtime/Shipwright/soh/include/functions.h:1340:72: note: expected 'AnimationHeader *' but argument is of type 'const char (*)[55]'
 1340 | void Animation_PlayOnceSetSpeed(SkelAnime* skelAnime, AnimationHeader* animation, f32 playSpeed);
      |                                                       ~~~~~~~~~~~~~~~~~^~~~~~~~~
/home/david/Documents/RockBox_Personal-master/devsrc/nano-soh-runtime/Shipwright/soh/src/overlays/actors/ovl_En_Shopnuts/z_en_shopnuts.c: In function 'EnShopnuts_SetupLookAround':
/home/david/Documents/RockBox_Personal-master/devsrc/nano-soh-runtime/Shipwright/soh/src/overlays/actors/ovl_En_Shopnuts/z_en_shopnuts.c:103:42: warning: passing argument 2 of 'Animation_PlayLoop' from incompatible pointer type [-Wincompatible-pointer-types]
  103 |     Animation_PlayLoop(&this->skelAnime, &gBusinessScrubLookAroundAnim);
      |                                          ^~~~~~~~~~~~~~~~~~~~~~~~~~~~~
      |                                          |
      |                                          const char (*)[60]
/home/david/Documents/RockBox_Personal-master/devsrc/nano-soh-runtime/Shipwright/soh/include/functions.h:1341:64: note: expected 'AnimationHeader *' but argument is of type 'const char (*)[60]'
 1341 | void Animation_PlayLoop(SkelAnime* skelAnime, AnimationHeader* animation);
      |                                               ~~~~~~~~~~~~~~~~~^~~~~~~~~
/home/david/Documents/RockBox_Personal-master/devsrc/nano-soh-runtime/Shipwright/soh/src/overlays/actors/ovl_En_Shopnuts/z_en_shopnuts.c: In function 'EnShopnuts_SetupThrowNut':
/home/david/Documents/RockBox_Personal-master/devsrc/nano-soh-runtime/Shipwright/soh/src/overlays/actors/ovl_En_Shopnuts/z_en_shopnuts.c:109:42: warning: passing argument 2 of 'Animation_PlayOnce' from incompatible pointer type [-Wincompatible-pointer-types]
  109 |     Animation_PlayOnce(&this->skelAnime, &gBusinessScrubAnim_1EC);
      |                                          ^~~~~~~~~~~~~~~~~~~~~~~
      |                                          |
      |                                          const char (*)[54]
/home/david/Documents/RockBox_Personal-master/devsrc/nano-soh-runtime/Shipwright/soh/include/functions.h:1338:64: note: expected 'AnimationHeader *' but argument is of type 'const char (*)[54]'
 1338 | void Animation_PlayOnce(SkelAnime* skelAnime, AnimationHeader* animation);
      |                                               ~~~~~~~~~~~~~~~~~^~~~~~~~~
/home/david/Documents/RockBox_Personal-master/devsrc/nano-soh-runtime/Shipwright/soh/src/overlays/actors/ovl_En_Shopnuts/z_en_shopnuts.c: In function 'EnShopnuts_SetupStand':
/home/david/Documents/RockBox_Personal-master/devsrc/nano-soh-runtime/Shipwright/soh/src/overlays/actors/ovl_En_Shopnuts/z_en_shopnuts.c:114:45: warning: passing argument 2 of 'Animation_MorphToLoop' from incompatible pointer type [-Wincompatible-pointer-types]
  114 |     Animation_MorphToLoop(&this->skelAnime, &gBusinessScrubAnim_4574, -3.0f);
      |                                             ^~~~~~~~~~~~~~~~~~~~~~~~
      |                                             |
      |                                             const char (*)[55]
/home/david/Documents/RockBox_Personal-master/devsrc/nano-soh-runtime/Shipwright/soh/include/functions.h:1342:67: note: expected 'AnimationHeader *' but argument is of type 'const char (*)[55]'
 1342 | void Animation_MorphToLoop(SkelAnime* skelAnime, AnimationHeader* animation, f32 morphFrames);
      |                                                  ~~~~~~~~~~~~~~~~~^~~~~~~~~
/home/david/Documents/RockBox_Personal-master/devsrc/nano-soh-runtime/Shipwright/soh/src/overlays/actors/ovl_En_Shopnuts/z_en_shopnuts.c: In function 'EnShopnuts_SetupBurrow':
/home/david/Documents/RockBox_Personal-master/devsrc/nano-soh-runtime/Shipwright/soh/src/overlays/actors/ovl_En_Shopnuts/z_en_shopnuts.c:124:49: warning: passing argument 2 of 'Animation_MorphToPlayOnce' from incompatible pointer type [-Wincompatible-pointer-types]
  124 |     Animation_MorphToPlayOnce(&this->skelAnime, &gBusinessScrubAnim_39C, -5.0f);
      |                                                 ^~~~~~~~~~~~~~~~~~~~~~~
      |                                                 |
      |                                                 const char (*)[54]
/home/david/Documents/RockBox_Personal-master/devsrc/nano-soh-runtime/Shipwright/soh/include/functions.h:1339:71: note: expected 'AnimationHeader *' but argument is of type 'const char (*)[54]'
 1339 | void Animation_MorphToPlayOnce(SkelAnime* skelAnime, AnimationHeader* animation, f32 morphFrames);
      |                                                      ~~~~~~~~~~~~~~~~~^~~~~~~~~
/home/david/Documents/RockBox_Personal-master/devsrc/nano-soh-runtime/Shipwright/soh/src/overlays/actors/ovl_En_Shopnuts/z_en_shopnuts.c: In function 'EnShopnuts_SetupSpawnSalesman':
/home/david/Documents/RockBox_Personal-master/devsrc/nano-soh-runtime/Shipwright/soh/src/overlays/actors/ovl_En_Shopnuts/z_en_shopnuts.c:130:49: warning: passing argument 2 of 'Animation_MorphToPlayOnce' from incompatible pointer type [-Wincompatible-pointer-types]
  130 |     Animation_MorphToPlayOnce(&this->skelAnime, &gBusinessScrubRotateAnim, -3.0f);
      |                                                 ^~~~~~~~~~~~~~~~~~~~~~~~~
      |                                                 |
      |                                                 const char (*)[56]
/home/david/Documents/RockBox_Personal-master/devsrc/nano-soh-runtime/Shipwright/soh/include/functions.h:1339:71: note: expected 'AnimationHeader *' but argument is of type 'const char (*)[56]'
 1339 | void Animation_MorphToPlayOnce(SkelAnime* skelAnime, AnimationHeader* animation, f32 morphFrames);
      |                                                      ~~~~~~~~~~~~~~~~~^~~~~~~~~
/home/david/Documents/RockBox_Personal-master/devsrc/nano-soh-runtime/Shipwright/soh/src/overlays/actors/ovl_En_Shopnuts/z_en_shopnuts.c: In function 'EnShopnuts_Update':
/home/david/Documents/RockBox_Personal-master/devsrc/nano-soh-runtime/Shipwright/soh/src/overlays/actors/ovl_En_Shopnuts/z_en_shopnuts.c:260:93: warning: passing argument 1 of 'Animation_GetLastFrame' discards 'const' qualifier from pointer target type [-Wdiscarded-array-qualifiers]
  260 |                        20.0f - ((this->skelAnime.curFrame * 20.0f) / Animation_GetLastFrame(&gBusinessScrubAnim_39C)));
      |                                                                                             ^~~~~~~~~~~~~~~~~~~~~~~
/home/david/Documents/RockBox_Personal-master/devsrc/nano-soh-runtime/Shipwright/soh/include/functions.h:1278:34: note: expected 'void *' but argument is of type 'const char (*)[54]'
 1278 | s16 Animation_GetLastFrame(void* animation);
      |                            ~~~~~~^~~~~~~~~
/home/david/Documents/RockBox_Personal-master/devsrc/nano-soh-runtime/Shipwright/soh/src/overlays/actors/ovl_En_Shopnuts/z_en_shopnuts.c: In function 'EnShopnuts_PostLimbDraw':
/home/david/Documents/RockBox_Personal-master/devsrc/nano-soh-runtime/Shipwright/soh/src/overlays/actors/ovl_En_Shopnuts/z_en_shopnuts.c:302:41: warning: passing argument 2 of 'gSPDisplayList' from incompatible pointer type [-Wincompatible-pointer-types]
  302 |         gSPDisplayList(POLY_OPA_DISP++, gBusinessScrubNoseDL);
      |                                         ^~~~~~~~~~~~~~~~~~~~
      |                                         |
      |                                         const char *
/home/david/Documents/RockBox_Personal-master/devsrc/nano-soh-runtime/Shipwright/soh/include/functions.h:24:36: note: expected 'Gfx *' but argument is of type 'const char *'
   24 | void gSPDisplayList(Gfx* pkt, Gfx* dl);
      |                               ~~~~~^~
