/home/david/Documents/RockBox_Personal-master/devsrc/nano-soh-runtime/Shipwright/soh/src/overlays/effects/ovl_Effect_Ss_Fhg_Flash/z_eff_ss_fhg_flash.c: In function 'EffectSsFhgFlash_Init':
/home/david/Documents/RockBox_Personal-master/devsrc/nano-soh-runtime/Shipwright/soh/src/overlays/effects/ovl_Effect_Ss_Fhg_Flash/z_eff_ss_fhg_flash.c:43:21: warning: assignment to 'void *' from 'uintptr_t' {aka 'unsigned int'} makes pointer from integer without a cast [-Wint-conversion]
   43 |             oldSeg6 = gSegments[6];
      |                     ^
/home/david/Documents/RockBox_Personal-master/devsrc/nano-soh-runtime/Shipwright/soh/src/overlays/effects/ovl_Effect_Ss_Fhg_Flash/z_eff_ss_fhg_flash.c:55:23: warning: assignment discards 'const' qualifier from pointer target type [-Wdiscarded-qualifiers]
   55 |             this->gfx = SEGMENTED_TO_VIRTUAL(gPhantomEnergyBallDL);
      |                       ^
/home/david/Documents/RockBox_Personal-master/devsrc/nano-soh-runtime/Shipwright/soh/src/overlays/effects/ovl_Effect_Ss_Fhg_Flash/z_eff_ss_fhg_flash.c:56:26: warning: assignment to 'uintptr_t' {aka 'unsigned int'} from 'void *' makes integer from pointer without a cast [-Wint-conversion]
   56 |             gSegments[6] = oldSeg6;
      |                          ^
/home/david/Documents/RockBox_Personal-master/devsrc/nano-soh-runtime/Shipwright/soh/src/overlays/effects/ovl_Effect_Ss_Fhg_Flash/z_eff_ss_fhg_flash.c: In function 'EffectSsFhgFlash_DrawLightBall':
/home/david/Documents/RockBox_Personal-master/devsrc/nano-soh-runtime/Shipwright/soh/src/overlays/effects/ovl_Effect_Ss_Fhg_Flash/z_eff_ss_fhg_flash.c:101:39: warning: passing argument 3 of 'gSPSegment' makes integer from pointer without a cast [-Wint-conversion]
  101 |     gSPSegment(POLY_XLU_DISP++, 0x06, object);
      |                                       ^~~~~~
      |                                       |
      |                                       void *
In file included from /home/david/Documents/RockBox_Personal-master/devsrc/nano-soh-runtime/Shipwright/soh/include/global.h:8,
                 from /home/david/Documents/RockBox_Personal-master/devsrc/nano-soh-runtime/Shipwright/soh/src/overlays/effects/ovl_Effect_Ss_Fhg_Flash/z_eff_ss_fhg_flash.h:5,
                 from /home/david/Documents/RockBox_Personal-master/devsrc/nano-soh-runtime/Shipwright/soh/src/overlays/effects/ovl_Effect_Ss_Fhg_Flash/z_eff_ss_fhg_flash.c:7:
/home/david/Documents/RockBox_Personal-master/devsrc/nano-soh-runtime/Shipwright/soh/include/functions.h:22:52: note: expected 'uintptr_t' {aka 'unsigned int'} but argument is of type 'void *'
   22 | void gSPSegment(void* value, int segNum, uintptr_t target);
      |                                          ~~~~~~~~~~^~~~~~
