/home/david/Documents/RockBox_Personal-master/devsrc/nano-soh-runtime/Shipwright/soh/src/overlays/actors/ovl_En_Mk/z_en_mk.c: In function 'EnMk_Init':
/home/david/Documents/RockBox_Personal-master/devsrc/nano-soh-runtime/Shipwright/soh/src/overlays/actors/ovl_En_Mk/z_en_mk.c:60:48: warning: passing argument 3 of 'SkelAnime_InitFlex' from incompatible pointer type [-Wincompatible-pointer-types]
   60 |     SkelAnime_InitFlex(play, &this->skelAnime, &object_mk_Skel_005DF0, &object_mk_Anim_000D88, this->jointTable,
      |                                                ^~~~~~~~~~~~~~~~~~~~~~
      |                                                |
      |                                                const char (*)[47]
In file included from /home/david/Documents/RockBox_Personal-master/devsrc/nano-soh-runtime/Shipwright/soh/include/global.h:8,
                 from /home/david/Documents/RockBox_Personal-master/devsrc/nano-soh-runtime/Shipwright/soh/src/overlays/actors/ovl_En_Mk/z_en_mk.h:5,
                 from /home/david/Documents/RockBox_Personal-master/devsrc/nano-soh-runtime/Shipwright/soh/src/overlays/actors/ovl_En_Mk/z_en_mk.c:7:
/home/david/Documents/RockBox_Personal-master/devsrc/nano-soh-runtime/Shipwright/soh/include/functions.h:1329:83: note: expected 'FlexSkeletonHeader *' but argument is of type 'const char (*)[47]'
 1329 | s32 SkelAnime_InitFlex(PlayState* play, SkelAnime* skelAnime, FlexSkeletonHeader* skeletonHeaderSeg,
      |                                                               ~~~~~~~~~~~~~~~~~~~~^~~~~~~~~~~~~~~~~
/home/david/Documents/RockBox_Personal-master/devsrc/nano-soh-runtime/Shipwright/soh/src/overlays/actors/ovl_En_Mk/z_en_mk.c:60:72: warning: passing argument 4 of 'SkelAnime_InitFlex' from incompatible pointer type [-Wincompatible-pointer-types]
   60 |     SkelAnime_InitFlex(play, &this->skelAnime, &object_mk_Skel_005DF0, &object_mk_Anim_000D88, this->jointTable,
      |                                                                        ^~~~~~~~~~~~~~~~~~~~~~
      |                                                                        |
      |                                                                        const char (*)[47]
/home/david/Documents/RockBox_Personal-master/devsrc/nano-soh-runtime/Shipwright/soh/include/functions.h:1330:41: note: expected 'AnimationHeader *' but argument is of type 'const char (*)[47]'
 1330 |                        AnimationHeader* animation, Vec3s* jointTable, Vec3s* morphTable, s32 limbCount);
      |                        ~~~~~~~~~~~~~~~~~^~~~~~~~~
/home/david/Documents/RockBox_Personal-master/devsrc/nano-soh-runtime/Shipwright/soh/src/overlays/actors/ovl_En_Mk/z_en_mk.c:62:42: warning: passing argument 2 of 'Animation_PlayLoop' from incompatible pointer type [-Wincompatible-pointer-types]
   62 |     Animation_PlayLoop(&this->skelAnime, &object_mk_Anim_000D88);
      |                                          ^~~~~~~~~~~~~~~~~~~~~~
      |                                          |
      |                                          const char (*)[47]
/home/david/Documents/RockBox_Personal-master/devsrc/nano-soh-runtime/Shipwright/soh/include/functions.h:1341:64: note: expected 'AnimationHeader *' but argument is of type 'const char (*)[47]'
 1341 | void Animation_PlayLoop(SkelAnime* skelAnime, AnimationHeader* animation);
      |                                               ~~~~~~~~~~~~~~~~~^~~~~~~~~
/home/david/Documents/RockBox_Personal-master/devsrc/nano-soh-runtime/Shipwright/soh/src/overlays/actors/ovl_En_Mk/z_en_mk.c: In function 'func_80AACC04':
/home/david/Documents/RockBox_Personal-master/devsrc/nano-soh-runtime/Shipwright/soh/src/overlays/actors/ovl_En_Mk/z_en_mk.c:140:49: warning: passing argument 1 of 'Animation_GetLastFrame' discards 'const' qualifier from pointer target type [-Wdiscarded-array-qualifiers]
  140 |                          Animation_GetLastFrame(&object_mk_Anim_000D88), ANIMMODE_LOOP, -4.0f);
      |                                                 ^~~~~~~~~~~~~~~~~~~~~~
/home/david/Documents/RockBox_Personal-master/devsrc/nano-soh-runtime/Shipwright/soh/include/functions.h:1278:34: note: expected 'void *' but argument is of type 'const char (*)[47]'
 1278 | s16 Animation_GetLastFrame(void* animation);
      |                            ~~~~~~^~~~~~~~~
/home/david/Documents/RockBox_Personal-master/devsrc/nano-soh-runtime/Shipwright/soh/src/overlays/actors/ovl_En_Mk/z_en_mk.c:139:44: warning: passing argument 2 of 'Animation_Change' from incompatible pointer type [-Wincompatible-pointer-types]
  139 |         Animation_Change(&this->skelAnime, &object_mk_Anim_000D88, 1.0f, 0.0f,
      |                                            ^~~~~~~~~~~~~~~~~~~~~~
      |                                            |
      |                                            const char (*)[47]
/home/david/Documents/RockBox_Personal-master/devsrc/nano-soh-runtime/Shipwright/soh/include/functions.h:1336:62: note: expected 'AnimationHeader *' but argument is of type 'const char (*)[47]'
 1336 | void Animation_Change(SkelAnime* skelAnime, AnimationHeader* animation, f32 playSpeed, f32 startFrame, f32 endFrame,
      |                                             ~~~~~~~~~~~~~~~~~^~~~~~~~~
/home/david/Documents/RockBox_Personal-master/devsrc/nano-soh-runtime/Shipwright/soh/src/overlays/actors/ovl_En_Mk/z_en_mk.c: In function 'func_80AACCA0':
/home/david/Documents/RockBox_Personal-master/devsrc/nano-soh-runtime/Shipwright/soh/src/overlays/actors/ovl_En_Mk/z_en_mk.c:153:49: warning: passing argument 1 of 'Animation_GetLastFrame' discards 'const' qualifier from pointer target type [-Wdiscarded-array-qualifiers]
  153 |                          Animation_GetLastFrame(&object_mk_Anim_000724), ANIMMODE_LOOP, -4.0f);
      |                                                 ^~~~~~~~~~~~~~~~~~~~~~
/home/david/Documents/RockBox_Personal-master/devsrc/nano-soh-runtime/Shipwright/soh/include/functions.h:1278:34: note: expected 'void *' but argument is of type 'const char (*)[47]'
 1278 | s16 Animation_GetLastFrame(void* animation);
      |                            ~~~~~~^~~~~~~~~
/home/david/Documents/RockBox_Personal-master/devsrc/nano-soh-runtime/Shipwright/soh/src/overlays/actors/ovl_En_Mk/z_en_mk.c:152:44: warning: passing argument 2 of 'Animation_Change' from incompatible pointer type [-Wincompatible-pointer-types]
  152 |         Animation_Change(&this->skelAnime, &object_mk_Anim_000724, 1.0f, 0.0f,
      |                                            ^~~~~~~~~~~~~~~~~~~~~~
      |                                            |
      |                                            const char (*)[47]
/home/david/Documents/RockBox_Personal-master/devsrc/nano-soh-runtime/Shipwright/soh/include/functions.h:1336:62: note: expected 'AnimationHeader *' but argument is of type 'const char (*)[47]'
 1336 | void Animation_Change(SkelAnime* skelAnime, AnimationHeader* animation, f32 playSpeed, f32 startFrame, f32 endFrame,
      |                                             ~~~~~~~~~~~~~~~~~^~~~~~~~~
/home/david/Documents/RockBox_Personal-master/devsrc/nano-soh-runtime/Shipwright/soh/src/overlays/actors/ovl_En_Mk/z_en_mk.c: In function 'func_80AACD48':
/home/david/Documents/RockBox_Personal-master/devsrc/nano-soh-runtime/Shipwright/soh/src/overlays/actors/ovl_En_Mk/z_en_mk.c:168:49: warning: passing argument 1 of 'Animation_GetLastFrame' discards 'const' qualifier from pointer target type [-Wdiscarded-array-qualifiers]
  168 |                          Animation_GetLastFrame(&object_mk_Anim_000D88), ANIMMODE_LOOP, -4.0f);
      |                                                 ^~~~~~~~~~~~~~~~~~~~~~
/home/david/Documents/RockBox_Personal-master/devsrc/nano-soh-runtime/Shipwright/soh/include/functions.h:1278:34: note: expected 'void *' but argument is of type 'const char (*)[47]'
 1278 | s16 Animation_GetLastFrame(void* animation);
      |                            ~~~~~~^~~~~~~~~
/home/david/Documents/RockBox_Personal-master/devsrc/nano-soh-runtime/Shipwright/soh/src/overlays/actors/ovl_En_Mk/z_en_mk.c:167:44: warning: passing argument 2 of 'Animation_Change' from incompatible pointer type [-Wincompatible-pointer-types]
  167 |         Animation_Change(&this->skelAnime, &object_mk_Anim_000D88, 1.0f, 0.0f,
      |                                            ^~~~~~~~~~~~~~~~~~~~~~
      |                                            |
      |                                            const char (*)[47]
/home/david/Documents/RockBox_Personal-master/devsrc/nano-soh-runtime/Shipwright/soh/include/functions.h:1336:62: note: expected 'AnimationHeader *' but argument is of type 'const char (*)[47]'
 1336 | void Animation_Change(SkelAnime* skelAnime, AnimationHeader* animation, f32 playSpeed, f32 startFrame, f32 endFrame,
      |                                             ~~~~~~~~~~~~~~~~~^~~~~~~~~
/home/david/Documents/RockBox_Personal-master/devsrc/nano-soh-runtime/Shipwright/soh/src/overlays/actors/ovl_En_Mk/z_en_mk.c: In function 'func_80AACE2C':
/home/david/Documents/RockBox_Personal-master/devsrc/nano-soh-runtime/Shipwright/soh/src/overlays/actors/ovl_En_Mk/z_en_mk.c:179:49: warning: passing argument 1 of 'Animation_GetLastFrame' discards 'const' qualifier from pointer target type [-Wdiscarded-array-qualifiers]
  179 |                          Animation_GetLastFrame(&object_mk_Anim_000AC0), ANIMMODE_ONCE, -4.0f);
      |                                                 ^~~~~~~~~~~~~~~~~~~~~~
/home/david/Documents/RockBox_Personal-master/devsrc/nano-soh-runtime/Shipwright/soh/include/functions.h:1278:34: note: expected 'void *' but argument is of type 'const char (*)[47]'
 1278 | s16 Animation_GetLastFrame(void* animation);
      |                            ~~~~~~^~~~~~~~~
/home/david/Documents/RockBox_Personal-master/devsrc/nano-soh-runtime/Shipwright/soh/src/overlays/actors/ovl_En_Mk/z_en_mk.c:178:44: warning: passing argument 2 of 'Animation_Change' from incompatible pointer type [-Wincompatible-pointer-types]
  178 |         Animation_Change(&this->skelAnime, &object_mk_Anim_000AC0, 1.0f, 0.0f,
      |                                            ^~~~~~~~~~~~~~~~~~~~~~
      |                                            |
      |                                            const char (*)[47]
/home/david/Documents/RockBox_Personal-master/devsrc/nano-soh-runtime/Shipwright/soh/include/functions.h:1336:62: note: expected 'AnimationHeader *' but argument is of type 'const char (*)[47]'
 1336 | void Animation_Change(SkelAnime* skelAnime, AnimationHeader* animation, f32 playSpeed, f32 startFrame, f32 endFrame,
      |                                             ~~~~~~~~~~~~~~~~~^~~~~~~~~
/home/david/Documents/RockBox_Personal-master/devsrc/nano-soh-runtime/Shipwright/soh/src/overlays/actors/ovl_En_Mk/z_en_mk.c: In function 'func_80AACEE8':
/home/david/Documents/RockBox_Personal-master/devsrc/nano-soh-runtime/Shipwright/soh/src/overlays/actors/ovl_En_Mk/z_en_mk.c:191:49: warning: passing argument 1 of 'Animation_GetLastFrame' discards 'const' qualifier from pointer target type [-Wdiscarded-array-qualifiers]
  191 |                          Animation_GetLastFrame(&object_mk_Anim_000AC0), ANIMMODE_LOOP, -4.0f);
      |                                                 ^~~~~~~~~~~~~~~~~~~~~~
/home/david/Documents/RockBox_Personal-master/devsrc/nano-soh-runtime/Shipwright/soh/include/functions.h:1278:34: note: expected 'void *' but argument is of type 'const char (*)[47]'
 1278 | s16 Animation_GetLastFrame(void* animation);
      |                            ~~~~~~^~~~~~~~~
/home/david/Documents/RockBox_Personal-master/devsrc/nano-soh-runtime/Shipwright/soh/src/overlays/actors/ovl_En_Mk/z_en_mk.c:190:44: warning: passing argument 2 of 'Animation_Change' from incompatible pointer type [-Wincompatible-pointer-types]
  190 |         Animation_Change(&this->skelAnime, &object_mk_Anim_000AC0, 1.0f, 0.0f,
      |                                            ^~~~~~~~~~~~~~~~~~~~~~
      |                                            |
      |                                            const char (*)[47]
/home/david/Documents/RockBox_Personal-master/devsrc/nano-soh-runtime/Shipwright/soh/include/functions.h:1336:62: note: expected 'AnimationHeader *' but argument is of type 'const char (*)[47]'
 1336 | void Animation_Change(SkelAnime* skelAnime, AnimationHeader* animation, f32 playSpeed, f32 startFrame, f32 endFrame,
      |                                             ~~~~~~~~~~~~~~~~~^~~~~~~~~
/home/david/Documents/RockBox_Personal-master/devsrc/nano-soh-runtime/Shipwright/soh/src/overlays/actors/ovl_En_Mk/z_en_mk.c: In function 'EnMk_Wait':
/home/david/Documents/RockBox_Personal-master/devsrc/nano-soh-runtime/Shipwright/soh/src/overlays/actors/ovl_En_Mk/z_en_mk.c:263:65: warning: passing argument 1 of 'Animation_GetLastFrame' discards 'const' qualifier from pointer target type [-Wdiscarded-array-qualifiers]
  263 |                                          Animation_GetLastFrame(&object_mk_Anim_000368), ANIMMODE_ONCE, -4.0f);
      |                                                                 ^~~~~~~~~~~~~~~~~~~~~~
/home/david/Documents/RockBox_Personal-master/devsrc/nano-soh-runtime/Shipwright/soh/include/functions.h:1278:34: note: expected 'void *' but argument is of type 'const char (*)[47]'
 1278 | s16 Animation_GetLastFrame(void* animation);
      |                            ~~~~~~^~~~~~~~~
/home/david/Documents/RockBox_Personal-master/devsrc/nano-soh-runtime/Shipwright/soh/src/overlays/actors/ovl_En_Mk/z_en_mk.c:262:60: warning: passing argument 2 of 'Animation_Change' from incompatible pointer type [-Wincompatible-pointer-types]
  262 |                         Animation_Change(&this->skelAnime, &object_mk_Anim_000368, 1.0f, 0.0f,
      |                                                            ^~~~~~~~~~~~~~~~~~~~~~
      |                                                            |
      |                                                            const char (*)[47]
/home/david/Documents/RockBox_Personal-master/devsrc/nano-soh-runtime/Shipwright/soh/include/functions.h:1336:62: note: expected 'AnimationHeader *' but argument is of type 'const char (*)[47]'
 1336 | void Animation_Change(SkelAnime* skelAnime, AnimationHeader* animation, f32 playSpeed, f32 startFrame, f32 endFrame,
      |                                             ~~~~~~~~~~~~~~~~~^~~~~~~~~
