/home/david/Documents/RockBox_Personal-master/devsrc/nano-soh-runtime/Shipwright/soh/src/overlays/actors/ovl_En_Dns/z_en_dns.c:118:7: warning: initialization of 'AnimationHeader *' from incompatible pointer type 'const char (*)[61]' [-Wincompatible-pointer-types]
  118 |     { &gBusinessScrubNervousIdleAnim, ANIMMODE_LOOP, 0.0f },
      |       ^
/home/david/Documents/RockBox_Personal-master/devsrc/nano-soh-runtime/Shipwright/soh/src/overlays/actors/ovl_En_Dns/z_en_dns.c:118:7: note: (near initialization for 'sAnimationInfo[0].animation')
/home/david/Documents/RockBox_Personal-master/devsrc/nano-soh-runtime/Shipwright/soh/src/overlays/actors/ovl_En_Dns/z_en_dns.c:119:7: warning: initialization of 'AnimationHeader *' from incompatible pointer type 'const char (*)[61]' [-Wincompatible-pointer-types]
  119 |     { &gBusinessScrubLeaveBurrowAnim, ANIMMODE_ONCE, 0.0f },
      |       ^
/home/david/Documents/RockBox_Personal-master/devsrc/nano-soh-runtime/Shipwright/soh/src/overlays/actors/ovl_En_Dns/z_en_dns.c:119:7: note: (near initialization for 'sAnimationInfo[1].animation')
/home/david/Documents/RockBox_Personal-master/devsrc/nano-soh-runtime/Shipwright/soh/src/overlays/actors/ovl_En_Dns/z_en_dns.c:120:7: warning: initialization of 'AnimationHeader *' from incompatible pointer type 'const char (*)[67]' [-Wincompatible-pointer-types]
  120 |     { &gBusinessScrubNervousTransitionAnim, ANIMMODE_ONCE, 0.0f },
      |       ^
/home/david/Documents/RockBox_Personal-master/devsrc/nano-soh-runtime/Shipwright/soh/src/overlays/actors/ovl_En_Dns/z_en_dns.c:120:7: note: (near initialization for 'sAnimationInfo[2].animation')
/home/david/Documents/RockBox_Personal-master/devsrc/nano-soh-runtime/Shipwright/soh/src/overlays/actors/ovl_En_Dns/z_en_dns.c: In function 'EnDns_Init':
/home/david/Documents/RockBox_Personal-master/devsrc/nano-soh-runtime/Shipwright/soh/src/overlays/actors/ovl_En_Dns/z_en_dns.c:140:48: warning: passing argument 3 of 'SkelAnime_InitFlex' from incompatible pointer type [-Wincompatible-pointer-types]
  140 |     SkelAnime_InitFlex(play, &this->skelAnime, &gBusinessScrubSkel, &gBusinessScrubNervousTransitionAnim,
      |                                                ^~~~~~~~~~~~~~~~~~~
      |                                                |
      |                                                const char (*)[50]
In file included from /home/david/Documents/RockBox_Personal-master/devsrc/nano-soh-runtime/Shipwright/soh/include/global.h:8,
                 from /home/david/Documents/RockBox_Personal-master/devsrc/nano-soh-runtime/Shipwright/soh/src/overlays/actors/ovl_En_Dns/z_en_dns.h:5,
                 from /home/david/Documents/RockBox_Personal-master/devsrc/nano-soh-runtime/Shipwright/soh/src/overlays/actors/ovl_En_Dns/z_en_dns.c:7:
/home/david/Documents/RockBox_Personal-master/devsrc/nano-soh-runtime/Shipwright/soh/include/functions.h:1329:83: note: expected 'FlexSkeletonHeader *' but argument is of type 'const char (*)[50]'
 1329 | s32 SkelAnime_InitFlex(PlayState* play, SkelAnime* skelAnime, FlexSkeletonHeader* skeletonHeaderSeg,
      |                                                               ~~~~~~~~~~~~~~~~~~~~^~~~~~~~~~~~~~~~~
/home/david/Documents/RockBox_Personal-master/devsrc/nano-soh-runtime/Shipwright/soh/src/overlays/actors/ovl_En_Dns/z_en_dns.c:140:69: warning: passing argument 4 of 'SkelAnime_InitFlex' from incompatible pointer type [-Wincompatible-pointer-types]
  140 |     SkelAnime_InitFlex(play, &this->skelAnime, &gBusinessScrubSkel, &gBusinessScrubNervousTransitionAnim,
      |                                                                     ^~~~~~~~~~~~~~~~~~~~~~~~~~~~~~~~~~~~
      |                                                                     |
      |                                                                     const char (*)[67]
/home/david/Documents/RockBox_Personal-master/devsrc/nano-soh-runtime/Shipwright/soh/include/functions.h:1330:41: note: expected 'AnimationHeader *' but argument is of type 'const char (*)[67]'
 1330 |                        AnimationHeader* animation, Vec3s* jointTable, Vec3s* morphTable, s32 limbCount);
      |                        ~~~~~~~~~~~~~~~~~^~~~~~~~~
/home/david/Documents/RockBox_Personal-master/devsrc/nano-soh-runtime/Shipwright/soh/src/overlays/actors/ovl_En_Dns/z_en_dns.c: In function 'EnDns_Burrow':
/home/david/Documents/RockBox_Personal-master/devsrc/nano-soh-runtime/Shipwright/soh/src/overlays/actors/ovl_En_Dns/z_en_dns.c:432:45: warning: passing argument 1 of 'Animation_GetLastFrame' discards 'const' qualifier from pointer target type [-Wdiscarded-array-qualifiers]
  432 |     f32 frameCount = Animation_GetLastFrame(&gBusinessScrubLeaveBurrowAnim);
      |                                             ^~~~~~~~~~~~~~~~~~~~~~~~~~~~~~
/home/david/Documents/RockBox_Personal-master/devsrc/nano-soh-runtime/Shipwright/soh/include/functions.h:1278:34: note: expected 'void *' but argument is of type 'const char (*)[61]'
 1278 | s16 Animation_GetLastFrame(void* animation);
      |                            ~~~~~~^~~~~~~~~
