Archive member included to satisfy reference by file (symbol)

/home/david/Documents/RockBox_Personal-master/build-hw-ipod6g/apps/plugins/libplugin.a(helper.o)
                              /home/david/Documents/RockBox_Personal-master/build-hw-ipod6g/apps/plugins/nb_maps.o (backlight_ignore_timeout)
/home/david/Documents/RockBox_Personal-master/build-hw-ipod6g/lib/libsetjmp.a(setjmp.o)
                              /home/david/Documents/RockBox_Personal-master/build-hw-ipod6g/apps/plugins/plugin_crt0.o (setjmp)
/usr/local/lib/gcc/arm-elf-eabi/9.5.0/libgcc.a(_divsi3.o)
                              /home/david/Documents/RockBox_Personal-master/build-hw-ipod6g/apps/plugins/nb_maps.o (__aeabi_idiv)
/usr/local/lib/gcc/arm-elf-eabi/9.5.0/libgcc.a(_dvmd_tls.o)
                              /usr/local/lib/gcc/arm-elf-eabi/9.5.0/libgcc.a(_divsi3.o) (__aeabi_idiv0)

Discarded input sections

 .text          0x0000000000000000        0x0 /home/david/Documents/RockBox_Personal-master/build-hw-ipod6g/apps/plugins/libplugin.a(helper.o)
 .data          0x0000000000000000        0x0 /home/david/Documents/RockBox_Personal-master/build-hw-ipod6g/apps/plugins/libplugin.a(helper.o)
 .bss           0x0000000000000000        0x0 /home/david/Documents/RockBox_Personal-master/build-hw-ipod6g/apps/plugins/libplugin.a(helper.o)
 .text.talk_val
                0x0000000000000000       0x28 /home/david/Documents/RockBox_Personal-master/build-hw-ipod6g/apps/plugins/libplugin.a(helper.o)
 .text.backlight_force_on
                0x0000000000000000       0x30 /home/david/Documents/RockBox_Personal-master/build-hw-ipod6g/apps/plugins/libplugin.a(helper.o)
 .text.sw_poweroff_disable
                0x0000000000000000       0x38 /home/david/Documents/RockBox_Personal-master/build-hw-ipod6g/apps/plugins/libplugin.a(helper.o)
 .text.sw_poweroff_restore
                0x0000000000000000       0x20 /home/david/Documents/RockBox_Personal-master/build-hw-ipod6g/apps/plugins/libplugin.a(helper.o)
 .text.remote_backlight_force_on
                0x0000000000000000        0x4 /home/david/Documents/RockBox_Personal-master/build-hw-ipod6g/apps/plugins/libplugin.a(helper.o)
 .text.remote_backlight_ignore_timeout
                0x0000000000000000        0x4 /home/david/Documents/RockBox_Personal-master/build-hw-ipod6g/apps/plugins/libplugin.a(helper.o)
 .text.remote_backlight_use_settings
                0x0000000000000000        0x4 /home/david/Documents/RockBox_Personal-master/build-hw-ipod6g/apps/plugins/libplugin.a(helper.o)
 .text.buttonlight_force_on
                0x0000000000000000        0x4 /home/david/Documents/RockBox_Personal-master/build-hw-ipod6g/apps/plugins/libplugin.a(helper.o)
 .text.buttonlight_force_off
                0x0000000000000000        0x4 /home/david/Documents/RockBox_Personal-master/build-hw-ipod6g/apps/plugins/libplugin.a(helper.o)
 .text.buttonlight_ignore_timeout
                0x0000000000000000        0x4 /home/david/Documents/RockBox_Personal-master/build-hw-ipod6g/apps/plugins/libplugin.a(helper.o)
 .text.buttonlight_use_settings
                0x0000000000000000        0x4 /home/david/Documents/RockBox_Personal-master/build-hw-ipod6g/apps/plugins/libplugin.a(helper.o)
 .text.backlight_brightness_set
                0x0000000000000000       0x14 /home/david/Documents/RockBox_Personal-master/build-hw-ipod6g/apps/plugins/libplugin.a(helper.o)
 .text.backlight_brightness_use_setting
                0x0000000000000000       0x1c /home/david/Documents/RockBox_Personal-master/build-hw-ipod6g/apps/plugins/libplugin.a(helper.o)
 .text.buttonlight_brightness_set
                0x0000000000000000        0x4 /home/david/Documents/RockBox_Personal-master/build-hw-ipod6g/apps/plugins/libplugin.a(helper.o)
 .text.buttonlight_brightness_use_setting
                0x0000000000000000        0x4 /home/david/Documents/RockBox_Personal-master/build-hw-ipod6g/apps/plugins/libplugin.a(helper.o)
 .data.original_sw_poweroff_state
                0x0000000000000000        0x1 /home/david/Documents/RockBox_Personal-master/build-hw-ipod6g/apps/plugins/libplugin.a(helper.o)
 .data          0x0000000000000000        0x0 /home/david/Documents/RockBox_Personal-master/build-hw-ipod6g/lib/libsetjmp.a(setjmp.o)
 .bss           0x0000000000000000        0x0 /home/david/Documents/RockBox_Personal-master/build-hw-ipod6g/lib/libsetjmp.a(setjmp.o)
 .data          0x0000000000000000        0x0 /usr/local/lib/gcc/arm-elf-eabi/9.5.0/libgcc.a(_divsi3.o)
 .bss           0x0000000000000000        0x0 /usr/local/lib/gcc/arm-elf-eabi/9.5.0/libgcc.a(_divsi3.o)
 .data          0x0000000000000000        0x0 /usr/local/lib/gcc/arm-elf-eabi/9.5.0/libgcc.a(_dvmd_tls.o)
 .bss           0x0000000000000000        0x0 /usr/local/lib/gcc/arm-elf-eabi/9.5.0/libgcc.a(_dvmd_tls.o)

Memory Configuration

Name             Origin             Length             Attributes
PLUGIN_RAM       0x000000000bcfc000 0x0000000000300000
PLUGIN_IRAM      0x000000000000c000 0x0000000000014000
*default*        0x0000000000000000 0xffffffffffffffff

Linker script and memory map

LOAD /home/david/Documents/RockBox_Personal-master/build-hw-ipod6g/apps/plugins/nb_maps.o
LOAD /home/david/Documents/RockBox_Personal-master/build-hw-ipod6g/apps/plugins/plugin_crt0.o
LOAD /home/david/Documents/RockBox_Personal-master/build-hw-ipod6g/apps/plugins/libplugin.a
LOAD /home/david/Documents/RockBox_Personal-master/build-hw-ipod6g/apps/plugins/bitmaps/libpluginbitmaps.a
LOAD /home/david/Documents/RockBox_Personal-master/build-hw-ipod6g/lib/libsetjmp.a
LOAD /home/david/Documents/RockBox_Personal-master/build-hw-ipod6g/lib/libfixedpoint.a
LOAD /usr/local/lib/gcc/arm-elf-eabi/9.5.0/libgcc.a

.header         0x000000000bcfc000       0x1c
                0x000000000bcfc000                _plugin_start_addr = .
                0x000000000bcfc000                plugin_start_addr = .
 *(.header)
 .header        0x000000000bcfc000       0x1c /home/david/Documents/RockBox_Personal-master/build-hw-ipod6g/apps/plugins/plugin_crt0.o
                0x000000000bcfc000                __header

.text           0x000000000bcfc01c     0x2710
 *(.text*)
 .text          0x000000000bcfc01c     0x2240 /home/david/Documents/RockBox_Personal-master/build-hw-ipod6g/apps/plugins/nb_maps.o
                0x000000000bcfd248                plugin_start
 .text          0x000000000bcfe25c      0x2dc /home/david/Documents/RockBox_Personal-master/build-hw-ipod6g/apps/plugins/plugin_crt0.o
                0x000000000bcfe274                plugin__start
                0x000000000bcfe49c                rb_atexit
                0x000000000bcfe4bc                exit
                0x000000000bcfe4d8                _exit
                0x000000000bcfe4ec                exit_on_usb
 .text.backlight_ignore_timeout
                0x000000000bcfe538       0x54 /home/david/Documents/RockBox_Personal-master/build-hw-ipod6g/apps/plugins/libplugin.a(helper.o)
                0x000000000bcfe538                backlight_ignore_timeout
 .text.backlight_use_settings
                0x000000000bcfe58c       0x38 /home/david/Documents/RockBox_Personal-master/build-hw-ipod6g/apps/plugins/libplugin.a(helper.o)
                0x000000000bcfe58c                backlight_use_settings
 .text          0x000000000bcfe5c4       0x1c /home/david/Documents/RockBox_Personal-master/build-hw-ipod6g/lib/libsetjmp.a(setjmp.o)
                0x000000000bcfe5c4                setjmp
                0x000000000bcfe5d0                longjmp
 .text          0x000000000bcfe5e0      0x148 /usr/local/lib/gcc/arm-elf-eabi/9.5.0/libgcc.a(_divsi3.o)
                0x000000000bcfe5e0                __aeabi_idiv
                0x000000000bcfe5e0                __divsi3
                0x000000000bcfe708                __aeabi_idivmod
 .text          0x000000000bcfe728        0x4 /usr/local/lib/gcc/arm-elf-eabi/9.5.0/libgcc.a(_dvmd_tls.o)
                0x000000000bcfe728                __aeabi_ldiv0
                0x000000000bcfe728                __aeabi_idiv0
 *(.glue_7)
 .glue_7        0x000000000bcfe72c        0x0 linker stubs
 *(.glue_7t)
 .glue_7t       0x000000000bcfe72c        0x0 linker stubs

.vfp11_veneer   0x000000000bcfe72c        0x0
 .vfp11_veneer  0x000000000bcfe72c        0x0 linker stubs

.v4_bx          0x000000000bcfe72c        0x0
 .v4_bx         0x000000000bcfe72c        0x0 linker stubs

.iplt           0x000000000bcfe72c        0x0
 .iplt          0x000000000bcfe72c        0x0 /home/david/Documents/RockBox_Personal-master/build-hw-ipod6g/apps/plugins/nb_maps.o

.rodata         0x000000000bcfe72c      0xa48
 *(.rodata*)
 .rodata.str1.1
                0x000000000bcfe72c      0x75e /home/david/Documents/RockBox_Personal-master/build-hw-ipod6g/apps/plugins/nb_maps.o
                                        0x76a (size before relaxing)
 *fill*         0x000000000bcfee8a        0x2 
 .rodata        0x000000000bcfee8c      0x2e8 /home/david/Documents/RockBox_Personal-master/build-hw-ipod6g/apps/plugins/nb_maps.o

.rel.dyn        0x000000000bcff174        0x0
 .rel.iplt      0x000000000bcff174        0x0 /home/david/Documents/RockBox_Personal-master/build-hw-ipod6g/apps/plugins/nb_maps.o

.data           0x000000000bcff174       0x20
 *(.data*)
 .data          0x000000000bcff174       0x1c /home/david/Documents/RockBox_Personal-master/build-hw-ipod6g/apps/plugins/nb_maps.o
 .data          0x000000000bcff190        0x4 /home/david/Documents/RockBox_Personal-master/build-hw-ipod6g/apps/plugins/plugin_crt0.o
                0x000000000bcff190                rb

.igot.plt       0x000000000bcff194        0x0
 .igot.plt      0x000000000bcff194        0x0 /home/david/Documents/RockBox_Personal-master/build-hw-ipod6g/apps/plugins/nb_maps.o

/DISCARD/
 *(.eh_frame)

.bss            0x000000000bcff194    0x90594
                0x000000000bcff194                plugin_bss_start = .
                0x000000000bcff194                _plugin_bss_start = .
 *(.bss*)
 .bss           0x000000000bcff194    0x90534 /home/david/Documents/RockBox_Personal-master/build-hw-ipod6g/apps/plugins/nb_maps.o
 .bss           0x000000000bd8f6c8       0x60 /home/david/Documents/RockBox_Personal-master/build-hw-ipod6g/apps/plugins/plugin_crt0.o
 *(COMMON)
                0x000000000bd8f728                . = ALIGN (0x4)

.pluginend      0x000000000bd8f728        0x0
                0x000000000bd8f728                _plugin_end_addr = .
                0x000000000bd8f728                plugin_end_addr = .

.iram           0x000000000000c000        0x0 load address 0x000000000bcff194
                0x000000000000c000                iramstart = .
 *(.icode)
 *(.irodata)
 *(.idata)
                0x000000000000c000                iramend = .
                0x000000000bcff194                iramcopy = LOADADDR (.iram)

.ibss           0x000000000000c000        0x0
                0x000000000000c000                iedata = .
 *(.ibss)
                0x000000000000c000                . = ALIGN (0x4)
                0x000000000000c000                iend = .
                0x000000000bd8f728                loadendaddr = MAX (plugin_end_addr, (LOADADDR (.iram) + SIZEOF (.iram)))

.pluginloadend  0x000000000bd8f728        0x0
                0x000000000bd8f728                _plugin_load_end_addr = .
                0x000000000bd8f728                plugin_load_end_addr = .

.comment        0x0000000000000000       0x11
 *(.comment)
 .comment       0x0000000000000000       0x11 /home/david/Documents/RockBox_Personal-master/build-hw-ipod6g/apps/plugins/nb_maps.o
                                         0x12 (size before relaxing)
 .comment       0x0000000000000011       0x12 /home/david/Documents/RockBox_Personal-master/build-hw-ipod6g/apps/plugins/plugin_crt0.o
 .comment       0x0000000000000011       0x12 /home/david/Documents/RockBox_Personal-master/build-hw-ipod6g/apps/plugins/libplugin.a(helper.o)
OUTPUT(/home/david/Documents/RockBox_Personal-master/build-hw-ipod6g/apps/plugins/nb_maps.elf elf32-littlearm)
LOAD linker stubs

.ARM.attributes
                0x0000000000000000       0x2a
 .ARM.attributes
                0x0000000000000000       0x2c /home/david/Documents/RockBox_Personal-master/build-hw-ipod6g/apps/plugins/nb_maps.o
 .ARM.attributes
                0x000000000000002c       0x2c /home/david/Documents/RockBox_Personal-master/build-hw-ipod6g/apps/plugins/plugin_crt0.o
 .ARM.attributes
                0x0000000000000058       0x2c /home/david/Documents/RockBox_Personal-master/build-hw-ipod6g/apps/plugins/libplugin.a(helper.o)
 .ARM.attributes
                0x0000000000000084       0x1c /home/david/Documents/RockBox_Personal-master/build-hw-ipod6g/lib/libsetjmp.a(setjmp.o)
 .ARM.attributes
                0x00000000000000a0       0x1c /usr/local/lib/gcc/arm-elf-eabi/9.5.0/libgcc.a(_divsi3.o)
 .ARM.attributes
                0x00000000000000bc       0x1c /usr/local/lib/gcc/arm-elf-eabi/9.5.0/libgcc.a(_dvmd_tls.o)

.debug_frame    0x0000000000000000       0x20
 .debug_frame   0x0000000000000000       0x20 /usr/local/lib/gcc/arm-elf-eabi/9.5.0/libgcc.a(_divsi3.o)

.debug_line     0x0000000000000000       0xeb
 .debug_line    0x0000000000000000       0x8a /usr/local/lib/gcc/arm-elf-eabi/9.5.0/libgcc.a(_divsi3.o)
 .debug_line    0x000000000000008a       0x61 /usr/local/lib/gcc/arm-elf-eabi/9.5.0/libgcc.a(_dvmd_tls.o)

.debug_info     0x0000000000000000       0x4c
 .debug_info    0x0000000000000000       0x26 /usr/local/lib/gcc/arm-elf-eabi/9.5.0/libgcc.a(_divsi3.o)
 .debug_info    0x0000000000000026       0x26 /usr/local/lib/gcc/arm-elf-eabi/9.5.0/libgcc.a(_dvmd_tls.o)

.debug_abbrev   0x0000000000000000       0x28
 .debug_abbrev  0x0000000000000000       0x14 /usr/local/lib/gcc/arm-elf-eabi/9.5.0/libgcc.a(_divsi3.o)
 .debug_abbrev  0x0000000000000014       0x14 /usr/local/lib/gcc/arm-elf-eabi/9.5.0/libgcc.a(_dvmd_tls.o)

.debug_aranges  0x0000000000000000       0x40
 .debug_aranges
                0x0000000000000000       0x20 /usr/local/lib/gcc/arm-elf-eabi/9.5.0/libgcc.a(_divsi3.o)
 .debug_aranges
                0x0000000000000020       0x20 /usr/local/lib/gcc/arm-elf-eabi/9.5.0/libgcc.a(_dvmd_tls.o)

.debug_str      0x0000000000000000       0x6c
 .debug_str     0x0000000000000000       0x6c /usr/local/lib/gcc/arm-elf-eabi/9.5.0/libgcc.a(_divsi3.o)
 .debug_str     0x000000000000006c       0x6c /usr/local/lib/gcc/arm-elf-eabi/9.5.0/libgcc.a(_dvmd_tls.o)
