/home/david/Documents/RockBox_Personal-master/devsrc/nano-soh-runtime/Shipwright/soh/src/overlays/actors/ovl_En_Brob/z_en_brob.c: In function 'EnBrob_Init':
/home/david/Documents/RockBox_Personal-master/devsrc/nano-soh-runtime/Shipwright/soh/src/overlays/actors/ovl_En_Brob/z_en_brob.c:65:48: warning: passing argument 3 of 'SkelAnime_InitFlex' from incompatible pointer type [-Wincompatible-pointer-types]
   65 |     SkelAnime_InitFlex(play, &this->skelAnime, &object_brob_Skel_0015D8, &object_brob_Anim_001750, this->jointTable,
      |                                                ^~~~~~~~~~~~~~~~~~~~~~~~
      |                                                |
      |                                                const char (*)[51]
In file included from /home/david/Documents/RockBox_Personal-master/devsrc/nano-soh-runtime/Shipwright/soh/include/global.h:8,
                 from /home/david/Documents/RockBox_Personal-master/devsrc/nano-soh-runtime/Shipwright/soh/src/overlays/actors/ovl_En_Brob/z_en_brob.h:5,
                 from /home/david/Documents/RockBox_Personal-master/devsrc/nano-soh-runtime/Shipwright/soh/src/overlays/actors/ovl_En_Brob/z_en_brob.c:7:
/home/david/Documents/RockBox_Personal-master/devsrc/nano-soh-runtime/Shipwright/soh/include/functions.h:1329:83: note: expected 'FlexSkeletonHeader *' but argument is of type 'const char (*)[51]'
 1329 | s32 SkelAnime_InitFlex(PlayState* play, SkelAnime* skelAnime, FlexSkeletonHeader* skeletonHeaderSeg,
      |                                                               ~~~~~~~~~~~~~~~~~~~~^~~~~~~~~~~~~~~~~
/home/david/Documents/RockBox_Personal-master/devsrc/nano-soh-runtime/Shipwright/soh/src/overlays/actors/ovl_En_Brob/z_en_brob.c:65:74: warning: passing argument 4 of 'SkelAnime_InitFlex' from incompatible pointer type [-Wincompatible-pointer-types]
   65 |     SkelAnime_InitFlex(play, &this->skelAnime, &object_brob_Skel_0015D8, &object_brob_Anim_001750, this->jointTable,
      |                                                                          ^~~~~~~~~~~~~~~~~~~~~~~~
      |                                                                          |
      |                                                                          const char (*)[51]
/home/david/Documents/RockBox_Personal-master/devsrc/nano-soh-runtime/Shipwright/soh/include/functions.h:1330:41: note: expected 'AnimationHeader *' but argument is of type 'const char (*)[51]'
 1330 |                        AnimationHeader* animation, Vec3s* jointTable, Vec3s* morphTable, s32 limbCount);
      |                        ~~~~~~~~~~~~~~~~~^~~~~~~~~
/home/david/Documents/RockBox_Personal-master/devsrc/nano-soh-runtime/Shipwright/soh/src/overlays/actors/ovl_En_Brob/z_en_brob.c:68:32: warning: passing argument 1 of 'CollisionHeader_GetVirtual' discards 'const' qualifier from pointer target type [-Wdiscarded-array-qualifiers]
   68 |     CollisionHeader_GetVirtual(&object_brob_Col_001A70, &colHeader);
      |                                ^~~~~~~~~~~~~~~~~~~~~~~
/home/david/Documents/RockBox_Personal-master/devsrc/nano-soh-runtime/Shipwright/soh/include/functions.h:673:39: note: expected 'void *' but argument is of type 'const char (*)[50]'
  673 | void CollisionHeader_GetVirtual(void* colHeader, CollisionHeader** dest);
      |                                 ~~~~~~^~~~~~~~~
/home/david/Documents/RockBox_Personal-master/devsrc/nano-soh-runtime/Shipwright/soh/src/overlays/actors/ovl_En_Brob/z_en_brob.c: In function 'EnBrob_SetupMoveUp':
/home/david/Documents/RockBox_Personal-master/devsrc/nano-soh-runtime/Shipwright/soh/src/overlays/actors/ovl_En_Brob/z_en_brob.c:115:42: warning: passing argument 2 of 'Animation_PlayOnce' from incompatible pointer type [-Wincompatible-pointer-types]
  115 |     Animation_PlayOnce(&this->skelAnime, &object_brob_Anim_001750);
      |                                          ^~~~~~~~~~~~~~~~~~~~~~~~
      |                                          |
      |                                          const char (*)[51]
/home/david/Documents/RockBox_Personal-master/devsrc/nano-soh-runtime/Shipwright/soh/include/functions.h:1338:64: note: expected 'AnimationHeader *' but argument is of type 'const char (*)[51]'
 1338 | void Animation_PlayOnce(SkelAnime* skelAnime, AnimationHeader* animation);
      |                                               ~~~~~~~~~~~~~~~~~^~~~~~~~~
/home/david/Documents/RockBox_Personal-master/devsrc/nano-soh-runtime/Shipwright/soh/src/overlays/actors/ovl_En_Brob/z_en_brob.c: In function 'EnBrob_SetupWobble':
/home/david/Documents/RockBox_Personal-master/devsrc/nano-soh-runtime/Shipwright/soh/src/overlays/actors/ovl_En_Brob/z_en_brob.c:122:45: warning: passing argument 2 of 'Animation_MorphToLoop' from incompatible pointer type [-Wincompatible-pointer-types]
  122 |     Animation_MorphToLoop(&this->skelAnime, &object_brob_Anim_001958, -5.0f);
      |                                             ^~~~~~~~~~~~~~~~~~~~~~~~
      |                                             |
      |                                             const char (*)[51]
/home/david/Documents/RockBox_Personal-master/devsrc/nano-soh-runtime/Shipwright/soh/include/functions.h:1342:67: note: expected 'AnimationHeader *' but argument is of type 'const char (*)[51]'
 1342 | void Animation_MorphToLoop(SkelAnime* skelAnime, AnimationHeader* animation, f32 morphFrames);
      |                                                  ~~~~~~~~~~~~~~~~~^~~~~~~~~
/home/david/Documents/RockBox_Personal-master/devsrc/nano-soh-runtime/Shipwright/soh/src/overlays/actors/ovl_En_Brob/z_en_brob.c: In function 'EnBrob_SetupStunned':
/home/david/Documents/RockBox_Personal-master/devsrc/nano-soh-runtime/Shipwright/soh/src/overlays/actors/ovl_En_Brob/z_en_brob.c:129:49: warning: passing argument 2 of 'Animation_MorphToPlayOnce' from incompatible pointer type [-Wincompatible-pointer-types]
  129 |     Animation_MorphToPlayOnce(&this->skelAnime, &object_brob_Anim_000290, -5.0f);
      |                                                 ^~~~~~~~~~~~~~~~~~~~~~~~
      |                                                 |
      |                                                 const char (*)[51]
/home/david/Documents/RockBox_Personal-master/devsrc/nano-soh-runtime/Shipwright/soh/include/functions.h:1339:71: note: expected 'AnimationHeader *' but argument is of type 'const char (*)[51]'
 1339 | void Animation_MorphToPlayOnce(SkelAnime* skelAnime, AnimationHeader* animation, f32 morphFrames);
      |                                                      ~~~~~~~~~~~~~~~~~^~~~~~~~~
/home/david/Documents/RockBox_Personal-master/devsrc/nano-soh-runtime/Shipwright/soh/src/overlays/actors/ovl_En_Brob/z_en_brob.c: In function 'EnBrob_SetupMoveDown':
/home/david/Documents/RockBox_Personal-master/devsrc/nano-soh-runtime/Shipwright/soh/src/overlays/actors/ovl_En_Brob/z_en_brob.c:138:45: warning: passing argument 1 of 'Animation_GetLastFrame' discards 'const' qualifier from pointer target type [-Wdiscarded-array-qualifiers]
  138 |                      Animation_GetLastFrame(&object_brob_Anim_001750), 0.0f, ANIMMODE_ONCE, -5.0f);
      |                                             ^~~~~~~~~~~~~~~~~~~~~~~~
/home/david/Documents/RockBox_Personal-master/devsrc/nano-soh-runtime/Shipwright/soh/include/functions.h:1278:34: note: expected 'void *' but argument is of type 'const char (*)[51]'
 1278 | s16 Animation_GetLastFrame(void* animation);
      |                            ~~~~~~^~~~~~~~~
/home/david/Documents/RockBox_Personal-master/devsrc/nano-soh-runtime/Shipwright/soh/src/overlays/actors/ovl_En_Brob/z_en_brob.c:137:40: warning: passing argument 2 of 'Animation_Change' from incompatible pointer type [-Wincompatible-pointer-types]
  137 |     Animation_Change(&this->skelAnime, &object_brob_Anim_001750, -1.0f,
      |                                        ^~~~~~~~~~~~~~~~~~~~~~~~
      |                                        |
      |                                        const char (*)[51]
/home/david/Documents/RockBox_Personal-master/devsrc/nano-soh-runtime/Shipwright/soh/include/functions.h:1336:62: note: expected 'AnimationHeader *' but argument is of type 'const char (*)[51]'
 1336 | void Animation_Change(SkelAnime* skelAnime, AnimationHeader* animation, f32 playSpeed, f32 startFrame, f32 endFrame,
      |                                             ~~~~~~~~~~~~~~~~~^~~~~~~~~
/home/david/Documents/RockBox_Personal-master/devsrc/nano-soh-runtime/Shipwright/soh/src/overlays/actors/ovl_En_Brob/z_en_brob.c: In function 'EnBrob_SetupShock':
/home/david/Documents/RockBox_Personal-master/devsrc/nano-soh-runtime/Shipwright/soh/src/overlays/actors/ovl_En_Brob/z_en_brob.c:144:45: warning: passing argument 2 of 'Animation_MorphToLoop' from incompatible pointer type [-Wincompatible-pointer-types]
  144 |     Animation_MorphToLoop(&this->skelAnime, &object_brob_Anim_001678, -5.0f);
      |                                             ^~~~~~~~~~~~~~~~~~~~~~~~
      |                                             |
      |                                             const char (*)[51]
/home/david/Documents/RockBox_Personal-master/devsrc/nano-soh-runtime/Shipwright/soh/include/functions.h:1342:67: note: expected 'AnimationHeader *' but argument is of type 'const char (*)[51]'
 1342 | void Animation_MorphToLoop(SkelAnime* skelAnime, AnimationHeader* animation, f32 morphFrames);
      |                                                  ~~~~~~~~~~~~~~~~~^~~~~~~~~
