/home/david/Documents/RockBox_Personal-master/devsrc/nano-soh-runtime/Shipwright/soh/src/overlays/actors/ovl_Boss_Dodongo/z_boss_dodongo.c:66:1: warning: braces around scalar initializer
   66 | static u8 sMaskTex16x16[16 * 16] = { { 0 } };
      | ^~~~~~
/home/david/Documents/RockBox_Personal-master/devsrc/nano-soh-runtime/Shipwright/soh/src/overlays/actors/ovl_Boss_Dodongo/z_boss_dodongo.c:66:1: note: (near initialization for 'sMaskTex16x16[0]')
/home/david/Documents/RockBox_Personal-master/devsrc/nano-soh-runtime/Shipwright/soh/src/overlays/actors/ovl_Boss_Dodongo/z_boss_dodongo.c:67:1: warning: braces around scalar initializer
   67 | static u8 sMaskTex8x16[8 * 16] = { { 0 } };
      | ^~~~~~
/home/david/Documents/RockBox_Personal-master/devsrc/nano-soh-runtime/Shipwright/soh/src/overlays/actors/ovl_Boss_Dodongo/z_boss_dodongo.c:67:1: note: (near initialization for 'sMaskTex8x16[0]')
/home/david/Documents/RockBox_Personal-master/devsrc/nano-soh-runtime/Shipwright/soh/src/overlays/actors/ovl_Boss_Dodongo/z_boss_dodongo.c:68:1: warning: braces around scalar initializer
   68 | static u8 sMaskTex16x32[16 * 32] = { { 0 } };
      | ^~~~~~
/home/david/Documents/RockBox_Personal-master/devsrc/nano-soh-runtime/Shipwright/soh/src/overlays/actors/ovl_Boss_Dodongo/z_boss_dodongo.c:68:1: note: (near initialization for 'sMaskTex16x32[0]')
/home/david/Documents/RockBox_Personal-master/devsrc/nano-soh-runtime/Shipwright/soh/src/overlays/actors/ovl_Boss_Dodongo/z_boss_dodongo.c:69:1: warning: braces around scalar initializer
   69 | static u8 sMaskTex32x16[32 * 16] = { { 0 } };
      | ^~~~~~
/home/david/Documents/RockBox_Personal-master/devsrc/nano-soh-runtime/Shipwright/soh/src/overlays/actors/ovl_Boss_Dodongo/z_boss_dodongo.c:69:1: note: (near initialization for 'sMaskTex32x16[0]')
/home/david/Documents/RockBox_Personal-master/devsrc/nano-soh-runtime/Shipwright/soh/src/overlays/actors/ovl_Boss_Dodongo/z_boss_dodongo.c:70:1: warning: braces around scalar initializer
   70 | static u8 sMaskTex8x8[8 * 8] = { { 0 } };
      | ^~~~~~
/home/david/Documents/RockBox_Personal-master/devsrc/nano-soh-runtime/Shipwright/soh/src/overlays/actors/ovl_Boss_Dodongo/z_boss_dodongo.c:70:1: note: (near initialization for 'sMaskTex8x8[0]')
/home/david/Documents/RockBox_Personal-master/devsrc/nano-soh-runtime/Shipwright/soh/src/overlays/actors/ovl_Boss_Dodongo/z_boss_dodongo.c:71:1: warning: braces around scalar initializer
   71 | static u8 sMaskTex8x32[8 * 32] = { { 0 } };
      | ^~~~~~
/home/david/Documents/RockBox_Personal-master/devsrc/nano-soh-runtime/Shipwright/soh/src/overlays/actors/ovl_Boss_Dodongo/z_boss_dodongo.c:71:1: note: (near initialization for 'sMaskTex8x32[0]')
/home/david/Documents/RockBox_Personal-master/devsrc/nano-soh-runtime/Shipwright/soh/src/overlays/actors/ovl_Boss_Dodongo/z_boss_dodongo.c:72:1: warning: braces around scalar initializer
   72 | static u8 sMaskTexLava[LAVA_TEX_WIDTH * LAVA_TEX_HEIGHT] = { { 0 } };
      | ^~~~~~
/home/david/Documents/RockBox_Personal-master/devsrc/nano-soh-runtime/Shipwright/soh/src/overlays/actors/ovl_Boss_Dodongo/z_boss_dodongo.c:72:1: note: (near initialization for 'sMaskTexLava[0]')
/home/david/Documents/RockBox_Personal-master/devsrc/nano-soh-runtime/Shipwright/soh/src/overlays/actors/ovl_Boss_Dodongo/z_boss_dodongo.c: In function 'BossDodongo_RegisterBlendedLavaTextureUpdate':
/home/david/Documents/RockBox_Personal-master/devsrc/nano-soh-runtime/Shipwright/soh/src/overlays/actors/ovl_Boss_Dodongo/z_boss_dodongo.c:146:83: warning: passing argument 3 of 'Gfx_RegisterBlendedTexture' from incompatible pointer type [-Wincompatible-pointer-types]
  146 |         Gfx_RegisterBlendedTexture(gDodongosCavernBossLavaFloorTex, sMaskTexLava, sLavaWavyTexRaw);
      |                                                                                   ^~~~~~~~~~~~~~~
      |                                                                                   |
      |                                                                                   u32 * {aka long unsigned int *}
In file included from /home/david/Documents/RockBox_Personal-master/devsrc/nano-soh-runtime/Shipwright/soh/src/overlays/actors/ovl_Boss_Dodongo/z_boss_dodongo.c:8:
/home/david/Documents/RockBox_Personal-master/devsrc/nano-soh-runtime/Shipwright/soh/soh/OTRGlobals.h:133:65: note: expected 'u8 *' {aka 'unsigned char *'} but argument is of type 'u32 *' {aka 'long unsigned int *'}
  133 | void Gfx_RegisterBlendedTexture(const char* name, u8* mask, u8* replacement);
      |                                                             ~~~~^~~~~~~~~~~
/home/david/Documents/RockBox_Personal-master/devsrc/nano-soh-runtime/Shipwright/soh/src/overlays/actors/ovl_Boss_Dodongo/z_boss_dodongo.c:160:83: warning: passing argument 3 of 'Gfx_RegisterBlendedTexture' from incompatible pointer type [-Wincompatible-pointer-types]
  160 |         Gfx_RegisterBlendedTexture(gDodongosCavernBossLavaFloorTex, sMaskTexLava, sLavaWavyTex);
      |                                                                                   ^~~~~~~~~~~~
      |                                                                                   |
      |                                                                                   u16 * {aka short unsigned int *}
/home/david/Documents/RockBox_Personal-master/devsrc/nano-soh-runtime/Shipwright/soh/soh/OTRGlobals.h:133:65: note: expected 'u8 *' {aka 'unsigned char *'} but argument is of type 'u16 *' {aka 'short unsigned int *'}
  133 | void Gfx_RegisterBlendedTexture(const char* name, u8* mask, u8* replacement);
      |                                                             ~~~~^~~~~~~~~~~
/home/david/Documents/RockBox_Personal-master/devsrc/nano-soh-runtime/Shipwright/soh/src/overlays/actors/ovl_Boss_Dodongo/z_boss_dodongo.c:171:28: warning: passing argument 1 of 'Gfx_TextureCacheDelete' from incompatible pointer type [-Wincompatible-pointer-types]
  171 |     Gfx_TextureCacheDelete(sLavaWavyTex);
      |                            ^~~~~~~~~~~~
      |                            |
      |                            u16 * {aka short unsigned int *}
/home/david/Documents/RockBox_Personal-master/devsrc/nano-soh-runtime/Shipwright/soh/soh/OTRGlobals.h:135:44: note: expected 'const uint8_t *' {aka 'const unsigned char *'} but argument is of type 'u16 *' {aka 'short unsigned int *'}
  135 | void Gfx_TextureCacheDelete(const uint8_t* addr);
      |                             ~~~~~~~~~~~~~~~^~~~
/home/david/Documents/RockBox_Personal-master/devsrc/nano-soh-runtime/Shipwright/soh/src/overlays/actors/ovl_Boss_Dodongo/z_boss_dodongo.c:172:28: warning: passing argument 1 of 'Gfx_TextureCacheDelete' from incompatible pointer type [-Wincompatible-pointer-types]
  172 |     Gfx_TextureCacheDelete(sLavaFloorModifiedTex);
      |                            ^~~~~~~~~~~~~~~~~~~~~
      |                            |
      |                            u16 * {aka short unsigned int *}
/home/david/Documents/RockBox_Personal-master/devsrc/nano-soh-runtime/Shipwright/soh/soh/OTRGlobals.h:135:44: note: expected 'const uint8_t *' {aka 'const unsigned char *'} but argument is of type 'u16 *' {aka 'short unsigned int *'}
  135 | void Gfx_TextureCacheDelete(const uint8_t* addr);
      |                             ~~~~~~~~~~~~~~~^~~~
/home/david/Documents/RockBox_Personal-master/devsrc/nano-soh-runtime/Shipwright/soh/src/overlays/actors/ovl_Boss_Dodongo/z_boss_dodongo.c: In function 'func_808C1554_Raw':
/home/david/Documents/RockBox_Personal-master/devsrc/nano-soh-runtime/Shipwright/soh/src/overlays/actors/ovl_Boss_Dodongo/z_boss_dodongo.c:238:28: warning: passing argument 1 of 'Gfx_TextureCacheDelete' from incompatible pointer type [-Wincompatible-pointer-types]
  238 |     Gfx_TextureCacheDelete(sLavaWavyTexRaw);
      |                            ^~~~~~~~~~~~~~~
      |                            |
      |                            u32 * {aka long unsigned int *}
/home/david/Documents/RockBox_Personal-master/devsrc/nano-soh-runtime/Shipwright/soh/soh/OTRGlobals.h:135:44: note: expected 'const uint8_t *' {aka 'const unsigned char *'} but argument is of type 'u32 *' {aka 'long unsigned int *'}
  135 | void Gfx_TextureCacheDelete(const uint8_t* addr);
      |                             ~~~~~~~~~~~~~~~^~~~
/home/david/Documents/RockBox_Personal-master/devsrc/nano-soh-runtime/Shipwright/soh/src/overlays/actors/ovl_Boss_Dodongo/z_boss_dodongo.c: In function 'func_808C1554':
/home/david/Documents/RockBox_Personal-master/devsrc/nano-soh-runtime/Shipwright/soh/src/overlays/actors/ovl_Boss_Dodongo/z_boss_dodongo.c:267:28: warning: passing argument 1 of 'Gfx_TextureCacheDelete' from incompatible pointer type [-Wincompatible-pointer-types]
  267 |     Gfx_TextureCacheDelete(sLavaWavyTex);
      |                            ^~~~~~~~~~~~
      |                            |
      |                            u16 * {aka short unsigned int *}
/home/david/Documents/RockBox_Personal-master/devsrc/nano-soh-runtime/Shipwright/soh/soh/OTRGlobals.h:135:44: note: expected 'const uint8_t *' {aka 'const unsigned char *'} but argument is of type 'u16 *' {aka 'short unsigned int *'}
  135 | void Gfx_TextureCacheDelete(const uint8_t* addr);
      |                             ~~~~~~~~~~~~~~~^~~~
/home/david/Documents/RockBox_Personal-master/devsrc/nano-soh-runtime/Shipwright/soh/src/overlays/actors/ovl_Boss_Dodongo/z_boss_dodongo.c: In function 'BossDodongo_Init':
/home/david/Documents/RockBox_Personal-master/devsrc/nano-soh-runtime/Shipwright/soh/src/overlays/actors/ovl_Boss_Dodongo/z_boss_dodongo.c:328:44: warning: passing argument 3 of 'SkelAnime_Init' from incompatible pointer type [-Wincompatible-pointer-types]
  328 |     SkelAnime_Init(play, &this->skelAnime, &object_kingdodongo_Skel_01B310, &object_kingdodongo_Anim_00F0D8, NULL, NULL,
      |                                            ^~~~~~~~~~~~~~~~~~~~~~~~~~~~~~~
      |                                            |
      |                                            const char (*)[65]
In file included from /home/david/Documents/RockBox_Personal-master/devsrc/nano-soh-runtime/Shipwright/soh/include/global.h:8,
                 from /home/david/Documents/RockBox_Personal-master/devsrc/nano-soh-runtime/Shipwright/soh/src/overlays/actors/ovl_Boss_Dodongo/z_boss_dodongo.h:5,
                 from /home/david/Documents/RockBox_Personal-master/devsrc/nano-soh-runtime/Shipwright/soh/src/overlays/actors/ovl_Boss_Dodongo/z_boss_dodongo.c:1:
/home/david/Documents/RockBox_Personal-master/devsrc/nano-soh-runtime/Shipwright/soh/include/functions.h:1327:75: note: expected 'SkeletonHeader *' but argument is of type 'const char (*)[65]'
 1327 | s32 SkelAnime_Init(PlayState* play, SkelAnime* skelAnime, SkeletonHeader* skeletonHeaderSeg,
      |                                                           ~~~~~~~~~~~~~~~~^~~~~~~~~~~~~~~~~
/home/david/Documents/RockBox_Personal-master/devsrc/nano-soh-runtime/Shipwright/soh/src/overlays/actors/ovl_Boss_Dodongo/z_boss_dodongo.c:328:77: warning: passing argument 4 of 'SkelAnime_Init' from incompatible pointer type [-Wincompatible-pointer-types]
  328 |     SkelAnime_Init(play, &this->skelAnime, &object_kingdodongo_Skel_01B310, &object_kingdodongo_Anim_00F0D8, NULL, NULL,
      |                                                                             ^~~~~~~~~~~~~~~~~~~~~~~~~~~~~~~
      |                                                                             |
      |                                                                             const char (*)[65]
/home/david/Documents/RockBox_Personal-master/devsrc/nano-soh-runtime/Shipwright/soh/include/functions.h:1328:37: note: expected 'AnimationHeader *' but argument is of type 'const char (*)[65]'
 1328 |                    AnimationHeader* animation, Vec3s* jointTable, Vec3s* morphTable, s32 limbCount);
      |                    ~~~~~~~~~~~~~~~~~^~~~~~~~~
/home/david/Documents/RockBox_Personal-master/devsrc/nano-soh-runtime/Shipwright/soh/src/overlays/actors/ovl_Boss_Dodongo/z_boss_dodongo.c:330:42: warning: passing argument 2 of 'Animation_PlayLoop' from incompatible pointer type [-Wincompatible-pointer-types]
  330 |     Animation_PlayLoop(&this->skelAnime, &object_kingdodongo_Anim_00F0D8);
      |                                          ^~~~~~~~~~~~~~~~~~~~~~~~~~~~~~~
      |                                          |
      |                                          const char (*)[65]
/home/david/Documents/RockBox_Personal-master/devsrc/nano-soh-runtime/Shipwright/soh/include/functions.h:1341:64: note: expected 'AnimationHeader *' but argument is of type 'const char (*)[65]'
 1341 | void Animation_PlayLoop(SkelAnime* skelAnime, AnimationHeader* animation);
      |                                               ~~~~~~~~~~~~~~~~~^~~~~~~~~
/home/david/Documents/RockBox_Personal-master/devsrc/nano-soh-runtime/Shipwright/soh/src/overlays/actors/ovl_Boss_Dodongo/z_boss_dodongo.c: In function 'BossDodongo_SetupIntroCutscene':
/home/david/Documents/RockBox_Personal-master/devsrc/nano-soh-runtime/Shipwright/soh/src/overlays/actors/ovl_Boss_Dodongo/z_boss_dodongo.c:413:41: warning: passing argument 1 of 'Animation_GetLastFrame' discards 'const' qualifier from pointer target type [-Wdiscarded-array-qualifiers]
  413 |     s16 frames = Animation_GetLastFrame(&object_kingdodongo_Anim_00F0D8);
      |                                         ^~~~~~~~~~~~~~~~~~~~~~~~~~~~~~~
/home/david/Documents/RockBox_Personal-master/devsrc/nano-soh-runtime/Shipwright/soh/include/functions.h:1278:34: note: expected 'void *' but argument is of type 'const char (*)[65]'
 1278 | s16 Animation_GetLastFrame(void* animation);
      |                            ~~~~~~^~~~~~~~~
/home/david/Documents/RockBox_Personal-master/devsrc/nano-soh-runtime/Shipwright/soh/src/overlays/actors/ovl_Boss_Dodongo/z_boss_dodongo.c:415:40: warning: passing argument 2 of 'Animation_Change' from incompatible pointer type [-Wincompatible-pointer-types]
  415 |     Animation_Change(&this->skelAnime, &object_kingdodongo_Anim_00F0D8, 1.0f, 0.0f, frames, ANIMMODE_LOOP, -10.0f);
      |                                        ^~~~~~~~~~~~~~~~~~~~~~~~~~~~~~~
      |                                        |
      |                                        const char (*)[65]
/home/david/Documents/RockBox_Personal-master/devsrc/nano-soh-runtime/Shipwright/soh/include/functions.h:1336:62: note: expected 'AnimationHeader *' but argument is of type 'const char (*)[65]'
 1336 | void Animation_Change(SkelAnime* skelAnime, AnimationHeader* animation, f32 playSpeed, f32 startFrame, f32 endFrame,
      |                                             ~~~~~~~~~~~~~~~~~^~~~~~~~~
/home/david/Documents/RockBox_Personal-master/devsrc/nano-soh-runtime/Shipwright/soh/src/overlays/actors/ovl_Boss_Dodongo/z_boss_dodongo.c: In function 'BossDodongo_IntroCutscene':
/home/david/Documents/RockBox_Personal-master/devsrc/nano-soh-runtime/Shipwright/soh/src/overlays/actors/ovl_Boss_Dodongo/z_boss_dodongo.c:530:61: warning: passing argument 1 of 'Animation_GetLastFrame' discards 'const' qualifier from pointer target type [-Wdiscarded-array-qualifiers]
  530 |                                      Animation_GetLastFrame(&object_kingdodongo_Anim_008EEC), ANIMMODE_ONCE, 0.0f);
      |                                                             ^~~~~~~~~~~~~~~~~~~~~~~~~~~~~~~
/home/david/Documents/RockBox_Personal-master/devsrc/nano-soh-runtime/Shipwright/soh/include/functions.h:1278:34: note: expected 'void *' but argument is of type 'const char (*)[65]'
 1278 | s16 Animation_GetLastFrame(void* animation);
      |                            ~~~~~~^~~~~~~~~
/home/david/Documents/RockBox_Personal-master/devsrc/nano-soh-runtime/Shipwright/soh/src/overlays/actors/ovl_Boss_Dodongo/z_boss_dodongo.c:529:56: warning: passing argument 2 of 'Animation_Change' from incompatible pointer type [-Wincompatible-pointer-types]
  529 |                     Animation_Change(&this->skelAnime, &object_kingdodongo_Anim_008EEC, 1.0f, 0.0f,
      |                                                        ^~~~~~~~~~~~~~~~~~~~~~~~~~~~~~~
      |                                                        |
      |                                                        const char (*)[65]
/home/david/Documents/RockBox_Personal-master/devsrc/nano-soh-runtime/Shipwright/soh/include/functions.h:1336:62: note: expected 'AnimationHeader *' but argument is of type 'const char (*)[65]'
 1336 | void Animation_Change(SkelAnime* skelAnime, AnimationHeader* animation, f32 playSpeed, f32 startFrame, f32 endFrame,
      |                                             ~~~~~~~~~~~~~~~~~^~~~~~~~~
/home/david/Documents/RockBox_Personal-master/devsrc/nano-soh-runtime/Shipwright/soh/src/overlays/actors/ovl_Boss_Dodongo/z_boss_dodongo.c:553:57: warning: passing argument 1 of 'Animation_GetLastFrame' discards 'const' qualifier from pointer target type [-Wdiscarded-array-qualifiers]
  553 |                                  Animation_GetLastFrame(&object_kingdodongo_Anim_008EEC), ANIMMODE_ONCE, -5.0f);
      |                                                         ^~~~~~~~~~~~~~~~~~~~~~~~~~~~~~~
/home/david/Documents/RockBox_Personal-master/devsrc/nano-soh-runtime/Shipwright/soh/include/functions.h:1278:34: note: expected 'void *' but argument is of type 'const char (*)[65]'
 1278 | s16 Animation_GetLastFrame(void* animation);
      |                            ~~~~~~^~~~~~~~~
/home/david/Documents/RockBox_Personal-master/devsrc/nano-soh-runtime/Shipwright/soh/src/overlays/actors/ovl_Boss_Dodongo/z_boss_dodongo.c:552:52: warning: passing argument 2 of 'Animation_Change' from incompatible pointer type [-Wincompatible-pointer-types]
  552 |                 Animation_Change(&this->skelAnime, &object_kingdodongo_Anim_008EEC, 1.0f, 0.0f,
      |                                                    ^~~~~~~~~~~~~~~~~~~~~~~~~~~~~~~
      |                                                    |
      |                                                    const char (*)[65]
/home/david/Documents/RockBox_Personal-master/devsrc/nano-soh-runtime/Shipwright/soh/include/functions.h:1336:62: note: expected 'AnimationHeader *' but argument is of type 'const char (*)[65]'
 1336 | void Animation_Change(SkelAnime* skelAnime, AnimationHeader* animation, f32 playSpeed, f32 startFrame, f32 endFrame,
      |                                             ~~~~~~~~~~~~~~~~~^~~~~~~~~
In file included from /home/david/Documents/RockBox_Personal-master/devsrc/nano-soh-runtime/Shipwright/soh/include/global.h:10:
/home/david/Documents/RockBox_Personal-master/devsrc/nano-soh-runtime/Shipwright/soh/src/overlays/actors/ovl_Boss_Dodongo/z_boss_dodongo.c:589:65: warning: passing argument 3 of 'TitleCard_InitBossName' discards 'const' qualifier from pointer target type [-Wdiscarded-qualifiers]
  589 |                                            SEGMENTED_TO_VIRTUAL(gKingDodongoTitleCardENGTex), 160, 180, 128, 40, true);
      |                                                                 ^~~~~~~~~~~~~~~~~~~~~~~~~~~
/home/david/Documents/RockBox_Personal-master/devsrc/nano-soh-runtime/Shipwright/soh/include/macros.h:37:36: note: in definition of macro 'SEGMENTED_TO_VIRTUAL'
   37 | #define SEGMENTED_TO_VIRTUAL(addr) addr
      |                                    ^~~~
/home/david/Documents/RockBox_Personal-master/devsrc/nano-soh-runtime/Shipwright/soh/include/functions.h:394:80: note: expected 'void *' but argument is of type 'const char *'
  394 | void TitleCard_InitBossName(PlayState* play, TitleCardContext* titleCtx, void* texture, s16 x, s16 y, u8 width,
      |                                                                          ~~~~~~^~~~~~~
/home/david/Documents/RockBox_Personal-master/devsrc/nano-soh-runtime/Shipwright/soh/src/overlays/actors/ovl_Boss_Dodongo/z_boss_dodongo.c: In function 'BossDodongo_SetupDamaged':
/home/david/Documents/RockBox_Personal-master/devsrc/nano-soh-runtime/Shipwright/soh/src/overlays/actors/ovl_Boss_Dodongo/z_boss_dodongo.c:637:49: warning: passing argument 1 of 'Animation_GetLastFrame' discards 'const' qualifier from pointer target type [-Wdiscarded-array-qualifiers]
  637 |                          Animation_GetLastFrame(&object_kingdodongo_Anim_001074), ANIMMODE_ONCE, -5.0f);
      |                                                 ^~~~~~~~~~~~~~~~~~~~~~~~~~~~~~~
/home/david/Documents/RockBox_Personal-master/devsrc/nano-soh-runtime/Shipwright/soh/include/functions.h:1278:34: note: expected 'void *' but argument is of type 'const char (*)[65]'
 1278 | s16 Animation_GetLastFrame(void* animation);
      |                            ~~~~~~^~~~~~~~~
/home/david/Documents/RockBox_Personal-master/devsrc/nano-soh-runtime/Shipwright/soh/src/overlays/actors/ovl_Boss_Dodongo/z_boss_dodongo.c:636:44: warning: passing argument 2 of 'Animation_Change' from incompatible pointer type [-Wincompatible-pointer-types]
  636 |         Animation_Change(&this->skelAnime, &object_kingdodongo_Anim_001074, 1.0f, 0.0f,
      |                                            ^~~~~~~~~~~~~~~~~~~~~~~~~~~~~~~
      |                                            |
      |                                            const char (*)[65]
/home/david/Documents/RockBox_Personal-master/devsrc/nano-soh-runtime/Shipwright/soh/include/functions.h:1336:62: note: expected 'AnimationHeader *' but argument is of type 'const char (*)[65]'
 1336 | void Animation_Change(SkelAnime* skelAnime, AnimationHeader* animation, f32 playSpeed, f32 startFrame, f32 endFrame,
      |                                             ~~~~~~~~~~~~~~~~~^~~~~~~~~
/home/david/Documents/RockBox_Personal-master/devsrc/nano-soh-runtime/Shipwright/soh/src/overlays/actors/ovl_Boss_Dodongo/z_boss_dodongo.c: In function 'BossDodongo_SetupExplode':
/home/david/Documents/RockBox_Personal-master/devsrc/nano-soh-runtime/Shipwright/soh/src/overlays/actors/ovl_Boss_Dodongo/z_boss_dodongo.c:646:45: warning: passing argument 1 of 'Animation_GetLastFrame' discards 'const' qualifier from pointer target type [-Wdiscarded-array-qualifiers]
  646 |                      Animation_GetLastFrame(&object_kingdodongo_Anim_00E848), ANIMMODE_ONCE, -5.0f);
      |                                             ^~~~~~~~~~~~~~~~~~~~~~~~~~~~~~~
/home/david/Documents/RockBox_Personal-master/devsrc/nano-soh-runtime/Shipwright/soh/include/functions.h:1278:34: note: expected 'void *' but argument is of type 'const char (*)[65]'
 1278 | s16 Animation_GetLastFrame(void* animation);
      |                            ~~~~~~^~~~~~~~~
/home/david/Documents/RockBox_Personal-master/devsrc/nano-soh-runtime/Shipwright/soh/src/overlays/actors/ovl_Boss_Dodongo/z_boss_dodongo.c:645:40: warning: passing argument 2 of 'Animation_Change' from incompatible pointer type [-Wincompatible-pointer-types]
  645 |     Animation_Change(&this->skelAnime, &object_kingdodongo_Anim_00E848, 1.0f, 0.0f,
      |                                        ^~~~~~~~~~~~~~~~~~~~~~~~~~~~~~~
      |                                        |
      |                                        const char (*)[65]
/home/david/Documents/RockBox_Personal-master/devsrc/nano-soh-runtime/Shipwright/soh/include/functions.h:1336:62: note: expected 'AnimationHeader *' but argument is of type 'const char (*)[65]'
 1336 | void Animation_Change(SkelAnime* skelAnime, AnimationHeader* animation, f32 playSpeed, f32 startFrame, f32 endFrame,
      |                                             ~~~~~~~~~~~~~~~~~^~~~~~~~~
/home/david/Documents/RockBox_Personal-master/devsrc/nano-soh-runtime/Shipwright/soh/src/overlays/actors/ovl_Boss_Dodongo/z_boss_dodongo.c: In function 'BossDodongo_SetupWalk':
/home/david/Documents/RockBox_Personal-master/devsrc/nano-soh-runtime/Shipwright/soh/src/overlays/actors/ovl_Boss_Dodongo/z_boss_dodongo.c:657:45: warning: passing argument 1 of 'Animation_GetLastFrame' discards 'const' qualifier from pointer target type [-Wdiscarded-array-qualifiers]
  657 |                      Animation_GetLastFrame(&object_kingdodongo_Anim_01D934), ANIMMODE_ONCE, -10.0f);
      |                                             ^~~~~~~~~~~~~~~~~~~~~~~~~~~~~~~
/home/david/Documents/RockBox_Personal-master/devsrc/nano-soh-runtime/Shipwright/soh/include/functions.h:1278:34: note: expected 'void *' but argument is of type 'const char (*)[65]'
 1278 | s16 Animation_GetLastFrame(void* animation);
      |                            ~~~~~~^~~~~~~~~
/home/david/Documents/RockBox_Personal-master/devsrc/nano-soh-runtime/Shipwright/soh/src/overlays/actors/ovl_Boss_Dodongo/z_boss_dodongo.c:656:40: warning: passing argument 2 of 'Animation_Change' from incompatible pointer type [-Wincompatible-pointer-types]
  656 |     Animation_Change(&this->skelAnime, &object_kingdodongo_Anim_01D934, 1.0f, 0.0f,
      |                                        ^~~~~~~~~~~~~~~~~~~~~~~~~~~~~~~
      |                                        |
      |                                        const char (*)[65]
/home/david/Documents/RockBox_Personal-master/devsrc/nano-soh-runtime/Shipwright/soh/include/functions.h:1336:62: note: expected 'AnimationHeader *' but argument is of type 'const char (*)[65]'
 1336 | void Animation_Change(SkelAnime* skelAnime, AnimationHeader* animation, f32 playSpeed, f32 startFrame, f32 endFrame,
      |                                             ~~~~~~~~~~~~~~~~~^~~~~~~~~
/home/david/Documents/RockBox_Personal-master/devsrc/nano-soh-runtime/Shipwright/soh/src/overlays/actors/ovl_Boss_Dodongo/z_boss_dodongo.c: In function 'BossDodongo_SetupRoll':
/home/david/Documents/RockBox_Personal-master/devsrc/nano-soh-runtime/Shipwright/soh/src/overlays/actors/ovl_Boss_Dodongo/z_boss_dodongo.c:666:40: warning: passing argument 2 of 'Animation_Change' from incompatible pointer type [-Wincompatible-pointer-types]
  666 |     Animation_Change(&this->skelAnime, &object_kingdodongo_Anim_00DF38, 1.0f, 0.0f, 59.0f, ANIMMODE_ONCE, -5.0f);
      |                                        ^~~~~~~~~~~~~~~~~~~~~~~~~~~~~~~
      |                                        |
      |                                        const char (*)[65]
/home/david/Documents/RockBox_Personal-master/devsrc/nano-soh-runtime/Shipwright/soh/include/functions.h:1336:62: note: expected 'AnimationHeader *' but argument is of type 'const char (*)[65]'
 1336 | void Animation_Change(SkelAnime* skelAnime, AnimationHeader* animation, f32 playSpeed, f32 startFrame, f32 endFrame,
      |                                             ~~~~~~~~~~~~~~~~~^~~~~~~~~
/home/david/Documents/RockBox_Personal-master/devsrc/nano-soh-runtime/Shipwright/soh/src/overlays/actors/ovl_Boss_Dodongo/z_boss_dodongo.c: In function 'BossDodongo_SetupBlowFire':
/home/david/Documents/RockBox_Personal-master/devsrc/nano-soh-runtime/Shipwright/soh/src/overlays/actors/ovl_Boss_Dodongo/z_boss_dodongo.c:676:45: warning: passing argument 1 of 'Animation_GetLastFrame' discards 'const' qualifier from pointer target type [-Wdiscarded-array-qualifiers]
  676 |                      Animation_GetLastFrame(&object_kingdodongo_Anim_0061D4), ANIMMODE_ONCE, 0.0f);
      |                                             ^~~~~~~~~~~~~~~~~~~~~~~~~~~~~~~
/home/david/Documents/RockBox_Personal-master/devsrc/nano-soh-runtime/Shipwright/soh/include/functions.h:1278:34: note: expected 'void *' but argument is of type 'const char (*)[65]'
 1278 | s16 Animation_GetLastFrame(void* animation);
      |                            ~~~~~~^~~~~~~~~
/home/david/Documents/RockBox_Personal-master/devsrc/nano-soh-runtime/Shipwright/soh/src/overlays/actors/ovl_Boss_Dodongo/z_boss_dodongo.c:675:40: warning: passing argument 2 of 'Animation_Change' from incompatible pointer type [-Wincompatible-pointer-types]
  675 |     Animation_Change(&this->skelAnime, &object_kingdodongo_Anim_0061D4, 1.0f, 0.0f,
      |                                        ^~~~~~~~~~~~~~~~~~~~~~~~~~~~~~~
      |                                        |
      |                                        const char (*)[65]
/home/david/Documents/RockBox_Personal-master/devsrc/nano-soh-runtime/Shipwright/soh/include/functions.h:1336:62: note: expected 'AnimationHeader *' but argument is of type 'const char (*)[65]'
 1336 | void Animation_Change(SkelAnime* skelAnime, AnimationHeader* animation, f32 playSpeed, f32 startFrame, f32 endFrame,
      |                                             ~~~~~~~~~~~~~~~~~^~~~~~~~~
/home/david/Documents/RockBox_Personal-master/devsrc/nano-soh-runtime/Shipwright/soh/src/overlays/actors/ovl_Boss_Dodongo/z_boss_dodongo.c: In function 'BossDodongo_SetupInhale':
/home/david/Documents/RockBox_Personal-master/devsrc/nano-soh-runtime/Shipwright/soh/src/overlays/actors/ovl_Boss_Dodongo/z_boss_dodongo.c:685:45: warning: passing argument 1 of 'Animation_GetLastFrame' discards 'const' qualifier from pointer target type [-Wdiscarded-array-qualifiers]
  685 |                      Animation_GetLastFrame(&object_kingdodongo_Anim_008EEC), ANIMMODE_ONCE, -5.0f);
      |                                             ^~~~~~~~~~~~~~~~~~~~~~~~~~~~~~~
/home/david/Documents/RockBox_Personal-master/devsrc/nano-soh-runtime/Shipwright/soh/include/functions.h:1278:34: note: expected 'void *' but argument is of type 'const char (*)[65]'
 1278 | s16 Animation_GetLastFrame(void* animation);
      |                            ~~~~~~^~~~~~~~~
/home/david/Documents/RockBox_Personal-master/devsrc/nano-soh-runtime/Shipwright/soh/src/overlays/actors/ovl_Boss_Dodongo/z_boss_dodongo.c:684:40: warning: passing argument 2 of 'Animation_Change' from incompatible pointer type [-Wincompatible-pointer-types]
  684 |     Animation_Change(&this->skelAnime, &object_kingdodongo_Anim_008EEC, 1.0f, 0.0f,
      |                                        ^~~~~~~~~~~~~~~~~~~~~~~~~~~~~~~
      |                                        |
      |                                        const char (*)[65]
/home/david/Documents/RockBox_Personal-master/devsrc/nano-soh-runtime/Shipwright/soh/include/functions.h:1336:62: note: expected 'AnimationHeader *' but argument is of type 'const char (*)[65]'
 1336 | void Animation_Change(SkelAnime* skelAnime, AnimationHeader* animation, f32 playSpeed, f32 startFrame, f32 endFrame,
      |                                             ~~~~~~~~~~~~~~~~~^~~~~~~~~
/home/david/Documents/RockBox_Personal-master/devsrc/nano-soh-runtime/Shipwright/soh/src/overlays/actors/ovl_Boss_Dodongo/z_boss_dodongo.c: In function 'BossDodongo_Damaged':
/home/david/Documents/RockBox_Personal-master/devsrc/nano-soh-runtime/Shipwright/soh/src/overlays/actors/ovl_Boss_Dodongo/z_boss_dodongo.c:697:68: warning: passing argument 1 of 'Animation_GetLastFrame' discards 'const' qualifier from pointer target type [-Wdiscarded-array-qualifiers]
  697 |     if (Animation_OnFrame(&this->skelAnime, Animation_GetLastFrame(&object_kingdodongo_Anim_001074))) {
      |                                                                    ^~~~~~~~~~~~~~~~~~~~~~~~~~~~~~~
/home/david/Documents/RockBox_Personal-master/devsrc/nano-soh-runtime/Shipwright/soh/include/functions.h:1278:34: note: expected 'void *' but argument is of type 'const char (*)[65]'
 1278 | s16 Animation_GetLastFrame(void* animation);
      |                            ~~~~~~^~~~~~~~~
/home/david/Documents/RockBox_Personal-master/devsrc/nano-soh-runtime/Shipwright/soh/src/overlays/actors/ovl_Boss_Dodongo/z_boss_dodongo.c: In function 'BossDodongo_Explode':
/home/david/Documents/RockBox_Personal-master/devsrc/nano-soh-runtime/Shipwright/soh/src/overlays/actors/ovl_Boss_Dodongo/z_boss_dodongo.c:732:49: warning: passing argument 1 of 'Animation_GetLastFrame' discards 'const' qualifier from pointer target type [-Wdiscarded-array-qualifiers]
  732 |                          Animation_GetLastFrame(&object_kingdodongo_Anim_004E0C), ANIMMODE_ONCE, -5.0f);
      |                                                 ^~~~~~~~~~~~~~~~~~~~~~~~~~~~~~~
/home/david/Documents/RockBox_Personal-master/devsrc/nano-soh-runtime/Shipwright/soh/include/functions.h:1278:34: note: expected 'void *' but argument is of type 'const char (*)[65]'
 1278 | s16 Animation_GetLastFrame(void* animation);
      |                            ~~~~~~^~~~~~~~~
/home/david/Documents/RockBox_Personal-master/devsrc/nano-soh-runtime/Shipwright/soh/src/overlays/actors/ovl_Boss_Dodongo/z_boss_dodongo.c:731:44: warning: passing argument 2 of 'Animation_Change' from incompatible pointer type [-Wincompatible-pointer-types]
  731 |         Animation_Change(&this->skelAnime, &object_kingdodongo_Anim_004E0C, 1.0f, 0.0f,
      |                                            ^~~~~~~~~~~~~~~~~~~~~~~~~~~~~~~
      |                                            |
      |                                            const char (*)[65]
/home/david/Documents/RockBox_Personal-master/devsrc/nano-soh-runtime/Shipwright/soh/include/functions.h:1336:62: note: expected 'AnimationHeader *' but argument is of type 'const char (*)[65]'
 1336 | void Animation_Change(SkelAnime* skelAnime, AnimationHeader* animation, f32 playSpeed, f32 startFrame, f32 endFrame,
      |                                             ~~~~~~~~~~~~~~~~~^~~~~~~~~
/home/david/Documents/RockBox_Personal-master/devsrc/nano-soh-runtime/Shipwright/soh/src/overlays/actors/ovl_Boss_Dodongo/z_boss_dodongo.c: In function 'BossDodongo_LayDown':
/home/david/Documents/RockBox_Personal-master/devsrc/nano-soh-runtime/Shipwright/soh/src/overlays/actors/ovl_Boss_Dodongo/z_boss_dodongo.c:751:68: warning: passing argument 1 of 'Animation_GetLastFrame' discards 'const' qualifier from pointer target type [-Wdiscarded-array-qualifiers]
  751 |     if (Animation_OnFrame(&this->skelAnime, Animation_GetLastFrame(&object_kingdodongo_Anim_004E0C))) {
      |                                                                    ^~~~~~~~~~~~~~~~~~~~~~~~~~~~~~~
/home/david/Documents/RockBox_Personal-master/devsrc/nano-soh-runtime/Shipwright/soh/include/functions.h:1278:34: note: expected 'void *' but argument is of type 'const char (*)[65]'
 1278 | s16 Animation_GetLastFrame(void* animation);
      |                            ~~~~~~^~~~~~~~~
/home/david/Documents/RockBox_Personal-master/devsrc/nano-soh-runtime/Shipwright/soh/src/overlays/actors/ovl_Boss_Dodongo/z_boss_dodongo.c:753:49: warning: passing argument 1 of 'Animation_GetLastFrame' discards 'const' qualifier from pointer target type [-Wdiscarded-array-qualifiers]
  753 |                          Animation_GetLastFrame(&object_kingdodongo_Anim_0042A8), ANIMMODE_LOOP, -5.0f);
      |                                                 ^~~~~~~~~~~~~~~~~~~~~~~~~~~~~~~
/home/david/Documents/RockBox_Personal-master/devsrc/nano-soh-runtime/Shipwright/soh/include/functions.h:1278:34: note: expected 'void *' but argument is of type 'const char (*)[65]'
 1278 | s16 Animation_GetLastFrame(void* animation);
      |                            ~~~~~~^~~~~~~~~
/home/david/Documents/RockBox_Personal-master/devsrc/nano-soh-runtime/Shipwright/soh/src/overlays/actors/ovl_Boss_Dodongo/z_boss_dodongo.c:752:44: warning: passing argument 2 of 'Animation_Change' from incompatible pointer type [-Wincompatible-pointer-types]
  752 |         Animation_Change(&this->skelAnime, &object_kingdodongo_Anim_0042A8, 1.0f, 0.0f,
      |                                            ^~~~~~~~~~~~~~~~~~~~~~~~~~~~~~~
      |                                            |
      |                                            const char (*)[65]
/home/david/Documents/RockBox_Personal-master/devsrc/nano-soh-runtime/Shipwright/soh/include/functions.h:1336:62: note: expected 'AnimationHeader *' but argument is of type 'const char (*)[65]'
 1336 | void Animation_Change(SkelAnime* skelAnime, AnimationHeader* animation, f32 playSpeed, f32 startFrame, f32 endFrame,
      |                                             ~~~~~~~~~~~~~~~~~^~~~~~~~~
/home/david/Documents/RockBox_Personal-master/devsrc/nano-soh-runtime/Shipwright/soh/src/overlays/actors/ovl_Boss_Dodongo/z_boss_dodongo.c: In function 'BossDodongo_Vulnerable':
/home/david/Documents/RockBox_Personal-master/devsrc/nano-soh-runtime/Shipwright/soh/src/overlays/actors/ovl_Boss_Dodongo/z_boss_dodongo.c:768:49: warning: passing argument 1 of 'Animation_GetLastFrame' discards 'const' qualifier from pointer target type [-Wdiscarded-array-qualifiers]
  768 |                          Animation_GetLastFrame(&object_kingdodongo_Anim_009D10), ANIMMODE_ONCE, -5.0f);
      |                                                 ^~~~~~~~~~~~~~~~~~~~~~~~~~~~~~~
/home/david/Documents/RockBox_Personal-master/devsrc/nano-soh-runtime/Shipwright/soh/include/functions.h:1278:34: note: expected 'void *' but argument is of type 'const char (*)[65]'
 1278 | s16 Animation_GetLastFrame(void* animation);
      |                            ~~~~~~^~~~~~~~~
/home/david/Documents/RockBox_Personal-master/devsrc/nano-soh-runtime/Shipwright/soh/src/overlays/actors/ovl_Boss_Dodongo/z_boss_dodongo.c:767:44: warning: passing argument 2 of 'Animation_Change' from incompatible pointer type [-Wincompatible-pointer-types]
  767 |         Animation_Change(&this->skelAnime, &object_kingdodongo_Anim_009D10, 1.0f, 0.0f,
      |                                            ^~~~~~~~~~~~~~~~~~~~~~~~~~~~~~~
      |                                            |
      |                                            const char (*)[65]
/home/david/Documents/RockBox_Personal-master/devsrc/nano-soh-runtime/Shipwright/soh/include/functions.h:1336:62: note: expected 'AnimationHeader *' but argument is of type 'const char (*)[65]'
 1336 | void Animation_Change(SkelAnime* skelAnime, AnimationHeader* animation, f32 playSpeed, f32 startFrame, f32 endFrame,
      |                                             ~~~~~~~~~~~~~~~~~^~~~~~~~~
/home/david/Documents/RockBox_Personal-master/devsrc/nano-soh-runtime/Shipwright/soh/src/overlays/actors/ovl_Boss_Dodongo/z_boss_dodongo.c: In function 'BossDodongo_GetUp':
/home/david/Documents/RockBox_Personal-master/devsrc/nano-soh-runtime/Shipwright/soh/src/overlays/actors/ovl_Boss_Dodongo/z_boss_dodongo.c:776:68: warning: passing argument 1 of 'Animation_GetLastFrame' discards 'const' qualifier from pointer target type [-Wdiscarded-array-qualifiers]
  776 |     if (Animation_OnFrame(&this->skelAnime, Animation_GetLastFrame(&object_kingdodongo_Anim_009D10))) {
      |                                                                    ^~~~~~~~~~~~~~~~~~~~~~~~~~~~~~~
/home/david/Documents/RockBox_Personal-master/devsrc/nano-soh-runtime/Shipwright/soh/include/functions.h:1278:34: note: expected 'void *' but argument is of type 'const char (*)[65]'
 1278 | s16 Animation_GetLastFrame(void* animation);
      |                            ~~~~~~^~~~~~~~~
/home/david/Documents/RockBox_Personal-master/devsrc/nano-soh-runtime/Shipwright/soh/src/overlays/actors/ovl_Boss_Dodongo/z_boss_dodongo.c: In function 'BossDodongo_Walk':
/home/david/Documents/RockBox_Personal-master/devsrc/nano-soh-runtime/Shipwright/soh/src/overlays/actors/ovl_Boss_Dodongo/z_boss_dodongo.c:843:50: warning: passing argument 2 of 'Animation_PlayLoop' from incompatible pointer type [-Wincompatible-pointer-types]
  843 |             Animation_PlayLoop(&this->skelAnime, &object_kingdodongo_Anim_01CAE0);
      |                                                  ^~~~~~~~~~~~~~~~~~~~~~~~~~~~~~~
      |                                                  |
      |                                                  const char (*)[65]
/home/david/Documents/RockBox_Personal-master/devsrc/nano-soh-runtime/Shipwright/soh/include/functions.h:1341:64: note: expected 'AnimationHeader *' but argument is of type 'const char (*)[65]'
 1341 | void Animation_PlayLoop(SkelAnime* skelAnime, AnimationHeader* animation);
      |                                               ~~~~~~~~~~~~~~~~~^~~~~~~~~
/home/david/Documents/RockBox_Personal-master/devsrc/nano-soh-runtime/Shipwright/soh/src/overlays/actors/ovl_Boss_Dodongo/z_boss_dodongo.c: In function 'BossDodongo_Update':
/home/david/Documents/RockBox_Personal-master/devsrc/nano-soh-runtime/Shipwright/soh/src/overlays/actors/ovl_Boss_Dodongo/z_boss_dodongo.c:1186:31: warning: passing argument 1 of 'func_808C1554_Raw' discards 'const' qualifier from pointer target type [-Wdiscarded-qualifiers]
 1186 |             func_808C1554_Raw(gDodongosCavernBossLavaFloorTex, sLavaFloorLavaTex, this->unk_19E, this->unk_224);
      |                               ^~~~~~~~~~~~~~~~~~~~~~~~~~~~~~~
/home/david/Documents/RockBox_Personal-master/devsrc/nano-soh-runtime/Shipwright/soh/src/overlays/actors/ovl_Boss_Dodongo/z_boss_dodongo.c:196:30: note: expected 'void *' but argument is of type 'const char *'
  196 | void func_808C1554_Raw(void* arg0, void* floorTex, s32 arg2, f32 arg3) {
      |                        ~~~~~~^~~~
/home/david/Documents/RockBox_Personal-master/devsrc/nano-soh-runtime/Shipwright/soh/src/overlays/actors/ovl_Boss_Dodongo/z_boss_dodongo.c:1186:64: warning: passing argument 2 of 'func_808C1554_Raw' discards 'const' qualifier from pointer target type [-Wdiscarded-qualifiers]
 1186 |             func_808C1554_Raw(gDodongosCavernBossLavaFloorTex, sLavaFloorLavaTex, this->unk_19E, this->unk_224);
      |                                                                ^~~~~~~~~~~~~~~~~
/home/david/Documents/RockBox_Personal-master/devsrc/nano-soh-runtime/Shipwright/soh/src/overlays/actors/ovl_Boss_Dodongo/z_boss_dodongo.c:196:42: note: expected 'void *' but argument is of type 'const char *'
  196 | void func_808C1554_Raw(void* arg0, void* floorTex, s32 arg2, f32 arg3) {
      |                                    ~~~~~~^~~~~~~~
/home/david/Documents/RockBox_Personal-master/devsrc/nano-soh-runtime/Shipwright/soh/src/overlays/actors/ovl_Boss_Dodongo/z_boss_dodongo.c:1188:27: warning: passing argument 1 of 'func_808C1554' discards 'const' qualifier from pointer target type [-Wdiscarded-qualifiers]
 1188 |             func_808C1554(gDodongosCavernBossLavaFloorTex, sLavaFloorLavaTex, this->unk_19E, this->unk_224);
      |                           ^~~~~~~~~~~~~~~~~~~~~~~~~~~~~~~
/home/david/Documents/RockBox_Personal-master/devsrc/nano-soh-runtime/Shipwright/soh/src/overlays/actors/ovl_Boss_Dodongo/z_boss_dodongo.c:243:26: note: expected 'void *' but argument is of type 'const char *'
  243 | void func_808C1554(void* arg0, void* floorTex, s32 arg2, f32 arg3) {
      |                    ~~~~~~^~~~
/home/david/Documents/RockBox_Personal-master/devsrc/nano-soh-runtime/Shipwright/soh/src/overlays/actors/ovl_Boss_Dodongo/z_boss_dodongo.c:1188:60: warning: passing argument 2 of 'func_808C1554' discards 'const' qualifier from pointer target type [-Wdiscarded-qualifiers]
 1188 |             func_808C1554(gDodongosCavernBossLavaFloorTex, sLavaFloorLavaTex, this->unk_19E, this->unk_224);
      |                                                            ^~~~~~~~~~~~~~~~~
/home/david/Documents/RockBox_Personal-master/devsrc/nano-soh-runtime/Shipwright/soh/src/overlays/actors/ovl_Boss_Dodongo/z_boss_dodongo.c:243:38: note: expected 'void *' but argument is of type 'const char *'
  243 | void func_808C1554(void* arg0, void* floorTex, s32 arg2, f32 arg3) {
      |                                ~~~~~~^~~~~~~~
/home/david/Documents/RockBox_Personal-master/devsrc/nano-soh-runtime/Shipwright/soh/src/overlays/actors/ovl_Boss_Dodongo/z_boss_dodongo.c: In function 'BossDodongo_Draw':
/home/david/Documents/RockBox_Personal-master/devsrc/nano-soh-runtime/Shipwright/soh/src/overlays/actors/ovl_Boss_Dodongo/z_boss_dodongo.c:1371:48: warning: passing argument 2 of 'gSPInvalidateTexCache' makes integer from pointer without a cast [-Wint-conversion]
 1371 |         gSPInvalidateTexCache(POLY_OPA_DISP++, sMaskTex8x16);
      |                                                ^~~~~~~~~~~~
      |                                                |
      |                                                u8 * {aka unsigned char *}
/home/david/Documents/RockBox_Personal-master/devsrc/nano-soh-runtime/Shipwright/soh/include/functions.h:30:48: note: expected 'uintptr_t' {aka 'unsigned int'} but argument is of type 'u8 *' {aka 'unsigned char *'}
   30 | void gSPInvalidateTexCache(Gfx* pkt, uintptr_t texAddr);
      |                                      ~~~~~~~~~~^~~~~~~
/home/david/Documents/RockBox_Personal-master/devsrc/nano-soh-runtime/Shipwright/soh/src/overlays/actors/ovl_Boss_Dodongo/z_boss_dodongo.c:1372:48: warning: passing argument 2 of 'gSPInvalidateTexCache' makes integer from pointer without a cast [-Wint-conversion]
 1372 |         gSPInvalidateTexCache(POLY_OPA_DISP++, sMaskTex8x32);
      |                                                ^~~~~~~~~~~~
      |                                                |
      |                                                u8 * {aka unsigned char *}
/home/david/Documents/RockBox_Personal-master/devsrc/nano-soh-runtime/Shipwright/soh/include/functions.h:30:48: note: expected 'uintptr_t' {aka 'unsigned int'} but argument is of type 'u8 *' {aka 'unsigned char *'}
   30 | void gSPInvalidateTexCache(Gfx* pkt, uintptr_t texAddr);
      |                                      ~~~~~~~~~~^~~~~~~
/home/david/Documents/RockBox_Personal-master/devsrc/nano-soh-runtime/Shipwright/soh/src/overlays/actors/ovl_Boss_Dodongo/z_boss_dodongo.c:1373:48: warning: passing argument 2 of 'gSPInvalidateTexCache' makes integer from pointer without a cast [-Wint-conversion]
 1373 |         gSPInvalidateTexCache(POLY_OPA_DISP++, sMaskTex16x16);
      |                                                ^~~~~~~~~~~~~
      |                                                |
      |                                                u8 * {aka unsigned char *}
/home/david/Documents/RockBox_Personal-master/devsrc/nano-soh-runtime/Shipwright/soh/include/functions.h:30:48: note: expected 'uintptr_t' {aka 'unsigned int'} but argument is of type 'u8 *' {aka 'unsigned char *'}
   30 | void gSPInvalidateTexCache(Gfx* pkt, uintptr_t texAddr);
      |                                      ~~~~~~~~~~^~~~~~~
/home/david/Documents/RockBox_Personal-master/devsrc/nano-soh-runtime/Shipwright/soh/src/overlays/actors/ovl_Boss_Dodongo/z_boss_dodongo.c:1374:48: warning: passing argument 2 of 'gSPInvalidateTexCache' makes integer from pointer without a cast [-Wint-conversion]
 1374 |         gSPInvalidateTexCache(POLY_OPA_DISP++, sMaskTex16x32);
      |                                                ^~~~~~~~~~~~~
      |                                                |
      |                                                u8 * {aka unsigned char *}
/home/david/Documents/RockBox_Personal-master/devsrc/nano-soh-runtime/Shipwright/soh/include/functions.h:30:48: note: expected 'uintptr_t' {aka 'unsigned int'} but argument is of type 'u8 *' {aka 'unsigned char *'}
   30 | void gSPInvalidateTexCache(Gfx* pkt, uintptr_t texAddr);
      |                                      ~~~~~~~~~~^~~~~~~
/home/david/Documents/RockBox_Personal-master/devsrc/nano-soh-runtime/Shipwright/soh/src/overlays/actors/ovl_Boss_Dodongo/z_boss_dodongo.c:1375:48: warning: passing argument 2 of 'gSPInvalidateTexCache' makes integer from pointer without a cast [-Wint-conversion]
 1375 |         gSPInvalidateTexCache(POLY_OPA_DISP++, sMaskTex32x16);
      |                                                ^~~~~~~~~~~~~
      |                                                |
      |                                                u8 * {aka unsigned char *}
/home/david/Documents/RockBox_Personal-master/devsrc/nano-soh-runtime/Shipwright/soh/include/functions.h:30:48: note: expected 'uintptr_t' {aka 'unsigned int'} but argument is of type 'u8 *' {aka 'unsigned char *'}
   30 | void gSPInvalidateTexCache(Gfx* pkt, uintptr_t texAddr);
      |                                      ~~~~~~~~~~^~~~~~~
/home/david/Documents/RockBox_Personal-master/devsrc/nano-soh-runtime/Shipwright/soh/src/overlays/actors/ovl_Boss_Dodongo/z_boss_dodongo.c: In function 'BossDodongo_SetupDeathCutscene':
/home/david/Documents/RockBox_Personal-master/devsrc/nano-soh-runtime/Shipwright/soh/src/overlays/actors/ovl_Boss_Dodongo/z_boss_dodongo.c:1529:45: warning: passing argument 1 of 'Animation_GetLastFrame' discards 'const' qualifier from pointer target type [-Wdiscarded-array-qualifiers]
 1529 |                      Animation_GetLastFrame(&object_kingdodongo_Anim_002D0C), ANIMMODE_ONCE, -5.0f);
      |                                             ^~~~~~~~~~~~~~~~~~~~~~~~~~~~~~~
/home/david/Documents/RockBox_Personal-master/devsrc/nano-soh-runtime/Shipwright/soh/include/functions.h:1278:34: note: expected 'void *' but argument is of type 'const char (*)[65]'
 1278 | s16 Animation_GetLastFrame(void* animation);
      |                            ~~~~~~^~~~~~~~~
/home/david/Documents/RockBox_Personal-master/devsrc/nano-soh-runtime/Shipwright/soh/src/overlays/actors/ovl_Boss_Dodongo/z_boss_dodongo.c:1528:40: warning: passing argument 2 of 'Animation_Change' from incompatible pointer type [-Wincompatible-pointer-types]
 1528 |     Animation_Change(&this->skelAnime, &object_kingdodongo_Anim_002D0C, 1.0f, 0.0f,
      |                                        ^~~~~~~~~~~~~~~~~~~~~~~~~~~~~~~
      |                                        |
      |                                        const char (*)[65]
/home/david/Documents/RockBox_Personal-master/devsrc/nano-soh-runtime/Shipwright/soh/include/functions.h:1336:62: note: expected 'AnimationHeader *' but argument is of type 'const char (*)[65]'
 1336 | void Animation_Change(SkelAnime* skelAnime, AnimationHeader* animation, f32 playSpeed, f32 startFrame, f32 endFrame,
      |                                             ~~~~~~~~~~~~~~~~~^~~~~~~~~
/home/david/Documents/RockBox_Personal-master/devsrc/nano-soh-runtime/Shipwright/soh/src/overlays/actors/ovl_Boss_Dodongo/z_boss_dodongo.c: In function 'BossDodongo_DeathCutscene':
/home/david/Documents/RockBox_Personal-master/devsrc/nano-soh-runtime/Shipwright/soh/src/overlays/actors/ovl_Boss_Dodongo/z_boss_dodongo.c:1584:76: warning: passing argument 1 of 'Animation_GetLastFrame' discards 'const' qualifier from pointer target type [-Wdiscarded-array-qualifiers]
 1584 |             if (Animation_OnFrame(&this->skelAnime, Animation_GetLastFrame(&object_kingdodongo_Anim_002D0C))) {
      |                                                                            ^~~~~~~~~~~~~~~~~~~~~~~~~~~~~~~
/home/david/Documents/RockBox_Personal-master/devsrc/nano-soh-runtime/Shipwright/soh/include/functions.h:1278:34: note: expected 'void *' but argument is of type 'const char (*)[65]'
 1278 | s16 Animation_GetLastFrame(void* animation);
      |                            ~~~~~~^~~~~~~~~
/home/david/Documents/RockBox_Personal-master/devsrc/nano-soh-runtime/Shipwright/soh/src/overlays/actors/ovl_Boss_Dodongo/z_boss_dodongo.c:1586:57: warning: passing argument 1 of 'Animation_GetLastFrame' discards 'const' qualifier from pointer target type [-Wdiscarded-array-qualifiers]
 1586 |                                  Animation_GetLastFrame(&object_kingdodongo_Anim_003CF8), ANIMMODE_ONCE, -1.0f);
      |                                                         ^~~~~~~~~~~~~~~~~~~~~~~~~~~~~~~
/home/david/Documents/RockBox_Personal-master/devsrc/nano-soh-runtime/Shipwright/soh/include/functions.h:1278:34: note: expected 'void *' but argument is of type 'const char (*)[65]'
 1278 | s16 Animation_GetLastFrame(void* animation);
      |                            ~~~~~~^~~~~~~~~
/home/david/Documents/RockBox_Personal-master/devsrc/nano-soh-runtime/Shipwright/soh/src/overlays/actors/ovl_Boss_Dodongo/z_boss_dodongo.c:1585:52: warning: passing argument 2 of 'Animation_Change' from incompatible pointer type [-Wincompatible-pointer-types]
 1585 |                 Animation_Change(&this->skelAnime, &object_kingdodongo_Anim_003CF8, 1.0f, 0.0f,
      |                                                    ^~~~~~~~~~~~~~~~~~~~~~~~~~~~~~~
      |                                                    |
      |                                                    const char (*)[65]
/home/david/Documents/RockBox_Personal-master/devsrc/nano-soh-runtime/Shipwright/soh/include/functions.h:1336:62: note: expected 'AnimationHeader *' but argument is of type 'const char (*)[65]'
 1336 | void Animation_Change(SkelAnime* skelAnime, AnimationHeader* animation, f32 playSpeed, f32 startFrame, f32 endFrame,
      |                                             ~~~~~~~~~~~~~~~~~^~~~~~~~~
/home/david/Documents/RockBox_Personal-master/devsrc/nano-soh-runtime/Shipwright/soh/src/overlays/actors/ovl_Boss_Dodongo/z_boss_dodongo.c:1596:76: warning: passing argument 1 of 'Animation_GetLastFrame' discards 'const' qualifier from pointer target type [-Wdiscarded-array-qualifiers]
 1596 |             if (Animation_OnFrame(&this->skelAnime, Animation_GetLastFrame(&object_kingdodongo_Anim_003CF8))) {
      |                                                                            ^~~~~~~~~~~~~~~~~~~~~~~~~~~~~~~
/home/david/Documents/RockBox_Personal-master/devsrc/nano-soh-runtime/Shipwright/soh/include/functions.h:1278:34: note: expected 'void *' but argument is of type 'const char (*)[65]'
 1278 | s16 Animation_GetLastFrame(void* animation);
      |                            ~~~~~~^~~~~~~~~
/home/david/Documents/RockBox_Personal-master/devsrc/nano-soh-runtime/Shipwright/soh/src/overlays/actors/ovl_Boss_Dodongo/z_boss_dodongo.c:1597:52: warning: passing argument 2 of 'Animation_Change' from incompatible pointer type [-Wincompatible-pointer-types]
 1597 |                 Animation_Change(&this->skelAnime, &object_kingdodongo_Anim_00DF38, 1.0f, 30.0f, 59.0f, ANIMMODE_ONCE,
      |                                                    ^~~~~~~~~~~~~~~~~~~~~~~~~~~~~~~
      |                                                    |
      |                                                    const char (*)[65]
/home/david/Documents/RockBox_Personal-master/devsrc/nano-soh-runtime/Shipwright/soh/include/functions.h:1336:62: note: expected 'AnimationHeader *' but argument is of type 'const char (*)[65]'
 1336 | void Animation_Change(SkelAnime* skelAnime, AnimationHeader* animation, f32 playSpeed, f32 startFrame, f32 endFrame,
      |                                             ~~~~~~~~~~~~~~~~~^~~~~~~~~
/home/david/Documents/RockBox_Personal-master/devsrc/nano-soh-runtime/Shipwright/soh/src/overlays/actors/ovl_Boss_Dodongo/z_boss_dodongo.c:1688:62: warning: passing argument 1 of 'Animation_GetLastFrame' discards 'const' qualifier from pointer target type [-Wdiscarded-array-qualifiers]
 1688 |                                  (f32)Animation_GetLastFrame(&object_kingdodongo_Anim_0042A8), ANIMMODE_LOOP, -20.0f);
      |                                                              ^~~~~~~~~~~~~~~~~~~~~~~~~~~~~~~
/home/david/Documents/RockBox_Personal-master/devsrc/nano-soh-runtime/Shipwright/soh/include/functions.h:1278:34: note: expected 'void *' but argument is of type 'const char (*)[65]'
 1278 | s16 Animation_GetLastFrame(void* animation);
      |                            ~~~~~~^~~~~~~~~
/home/david/Documents/RockBox_Personal-master/devsrc/nano-soh-runtime/Shipwright/soh/src/overlays/actors/ovl_Boss_Dodongo/z_boss_dodongo.c:1687:52: warning: passing argument 2 of 'Animation_Change' from incompatible pointer type [-Wincompatible-pointer-types]
 1687 |                 Animation_Change(&this->skelAnime, &object_kingdodongo_Anim_0042A8, 1.0f, 0.0f,
      |                                                    ^~~~~~~~~~~~~~~~~~~~~~~~~~~~~~~
      |                                                    |
      |                                                    const char (*)[65]
/home/david/Documents/RockBox_Personal-master/devsrc/nano-soh-runtime/Shipwright/soh/include/functions.h:1336:62: note: expected 'AnimationHeader *' but argument is of type 'const char (*)[65]'
 1336 | void Animation_Change(SkelAnime* skelAnime, AnimationHeader* animation, f32 playSpeed, f32 startFrame, f32 endFrame,
      |                                             ~~~~~~~~~~~~~~~~~^~~~~~~~~
/home/david/Documents/RockBox_Personal-master/devsrc/nano-soh-runtime/Shipwright/soh/src/overlays/actors/ovl_Boss_Dodongo/z_boss_dodongo.c: In function 'BossDodongo_DrawEffects':
/home/david/Documents/RockBox_Personal-master/devsrc/nano-soh-runtime/Shipwright/soh/src/overlays/actors/ovl_Boss_Dodongo/z_boss_dodongo.c:1946:49: warning: passing argument 2 of 'gSPDisplayList' from incompatible pointer type [-Wincompatible-pointer-types]
 1946 |                 gSPDisplayList(POLY_XLU_DISP++, object_kingdodongo_DL_009D50);
      |                                                 ^~~~~~~~~~~~~~~~~~~~~~~~~~~~
      |                                                 |
      |                                                 const char *
/home/david/Documents/RockBox_Personal-master/devsrc/nano-soh-runtime/Shipwright/soh/include/functions.h:24:36: note: expected 'Gfx *' but argument is of type 'const char *'
   24 | void gSPDisplayList(Gfx* pkt, Gfx* dl);
      |                               ~~~~~^~
/home/david/Documents/RockBox_Personal-master/devsrc/nano-soh-runtime/Shipwright/soh/src/overlays/actors/ovl_Boss_Dodongo/z_boss_dodongo.c:1955:45: warning: passing argument 2 of 'gSPDisplayList' from incompatible pointer type [-Wincompatible-pointer-types]
 1955 |             gSPDisplayList(POLY_XLU_DISP++, object_kingdodongo_DL_009DD0);
      |                                             ^~~~~~~~~~~~~~~~~~~~~~~~~~~~
      |                                             |
      |                                             const char *
/home/david/Documents/RockBox_Personal-master/devsrc/nano-soh-runtime/Shipwright/soh/include/functions.h:24:36: note: expected 'Gfx *' but argument is of type 'const char *'
   24 | void gSPDisplayList(Gfx* pkt, Gfx* dl);
      |                               ~~~~~^~
