/home/david/Documents/RockBox_Personal-master/devsrc/nano-soh-runtime/Shipwright/soh/src/overlays/actors/ovl_Door_Killer/z_door_killer.c:94:29: warning: initialization discards 'const' qualifier from pointer target type [-Wdiscarded-qualifiers]
   94 |     { OBJECT_HIDAN_OBJECTS, gFireTempleDoorKillerTex },
      |                             ^~~~~~~~~~~~~~~~~~~~~~~~
/home/david/Documents/RockBox_Personal-master/devsrc/nano-soh-runtime/Shipwright/soh/src/overlays/actors/ovl_Door_Killer/z_door_killer.c:95:28: warning: initialization discards 'const' qualifier from pointer target type [-Wdiscarded-qualifiers]
   95 |     { OBJECT_MIZU_OBJECTS, object_mizu_objects_Tex_0035C0 },
      |                            ^~~~~~~~~~~~~~~~~~~~~~~~~~~~~~
/home/david/Documents/RockBox_Personal-master/devsrc/nano-soh-runtime/Shipwright/soh/src/overlays/actors/ovl_Door_Killer/z_door_killer.c:96:25: warning: initialization discards 'const' qualifier from pointer target type [-Wdiscarded-qualifiers]
   96 |     { OBJECT_HAKA_DOOR, object_haka_door_Tex_000000 },
      |                         ^~~~~~~~~~~~~~~~~~~~~~~~~~~
/home/david/Documents/RockBox_Personal-master/devsrc/nano-soh-runtime/Shipwright/soh/src/overlays/actors/ovl_Door_Killer/z_door_killer.c:97:29: warning: initialization discards 'const' qualifier from pointer target type [-Wdiscarded-qualifiers]
   97 |     { OBJECT_GAMEPLAY_KEEP, gWoodenDoorTex },
      |                             ^~~~~~~~~~~~~~
/home/david/Documents/RockBox_Personal-master/devsrc/nano-soh-runtime/Shipwright/soh/src/overlays/actors/ovl_Door_Killer/z_door_killer.c: In function 'DoorKiller_Init':
/home/david/Documents/RockBox_Personal-master/devsrc/nano-soh-runtime/Shipwright/soh/src/overlays/actors/ovl_Door_Killer/z_door_killer.c:149:56: warning: passing argument 3 of 'SkelAnime_InitFlex' from incompatible pointer type [-Wincompatible-pointer-types]
  149 |             SkelAnime_InitFlex(play, &this->skelAnime, &object_door_killer_Skel_001BC8, NULL, this->jointTable,
      |                                                        ^~~~~~~~~~~~~~~~~~~~~~~~~~~~~~~
      |                                                        |
      |                                                        const char (*)[65]
In file included from /home/david/Documents/RockBox_Personal-master/devsrc/nano-soh-runtime/Shipwright/soh/include/global.h:8,
                 from /home/david/Documents/RockBox_Personal-master/devsrc/nano-soh-runtime/Shipwright/soh/src/overlays/actors/ovl_Door_Killer/z_door_killer.h:5,
                 from /home/david/Documents/RockBox_Personal-master/devsrc/nano-soh-runtime/Shipwright/soh/src/overlays/actors/ovl_Door_Killer/z_door_killer.c:7:
/home/david/Documents/RockBox_Personal-master/devsrc/nano-soh-runtime/Shipwright/soh/include/functions.h:1329:83: note: expected 'FlexSkeletonHeader *' but argument is of type 'const char (*)[65]'
 1329 | s32 SkelAnime_InitFlex(PlayState* play, SkelAnime* skelAnime, FlexSkeletonHeader* skeletonHeaderSeg,
      |                                                               ~~~~~~~~~~~~~~~~~~~~^~~~~~~~~~~~~~~~~
/home/david/Documents/RockBox_Personal-master/devsrc/nano-soh-runtime/Shipwright/soh/src/overlays/actors/ovl_Door_Killer/z_door_killer.c: In function 'DoorKiller_SetTexture':
/home/david/Documents/RockBox_Personal-master/devsrc/nano-soh-runtime/Shipwright/soh/src/overlays/actors/ovl_Door_Killer/z_door_killer.c:524:39: warning: passing argument 3 of 'gSPSegment' makes integer from pointer without a cast [-Wint-conversion]
  524 |     gSPSegment(POLY_OPA_DISP++, 0x08, doorTexture);
      |                                       ^~~~~~~~~~~
      |                                       |
      |                                       void *
/home/david/Documents/RockBox_Personal-master/devsrc/nano-soh-runtime/Shipwright/soh/include/functions.h:22:52: note: expected 'uintptr_t' {aka 'unsigned int'} but argument is of type 'void *'
   22 | void gSPSegment(void* value, int segNum, uintptr_t target);
      |                                          ~~~~~~~~~~^~~~~~
/home/david/Documents/RockBox_Personal-master/devsrc/nano-soh-runtime/Shipwright/soh/src/overlays/actors/ovl_Door_Killer/z_door_killer.c: In function 'DoorKiller_DrawRubble':
/home/david/Documents/RockBox_Personal-master/devsrc/nano-soh-runtime/Shipwright/soh/src/overlays/actors/ovl_Door_Killer/z_door_killer.c:537:30: warning: initialization of 'Gfx *' from incompatible pointer type 'const char *' [-Wincompatible-pointer-types]
  537 |     static Gfx* dLists[] = { object_door_killer_DL_001250, object_door_killer_DL_001550, object_door_killer_DL_0017B8,
      |                              ^~~~~~~~~~~~~~~~~~~~~~~~~~~~
/home/david/Documents/RockBox_Personal-master/devsrc/nano-soh-runtime/Shipwright/soh/src/overlays/actors/ovl_Door_Killer/z_door_killer.c:537:30: note: (near initialization for 'dLists[0]')
/home/david/Documents/RockBox_Personal-master/devsrc/nano-soh-runtime/Shipwright/soh/src/overlays/actors/ovl_Door_Killer/z_door_killer.c:537:60: warning: initialization of 'Gfx *' from incompatible pointer type 'const char *' [-Wincompatible-pointer-types]
  537 |     static Gfx* dLists[] = { object_door_killer_DL_001250, object_door_killer_DL_001550, object_door_killer_DL_0017B8,
      |                                                            ^~~~~~~~~~~~~~~~~~~~~~~~~~~~
/home/david/Documents/RockBox_Personal-master/devsrc/nano-soh-runtime/Shipwright/soh/src/overlays/actors/ovl_Door_Killer/z_door_killer.c:537:60: note: (near initialization for 'dLists[1]')
/home/david/Documents/RockBox_Personal-master/devsrc/nano-soh-runtime/Shipwright/soh/src/overlays/actors/ovl_Door_Killer/z_door_killer.c:537:90: warning: initialization of 'Gfx *' from incompatible pointer type 'const char *' [-Wincompatible-pointer-types]
  537 |     static Gfx* dLists[] = { object_door_killer_DL_001250, object_door_killer_DL_001550, object_door_killer_DL_0017B8,
      |                                                                                          ^~~~~~~~~~~~~~~~~~~~~~~~~~~~
/home/david/Documents/RockBox_Personal-master/devsrc/nano-soh-runtime/Shipwright/soh/src/overlays/actors/ovl_Door_Killer/z_door_killer.c:537:90: note: (near initialization for 'dLists[2]')
/home/david/Documents/RockBox_Personal-master/devsrc/nano-soh-runtime/Shipwright/soh/src/overlays/actors/ovl_Door_Killer/z_door_killer.c:538:30: warning: initialization of 'Gfx *' from incompatible pointer type 'const char *' [-Wincompatible-pointer-types]
  538 |                              object_door_killer_DL_001A58 };
      |                              ^~~~~~~~~~~~~~~~~~~~~~~~~~~~
/home/david/Documents/RockBox_Personal-master/devsrc/nano-soh-runtime/Shipwright/soh/src/overlays/actors/ovl_Door_Killer/z_door_killer.c:538:30: note: (near initialization for 'dLists[3]')
