/home/david/Documents/RockBox_Personal-master/devsrc/nano-soh-runtime/Shipwright/soh/src/overlays/actors/ovl_En_Mm/z_en_mm.c:113:7: warning: initialization of 'AnimationHeader *' from incompatible pointer type 'const char (*)[44]' [-Wincompatible-pointer-types]
  113 |     { &gRunningManRunAnim, 1.0f, ANIMMODE_LOOP, -7.0f },     { &gRunningManSitStandAnim, -1.0f, ANIMMODE_ONCE, -7.0f },
      |       ^
/home/david/Documents/RockBox_Personal-master/devsrc/nano-soh-runtime/Shipwright/soh/src/overlays/actors/ovl_En_Mm/z_en_mm.c:113:7: note: (near initialization for 'sAnimationInfo[0].animation')
/home/david/Documents/RockBox_Personal-master/devsrc/nano-soh-runtime/Shipwright/soh/src/overlays/actors/ovl_En_Mm/z_en_mm.c:113:64: warning: initialization of 'AnimationHeader *' from incompatible pointer type 'const char (*)[49]' [-Wincompatible-pointer-types]
  113 |     { &gRunningManRunAnim, 1.0f, ANIMMODE_LOOP, -7.0f },     { &gRunningManSitStandAnim, -1.0f, ANIMMODE_ONCE, -7.0f },
      |                                                                ^
/home/david/Documents/RockBox_Personal-master/devsrc/nano-soh-runtime/Shipwright/soh/src/overlays/actors/ovl_En_Mm/z_en_mm.c:113:64: note: (near initialization for 'sAnimationInfo[1].animation')
/home/david/Documents/RockBox_Personal-master/devsrc/nano-soh-runtime/Shipwright/soh/src/overlays/actors/ovl_En_Mm/z_en_mm.c:114:7: warning: initialization of 'AnimationHeader *' from incompatible pointer type 'const char (*)[48]' [-Wincompatible-pointer-types]
  114 |     { &gRunningManSitWaitAnim, 1.0f, ANIMMODE_LOOP, -7.0f }, { &gRunningManSitStandAnim, 1.0f, ANIMMODE_ONCE, -7.0f },
      |       ^
/home/david/Documents/RockBox_Personal-master/devsrc/nano-soh-runtime/Shipwright/soh/src/overlays/actors/ovl_En_Mm/z_en_mm.c:114:7: note: (near initialization for 'sAnimationInfo[2].animation')
/home/david/Documents/RockBox_Personal-master/devsrc/nano-soh-runtime/Shipwright/soh/src/overlays/actors/ovl_En_Mm/z_en_mm.c:114:64: warning: initialization of 'AnimationHeader *' from incompatible pointer type 'const char (*)[49]' [-Wincompatible-pointer-types]
  114 |     { &gRunningManSitWaitAnim, 1.0f, ANIMMODE_LOOP, -7.0f }, { &gRunningManSitStandAnim, 1.0f, ANIMMODE_ONCE, -7.0f },
      |                                                                ^
/home/david/Documents/RockBox_Personal-master/devsrc/nano-soh-runtime/Shipwright/soh/src/overlays/actors/ovl_En_Mm/z_en_mm.c:114:64: note: (near initialization for 'sAnimationInfo[3].animation')
/home/david/Documents/RockBox_Personal-master/devsrc/nano-soh-runtime/Shipwright/soh/src/overlays/actors/ovl_En_Mm/z_en_mm.c:115:7: warning: initialization of 'AnimationHeader *' from incompatible pointer type 'const char (*)[47]' [-Wincompatible-pointer-types]
  115 |     { &gRunningManSprintAnim, 1.0f, ANIMMODE_LOOP, -7.0f },  { &gRunningManExcitedAnim, 1.0f, ANIMMODE_LOOP, -12.0f },
      |       ^
/home/david/Documents/RockBox_Personal-master/devsrc/nano-soh-runtime/Shipwright/soh/src/overlays/actors/ovl_En_Mm/z_en_mm.c:115:7: note: (near initialization for 'sAnimationInfo[4].animation')
/home/david/Documents/RockBox_Personal-master/devsrc/nano-soh-runtime/Shipwright/soh/src/overlays/actors/ovl_En_Mm/z_en_mm.c:115:64: warning: initialization of 'AnimationHeader *' from incompatible pointer type 'const char (*)[48]' [-Wincompatible-pointer-types]
  115 |     { &gRunningManSprintAnim, 1.0f, ANIMMODE_LOOP, -7.0f },  { &gRunningManExcitedAnim, 1.0f, ANIMMODE_LOOP, -12.0f },
      |                                                                ^
/home/david/Documents/RockBox_Personal-master/devsrc/nano-soh-runtime/Shipwright/soh/src/overlays/actors/ovl_En_Mm/z_en_mm.c:115:64: note: (near initialization for 'sAnimationInfo[5].animation')
/home/david/Documents/RockBox_Personal-master/devsrc/nano-soh-runtime/Shipwright/soh/src/overlays/actors/ovl_En_Mm/z_en_mm.c:116:7: warning: initialization of 'AnimationHeader *' from incompatible pointer type 'const char (*)[46]' [-Wincompatible-pointer-types]
  116 |     { &gRunningManHappyAnim, 1.0f, ANIMMODE_LOOP, -12.0f },
      |       ^
/home/david/Documents/RockBox_Personal-master/devsrc/nano-soh-runtime/Shipwright/soh/src/overlays/actors/ovl_En_Mm/z_en_mm.c:116:7: note: (near initialization for 'sAnimationInfo[6].animation')
/home/david/Documents/RockBox_Personal-master/devsrc/nano-soh-runtime/Shipwright/soh/src/overlays/actors/ovl_En_Mm/z_en_mm.c: In function 'EnMm_Init':
/home/david/Documents/RockBox_Personal-master/devsrc/nano-soh-runtime/Shipwright/soh/src/overlays/actors/ovl_En_Mm/z_en_mm.c:166:48: warning: passing argument 3 of 'SkelAnime_InitFlex' from incompatible pointer type [-Wincompatible-pointer-types]
  166 |     SkelAnime_InitFlex(play, &this->skelAnime, &gRunningManSkel, NULL, this->jointTable, this->morphTable, 16);
      |                                                ^~~~~~~~~~~~~~~~
      |                                                |
      |                                                const char (*)[41]
In file included from /home/david/Documents/RockBox_Personal-master/devsrc/nano-soh-runtime/Shipwright/soh/include/global.h:8,
                 from /home/david/Documents/RockBox_Personal-master/devsrc/nano-soh-runtime/Shipwright/soh/src/overlays/actors/ovl_En_Mm/z_en_mm.h:5,
                 from /home/david/Documents/RockBox_Personal-master/devsrc/nano-soh-runtime/Shipwright/soh/src/overlays/actors/ovl_En_Mm/z_en_mm.c:7:
/home/david/Documents/RockBox_Personal-master/devsrc/nano-soh-runtime/Shipwright/soh/include/functions.h:1329:83: note: expected 'FlexSkeletonHeader *' but argument is of type 'const char (*)[41]'
 1329 | s32 SkelAnime_InitFlex(PlayState* play, SkelAnime* skelAnime, FlexSkeletonHeader* skeletonHeaderSeg,
      |                                                               ~~~~~~~~~~~~~~~~~~~~^~~~~~~~~~~~~~~~~
/home/david/Documents/RockBox_Personal-master/devsrc/nano-soh-runtime/Shipwright/soh/src/overlays/actors/ovl_En_Mm/z_en_mm.c: In function 'EnMm_Draw':
/home/david/Documents/RockBox_Personal-master/devsrc/nano-soh-runtime/Shipwright/soh/src/overlays/actors/ovl_En_Mm/z_en_mm.c:514:38: warning: initialization discards 'const' qualifier from pointer target type [-Wdiscarded-qualifiers]
  514 |     static void* mouthTextures[] = { gRunningManMouthOpenTex, gRunningManMouthClosedTex };
      |                                      ^~~~~~~~~~~~~~~~~~~~~~~
/home/david/Documents/RockBox_Personal-master/devsrc/nano-soh-runtime/Shipwright/soh/src/overlays/actors/ovl_En_Mm/z_en_mm.c:514:63: warning: initialization discards 'const' qualifier from pointer target type [-Wdiscarded-qualifiers]
  514 |     static void* mouthTextures[] = { gRunningManMouthOpenTex, gRunningManMouthClosedTex };
      |                                                               ^~~~~~~~~~~~~~~~~~~~~~~~~
In file included from /home/david/Documents/RockBox_Personal-master/devsrc/nano-soh-runtime/Shipwright/soh/include/global.h:10:
/home/david/Documents/RockBox_Personal-master/devsrc/nano-soh-runtime/Shipwright/soh/src/overlays/actors/ovl_En_Mm/z_en_mm.c:521:73: warning: passing argument 3 of 'gSPSegment' makes integer from pointer without a cast [-Wint-conversion]
  521 |     gSPSegment(POLY_OPA_DISP++, 0x08, SEGMENTED_TO_VIRTUAL(mouthTextures[this->mouthTexIndex]));
      |                                                            ~~~~~~~~~~~~~^~~~~~~~~~~~~~~~~~~~~
      |                                                                         |
      |                                                                         void *
/home/david/Documents/RockBox_Personal-master/devsrc/nano-soh-runtime/Shipwright/soh/include/macros.h:37:36: note: in definition of macro 'SEGMENTED_TO_VIRTUAL'
   37 | #define SEGMENTED_TO_VIRTUAL(addr) addr
      |                                    ^~~~
/home/david/Documents/RockBox_Personal-master/devsrc/nano-soh-runtime/Shipwright/soh/include/functions.h:22:52: note: expected 'uintptr_t' {aka 'unsigned int'} but argument is of type 'void *'
   22 | void gSPSegment(void* value, int segNum, uintptr_t target);
      |                                          ~~~~~~~~~~^~~~~~
/home/david/Documents/RockBox_Personal-master/devsrc/nano-soh-runtime/Shipwright/soh/src/overlays/actors/ovl_En_Mm/z_en_mm.c:537:92: warning: passing argument 3 of 'gSPSegment' makes integer from pointer without a cast [-Wint-conversion]
  537 |             gSPSegment(POLY_OPA_DISP++, 0x06, play->objectCtx.status[linkChildObjBankIndex].segment);
      |                                               ~~~~~~~~~~~~~~~~~~~~~~~~~~~~~~~~~~~~~~~~~~~~~^~~~~~~~
      |                                                                                            |
      |                                                                                            void *
/home/david/Documents/RockBox_Personal-master/devsrc/nano-soh-runtime/Shipwright/soh/include/functions.h:22:52: note: expected 'uintptr_t' {aka 'unsigned int'} but argument is of type 'void *'
   22 | void gSPSegment(void* value, int segNum, uintptr_t target);
      |                                          ~~~~~~~~~~^~~~~~
/home/david/Documents/RockBox_Personal-master/devsrc/nano-soh-runtime/Shipwright/soh/src/overlays/actors/ovl_En_Mm/z_en_mm.c:538:47: warning: passing argument 3 of 'gSPSegment' makes integer from pointer without a cast [-Wint-conversion]
  538 |             gSPSegment(POLY_OPA_DISP++, 0x0B, mtx);
      |                                               ^~~
      |                                               |
      |                                               Mtx * {aka MtxS *}
/home/david/Documents/RockBox_Personal-master/devsrc/nano-soh-runtime/Shipwright/soh/include/functions.h:22:52: note: expected 'uintptr_t' {aka 'unsigned int'} but argument is of type 'Mtx *' {aka 'MtxS *'}
   22 | void gSPSegment(void* value, int segNum, uintptr_t target);
      |                                          ~~~~~~~~~~^~~~~~
/home/david/Documents/RockBox_Personal-master/devsrc/nano-soh-runtime/Shipwright/soh/src/overlays/actors/ovl_En_Mm/z_en_mm.c:539:52: warning: passing argument 3 of 'gSPSegment' makes integer from pointer without a cast [-Wint-conversion]
  539 |             gSPSegment(POLY_OPA_DISP++, 0x0D, mtx2 - 7);
      |                                               ~~~~~^~~
      |                                                    |
      |                                                    Mtx * {aka MtxS *}
/home/david/Documents/RockBox_Personal-master/devsrc/nano-soh-runtime/Shipwright/soh/include/functions.h:22:52: note: expected 'uintptr_t' {aka 'unsigned int'} but argument is of type 'Mtx *' {aka 'MtxS *'}
   22 | void gSPSegment(void* value, int segNum, uintptr_t target);
      |                                          ~~~~~~~~~~^~~~~~
/home/david/Documents/RockBox_Personal-master/devsrc/nano-soh-runtime/Shipwright/soh/src/overlays/actors/ovl_En_Mm/z_en_mm.c:555:45: warning: passing argument 2 of 'gSPDisplayList' from incompatible pointer type [-Wincompatible-pointer-types]
  555 |             gSPDisplayList(POLY_OPA_DISP++, gLinkChildBunnyHoodDL);
      |                                             ^~~~~~~~~~~~~~~~~~~~~
      |                                             |
      |                                             const char *
/home/david/Documents/RockBox_Personal-master/devsrc/nano-soh-runtime/Shipwright/soh/include/functions.h:24:36: note: expected 'Gfx *' but argument is of type 'const char *'
   24 | void gSPDisplayList(Gfx* pkt, Gfx* dl);
      |                               ~~~~~^~
/home/david/Documents/RockBox_Personal-master/devsrc/nano-soh-runtime/Shipwright/soh/src/overlays/actors/ovl_En_Mm/z_en_mm.c:556:95: warning: passing argument 3 of 'gSPSegment' makes integer from pointer without a cast [-Wint-conversion]
  556 |             gSPSegment(POLY_OPA_DISP++, 0x06, play->objectCtx.status[this->actor.objBankIndex].segment);
      |                                               ~~~~~~~~~~~~~~~~~~~~~~~~~~~~~~~~~~~~~~~~~~~~~~~~^~~~~~~~
      |                                                                                               |
      |                                                                                               void *
/home/david/Documents/RockBox_Personal-master/devsrc/nano-soh-runtime/Shipwright/soh/include/functions.h:22:52: note: expected 'uintptr_t' {aka 'unsigned int'} but argument is of type 'void *'
   22 | void gSPSegment(void* value, int segNum, uintptr_t target);
      |                                          ~~~~~~~~~~^~~~~~
