/home/david/Documents/RockBox_Personal-master/devsrc/nano-soh-runtime/Shipwright/soh/src/overlays/actors/ovl_Bg_Hidan_Firewall/z_bg_hidan_firewall.c:198:5: warning: initialization discards 'const' qualifier from pointer target type [-Wdiscarded-qualifiers]
  198 |     gFireTempleFireball0Tex, gFireTempleFireball1Tex, gFireTempleFireball2Tex, gFireTempleFireball3Tex,
      |     ^~~~~~~~~~~~~~~~~~~~~~~
/home/david/Documents/RockBox_Personal-master/devsrc/nano-soh-runtime/Shipwright/soh/src/overlays/actors/ovl_Bg_Hidan_Firewall/z_bg_hidan_firewall.c:198:30: warning: initialization discards 'const' qualifier from pointer target type [-Wdiscarded-qualifiers]
  198 |     gFireTempleFireball0Tex, gFireTempleFireball1Tex, gFireTempleFireball2Tex, gFireTempleFireball3Tex,
      |                              ^~~~~~~~~~~~~~~~~~~~~~~
/home/david/Documents/RockBox_Personal-master/devsrc/nano-soh-runtime/Shipwright/soh/src/overlays/actors/ovl_Bg_Hidan_Firewall/z_bg_hidan_firewall.c:198:55: warning: initialization discards 'const' qualifier from pointer target type [-Wdiscarded-qualifiers]
  198 |     gFireTempleFireball0Tex, gFireTempleFireball1Tex, gFireTempleFireball2Tex, gFireTempleFireball3Tex,
      |                                                       ^~~~~~~~~~~~~~~~~~~~~~~
/home/david/Documents/RockBox_Personal-master/devsrc/nano-soh-runtime/Shipwright/soh/src/overlays/actors/ovl_Bg_Hidan_Firewall/z_bg_hidan_firewall.c:198:80: warning: initialization discards 'const' qualifier from pointer target type [-Wdiscarded-qualifiers]
  198 |     gFireTempleFireball0Tex, gFireTempleFireball1Tex, gFireTempleFireball2Tex, gFireTempleFireball3Tex,
      |                                                                                ^~~~~~~~~~~~~~~~~~~~~~~
/home/david/Documents/RockBox_Personal-master/devsrc/nano-soh-runtime/Shipwright/soh/src/overlays/actors/ovl_Bg_Hidan_Firewall/z_bg_hidan_firewall.c:199:5: warning: initialization discards 'const' qualifier from pointer target type [-Wdiscarded-qualifiers]
  199 |     gFireTempleFireball4Tex, gFireTempleFireball5Tex, gFireTempleFireball6Tex, gFireTempleFireball7Tex,
      |     ^~~~~~~~~~~~~~~~~~~~~~~
/home/david/Documents/RockBox_Personal-master/devsrc/nano-soh-runtime/Shipwright/soh/src/overlays/actors/ovl_Bg_Hidan_Firewall/z_bg_hidan_firewall.c:199:30: warning: initialization discards 'const' qualifier from pointer target type [-Wdiscarded-qualifiers]
  199 |     gFireTempleFireball4Tex, gFireTempleFireball5Tex, gFireTempleFireball6Tex, gFireTempleFireball7Tex,
      |                              ^~~~~~~~~~~~~~~~~~~~~~~
/home/david/Documents/RockBox_Personal-master/devsrc/nano-soh-runtime/Shipwright/soh/src/overlays/actors/ovl_Bg_Hidan_Firewall/z_bg_hidan_firewall.c:199:55: warning: initialization discards 'const' qualifier from pointer target type [-Wdiscarded-qualifiers]
  199 |     gFireTempleFireball4Tex, gFireTempleFireball5Tex, gFireTempleFireball6Tex, gFireTempleFireball7Tex,
      |                                                       ^~~~~~~~~~~~~~~~~~~~~~~
/home/david/Documents/RockBox_Personal-master/devsrc/nano-soh-runtime/Shipwright/soh/src/overlays/actors/ovl_Bg_Hidan_Firewall/z_bg_hidan_firewall.c:199:80: warning: initialization discards 'const' qualifier from pointer target type [-Wdiscarded-qualifiers]
  199 |     gFireTempleFireball4Tex, gFireTempleFireball5Tex, gFireTempleFireball6Tex, gFireTempleFireball7Tex,
      |                                                                                ^~~~~~~~~~~~~~~~~~~~~~~
In file included from /home/david/Documents/RockBox_Personal-master/devsrc/nano-soh-runtime/Shipwright/soh/include/global.h:10,
                 from /home/david/Documents/RockBox_Personal-master/devsrc/nano-soh-runtime/Shipwright/soh/src/overlays/actors/ovl_Bg_Hidan_Firewall/z_bg_hidan_firewall.h:5,
                 from /home/david/Documents/RockBox_Personal-master/devsrc/nano-soh-runtime/Shipwright/soh/src/overlays/actors/ovl_Bg_Hidan_Firewall/z_bg_hidan_firewall.c:7:
/home/david/Documents/RockBox_Personal-master/devsrc/nano-soh-runtime/Shipwright/soh/src/overlays/actors/ovl_Bg_Hidan_Firewall/z_bg_hidan_firewall.c: In function 'BgHidanFirewall_Draw':
/home/david/Documents/RockBox_Personal-master/devsrc/nano-soh-runtime/Shipwright/soh/src/overlays/actors/ovl_Bg_Hidan_Firewall/z_bg_hidan_firewall.c:209:73: warning: passing argument 3 of 'gSPSegment' makes integer from pointer without a cast [-Wint-conversion]
  209 |     gSPSegment(POLY_XLU_DISP++, 0x08, SEGMENTED_TO_VIRTUAL(sFireballTexs[this->unk_150]));
      |                                                            ~~~~~~~~~~~~~^~~~~~~~~~~~~~~
      |                                                                         |
      |                                                                         void *
/home/david/Documents/RockBox_Personal-master/devsrc/nano-soh-runtime/Shipwright/soh/include/macros.h:37:36: note: in definition of macro 'SEGMENTED_TO_VIRTUAL'
   37 | #define SEGMENTED_TO_VIRTUAL(addr) addr
      |                                    ^~~~
In file included from /home/david/Documents/RockBox_Personal-master/devsrc/nano-soh-runtime/Shipwright/soh/include/global.h:8:
/home/david/Documents/RockBox_Personal-master/devsrc/nano-soh-runtime/Shipwright/soh/include/functions.h:22:52: note: expected 'uintptr_t' {aka 'unsigned int'} but argument is of type 'void *'
   22 | void gSPSegment(void* value, int segNum, uintptr_t target);
      |                                          ~~~~~~~~~~^~~~~~
/home/david/Documents/RockBox_Personal-master/devsrc/nano-soh-runtime/Shipwright/soh/src/overlays/actors/ovl_Bg_Hidan_Firewall/z_bg_hidan_firewall.c:213:37: warning: passing argument 2 of 'gSPDisplayList' from incompatible pointer type [-Wincompatible-pointer-types]
  213 |     gSPDisplayList(POLY_XLU_DISP++, gFireTempleFireballUpperHalfDL);
      |                                     ^~~~~~~~~~~~~~~~~~~~~~~~~~~~~~
      |                                     |
      |                                     const char *
/home/david/Documents/RockBox_Personal-master/devsrc/nano-soh-runtime/Shipwright/soh/include/functions.h:24:36: note: expected 'Gfx *' but argument is of type 'const char *'
   24 | void gSPDisplayList(Gfx* pkt, Gfx* dl);
      |                               ~~~~~^~
