/home/david/Documents/RockBox_Personal-master/devsrc/nano-soh-runtime/Shipwright/soh/src/overlays/actors/ovl_Magic_Fire/z_magic_fire.c: In function 'MagicFire_Draw':
/home/david/Documents/RockBox_Personal-master/devsrc/nano-soh-runtime/Shipwright/soh/src/overlays/actors/ovl_Magic_Fire/z_magic_fire.c:250:41: warning: passing argument 2 of 'gSPDisplayList' from incompatible pointer type [-Wincompatible-pointer-types]
  250 |         gSPDisplayList(POLY_XLU_DISP++, sMaterialDL);
      |                                         ^~~~~~~~~~~
      |                                         |
      |                                         const char *
In file included from /home/david/Documents/RockBox_Personal-master/devsrc/nano-soh-runtime/Shipwright/soh/include/global.h:8,
                 from /home/david/Documents/RockBox_Personal-master/devsrc/nano-soh-runtime/Shipwright/soh/src/overlays/actors/ovl_Magic_Fire/z_magic_fire.h:5,
                 from /home/david/Documents/RockBox_Personal-master/devsrc/nano-soh-runtime/Shipwright/soh/src/overlays/actors/ovl_Magic_Fire/z_magic_fire.c:7:
/home/david/Documents/RockBox_Personal-master/devsrc/nano-soh-runtime/Shipwright/soh/include/functions.h:24:36: note: expected 'Gfx *' but argument is of type 'const char *'
   24 | void gSPDisplayList(Gfx* pkt, Gfx* dl);
      |                               ~~~~~^~
/home/david/Documents/RockBox_Personal-master/devsrc/nano-soh-runtime/Shipwright/soh/src/overlays/actors/ovl_Magic_Fire/z_magic_fire.c:255:41: warning: passing argument 2 of 'gSPDisplayList' from incompatible pointer type [-Wincompatible-pointer-types]
  255 |         gSPDisplayList(POLY_XLU_DISP++, sModelDL);
      |                                         ^~~~~~~~
      |                                         |
      |                                         const char *
/home/david/Documents/RockBox_Personal-master/devsrc/nano-soh-runtime/Shipwright/soh/include/functions.h:24:36: note: expected 'Gfx *' but argument is of type 'const char *'
   24 | void gSPDisplayList(Gfx* pkt, Gfx* dl);
      |                               ~~~~~^~
/home/david/Documents/RockBox_Personal-master/devsrc/nano-soh-runtime/Shipwright/soh/src/overlays/actors/ovl_Magic_Fire/z_magic_fire.c:259:51: warning: passing argument 1 of 'ResourceMgr_LoadVtxByName' discards 'const' qualifier from pointer target type [-Wdiscarded-qualifiers]
  259 |         Vtx* vertices = ResourceMgr_LoadVtxByName(sSphereVtx);
      |                                                   ^~~~~~~~~~
In file included from /home/david/Documents/RockBox_Personal-master/devsrc/nano-soh-runtime/Shipwright/soh/src/overlays/actors/ovl_Magic_Fire/z_magic_fire.c:8:
/home/david/Documents/RockBox_Personal-master/devsrc/nano-soh-runtime/Shipwright/soh/soh/ResourceManagerHelpers.h:59:38: note: expected 'char *' but argument is of type 'const char *'
   59 | Vtx* ResourceMgr_LoadVtxByName(char* path);
      |                                ~~~~~~^~~~
