Archive member included to satisfy reference by file (symbol)

/home/david/Documents/RockBox_Personal-master/build-devsrc-hw-short/apps/plugins/libplugin.a(playback_control.o)
                              /home/david/Documents/RockBox_Personal-master/build-devsrc-hw-short/apps/plugins/text_viewer/tv_menu.o (playback_control)
/home/david/Documents/RockBox_Personal-master/build-devsrc-hw-short/lib/libsetjmp.a(setjmp.o)
                              /home/david/Documents/RockBox_Personal-master/build-devsrc-hw-short/apps/plugins/plugin_crt0.o (setjmp)
/usr/local/lib/gcc/arm-elf-eabi/9.5.0/libgcc.a(_divsi3.o)
                              /home/david/Documents/RockBox_Personal-master/build-devsrc-hw-short/apps/plugins/text_viewer/tv_display.o (__aeabi_idiv)
/usr/local/lib/gcc/arm-elf-eabi/9.5.0/libgcc.a(_dvmd_tls.o)
                              /usr/local/lib/gcc/arm-elf-eabi/9.5.0/libgcc.a(_divsi3.o) (__aeabi_idiv0)

Discarded input sections

 .data          0x0000000000000000        0x0 /home/david/Documents/RockBox_Personal-master/build-devsrc-hw-short/apps/plugins/text_viewer/text_viewer.o
 .bss           0x0000000000000000        0x0 /home/david/Documents/RockBox_Personal-master/build-devsrc-hw-short/apps/plugins/text_viewer/text_viewer.o
 .data          0x0000000000000000        0x0 /home/david/Documents/RockBox_Personal-master/build-devsrc-hw-short/apps/plugins/text_viewer/tv_action.o
 .data          0x0000000000000000        0x0 /home/david/Documents/RockBox_Personal-master/build-devsrc-hw-short/apps/plugins/text_viewer/tv_bookmark.o
 .data          0x0000000000000000        0x0 /home/david/Documents/RockBox_Personal-master/build-devsrc-hw-short/apps/plugins/text_viewer/tv_pager.o
 .data          0x0000000000000000        0x0 /home/david/Documents/RockBox_Personal-master/build-devsrc-hw-short/apps/plugins/text_viewer/tv_preferences.o
 .data          0x0000000000000000        0x0 /home/david/Documents/RockBox_Personal-master/build-devsrc-hw-short/apps/plugins/text_viewer/tv_screen_pos.o
 .data          0x0000000000000000        0x0 /home/david/Documents/RockBox_Personal-master/build-devsrc-hw-short/apps/plugins/text_viewer/tv_settings.o
 .data          0x0000000000000000        0x0 /home/david/Documents/RockBox_Personal-master/build-devsrc-hw-short/apps/plugins/text_viewer/tv_text_processor.o
 .data          0x0000000000000000        0x0 /home/david/Documents/RockBox_Personal-master/build-devsrc-hw-short/apps/plugins/text_viewer/tv_text_reader.o
 .data          0x0000000000000000        0x0 /home/david/Documents/RockBox_Personal-master/build-devsrc-hw-short/apps/plugins/text_viewer/tv_window.o
 .text          0x0000000000000000        0x0 /home/david/Documents/RockBox_Personal-master/build-devsrc-hw-short/apps/plugins/libplugin.a(playback_control.o)
 .data          0x0000000000000000        0x0 /home/david/Documents/RockBox_Personal-master/build-devsrc-hw-short/apps/plugins/libplugin.a(playback_control.o)
 .bss           0x0000000000000000        0x0 /home/david/Documents/RockBox_Personal-master/build-devsrc-hw-short/apps/plugins/libplugin.a(playback_control.o)
 .text.playback_control_init
                0x0000000000000000       0x10 /home/david/Documents/RockBox_Personal-master/build-devsrc-hw-short/apps/plugins/libplugin.a(playback_control.o)
 .data          0x0000000000000000        0x0 /home/david/Documents/RockBox_Personal-master/build-devsrc-hw-short/lib/libsetjmp.a(setjmp.o)
 .bss           0x0000000000000000        0x0 /home/david/Documents/RockBox_Personal-master/build-devsrc-hw-short/lib/libsetjmp.a(setjmp.o)
 .data          0x0000000000000000        0x0 /usr/local/lib/gcc/arm-elf-eabi/9.5.0/libgcc.a(_divsi3.o)
 .bss           0x0000000000000000        0x0 /usr/local/lib/gcc/arm-elf-eabi/9.5.0/libgcc.a(_divsi3.o)
 .data          0x0000000000000000        0x0 /usr/local/lib/gcc/arm-elf-eabi/9.5.0/libgcc.a(_dvmd_tls.o)
 .bss           0x0000000000000000        0x0 /usr/local/lib/gcc/arm-elf-eabi/9.5.0/libgcc.a(_dvmd_tls.o)

Memory Configuration

Name             Origin             Length             Attributes
PLUGIN_RAM       0x0000000003f00000 0x0000000000100000
PLUGIN_IRAM      0x000000004000c000 0x0000000000014000
*default*        0x0000000000000000 0xffffffffffffffff

Linker script and memory map

LOAD /home/david/Documents/RockBox_Personal-master/build-devsrc-hw-short/apps/plugins/text_viewer/text_viewer.o
LOAD /home/david/Documents/RockBox_Personal-master/build-devsrc-hw-short/apps/plugins/text_viewer/tv_action.o
LOAD /home/david/Documents/RockBox_Personal-master/build-devsrc-hw-short/apps/plugins/text_viewer/tv_bookmark.o
LOAD /home/david/Documents/RockBox_Personal-master/build-devsrc-hw-short/apps/plugins/text_viewer/tv_display.o
LOAD /home/david/Documents/RockBox_Personal-master/build-devsrc-hw-short/apps/plugins/text_viewer/tv_menu.o
LOAD /home/david/Documents/RockBox_Personal-master/build-devsrc-hw-short/apps/plugins/text_viewer/tv_pager.o
LOAD /home/david/Documents/RockBox_Personal-master/build-devsrc-hw-short/apps/plugins/text_viewer/tv_preferences.o
LOAD /home/david/Documents/RockBox_Personal-master/build-devsrc-hw-short/apps/plugins/text_viewer/tv_reader.o
LOAD /home/david/Documents/RockBox_Personal-master/build-devsrc-hw-short/apps/plugins/text_viewer/tv_screen_pos.o
LOAD /home/david/Documents/RockBox_Personal-master/build-devsrc-hw-short/apps/plugins/text_viewer/tv_settings.o
LOAD /home/david/Documents/RockBox_Personal-master/build-devsrc-hw-short/apps/plugins/text_viewer/tv_text_processor.o
LOAD /home/david/Documents/RockBox_Personal-master/build-devsrc-hw-short/apps/plugins/text_viewer/tv_text_reader.o
LOAD /home/david/Documents/RockBox_Personal-master/build-devsrc-hw-short/apps/plugins/text_viewer/tv_window.o
LOAD /home/david/Documents/RockBox_Personal-master/build-devsrc-hw-short/apps/plugins/plugin_crt0.o
LOAD /home/david/Documents/RockBox_Personal-master/build-devsrc-hw-short/apps/plugins/libplugin.a
LOAD /home/david/Documents/RockBox_Personal-master/build-devsrc-hw-short/apps/plugins/bitmaps/libpluginbitmaps.a
LOAD /home/david/Documents/RockBox_Personal-master/build-devsrc-hw-short/lib/libsetjmp.a
LOAD /home/david/Documents/RockBox_Personal-master/build-devsrc-hw-short/lib/libfixedpoint.a
LOAD /usr/local/lib/gcc/arm-elf-eabi/9.5.0/libgcc.a

.header         0x0000000003f00000       0x1c
                0x0000000003f00000                _plugin_start_addr = .
                0x0000000003f00000                plugin_start_addr = .
 *(.header)
 .header        0x0000000003f00000       0x1c /home/david/Documents/RockBox_Personal-master/build-devsrc-hw-short/apps/plugins/plugin_crt0.o
                0x0000000003f00000                __header

.text           0x0000000003f0001c     0x5470
 *(.text*)
 .text          0x0000000003f0001c      0x374 /home/david/Documents/RockBox_Personal-master/build-devsrc-hw-short/apps/plugins/text_viewer/text_viewer.o
                0x0000000003f0001c                plugin_start
 .text          0x0000000003f00390      0x3c0 /home/david/Documents/RockBox_Personal-master/build-devsrc-hw-short/apps/plugins/text_viewer/tv_action.o
                0x0000000003f00390                tv_init_action
                0x0000000003f003bc                tv_exit
                0x0000000003f00428                tv_load_file
                0x0000000003f0044c                tv_draw
                0x0000000003f00484                tv_scroll_up
                0x0000000003f004ec                tv_scroll_down
                0x0000000003f00558                tv_scroll_left
                0x0000000003f005b8                tv_scroll_right
                0x0000000003f00618                tv_top
                0x0000000003f00634                tv_bottom
                0x0000000003f006a8                tv_menu
                0x0000000003f00730                tv_add_or_remove_bookmark
 .text          0x0000000003f00750      0x65c /home/david/Documents/RockBox_Personal-master/build-devsrc-hw-short/apps/plugins/text_viewer/tv_bookmark.o
                0x0000000003f00924                tv_init_bookmark
                0x0000000003f00940                tv_finalize_bookmark
                0x0000000003f00944                tv_get_bookmark_positions
                0x0000000003f00988                tv_toggle_bookmark
                0x0000000003f00a1c                tv_create_system_bookmark
                0x0000000003f00a80                tv_select_bookmark
                0x0000000003f00c34                tv_deserialize_bookmarks
                0x0000000003f00d1c                tv_serialize_bookmarks
 .text          0x0000000003f00dac      0xb54 /home/david/Documents/RockBox_Personal-master/build-devsrc-hw-short/apps/plugins/text_viewer/tv_display.o
                0x0000000003f010a0                tv_init_scrollbar
                0x0000000003f010e8                tv_show_bookmarks
                0x0000000003f01188                tv_update_extra
                0x0000000003f01350                tv_set_sbs_title
                0x0000000003f013a0                tv_end_display
                0x0000000003f0140c                tv_set_layout
                0x0000000003f015a8                tv_get_drawarea_info
                0x0000000003f015cc                tv_init_display
                0x0000000003f01610                tv_night_mode
                0x0000000003f01700                tv_draw_text
                0x0000000003f017e8                tv_start_display
                0x0000000003f01878                tv_finalize_display
                0x0000000003f018f8                tv_exist_scrollbar
 .text          0x0000000003f01900      0x6b0 /home/david/Documents/RockBox_Personal-master/build-devsrc-hw-short/apps/plugins/text_viewer/tv_menu.o
                0x0000000003f01ec4                tv_display_menu
 .text          0x0000000003f01fb0      0x70c /home/david/Documents/RockBox_Personal-master/build-devsrc-hw-short/apps/plugins/text_viewer/tv_pager.o
                0x0000000003f020ac                tv_init_pager
                0x0000000003f020fc                tv_finalize_pager
                0x0000000003f0210c                tv_reset_line_positions
                0x0000000003f02130                tv_move_next_line
                0x0000000003f02194                tv_get_line_positions
                0x0000000003f021d8                tv_new_page
                0x0000000003f022d8                tv_convert_fpos
                0x0000000003f02414                tv_move_screen
 .text          0x0000000003f026bc      0x2b0 /home/david/Documents/RockBox_Personal-master/build-devsrc-hw-short/apps/plugins/text_viewer/tv_preferences.o
                0x0000000003f026bc                tv_copy_preferences
                0x0000000003f026dc                tv_set_preferences
                0x0000000003f0285c                tv_compare_preferences
                0x0000000003f02894                tv_set_default_preferences
                0x0000000003f02938                tv_add_preferences_change_listner
                0x0000000003f0295c                tv_change_fontid
 .text          0x0000000003f0296c      0x434 /home/david/Documents/RockBox_Personal-master/build-devsrc-hw-short/apps/plugins/text_viewer/tv_reader.o
                0x0000000003f029b4                tv_get_file_size
                0x0000000003f029c4                tv_is_eof
                0x0000000003f029ec                tv_get_current_file_pos
                0x0000000003f02a04                tv_get_buffer
                0x0000000003f02a28                tv_seek
                0x0000000003f02d18                tv_init_reader
                0x0000000003f02d78                tv_finalize_reader
 .text          0x0000000003f02da0       0x3c /home/david/Documents/RockBox_Personal-master/build-devsrc-hw-short/apps/plugins/text_viewer/tv_screen_pos.o
                0x0000000003f02da0                tv_get_screen_pos
                0x0000000003f02db0                tv_set_screen_pos
                0x0000000003f02dc0                tv_copy_screen_pos
 .text          0x0000000003f02ddc     0x1074 /home/david/Documents/RockBox_Personal-master/build-devsrc-hw-short/apps/plugins/text_viewer/tv_settings.o
                0x0000000003f0346c                tv_load_global_settings
                0x0000000003f0355c                tv_save_global_settings
                0x0000000003f0366c                tv_load_settings
                0x0000000003f038ac                tv_save_settings
 .text          0x0000000003f03e50      0xba8 /home/david/Documents/RockBox_Personal-master/build-devsrc-hw-short/apps/plugins/text_viewer/tv_text_processor.o
                0x0000000003f04264                tv_create_formed_text
                0x0000000003f049c4                tv_init_text_processor
                0x0000000003f049e4                tv_set_creation_conditions
 .text          0x0000000003f049f8       0xf8 /home/david/Documents/RockBox_Personal-master/build-devsrc-hw-short/apps/plugins/text_viewer/tv_text_reader.o
                0x0000000003f049f8                tv_init_text_reader
                0x0000000003f04a24                tv_finalize_text_reader
                0x0000000003f04a34                tv_set_read_conditions
                0x0000000003f04a44                tv_get_total_text_size
                0x0000000003f04a54                tv_get_next_line
                0x0000000003f04aa0                tv_read_start
                0x0000000003f04ac0                tv_read_end
                0x0000000003f04ad4                tv_seek_top
 .text          0x0000000003f04af0      0x388 /home/david/Documents/RockBox_Personal-master/build-devsrc-hw-short/apps/plugins/text_viewer/tv_window.o
                0x0000000003f04b7c                tv_update_sbs_title
                0x0000000003f04bb8                tv_draw_window
                0x0000000003f04c58                tv_traverse_lines
                0x0000000003f04d68                tv_init_window
                0x0000000003f04da8                tv_finalize_window
                0x0000000003f04dbc                tv_move_window
 .text          0x0000000003f04e78      0x214 /home/david/Documents/RockBox_Personal-master/build-devsrc-hw-short/apps/plugins/plugin_crt0.o
                0x0000000003f04e90                plugin__start
                0x0000000003f04fd8                rb_atexit
                0x0000000003f04ff8                exit
                0x0000000003f05020                _exit
                0x0000000003f05034                exit_on_usb
 .text.prevtrack
                0x0000000003f0508c       0x28 /home/david/Documents/RockBox_Personal-master/build-devsrc-hw-short/apps/plugins/libplugin.a(playback_control.o)
 .text.stop     0x0000000003f050b4       0x28 /home/david/Documents/RockBox_Personal-master/build-devsrc-hw-short/apps/plugins/libplugin.a(playback_control.o)
 .text.nexttrack
                0x0000000003f050dc       0x28 /home/david/Documents/RockBox_Personal-master/build-devsrc-hw-short/apps/plugins/libplugin.a(playback_control.o)
 .text.volume   0x0000000003f05104       0x4c /home/david/Documents/RockBox_Personal-master/build-devsrc-hw-short/apps/plugins/libplugin.a(playback_control.o)
 .text.shuffle  0x0000000003f05150       0x54 /home/david/Documents/RockBox_Personal-master/build-devsrc-hw-short/apps/plugins/libplugin.a(playback_control.o)
 .text.play     0x0000000003f051a4       0x98 /home/david/Documents/RockBox_Personal-master/build-devsrc-hw-short/apps/plugins/libplugin.a(playback_control.o)
 .text.repeat_mode
                0x0000000003f0523c       0x98 /home/david/Documents/RockBox_Personal-master/build-devsrc-hw-short/apps/plugins/libplugin.a(playback_control.o)
 .text.playback_control
                0x0000000003f052d4       0x50 /home/david/Documents/RockBox_Personal-master/build-devsrc-hw-short/apps/plugins/libplugin.a(playback_control.o)
                0x0000000003f052d4                playback_control
 .text          0x0000000003f05324       0x1c /home/david/Documents/RockBox_Personal-master/build-devsrc-hw-short/lib/libsetjmp.a(setjmp.o)
                0x0000000003f05324                setjmp
                0x0000000003f05330                longjmp
 .text          0x0000000003f05340      0x148 /usr/local/lib/gcc/arm-elf-eabi/9.5.0/libgcc.a(_divsi3.o)
                0x0000000003f05340                __aeabi_idiv
                0x0000000003f05340                __divsi3
                0x0000000003f05468                __aeabi_idivmod
 .text          0x0000000003f05488        0x4 /usr/local/lib/gcc/arm-elf-eabi/9.5.0/libgcc.a(_dvmd_tls.o)
                0x0000000003f05488                __aeabi_ldiv0
                0x0000000003f05488                __aeabi_idiv0
 *(.glue_7)
 .glue_7        0x0000000003f0548c        0x0 linker stubs
 *(.glue_7t)
 .glue_7t       0x0000000003f0548c        0x0 linker stubs

.vfp11_veneer   0x0000000003f0548c        0x0
 .vfp11_veneer  0x0000000003f0548c        0x0 linker stubs

.v4_bx          0x0000000003f0548c        0x0
 .v4_bx         0x0000000003f0548c        0x0 linker stubs

.iplt           0x0000000003f0548c        0x0
 .iplt          0x0000000003f0548c        0x0 /home/david/Documents/RockBox_Personal-master/build-devsrc-hw-short/apps/plugins/text_viewer/text_viewer.o

.rodata         0x0000000003f0548c      0x800
 *(.rodata*)
 .rodata.str1.1
                0x0000000003f0548c       0x18 /home/david/Documents/RockBox_Personal-master/build-devsrc-hw-short/apps/plugins/text_viewer/text_viewer.o
 .rodata.str1.1
                0x0000000003f054a4       0x25 /home/david/Documents/RockBox_Personal-master/build-devsrc-hw-short/apps/plugins/text_viewer/tv_action.o
 .rodata.str1.1
                0x0000000003f054c9       0x7a /home/david/Documents/RockBox_Personal-master/build-devsrc-hw-short/apps/plugins/text_viewer/tv_bookmark.o
 .rodata.str1.1
                0x0000000003f05543       0x37 /home/david/Documents/RockBox_Personal-master/build-devsrc-hw-short/apps/plugins/text_viewer/tv_display.o
                                         0x3a (size before relaxing)
 .rodata.str1.1
                0x0000000003f0557a      0x1f2 /home/david/Documents/RockBox_Personal-master/build-devsrc-hw-short/apps/plugins/text_viewer/tv_menu.o
                                        0x20e (size before relaxing)
 .rodata        0x0000000003f0576c      0x2e0 /home/david/Documents/RockBox_Personal-master/build-devsrc-hw-short/apps/plugins/text_viewer/tv_menu.o
                0x0000000003f057dc                option_menu
                0x0000000003f0580c                night_mode_item
                0x0000000003f05828                indent_spaces_item
                0x0000000003f05844                font_item
                0x0000000003f05860                statusbar_item
                0x0000000003f0587c                footer_item
                0x0000000003f05898                header_item
                0x0000000003f058b4                alignment_item
                0x0000000003f058d0                windows_item
                0x0000000003f058ec                line_mode_item
                0x0000000003f05908                word_wrap_item
                0x0000000003f05924                encoding_item
                0x0000000003f05940                scroll_menu
                0x0000000003f05958                vertical_scroll_menu
                0x0000000003f05970                narrow_mode_item
                0x0000000003f0598c                autoscroll_speed_item
                0x0000000003f059a8                overlap_page_mode_item
                0x0000000003f059c4                vertical_scroll_mode_item
                0x0000000003f059e0                vertical_scrollbar_item
                0x0000000003f059fc                horizontal_scroll_menu
                0x0000000003f05a14                horizontal_scroll_mode_item
                0x0000000003f05a30                horizontal_scrollbar_item
 .rodata.str1.1
                0x0000000003f05a4c       0x35 /home/david/Documents/RockBox_Personal-master/build-devsrc-hw-short/apps/plugins/text_viewer/tv_pager.o
 *fill*         0x0000000003f05a81        0x3 
 .rodata        0x0000000003f05a84        0x4 /home/david/Documents/RockBox_Personal-master/build-devsrc-hw-short/apps/plugins/text_viewer/tv_preferences.o
                0x0000000003f05a84                preferences
 .rodata.str1.1
                0x0000000003f05a88        0x4 /home/david/Documents/RockBox_Personal-master/build-devsrc-hw-short/apps/plugins/text_viewer/tv_reader.o
 .rodata.str1.1
                0x0000000003f05a8c       0xd6 /home/david/Documents/RockBox_Personal-master/build-devsrc-hw-short/apps/plugins/text_viewer/tv_settings.o
 .rodata        0x0000000003f05b62       0x36 /home/david/Documents/RockBox_Personal-master/build-devsrc-hw-short/apps/plugins/text_viewer/tv_text_processor.o
 .rodata.volume.str1.1
                0x0000000003f05b98        0x7 /home/david/Documents/RockBox_Personal-master/build-devsrc-hw-short/apps/plugins/libplugin.a(playback_control.o)
 .rodata.shuffle.str1.1
                0x0000000003f05b9f        0x8 /home/david/Documents/RockBox_Personal-master/build-devsrc-hw-short/apps/plugins/libplugin.a(playback_control.o)
 .rodata.repeat_mode.str1.1
                0x0000000003f05ba7        0x7 /home/david/Documents/RockBox_Personal-master/build-devsrc-hw-short/apps/plugins/libplugin.a(playback_control.o)
 *fill*         0x0000000003f05bae        0x2 
 .rodata.nexttrack_item
                0x0000000003f05bb0        0xc /home/david/Documents/RockBox_Personal-master/build-devsrc-hw-short/apps/plugins/libplugin.a(playback_control.o)
                0x0000000003f05bb0                nexttrack_item
 .rodata.nexttrack_item_
                0x0000000003f05bbc        0xc /home/david/Documents/RockBox_Personal-master/build-devsrc-hw-short/apps/plugins/libplugin.a(playback_control.o)
 .rodata.nexttrack_item__
                0x0000000003f05bc8        0x4 /home/david/Documents/RockBox_Personal-master/build-devsrc-hw-short/apps/plugins/libplugin.a(playback_control.o)
 .rodata.playback_control_menu
                0x0000000003f05bcc        0xc /home/david/Documents/RockBox_Personal-master/build-devsrc-hw-short/apps/plugins/libplugin.a(playback_control.o)
                0x0000000003f05bcc                playback_control_menu
 .rodata.playback_control_menu__
                0x0000000003f05bd8        0xc /home/david/Documents/RockBox_Personal-master/build-devsrc-hw-short/apps/plugins/libplugin.a(playback_control.o)
 .rodata.playpause_item
                0x0000000003f05be4        0xc /home/david/Documents/RockBox_Personal-master/build-devsrc-hw-short/apps/plugins/libplugin.a(playback_control.o)
                0x0000000003f05be4                playpause_item
 .rodata.playpause_item_
                0x0000000003f05bf0        0xc /home/david/Documents/RockBox_Personal-master/build-devsrc-hw-short/apps/plugins/libplugin.a(playback_control.o)
 .rodata.playpause_item__
                0x0000000003f05bfc        0x4 /home/david/Documents/RockBox_Personal-master/build-devsrc-hw-short/apps/plugins/libplugin.a(playback_control.o)
 .rodata.prevtrack_item
                0x0000000003f05c00        0xc /home/david/Documents/RockBox_Personal-master/build-devsrc-hw-short/apps/plugins/libplugin.a(playback_control.o)
                0x0000000003f05c00                prevtrack_item
 .rodata.prevtrack_item_
                0x0000000003f05c0c        0xc /home/david/Documents/RockBox_Personal-master/build-devsrc-hw-short/apps/plugins/libplugin.a(playback_control.o)
 .rodata.prevtrack_item__
                0x0000000003f05c18        0x4 /home/david/Documents/RockBox_Personal-master/build-devsrc-hw-short/apps/plugins/libplugin.a(playback_control.o)
 .rodata.repeat_mode_item
                0x0000000003f05c1c        0xc /home/david/Documents/RockBox_Personal-master/build-devsrc-hw-short/apps/plugins/libplugin.a(playback_control.o)
                0x0000000003f05c1c                repeat_mode_item
 .rodata.repeat_mode_item_
                0x0000000003f05c28        0xc /home/david/Documents/RockBox_Personal-master/build-devsrc-hw-short/apps/plugins/libplugin.a(playback_control.o)
 .rodata.repeat_mode_item__
                0x0000000003f05c34        0x4 /home/david/Documents/RockBox_Personal-master/build-devsrc-hw-short/apps/plugins/libplugin.a(playback_control.o)
 .rodata.shuffle_item
                0x0000000003f05c38        0xc /home/david/Documents/RockBox_Personal-master/build-devsrc-hw-short/apps/plugins/libplugin.a(playback_control.o)
                0x0000000003f05c38                shuffle_item
 .rodata.shuffle_item_
                0x0000000003f05c44        0xc /home/david/Documents/RockBox_Personal-master/build-devsrc-hw-short/apps/plugins/libplugin.a(playback_control.o)
 .rodata.shuffle_item__
                0x0000000003f05c50        0x4 /home/david/Documents/RockBox_Personal-master/build-devsrc-hw-short/apps/plugins/libplugin.a(playback_control.o)
 .rodata.stop_item
                0x0000000003f05c54        0xc /home/david/Documents/RockBox_Personal-master/build-devsrc-hw-short/apps/plugins/libplugin.a(playback_control.o)
                0x0000000003f05c54                stop_item
 .rodata.stop_item_
                0x0000000003f05c60        0xc /home/david/Documents/RockBox_Personal-master/build-devsrc-hw-short/apps/plugins/libplugin.a(playback_control.o)
 .rodata.stop_item__
                0x0000000003f05c6c        0x4 /home/david/Documents/RockBox_Personal-master/build-devsrc-hw-short/apps/plugins/libplugin.a(playback_control.o)
 .rodata.volume_item
                0x0000000003f05c70        0xc /home/david/Documents/RockBox_Personal-master/build-devsrc-hw-short/apps/plugins/libplugin.a(playback_control.o)
                0x0000000003f05c70                volume_item
 .rodata.volume_item_
                0x0000000003f05c7c        0xc /home/david/Documents/RockBox_Personal-master/build-devsrc-hw-short/apps/plugins/libplugin.a(playback_control.o)
 .rodata.volume_item__
                0x0000000003f05c88        0x4 /home/david/Documents/RockBox_Personal-master/build-devsrc-hw-short/apps/plugins/libplugin.a(playback_control.o)

.rel.dyn        0x0000000003f05c8c        0x0
 .rel.iplt      0x0000000003f05c8c        0x0 /home/david/Documents/RockBox_Personal-master/build-devsrc-hw-short/apps/plugins/text_viewer/text_viewer.o

.data           0x0000000003f05c8c       0x98
 *(.data*)
 .data          0x0000000003f05c8c        0x8 /home/david/Documents/RockBox_Personal-master/build-devsrc-hw-short/apps/plugins/text_viewer/tv_display.o
 .data          0x0000000003f05c94       0x6c /home/david/Documents/RockBox_Personal-master/build-devsrc-hw-short/apps/plugins/text_viewer/tv_menu.o
 .data          0x0000000003f05d00        0x4 /home/david/Documents/RockBox_Personal-master/build-devsrc-hw-short/apps/plugins/text_viewer/tv_reader.o
 .data          0x0000000003f05d04        0x4 /home/david/Documents/RockBox_Personal-master/build-devsrc-hw-short/apps/plugins/plugin_crt0.o
                0x0000000003f05d04                rb
 .data.playback_control_menu_
                0x0000000003f05d08       0x1c /home/david/Documents/RockBox_Personal-master/build-devsrc-hw-short/apps/plugins/libplugin.a(playback_control.o)

.igot.plt       0x0000000003f05d24        0x0
 .igot.plt      0x0000000003f05d24        0x0 /home/david/Documents/RockBox_Personal-master/build-devsrc-hw-short/apps/plugins/text_viewer/text_viewer.o

.ncdata         0x0000000013f05d30        0x0 load address 0x0000000003f05d30
 *(.ncdata*)
                0x0000000013f05d30                . = ALIGN (0x10)

/DISCARD/
 *(.eh_frame)

.bss            0x0000000003f05d24     0xb88c
                0x0000000003f05d24                plugin_bss_start = .
                0x0000000003f05d24                _plugin_bss_start = .
 *(.bss*)
 .bss           0x0000000003f05d24        0x2 /home/david/Documents/RockBox_Personal-master/build-devsrc-hw-short/apps/plugins/text_viewer/tv_action.o
                0x0000000003f05d24                bookmarks_changed
                0x0000000003f05d25                scrolled
 *fill*         0x0000000003f05d26        0x2 
 .bss           0x0000000003f05d28      0x111 /home/david/Documents/RockBox_Personal-master/build-devsrc-hw-short/apps/plugins/text_viewer/tv_bookmark.o
                0x0000000003f05d28                bookmarks
 *fill*         0x0000000003f05e39        0x3 
 .bss           0x0000000003f05e3c       0xc0 /home/david/Documents/RockBox_Personal-master/build-devsrc-hw-short/apps/plugins/text_viewer/tv_display.o
 .bss           0x0000000003f05efc      0x2b8 /home/david/Documents/RockBox_Personal-master/build-devsrc-hw-short/apps/plugins/text_viewer/tv_menu.o
 .bss           0x0000000003f061b4     0x9e40 /home/david/Documents/RockBox_Personal-master/build-devsrc-hw-short/apps/plugins/text_viewer/tv_pager.o
 .bss           0x0000000003f0fff4      0x49d /home/david/Documents/RockBox_Personal-master/build-devsrc-hw-short/apps/plugins/text_viewer/tv_preferences.o
                0x0000000003f10490                preferences_changed
 *fill*         0x0000000003f10491        0x3 
 .bss           0x0000000003f10494       0x20 /home/david/Documents/RockBox_Personal-master/build-devsrc-hw-short/apps/plugins/text_viewer/tv_reader.o
 .bss           0x0000000003f104b4        0x4 /home/david/Documents/RockBox_Personal-master/build-devsrc-hw-short/apps/plugins/text_viewer/tv_screen_pos.o
 .bss           0x0000000003f104b8        0x8 /home/david/Documents/RockBox_Personal-master/build-devsrc-hw-short/apps/plugins/text_viewer/tv_settings.o
 .bss           0x0000000003f104c0     0x1070 /home/david/Documents/RockBox_Personal-master/build-devsrc-hw-short/apps/plugins/text_viewer/tv_text_processor.o
 .bss           0x0000000003f11530        0x8 /home/david/Documents/RockBox_Personal-master/build-devsrc-hw-short/apps/plugins/text_viewer/tv_text_reader.o
 .bss           0x0000000003f11538       0x14 /home/david/Documents/RockBox_Personal-master/build-devsrc-hw-short/apps/plugins/text_viewer/tv_window.o
 .bss           0x0000000003f1154c       0x60 /home/david/Documents/RockBox_Personal-master/build-devsrc-hw-short/apps/plugins/plugin_crt0.o
 .bss.parentvp  0x0000000003f115ac        0x4 /home/david/Documents/RockBox_Personal-master/build-devsrc-hw-short/apps/plugins/libplugin.a(playback_control.o)
                0x0000000003f115ac                parentvp
 *(COMMON)
                0x0000000003f115b0                . = ALIGN (0x4)

.ncbss          0x0000000013f115b0        0x0 load address 0x0000000003f115b0
 *(.ncbss*)
                0x0000000013f115b0                . = ALIGN (0x10)

.ncbss_vma      0x0000000003f115b0        0x0
                0x0000000003f115b0                . = (. + SIZEOF (.ncbss))

.pluginend      0x0000000003f115b0        0x0
                0x0000000003f115b0                _plugin_end_addr = .
                0x0000000003f115b0                plugin_end_addr = .

.iram           0x000000004000c000        0x0 load address 0x0000000003f05d24
                0x000000004000c000                iramstart = .
 *(.icode)
 *(.irodata)
 *(.idata)
                0x000000004000c000                iramend = .
                0x0000000003f05d24                iramcopy = LOADADDR (.iram)

.ibss           0x000000004000c000        0x0
                0x000000004000c000                iedata = .
 *(.ibss)
                0x000000004000c000                . = ALIGN (0x4)
                0x000000004000c000                iend = .
                0x0000000003f115b0                loadendaddr = MAX (plugin_end_addr, (LOADADDR (.iram) + SIZEOF (.iram)))

.pluginloadend  0x0000000003f115b0        0x0
                0x0000000003f115b0                _plugin_load_end_addr = .
                0x0000000003f115b0                plugin_load_end_addr = .

.comment        0x0000000000000000       0x11
 *(.comment)
 .comment       0x0000000000000000       0x11 /home/david/Documents/RockBox_Personal-master/build-devsrc-hw-short/apps/plugins/text_viewer/text_viewer.o
                                         0x12 (size before relaxing)
 .comment       0x0000000000000011       0x12 /home/david/Documents/RockBox_Personal-master/build-devsrc-hw-short/apps/plugins/text_viewer/tv_action.o
 .comment       0x0000000000000011       0x12 /home/david/Documents/RockBox_Personal-master/build-devsrc-hw-short/apps/plugins/text_viewer/tv_bookmark.o
 .comment       0x0000000000000011       0x12 /home/david/Documents/RockBox_Personal-master/build-devsrc-hw-short/apps/plugins/text_viewer/tv_display.o
 .comment       0x0000000000000011       0x12 /home/david/Documents/RockBox_Personal-master/build-devsrc-hw-short/apps/plugins/text_viewer/tv_menu.o
 .comment       0x0000000000000011       0x12 /home/david/Documents/RockBox_Personal-master/build-devsrc-hw-short/apps/plugins/text_viewer/tv_pager.o
 .comment       0x0000000000000011       0x12 /home/david/Documents/RockBox_Personal-master/build-devsrc-hw-short/apps/plugins/text_viewer/tv_preferences.o
 .comment       0x0000000000000011       0x12 /home/david/Documents/RockBox_Personal-master/build-devsrc-hw-short/apps/plugins/text_viewer/tv_reader.o
 .comment       0x0000000000000011       0x12 /home/david/Documents/RockBox_Personal-master/build-devsrc-hw-short/apps/plugins/text_viewer/tv_screen_pos.o
 .comment       0x0000000000000011       0x12 /home/david/Documents/RockBox_Personal-master/build-devsrc-hw-short/apps/plugins/text_viewer/tv_settings.o
 .comment       0x0000000000000011       0x12 /home/david/Documents/RockBox_Personal-master/build-devsrc-hw-short/apps/plugins/text_viewer/tv_text_processor.o
 .comment       0x0000000000000011       0x12 /home/david/Documents/RockBox_Personal-master/build-devsrc-hw-short/apps/plugins/text_viewer/tv_text_reader.o
 .comment       0x0000000000000011       0x12 /home/david/Documents/RockBox_Personal-master/build-devsrc-hw-short/apps/plugins/text_viewer/tv_window.o
 .comment       0x0000000000000011       0x12 /home/david/Documents/RockBox_Personal-master/build-devsrc-hw-short/apps/plugins/plugin_crt0.o
 .comment       0x0000000000000011       0x12 /home/david/Documents/RockBox_Personal-master/build-devsrc-hw-short/apps/plugins/libplugin.a(playback_control.o)
                0x0000000000000001                ASSERT ((LOADADDR (.ncdata) == (ADDR (.ncdata) - 0x10000000)), .ncdata has incorrect LMA/VMA address)
                0x0000000000000001                ASSERT (((LOADADDR (.ncdata) % 0x10) == 0x0), .ncdata incorrectly aligned)
                0x0000000000000001                ASSERT ((LOADADDR (.ncbss) == (ADDR (.ncbss) - 0x10000000)), .ncbss has incorrect LMA/VMA address)
                0x0000000000000001                ASSERT (((LOADADDR (.ncbss) % 0x10) == 0x0), .ncbss incorrectly aligned)
                0x0000000000000001                ASSERT ((ADDR (.ncbss_vma) == LOADADDR (.ncbss)), .ncbss_vma has wrong address)
                0x0000000000000001                ASSERT ((SIZEOF (.ncbss_vma) == SIZEOF (.ncbss)), .ncbss_vma has wrong size)
OUTPUT(/home/david/Documents/RockBox_Personal-master/build-devsrc-hw-short/apps/plugins/text_viewer/text_viewer.elf elf32-littlearm)
LOAD linker stubs

.ARM.attributes
                0x0000000000000000       0x28
 .ARM.attributes
                0x0000000000000000       0x2a /home/david/Documents/RockBox_Personal-master/build-devsrc-hw-short/apps/plugins/text_viewer/text_viewer.o
 .ARM.attributes
                0x000000000000002a       0x2a /home/david/Documents/RockBox_Personal-master/build-devsrc-hw-short/apps/plugins/text_viewer/tv_action.o
 .ARM.attributes
                0x0000000000000054       0x2a /home/david/Documents/RockBox_Personal-master/build-devsrc-hw-short/apps/plugins/text_viewer/tv_bookmark.o
 .ARM.attributes
                0x000000000000007e       0x2a /home/david/Documents/RockBox_Personal-master/build-devsrc-hw-short/apps/plugins/text_viewer/tv_display.o
 .ARM.attributes
                0x00000000000000a8       0x2a /home/david/Documents/RockBox_Personal-master/build-devsrc-hw-short/apps/plugins/text_viewer/tv_menu.o
 .ARM.attributes
                0x00000000000000d2       0x2a /home/david/Documents/RockBox_Personal-master/build-devsrc-hw-short/apps/plugins/text_viewer/tv_pager.o
 .ARM.attributes
                0x00000000000000fc       0x2a /home/david/Documents/RockBox_Personal-master/build-devsrc-hw-short/apps/plugins/text_viewer/tv_preferences.o
 .ARM.attributes
                0x0000000000000126       0x2a /home/david/Documents/RockBox_Personal-master/build-devsrc-hw-short/apps/plugins/text_viewer/tv_reader.o
 .ARM.attributes
                0x0000000000000150       0x2a /home/david/Documents/RockBox_Personal-master/build-devsrc-hw-short/apps/plugins/text_viewer/tv_screen_pos.o
 .ARM.attributes
                0x000000000000017a       0x2a /home/david/Documents/RockBox_Personal-master/build-devsrc-hw-short/apps/plugins/text_viewer/tv_settings.o
 .ARM.attributes
                0x00000000000001a4       0x2a /home/david/Documents/RockBox_Personal-master/build-devsrc-hw-short/apps/plugins/text_viewer/tv_text_processor.o
 .ARM.attributes
                0x00000000000001ce       0x2a /home/david/Documents/RockBox_Personal-master/build-devsrc-hw-short/apps/plugins/text_viewer/tv_text_reader.o
 .ARM.attributes
                0x00000000000001f8       0x2a /home/david/Documents/RockBox_Personal-master/build-devsrc-hw-short/apps/plugins/text_viewer/tv_window.o
 .ARM.attributes
                0x0000000000000222       0x2a /home/david/Documents/RockBox_Personal-master/build-devsrc-hw-short/apps/plugins/plugin_crt0.o
 .ARM.attributes
                0x000000000000024c       0x2a /home/david/Documents/RockBox_Personal-master/build-devsrc-hw-short/apps/plugins/libplugin.a(playback_control.o)
 .ARM.attributes
                0x0000000000000276       0x1a /home/david/Documents/RockBox_Personal-master/build-devsrc-hw-short/lib/libsetjmp.a(setjmp.o)
 .ARM.attributes
                0x0000000000000290       0x1c /usr/local/lib/gcc/arm-elf-eabi/9.5.0/libgcc.a(_divsi3.o)
 .ARM.attributes
                0x00000000000002ac       0x1c /usr/local/lib/gcc/arm-elf-eabi/9.5.0/libgcc.a(_dvmd_tls.o)

.debug_frame    0x0000000000000000       0x20
 .debug_frame   0x0000000000000000       0x20 /usr/local/lib/gcc/arm-elf-eabi/9.5.0/libgcc.a(_divsi3.o)

.debug_line     0x0000000000000000       0xeb
 .debug_line    0x0000000000000000       0x8a /usr/local/lib/gcc/arm-elf-eabi/9.5.0/libgcc.a(_divsi3.o)
 .debug_line    0x000000000000008a       0x61 /usr/local/lib/gcc/arm-elf-eabi/9.5.0/libgcc.a(_dvmd_tls.o)

.debug_info     0x0000000000000000       0x4c
 .debug_info    0x0000000000000000       0x26 /usr/local/lib/gcc/arm-elf-eabi/9.5.0/libgcc.a(_divsi3.o)
 .debug_info    0x0000000000000026       0x26 /usr/local/lib/gcc/arm-elf-eabi/9.5.0/libgcc.a(_dvmd_tls.o)

.debug_abbrev   0x0000000000000000       0x28
 .debug_abbrev  0x0000000000000000       0x14 /usr/local/lib/gcc/arm-elf-eabi/9.5.0/libgcc.a(_divsi3.o)
 .debug_abbrev  0x0000000000000014       0x14 /usr/local/lib/gcc/arm-elf-eabi/9.5.0/libgcc.a(_dvmd_tls.o)

.debug_aranges  0x0000000000000000       0x40
 .debug_aranges
                0x0000000000000000       0x20 /usr/local/lib/gcc/arm-elf-eabi/9.5.0/libgcc.a(_divsi3.o)
 .debug_aranges
                0x0000000000000020       0x20 /usr/local/lib/gcc/arm-elf-eabi/9.5.0/libgcc.a(_dvmd_tls.o)

.debug_str      0x0000000000000000       0x6c
 .debug_str     0x0000000000000000       0x6c /usr/local/lib/gcc/arm-elf-eabi/9.5.0/libgcc.a(_divsi3.o)
 .debug_str     0x000000000000006c       0x6c /usr/local/lib/gcc/arm-elf-eabi/9.5.0/libgcc.a(_dvmd_tls.o)
