/home/david/Documents/RockBox_Personal-master/devsrc/nano-soh-runtime/Shipwright/soh/src/overlays/actors/ovl_En_Hintnuts/z_en_hintnuts.c: In function 'EnHintnuts_Init':
/home/david/Documents/RockBox_Personal-master/devsrc/nano-soh-runtime/Shipwright/soh/src/overlays/actors/ovl_En_Hintnuts/z_en_hintnuts.c:83:48: warning: passing argument 3 of 'SkelAnime_Init' from incompatible pointer type [-Wincompatible-pointer-types]
   83 |         SkelAnime_Init(play, &this->skelAnime, &gHintNutsSkel, &gHintNutsStandAnim, this->jointTable, this->morphTable,
      |                                                ^~~~~~~~~~~~~~
      |                                                |
      |                                                const char (*)[45]
In file included from /home/david/Documents/RockBox_Personal-master/devsrc/nano-soh-runtime/Shipwright/soh/include/global.h:8,
                 from /home/david/Documents/RockBox_Personal-master/devsrc/nano-soh-runtime/Shipwright/soh/src/overlays/actors/ovl_En_Hintnuts/z_en_hintnuts.h:5,
                 from /home/david/Documents/RockBox_Personal-master/devsrc/nano-soh-runtime/Shipwright/soh/src/overlays/actors/ovl_En_Hintnuts/z_en_hintnuts.c:7:
/home/david/Documents/RockBox_Personal-master/devsrc/nano-soh-runtime/Shipwright/soh/include/functions.h:1327:75: note: expected 'SkeletonHeader *' but argument is of type 'const char (*)[45]'
 1327 | s32 SkelAnime_Init(PlayState* play, SkelAnime* skelAnime, SkeletonHeader* skeletonHeaderSeg,
      |                                                           ~~~~~~~~~~~~~~~~^~~~~~~~~~~~~~~~~
/home/david/Documents/RockBox_Personal-master/devsrc/nano-soh-runtime/Shipwright/soh/src/overlays/actors/ovl_En_Hintnuts/z_en_hintnuts.c:83:64: warning: passing argument 4 of 'SkelAnime_Init' from incompatible pointer type [-Wincompatible-pointer-types]
   83 |         SkelAnime_Init(play, &this->skelAnime, &gHintNutsSkel, &gHintNutsStandAnim, this->jointTable, this->morphTable,
      |                                                                ^~~~~~~~~~~~~~~~~~~
      |                                                                |
      |                                                                const char (*)[50]
/home/david/Documents/RockBox_Personal-master/devsrc/nano-soh-runtime/Shipwright/soh/include/functions.h:1328:37: note: expected 'AnimationHeader *' but argument is of type 'const char (*)[50]'
 1328 |                    AnimationHeader* animation, Vec3s* jointTable, Vec3s* morphTable, s32 limbCount);
      |                    ~~~~~~~~~~~~~~~~~^~~~~~~~~
/home/david/Documents/RockBox_Personal-master/devsrc/nano-soh-runtime/Shipwright/soh/src/overlays/actors/ovl_En_Hintnuts/z_en_hintnuts.c: In function 'EnHintnuts_SetupWait':
/home/david/Documents/RockBox_Personal-master/devsrc/nano-soh-runtime/Shipwright/soh/src/overlays/actors/ovl_En_Hintnuts/z_en_hintnuts.c:122:50: warning: passing argument 2 of 'Animation_PlayOnceSetSpeed' from incompatible pointer type [-Wincompatible-pointer-types]
  122 |     Animation_PlayOnceSetSpeed(&this->skelAnime, &gHintNutsUpAnim, 0.0f);
      |                                                  ^~~~~~~~~~~~~~~~
      |                                                  |
      |                                                  const char (*)[47]
/home/david/Documents/RockBox_Personal-master/devsrc/nano-soh-runtime/Shipwright/soh/include/functions.h:1340:72: note: expected 'AnimationHeader *' but argument is of type 'const char (*)[47]'
 1340 | void Animation_PlayOnceSetSpeed(SkelAnime* skelAnime, AnimationHeader* animation, f32 playSpeed);
      |                                                       ~~~~~~~~~~~~~~~~~^~~~~~~~~
/home/david/Documents/RockBox_Personal-master/devsrc/nano-soh-runtime/Shipwright/soh/src/overlays/actors/ovl_En_Hintnuts/z_en_hintnuts.c: In function 'EnHintnuts_SetupLookAround':
/home/david/Documents/RockBox_Personal-master/devsrc/nano-soh-runtime/Shipwright/soh/src/overlays/actors/ovl_En_Hintnuts/z_en_hintnuts.c:131:42: warning: passing argument 2 of 'Animation_PlayLoop' from incompatible pointer type [-Wincompatible-pointer-types]
  131 |     Animation_PlayLoop(&this->skelAnime, &gHintNutsLookAroundAnim);
      |                                          ^~~~~~~~~~~~~~~~~~~~~~~~
      |                                          |
      |                                          const char (*)[55]
/home/david/Documents/RockBox_Personal-master/devsrc/nano-soh-runtime/Shipwright/soh/include/functions.h:1341:64: note: expected 'AnimationHeader *' but argument is of type 'const char (*)[55]'
 1341 | void Animation_PlayLoop(SkelAnime* skelAnime, AnimationHeader* animation);
      |                                               ~~~~~~~~~~~~~~~~~^~~~~~~~~
/home/david/Documents/RockBox_Personal-master/devsrc/nano-soh-runtime/Shipwright/soh/src/overlays/actors/ovl_En_Hintnuts/z_en_hintnuts.c: In function 'EnHintnuts_SetupThrowScrubProjectile':
/home/david/Documents/RockBox_Personal-master/devsrc/nano-soh-runtime/Shipwright/soh/src/overlays/actors/ovl_En_Hintnuts/z_en_hintnuts.c:137:42: warning: passing argument 2 of 'Animation_PlayOnce' from incompatible pointer type [-Wincompatible-pointer-types]
  137 |     Animation_PlayOnce(&this->skelAnime, &gHintNutsSpitAnim);
      |                                          ^~~~~~~~~~~~~~~~~~
      |                                          |
      |                                          const char (*)[49]
/home/david/Documents/RockBox_Personal-master/devsrc/nano-soh-runtime/Shipwright/soh/include/functions.h:1338:64: note: expected 'AnimationHeader *' but argument is of type 'const char (*)[49]'
 1338 | void Animation_PlayOnce(SkelAnime* skelAnime, AnimationHeader* animation);
      |                                               ~~~~~~~~~~~~~~~~~^~~~~~~~~
/home/david/Documents/RockBox_Personal-master/devsrc/nano-soh-runtime/Shipwright/soh/src/overlays/actors/ovl_En_Hintnuts/z_en_hintnuts.c: In function 'EnHintnuts_SetupStand':
/home/david/Documents/RockBox_Personal-master/devsrc/nano-soh-runtime/Shipwright/soh/src/overlays/actors/ovl_En_Hintnuts/z_en_hintnuts.c:142:45: warning: passing argument 2 of 'Animation_MorphToLoop' from incompatible pointer type [-Wincompatible-pointer-types]
  142 |     Animation_MorphToLoop(&this->skelAnime, &gHintNutsStandAnim, -3.0f);
      |                                             ^~~~~~~~~~~~~~~~~~~
      |                                             |
      |                                             const char (*)[50]
/home/david/Documents/RockBox_Personal-master/devsrc/nano-soh-runtime/Shipwright/soh/include/functions.h:1342:67: note: expected 'AnimationHeader *' but argument is of type 'const char (*)[50]'
 1342 | void Animation_MorphToLoop(SkelAnime* skelAnime, AnimationHeader* animation, f32 morphFrames);
      |                                                  ~~~~~~~~~~~~~~~~~^~~~~~~~~
/home/david/Documents/RockBox_Personal-master/devsrc/nano-soh-runtime/Shipwright/soh/src/overlays/actors/ovl_En_Hintnuts/z_en_hintnuts.c: In function 'EnHintnuts_SetupBurrow':
/home/david/Documents/RockBox_Personal-master/devsrc/nano-soh-runtime/Shipwright/soh/src/overlays/actors/ovl_En_Hintnuts/z_en_hintnuts.c:152:49: warning: passing argument 2 of 'Animation_MorphToPlayOnce' from incompatible pointer type [-Wincompatible-pointer-types]
  152 |     Animation_MorphToPlayOnce(&this->skelAnime, &gHintNutsBurrowAnim, -5.0f);
      |                                                 ^~~~~~~~~~~~~~~~~~~~
      |                                                 |
      |                                                 const char (*)[51]
/home/david/Documents/RockBox_Personal-master/devsrc/nano-soh-runtime/Shipwright/soh/include/functions.h:1339:71: note: expected 'AnimationHeader *' but argument is of type 'const char (*)[51]'
 1339 | void Animation_MorphToPlayOnce(SkelAnime* skelAnime, AnimationHeader* animation, f32 morphFrames);
      |                                                      ~~~~~~~~~~~~~~~~~^~~~~~~~~
/home/david/Documents/RockBox_Personal-master/devsrc/nano-soh-runtime/Shipwright/soh/src/overlays/actors/ovl_En_Hintnuts/z_en_hintnuts.c: In function 'EnHintnuts_HitByScrubProjectile2':
/home/david/Documents/RockBox_Personal-master/devsrc/nano-soh-runtime/Shipwright/soh/src/overlays/actors/ovl_En_Hintnuts/z_en_hintnuts.c:158:49: warning: passing argument 2 of 'Animation_MorphToPlayOnce' from incompatible pointer type [-Wincompatible-pointer-types]
  158 |     Animation_MorphToPlayOnce(&this->skelAnime, &gHintNutsUnburrowAnim, -3.0f);
      |                                                 ^~~~~~~~~~~~~~~~~~~~~~
      |                                                 |
      |                                                 const char (*)[53]
/home/david/Documents/RockBox_Personal-master/devsrc/nano-soh-runtime/Shipwright/soh/include/functions.h:1339:71: note: expected 'AnimationHeader *' but argument is of type 'const char (*)[53]'
 1339 | void Animation_MorphToPlayOnce(SkelAnime* skelAnime, AnimationHeader* animation, f32 morphFrames);
      |                                                      ~~~~~~~~~~~~~~~~~^~~~~~~~~
/home/david/Documents/RockBox_Personal-master/devsrc/nano-soh-runtime/Shipwright/soh/src/overlays/actors/ovl_En_Hintnuts/z_en_hintnuts.c: In function 'EnHintnuts_SetupRun':
/home/david/Documents/RockBox_Personal-master/devsrc/nano-soh-runtime/Shipwright/soh/src/overlays/actors/ovl_En_Hintnuts/z_en_hintnuts.c:183:42: warning: passing argument 2 of 'Animation_PlayLoop' from incompatible pointer type [-Wincompatible-pointer-types]
  183 |     Animation_PlayLoop(&this->skelAnime, &gHintNutsRunAnim);
      |                                          ^~~~~~~~~~~~~~~~~
      |                                          |
      |                                          const char (*)[48]
/home/david/Documents/RockBox_Personal-master/devsrc/nano-soh-runtime/Shipwright/soh/include/functions.h:1341:64: note: expected 'AnimationHeader *' but argument is of type 'const char (*)[48]'
 1341 | void Animation_PlayLoop(SkelAnime* skelAnime, AnimationHeader* animation);
      |                                               ~~~~~~~~~~~~~~~~~^~~~~~~~~
/home/david/Documents/RockBox_Personal-master/devsrc/nano-soh-runtime/Shipwright/soh/src/overlays/actors/ovl_En_Hintnuts/z_en_hintnuts.c: In function 'EnHintnuts_SetupTalk':
/home/david/Documents/RockBox_Personal-master/devsrc/nano-soh-runtime/Shipwright/soh/src/overlays/actors/ovl_En_Hintnuts/z_en_hintnuts.c:189:45: warning: passing argument 2 of 'Animation_MorphToLoop' from incompatible pointer type [-Wincompatible-pointer-types]
  189 |     Animation_MorphToLoop(&this->skelAnime, &gHintNutsTalkAnim, -5.0f);
      |                                             ^~~~~~~~~~~~~~~~~~
      |                                             |
      |                                             const char (*)[49]
/home/david/Documents/RockBox_Personal-master/devsrc/nano-soh-runtime/Shipwright/soh/include/functions.h:1342:67: note: expected 'AnimationHeader *' but argument is of type 'const char (*)[49]'
 1342 | void Animation_MorphToLoop(SkelAnime* skelAnime, AnimationHeader* animation, f32 morphFrames);
      |                                                  ~~~~~~~~~~~~~~~~~^~~~~~~~~
/home/david/Documents/RockBox_Personal-master/devsrc/nano-soh-runtime/Shipwright/soh/src/overlays/actors/ovl_En_Hintnuts/z_en_hintnuts.c: In function 'EnHintnuts_SetupLeave':
/home/david/Documents/RockBox_Personal-master/devsrc/nano-soh-runtime/Shipwright/soh/src/overlays/actors/ovl_En_Hintnuts/z_en_hintnuts.c:195:45: warning: passing argument 2 of 'Animation_MorphToLoop' from incompatible pointer type [-Wincompatible-pointer-types]
  195 |     Animation_MorphToLoop(&this->skelAnime, &gHintNutsRunAnim, -5.0f);
      |                                             ^~~~~~~~~~~~~~~~~
      |                                             |
      |                                             const char (*)[48]
/home/david/Documents/RockBox_Personal-master/devsrc/nano-soh-runtime/Shipwright/soh/include/functions.h:1342:67: note: expected 'AnimationHeader *' but argument is of type 'const char (*)[48]'
 1342 | void Animation_MorphToLoop(SkelAnime* skelAnime, AnimationHeader* animation, f32 morphFrames);
      |                                                  ~~~~~~~~~~~~~~~~~^~~~~~~~~
/home/david/Documents/RockBox_Personal-master/devsrc/nano-soh-runtime/Shipwright/soh/src/overlays/actors/ovl_En_Hintnuts/z_en_hintnuts.c: In function 'EnHintnuts_SetupFreeze':
/home/david/Documents/RockBox_Personal-master/devsrc/nano-soh-runtime/Shipwright/soh/src/overlays/actors/ovl_En_Hintnuts/z_en_hintnuts.c:208:42: warning: passing argument 2 of 'Animation_PlayLoop' from incompatible pointer type [-Wincompatible-pointer-types]
  208 |     Animation_PlayLoop(&this->skelAnime, &gHintNutsFreezeAnim);
      |                                          ^~~~~~~~~~~~~~~~~~~~
      |                                          |
      |                                          const char (*)[51]
/home/david/Documents/RockBox_Personal-master/devsrc/nano-soh-runtime/Shipwright/soh/include/functions.h:1341:64: note: expected 'AnimationHeader *' but argument is of type 'const char (*)[51]'
 1341 | void Animation_PlayLoop(SkelAnime* skelAnime, AnimationHeader* animation);
      |                                               ~~~~~~~~~~~~~~~~~^~~~~~~~~
/home/david/Documents/RockBox_Personal-master/devsrc/nano-soh-runtime/Shipwright/soh/src/overlays/actors/ovl_En_Hintnuts/z_en_hintnuts.c: In function 'EnHintnuts_Update':
/home/david/Documents/RockBox_Personal-master/devsrc/nano-soh-runtime/Shipwright/soh/src/overlays/actors/ovl_En_Hintnuts/z_en_hintnuts.c:502:97: warning: passing argument 1 of 'Animation_GetLastFrame' discards 'const' qualifier from pointer target type [-Wdiscarded-array-qualifiers]
  502 |                            20.0f - ((this->skelAnime.curFrame * 20.0f) / Animation_GetLastFrame(&gHintNutsBurrowAnim)));
      |                                                                                                 ^~~~~~~~~~~~~~~~~~~~
/home/david/Documents/RockBox_Personal-master/devsrc/nano-soh-runtime/Shipwright/soh/include/functions.h:1278:34: note: expected 'void *' but argument is of type 'const char (*)[51]'
 1278 | s16 Animation_GetLastFrame(void* animation);
      |                            ~~~~~~^~~~~~~~~
/home/david/Documents/RockBox_Personal-master/devsrc/nano-soh-runtime/Shipwright/soh/src/overlays/actors/ovl_En_Hintnuts/z_en_hintnuts.c: In function 'EnHintnuts_Draw':
/home/david/Documents/RockBox_Personal-master/devsrc/nano-soh-runtime/Shipwright/soh/src/overlays/actors/ovl_En_Hintnuts/z_en_hintnuts.c:541:32: warning: passing argument 2 of 'Gfx_DrawDListOpa' from incompatible pointer type [-Wincompatible-pointer-types]
  541 |         Gfx_DrawDListOpa(play, gHintNutsFlowerDL);
      |                                ^~~~~~~~~~~~~~~~~
      |                                |
      |                                const char *
/home/david/Documents/RockBox_Personal-master/devsrc/nano-soh-runtime/Shipwright/soh/include/functions.h:546:45: note: expected 'Gfx *' but argument is of type 'const char *'
  546 | void Gfx_DrawDListOpa(PlayState* play, Gfx* dlist);
      |                                        ~~~~~^~~~~
