/home/david/Documents/RockBox_Personal-master/devsrc/nano-soh-runtime/Shipwright/soh/src/overlays/actors/ovl_Bg_Hidan_Rock/z_bg_hidan_rock.c: In function 'BgHidanRock_Init':
/home/david/Documents/RockBox_Personal-master/devsrc/nano-soh-runtime/Shipwright/soh/src/overlays/actors/ovl_Bg_Hidan_Rock/z_bg_hidan_rock.c:98:36: warning: passing argument 1 of 'CollisionHeader_GetVirtual' discards 'const' qualifier from pointer target type [-Wdiscarded-array-qualifiers]
   98 |         CollisionHeader_GetVirtual(&gFireTempleStoneBlock1Col, &colHeader);
      |                                    ^~~~~~~~~~~~~~~~~~~~~~~~~~
In file included from /home/david/Documents/RockBox_Personal-master/devsrc/nano-soh-runtime/Shipwright/soh/include/global.h:8,
                 from /home/david/Documents/RockBox_Personal-master/devsrc/nano-soh-runtime/Shipwright/soh/src/overlays/actors/ovl_Bg_Hidan_Rock/z_bg_hidan_rock.h:5,
                 from /home/david/Documents/RockBox_Personal-master/devsrc/nano-soh-runtime/Shipwright/soh/src/overlays/actors/ovl_Bg_Hidan_Rock/z_bg_hidan_rock.c:7:
/home/david/Documents/RockBox_Personal-master/devsrc/nano-soh-runtime/Shipwright/soh/include/functions.h:673:39: note: expected 'void *' but argument is of type 'const char (*)[62]'
  673 | void CollisionHeader_GetVirtual(void* colHeader, CollisionHeader** dest);
      |                                 ~~~~~~^~~~~~~~~
/home/david/Documents/RockBox_Personal-master/devsrc/nano-soh-runtime/Shipwright/soh/src/overlays/actors/ovl_Bg_Hidan_Rock/z_bg_hidan_rock.c:100:36: warning: passing argument 1 of 'CollisionHeader_GetVirtual' discards 'const' qualifier from pointer target type [-Wdiscarded-array-qualifiers]
  100 |         CollisionHeader_GetVirtual(&gFireTempleStoneBlock2Col, &colHeader);
      |                                    ^~~~~~~~~~~~~~~~~~~~~~~~~~
/home/david/Documents/RockBox_Personal-master/devsrc/nano-soh-runtime/Shipwright/soh/include/functions.h:673:39: note: expected 'void *' but argument is of type 'const char (*)[62]'
  673 | void CollisionHeader_GetVirtual(void* colHeader, CollisionHeader** dest);
      |                                 ~~~~~~^~~~~~~~~
/home/david/Documents/RockBox_Personal-master/devsrc/nano-soh-runtime/Shipwright/soh/src/overlays/actors/ovl_Bg_Hidan_Rock/z_bg_hidan_rock.c: At top level:
/home/david/Documents/RockBox_Personal-master/devsrc/nano-soh-runtime/Shipwright/soh/src/overlays/actors/ovl_Bg_Hidan_Rock/z_bg_hidan_rock.c:356:5: warning: initialization discards 'const' qualifier from pointer target type [-Wdiscarded-qualifiers]
  356 |     gFireTempleBigVerticalFlame0Tex, gFireTempleBigVerticalFlame1Tex, gFireTempleBigVerticalFlame2Tex,
      |     ^~~~~~~~~~~~~~~~~~~~~~~~~~~~~~~
/home/david/Documents/RockBox_Personal-master/devsrc/nano-soh-runtime/Shipwright/soh/src/overlays/actors/ovl_Bg_Hidan_Rock/z_bg_hidan_rock.c:356:38: warning: initialization discards 'const' qualifier from pointer target type [-Wdiscarded-qualifiers]
  356 |     gFireTempleBigVerticalFlame0Tex, gFireTempleBigVerticalFlame1Tex, gFireTempleBigVerticalFlame2Tex,
      |                                      ^~~~~~~~~~~~~~~~~~~~~~~~~~~~~~~
/home/david/Documents/RockBox_Personal-master/devsrc/nano-soh-runtime/Shipwright/soh/src/overlays/actors/ovl_Bg_Hidan_Rock/z_bg_hidan_rock.c:356:71: warning: initialization discards 'const' qualifier from pointer target type [-Wdiscarded-qualifiers]
  356 |     gFireTempleBigVerticalFlame0Tex, gFireTempleBigVerticalFlame1Tex, gFireTempleBigVerticalFlame2Tex,
      |                                                                       ^~~~~~~~~~~~~~~~~~~~~~~~~~~~~~~
/home/david/Documents/RockBox_Personal-master/devsrc/nano-soh-runtime/Shipwright/soh/src/overlays/actors/ovl_Bg_Hidan_Rock/z_bg_hidan_rock.c:357:5: warning: initialization discards 'const' qualifier from pointer target type [-Wdiscarded-qualifiers]
  357 |     gFireTempleBigVerticalFlame3Tex, gFireTempleBigVerticalFlame4Tex, gFireTempleBigVerticalFlame5Tex,
      |     ^~~~~~~~~~~~~~~~~~~~~~~~~~~~~~~
/home/david/Documents/RockBox_Personal-master/devsrc/nano-soh-runtime/Shipwright/soh/src/overlays/actors/ovl_Bg_Hidan_Rock/z_bg_hidan_rock.c:357:38: warning: initialization discards 'const' qualifier from pointer target type [-Wdiscarded-qualifiers]
  357 |     gFireTempleBigVerticalFlame3Tex, gFireTempleBigVerticalFlame4Tex, gFireTempleBigVerticalFlame5Tex,
      |                                      ^~~~~~~~~~~~~~~~~~~~~~~~~~~~~~~
/home/david/Documents/RockBox_Personal-master/devsrc/nano-soh-runtime/Shipwright/soh/src/overlays/actors/ovl_Bg_Hidan_Rock/z_bg_hidan_rock.c:357:71: warning: initialization discards 'const' qualifier from pointer target type [-Wdiscarded-qualifiers]
  357 |     gFireTempleBigVerticalFlame3Tex, gFireTempleBigVerticalFlame4Tex, gFireTempleBigVerticalFlame5Tex,
      |                                                                       ^~~~~~~~~~~~~~~~~~~~~~~~~~~~~~~
/home/david/Documents/RockBox_Personal-master/devsrc/nano-soh-runtime/Shipwright/soh/src/overlays/actors/ovl_Bg_Hidan_Rock/z_bg_hidan_rock.c:358:5: warning: initialization discards 'const' qualifier from pointer target type [-Wdiscarded-qualifiers]
  358 |     gFireTempleBigVerticalFlame6Tex, gFireTempleBigVerticalFlame7Tex,
      |     ^~~~~~~~~~~~~~~~~~~~~~~~~~~~~~~
/home/david/Documents/RockBox_Personal-master/devsrc/nano-soh-runtime/Shipwright/soh/src/overlays/actors/ovl_Bg_Hidan_Rock/z_bg_hidan_rock.c:358:38: warning: initialization discards 'const' qualifier from pointer target type [-Wdiscarded-qualifiers]
  358 |     gFireTempleBigVerticalFlame6Tex, gFireTempleBigVerticalFlame7Tex,
      |                                      ^~~~~~~~~~~~~~~~~~~~~~~~~~~~~~~
In file included from /home/david/Documents/RockBox_Personal-master/devsrc/nano-soh-runtime/Shipwright/soh/include/global.h:10:
/home/david/Documents/RockBox_Personal-master/devsrc/nano-soh-runtime/Shipwright/soh/src/overlays/actors/ovl_Bg_Hidan_Rock/z_bg_hidan_rock.c: In function 'func_8088BC40':
/home/david/Documents/RockBox_Personal-master/devsrc/nano-soh-runtime/Shipwright/soh/src/overlays/actors/ovl_Bg_Hidan_Rock/z_bg_hidan_rock.c:381:79: warning: passing argument 3 of 'gSPSegment' makes integer from pointer without a cast [-Wint-conversion]
  381 |     gSPSegment(POLY_XLU_DISP++, 0x08, SEGMENTED_TO_VIRTUAL(sVerticalFlamesTexs[play->gameplayFrames & 7]));
      |                                                            ~~~~~~~~~~~~~~~~~~~^~~~~~~~~~~~~~~~~~~~~~~~~~
      |                                                                               |
      |                                                                               void *
/home/david/Documents/RockBox_Personal-master/devsrc/nano-soh-runtime/Shipwright/soh/include/macros.h:37:36: note: in definition of macro 'SEGMENTED_TO_VIRTUAL'
   37 | #define SEGMENTED_TO_VIRTUAL(addr) addr
      |                                    ^~~~
/home/david/Documents/RockBox_Personal-master/devsrc/nano-soh-runtime/Shipwright/soh/include/functions.h:22:52: note: expected 'uintptr_t' {aka 'unsigned int'} but argument is of type 'void *'
   22 | void gSPSegment(void* value, int segNum, uintptr_t target);
      |                                          ~~~~~~~~~~^~~~~~
/home/david/Documents/RockBox_Personal-master/devsrc/nano-soh-runtime/Shipwright/soh/src/overlays/actors/ovl_Bg_Hidan_Rock/z_bg_hidan_rock.c:383:37: warning: passing argument 2 of 'gSPDisplayList' from incompatible pointer type [-Wincompatible-pointer-types]
  383 |     gSPDisplayList(POLY_XLU_DISP++, gFireTempleBigVerticalFlameDL);
      |                                     ^~~~~~~~~~~~~~~~~~~~~~~~~~~~~
      |                                     |
      |                                     const char *
/home/david/Documents/RockBox_Personal-master/devsrc/nano-soh-runtime/Shipwright/soh/include/functions.h:24:36: note: expected 'Gfx *' but argument is of type 'const char *'
   24 | void gSPDisplayList(Gfx* pkt, Gfx* dl);
      |                               ~~~~~^~
/home/david/Documents/RockBox_Personal-master/devsrc/nano-soh-runtime/Shipwright/soh/src/overlays/actors/ovl_Bg_Hidan_Rock/z_bg_hidan_rock.c: In function 'BgHidanRock_Draw':
/home/david/Documents/RockBox_Personal-master/devsrc/nano-soh-runtime/Shipwright/soh/src/overlays/actors/ovl_Bg_Hidan_Rock/z_bg_hidan_rock.c:393:32: warning: passing argument 2 of 'Gfx_DrawDListOpa' from incompatible pointer type [-Wincompatible-pointer-types]
  393 |         Gfx_DrawDListOpa(play, gFireTempleStoneBlock1DL);
      |                                ^~~~~~~~~~~~~~~~~~~~~~~~
      |                                |
      |                                const char *
/home/david/Documents/RockBox_Personal-master/devsrc/nano-soh-runtime/Shipwright/soh/include/functions.h:546:45: note: expected 'Gfx *' but argument is of type 'const char *'
  546 | void Gfx_DrawDListOpa(PlayState* play, Gfx* dlist);
      |                                        ~~~~~^~~~~
/home/david/Documents/RockBox_Personal-master/devsrc/nano-soh-runtime/Shipwright/soh/src/overlays/actors/ovl_Bg_Hidan_Rock/z_bg_hidan_rock.c:395:32: warning: passing argument 2 of 'Gfx_DrawDListOpa' from incompatible pointer type [-Wincompatible-pointer-types]
  395 |         Gfx_DrawDListOpa(play, gFireTempleStoneBlock2DL);
      |                                ^~~~~~~~~~~~~~~~~~~~~~~~
      |                                |
      |                                const char *
/home/david/Documents/RockBox_Personal-master/devsrc/nano-soh-runtime/Shipwright/soh/include/functions.h:546:45: note: expected 'Gfx *' but argument is of type 'const char *'
  546 | void Gfx_DrawDListOpa(PlayState* play, Gfx* dlist);
      |                                        ~~~~~^~~~~
