/home/david/Documents/RockBox_Personal-master/devsrc/nano-soh-runtime/Shipwright/soh/src/overlays/actors/ovl_En_Ds/z_en_ds.c: In function 'EnDs_Init':
/home/david/Documents/RockBox_Personal-master/devsrc/nano-soh-runtime/Shipwright/soh/src/overlays/actors/ovl_En_Ds/z_en_ds.c:38:48: warning: passing argument 3 of 'SkelAnime_InitFlex' from incompatible pointer type [-Wincompatible-pointer-types]
   38 |     SkelAnime_InitFlex(play, &this->skelAnime, &gPotionShopLadySkel, &gPotionShopLadyAnim, this->jointTable,
      |                                                ^~~~~~~~~~~~~~~~~~~~
      |                                                |
      |                                                const char (*)[45]
In file included from /home/david/Documents/RockBox_Personal-master/devsrc/nano-soh-runtime/Shipwright/soh/include/global.h:8,
                 from /home/david/Documents/RockBox_Personal-master/devsrc/nano-soh-runtime/Shipwright/soh/src/overlays/actors/ovl_En_Ds/z_en_ds.h:5,
                 from /home/david/Documents/RockBox_Personal-master/devsrc/nano-soh-runtime/Shipwright/soh/src/overlays/actors/ovl_En_Ds/z_en_ds.c:7:
/home/david/Documents/RockBox_Personal-master/devsrc/nano-soh-runtime/Shipwright/soh/include/functions.h:1329:83: note: expected 'FlexSkeletonHeader *' but argument is of type 'const char (*)[45]'
 1329 | s32 SkelAnime_InitFlex(PlayState* play, SkelAnime* skelAnime, FlexSkeletonHeader* skeletonHeaderSeg,
      |                                                               ~~~~~~~~~~~~~~~~~~~~^~~~~~~~~~~~~~~~~
/home/david/Documents/RockBox_Personal-master/devsrc/nano-soh-runtime/Shipwright/soh/src/overlays/actors/ovl_En_Ds/z_en_ds.c:38:70: warning: passing argument 4 of 'SkelAnime_InitFlex' from incompatible pointer type [-Wincompatible-pointer-types]
   38 |     SkelAnime_InitFlex(play, &this->skelAnime, &gPotionShopLadySkel, &gPotionShopLadyAnim, this->jointTable,
      |                                                                      ^~~~~~~~~~~~~~~~~~~~
      |                                                                      |
      |                                                                      const char (*)[45]
/home/david/Documents/RockBox_Personal-master/devsrc/nano-soh-runtime/Shipwright/soh/include/functions.h:1330:41: note: expected 'AnimationHeader *' but argument is of type 'const char (*)[45]'
 1330 |                        AnimationHeader* animation, Vec3s* jointTable, Vec3s* morphTable, s32 limbCount);
      |                        ~~~~~~~~~~~~~~~~~^~~~~~~~~
/home/david/Documents/RockBox_Personal-master/devsrc/nano-soh-runtime/Shipwright/soh/src/overlays/actors/ovl_En_Ds/z_en_ds.c:40:42: warning: passing argument 2 of 'Animation_PlayOnce' from incompatible pointer type [-Wincompatible-pointer-types]
   40 |     Animation_PlayOnce(&this->skelAnime, &gPotionShopLadyAnim);
      |                                          ^~~~~~~~~~~~~~~~~~~~
      |                                          |
      |                                          const char (*)[45]
/home/david/Documents/RockBox_Personal-master/devsrc/nano-soh-runtime/Shipwright/soh/include/functions.h:1338:64: note: expected 'AnimationHeader *' but argument is of type 'const char (*)[45]'
 1338 | void Animation_PlayOnce(SkelAnime* skelAnime, AnimationHeader* animation);
      |                                               ~~~~~~~~~~~~~~~~~^~~~~~~~~
