/home/david/Documents/RockBox_Personal-master/devsrc/nano-soh-runtime/Shipwright/soh/src/overlays/actors/ovl_Obj_Elevator/z_obj_elevator.c: In function 'ObjElevator_Init':
/home/david/Documents/RockBox_Personal-master/devsrc/nano-soh-runtime/Shipwright/soh/src/overlays/actors/ovl_Obj_Elevator/z_obj_elevator.c:66:31: warning: passing argument 3 of 'func_80B92B08' from incompatible pointer type [-Wincompatible-pointer-types]
   66 |     func_80B92B08(this, play, &object_d_elevator_Col_000360, DPM_PLAYER);
      |                               ^~~~~~~~~~~~~~~~~~~~~~~~~~~~~
      |                               |
      |                               const char (*)[62]
/home/david/Documents/RockBox_Personal-master/devsrc/nano-soh-runtime/Shipwright/soh/src/overlays/actors/ovl_Obj_Elevator/z_obj_elevator.c:47:73: note: expected 'CollisionHeader *' but argument is of type 'const char (*)[62]'
   47 | void func_80B92B08(ObjElevator* this, PlayState* play, CollisionHeader* collision, s32 flag) {
      |                                                        ~~~~~~~~~~~~~~~~~^~~~~~~~~
/home/david/Documents/RockBox_Personal-master/devsrc/nano-soh-runtime/Shipwright/soh/src/overlays/actors/ovl_Obj_Elevator/z_obj_elevator.c: In function 'ObjElevator_Draw':
/home/david/Documents/RockBox_Personal-master/devsrc/nano-soh-runtime/Shipwright/soh/src/overlays/actors/ovl_Obj_Elevator/z_obj_elevator.c:125:28: warning: passing argument 2 of 'Gfx_DrawDListOpa' from incompatible pointer type [-Wincompatible-pointer-types]
  125 |     Gfx_DrawDListOpa(play, object_d_elevator_DL_000180);
      |                            ^~~~~~~~~~~~~~~~~~~~~~~~~~~
      |                            |
      |                            const char *
In file included from /home/david/Documents/RockBox_Personal-master/devsrc/nano-soh-runtime/Shipwright/soh/include/global.h:8,
                 from /home/david/Documents/RockBox_Personal-master/devsrc/nano-soh-runtime/Shipwright/soh/src/overlays/actors/ovl_Obj_Elevator/z_obj_elevator.h:5,
                 from /home/david/Documents/RockBox_Personal-master/devsrc/nano-soh-runtime/Shipwright/soh/src/overlays/actors/ovl_Obj_Elevator/z_obj_elevator.c:7:
/home/david/Documents/RockBox_Personal-master/devsrc/nano-soh-runtime/Shipwright/soh/include/functions.h:546:45: note: expected 'Gfx *' but argument is of type 'const char *'
  546 | void Gfx_DrawDListOpa(PlayState* play, Gfx* dlist);
      |                                        ~~~~~^~~~~
