/home/david/Documents/RockBox_Personal-master/devsrc/nano-soh-runtime/Shipwright/soh/src/overlays/actors/ovl_En_Bom_Bowl_Man/z_en_bom_bowl_man.c: In function 'EnBomBowlMan_Init':
/home/david/Documents/RockBox_Personal-master/devsrc/nano-soh-runtime/Shipwright/soh/src/overlays/actors/ovl_En_Bom_Bowl_Man/z_en_bom_bowl_man.c:63:48: warning: passing argument 3 of 'SkelAnime_InitFlex' from incompatible pointer type [-Wincompatible-pointer-types]
   63 |     SkelAnime_InitFlex(play, &this->skelAnime, &gChuGirlSkel, &gChuGirlNoddingOffAnim, this->jointTable,
      |                                                ^~~~~~~~~~~~~
      |                                                |
      |                                                const char (*)[38]
In file included from /home/david/Documents/RockBox_Personal-master/devsrc/nano-soh-runtime/Shipwright/soh/include/global.h:8,
                 from /home/david/Documents/RockBox_Personal-master/devsrc/nano-soh-runtime/Shipwright/soh/src/overlays/actors/ovl_En_Bom_Bowl_Man/z_en_bom_bowl_man.h:5,
                 from /home/david/Documents/RockBox_Personal-master/devsrc/nano-soh-runtime/Shipwright/soh/src/overlays/actors/ovl_En_Bom_Bowl_Man/z_en_bom_bowl_man.c:1:
/home/david/Documents/RockBox_Personal-master/devsrc/nano-soh-runtime/Shipwright/soh/include/functions.h:1329:83: note: expected 'FlexSkeletonHeader *' but argument is of type 'const char (*)[38]'
 1329 | s32 SkelAnime_InitFlex(PlayState* play, SkelAnime* skelAnime, FlexSkeletonHeader* skeletonHeaderSeg,
      |                                                               ~~~~~~~~~~~~~~~~~~~~^~~~~~~~~~~~~~~~~
/home/david/Documents/RockBox_Personal-master/devsrc/nano-soh-runtime/Shipwright/soh/src/overlays/actors/ovl_En_Bom_Bowl_Man/z_en_bom_bowl_man.c:63:63: warning: passing argument 4 of 'SkelAnime_InitFlex' from incompatible pointer type [-Wincompatible-pointer-types]
   63 |     SkelAnime_InitFlex(play, &this->skelAnime, &gChuGirlSkel, &gChuGirlNoddingOffAnim, this->jointTable,
      |                                                               ^~~~~~~~~~~~~~~~~~~~~~~
      |                                                               |
      |                                                               const char (*)[48]
/home/david/Documents/RockBox_Personal-master/devsrc/nano-soh-runtime/Shipwright/soh/include/functions.h:1330:41: note: expected 'AnimationHeader *' but argument is of type 'const char (*)[48]'
 1330 |                        AnimationHeader* animation, Vec3s* jointTable, Vec3s* morphTable, s32 limbCount);
      |                        ~~~~~~~~~~~~~~~~~^~~~~~~~~
/home/david/Documents/RockBox_Personal-master/devsrc/nano-soh-runtime/Shipwright/soh/src/overlays/actors/ovl_En_Bom_Bowl_Man/z_en_bom_bowl_man.c: In function 'EnBomBowMan_SetupWaitAsleep':
/home/david/Documents/RockBox_Personal-master/devsrc/nano-soh-runtime/Shipwright/soh/src/overlays/actors/ovl_En_Bom_Bowl_Man/z_en_bom_bowl_man.c:100:52: warning: passing argument 1 of 'Animation_GetLastFrame' discards 'const' qualifier from pointer target type [-Wdiscarded-array-qualifiers]
  100 |     this->frameCount = (f32)Animation_GetLastFrame(&gChuGirlNoddingOffAnim);
      |                                                    ^~~~~~~~~~~~~~~~~~~~~~~
/home/david/Documents/RockBox_Personal-master/devsrc/nano-soh-runtime/Shipwright/soh/include/functions.h:1278:34: note: expected 'void *' but argument is of type 'const char (*)[48]'
 1278 | s16 Animation_GetLastFrame(void* animation);
      |                            ~~~~~~^~~~~~~~~
/home/david/Documents/RockBox_Personal-master/devsrc/nano-soh-runtime/Shipwright/soh/src/overlays/actors/ovl_En_Bom_Bowl_Man/z_en_bom_bowl_man.c:101:40: warning: passing argument 2 of 'Animation_Change' from incompatible pointer type [-Wincompatible-pointer-types]
  101 |     Animation_Change(&this->skelAnime, &gChuGirlNoddingOffAnim, 1.0f, 0.0f, this->frameCount, ANIMMODE_LOOP, -10.0f);
      |                                        ^~~~~~~~~~~~~~~~~~~~~~~
      |                                        |
      |                                        const char (*)[48]
/home/david/Documents/RockBox_Personal-master/devsrc/nano-soh-runtime/Shipwright/soh/include/functions.h:1336:62: note: expected 'AnimationHeader *' but argument is of type 'const char (*)[48]'
 1336 | void Animation_Change(SkelAnime* skelAnime, AnimationHeader* animation, f32 playSpeed, f32 startFrame, f32 endFrame,
      |                                             ~~~~~~~~~~~~~~~~~^~~~~~~~~
/home/david/Documents/RockBox_Personal-master/devsrc/nano-soh-runtime/Shipwright/soh/src/overlays/actors/ovl_En_Bom_Bowl_Man/z_en_bom_bowl_man.c: In function 'EnBomBowMan_WakeUp':
/home/david/Documents/RockBox_Personal-master/devsrc/nano-soh-runtime/Shipwright/soh/src/overlays/actors/ovl_En_Bom_Bowl_Man/z_en_bom_bowl_man.c:133:52: warning: passing argument 1 of 'Animation_GetLastFrame' discards 'const' qualifier from pointer target type [-Wdiscarded-array-qualifiers]
  133 |     this->frameCount = (f32)Animation_GetLastFrame(&gChuGirlWakeUpAnim);
      |                                                    ^~~~~~~~~~~~~~~~~~~
/home/david/Documents/RockBox_Personal-master/devsrc/nano-soh-runtime/Shipwright/soh/include/functions.h:1278:34: note: expected 'void *' but argument is of type 'const char (*)[44]'
 1278 | s16 Animation_GetLastFrame(void* animation);
      |                            ~~~~~~^~~~~~~~~
/home/david/Documents/RockBox_Personal-master/devsrc/nano-soh-runtime/Shipwright/soh/src/overlays/actors/ovl_En_Bom_Bowl_Man/z_en_bom_bowl_man.c:134:40: warning: passing argument 2 of 'Animation_Change' from incompatible pointer type [-Wincompatible-pointer-types]
  134 |     Animation_Change(&this->skelAnime, &gChuGirlWakeUpAnim, 1.0f, 0.0f, this->frameCount, ANIMMODE_ONCE, -10.0f);
      |                                        ^~~~~~~~~~~~~~~~~~~
      |                                        |
      |                                        const char (*)[44]
/home/david/Documents/RockBox_Personal-master/devsrc/nano-soh-runtime/Shipwright/soh/include/functions.h:1336:62: note: expected 'AnimationHeader *' but argument is of type 'const char (*)[44]'
 1336 | void Animation_Change(SkelAnime* skelAnime, AnimationHeader* animation, f32 playSpeed, f32 startFrame, f32 endFrame,
      |                                             ~~~~~~~~~~~~~~~~~^~~~~~~~~
/home/david/Documents/RockBox_Personal-master/devsrc/nano-soh-runtime/Shipwright/soh/src/overlays/actors/ovl_En_Bom_Bowl_Man/z_en_bom_bowl_man.c: In function 'EnBomBowMan_CheckBeatenDC':
/home/david/Documents/RockBox_Personal-master/devsrc/nano-soh-runtime/Shipwright/soh/src/overlays/actors/ovl_En_Bom_Bowl_Man/z_en_bom_bowl_man.c:171:56: warning: passing argument 1 of 'Animation_GetLastFrame' discards 'const' qualifier from pointer target type [-Wdiscarded-array-qualifiers]
  171 |         this->frameCount = (f32)Animation_GetLastFrame(&gChuGirlLeanOverCounterAnim);
      |                                                        ^~~~~~~~~~~~~~~~~~~~~~~~~~~~
/home/david/Documents/RockBox_Personal-master/devsrc/nano-soh-runtime/Shipwright/soh/include/functions.h:1278:34: note: expected 'void *' but argument is of type 'const char (*)[53]'
 1278 | s16 Animation_GetLastFrame(void* animation);
      |                            ~~~~~~^~~~~~~~~
/home/david/Documents/RockBox_Personal-master/devsrc/nano-soh-runtime/Shipwright/soh/src/overlays/actors/ovl_En_Bom_Bowl_Man/z_en_bom_bowl_man.c:172:44: warning: passing argument 2 of 'Animation_Change' from incompatible pointer type [-Wincompatible-pointer-types]
  172 |         Animation_Change(&this->skelAnime, &gChuGirlLeanOverCounterAnim, 1.0f, 0.0f, this->frameCount, ANIMMODE_LOOP,
      |                                            ^~~~~~~~~~~~~~~~~~~~~~~~~~~~
      |                                            |
      |                                            const char (*)[53]
/home/david/Documents/RockBox_Personal-master/devsrc/nano-soh-runtime/Shipwright/soh/include/functions.h:1336:62: note: expected 'AnimationHeader *' but argument is of type 'const char (*)[53]'
 1336 | void Animation_Change(SkelAnime* skelAnime, AnimationHeader* animation, f32 playSpeed, f32 startFrame, f32 endFrame,
      |                                             ~~~~~~~~~~~~~~~~~^~~~~~~~~
/home/david/Documents/RockBox_Personal-master/devsrc/nano-soh-runtime/Shipwright/soh/src/overlays/actors/ovl_En_Bom_Bowl_Man/z_en_bom_bowl_man.c: In function 'EnBomBowlMan_Draw':
/home/david/Documents/RockBox_Personal-master/devsrc/nano-soh-runtime/Shipwright/soh/src/overlays/actors/ovl_En_Bom_Bowl_Man/z_en_bom_bowl_man.c:538:36: warning: initialization discards 'const' qualifier from pointer target type [-Wdiscarded-qualifiers]
  538 |     static void* eyeTextures[] = { gChuGirlEyeOpenTex, gChuGirlEyeHalfTex, gChuGirlEyeClosedTex };
      |                                    ^~~~~~~~~~~~~~~~~~
/home/david/Documents/RockBox_Personal-master/devsrc/nano-soh-runtime/Shipwright/soh/src/overlays/actors/ovl_En_Bom_Bowl_Man/z_en_bom_bowl_man.c:538:56: warning: initialization discards 'const' qualifier from pointer target type [-Wdiscarded-qualifiers]
  538 |     static void* eyeTextures[] = { gChuGirlEyeOpenTex, gChuGirlEyeHalfTex, gChuGirlEyeClosedTex };
      |                                                        ^~~~~~~~~~~~~~~~~~
/home/david/Documents/RockBox_Personal-master/devsrc/nano-soh-runtime/Shipwright/soh/src/overlays/actors/ovl_En_Bom_Bowl_Man/z_en_bom_bowl_man.c:538:76: warning: initialization discards 'const' qualifier from pointer target type [-Wdiscarded-qualifiers]
  538 |     static void* eyeTextures[] = { gChuGirlEyeOpenTex, gChuGirlEyeHalfTex, gChuGirlEyeClosedTex };
      |                                                                            ^~~~~~~~~~~~~~~~~~~~
In file included from /home/david/Documents/RockBox_Personal-master/devsrc/nano-soh-runtime/Shipwright/soh/include/global.h:10:
/home/david/Documents/RockBox_Personal-master/devsrc/nano-soh-runtime/Shipwright/soh/src/overlays/actors/ovl_En_Bom_Bowl_Man/z_en_bom_bowl_man.c:544:71: warning: passing argument 3 of 'gSPSegment' makes integer from pointer without a cast [-Wint-conversion]
  544 |     gSPSegment(POLY_OPA_DISP++, 0x08, SEGMENTED_TO_VIRTUAL(eyeTextures[this->eyeTextureIndex]));
      |                                                            ~~~~~~~~~~~^~~~~~~~~~~~~~~~~~~~~~~
      |                                                                       |
      |                                                                       void *
/home/david/Documents/RockBox_Personal-master/devsrc/nano-soh-runtime/Shipwright/soh/include/macros.h:37:36: note: in definition of macro 'SEGMENTED_TO_VIRTUAL'
   37 | #define SEGMENTED_TO_VIRTUAL(addr) addr
      |                                    ^~~~
/home/david/Documents/RockBox_Personal-master/devsrc/nano-soh-runtime/Shipwright/soh/include/functions.h:22:52: note: expected 'uintptr_t' {aka 'unsigned int'} but argument is of type 'void *'
   22 | void gSPSegment(void* value, int segNum, uintptr_t target);
      |                                          ~~~~~~~~~~^~~~~~
