/home/david/Documents/RockBox_Personal-master/devsrc/nano-soh-runtime/Shipwright/soh/src/code/sys_matrix.c: In function 'Matrix_MtxFToMtx':
/home/david/Documents/RockBox_Personal-master/devsrc/nano-soh-runtime/Shipwright/soh/src/code/sys_matrix.c:558:14: warning: passing argument 1 of 'guMtxF2L' from incompatible pointer type [-Wincompatible-pointer-types]
  558 |     guMtxF2L(src, dest);
      |              ^~~
      |              |
      |              MtxF *
In file included from /home/david/Documents/RockBox_Personal-master/devsrc/nano-soh-runtime/Shipwright/libultraship/include/libultraship/libultra.h:10,
                 from /home/david/Documents/RockBox_Personal-master/devsrc/nano-soh-runtime/Shipwright/soh/include/z64.h:4,
                 from /home/david/Documents/RockBox_Personal-master/devsrc/nano-soh-runtime/Shipwright/soh/include/functions.h:4,
                 from /home/david/Documents/RockBox_Personal-master/devsrc/nano-soh-runtime/Shipwright/soh/include/global.h:8,
                 from /home/david/Documents/RockBox_Personal-master/devsrc/nano-soh-runtime/Shipwright/soh/src/code/sys_matrix.c:1:
/home/david/Documents/RockBox_Personal-master/devsrc/nano-soh-runtime/Shipwright/libultraship/include/libultraship/libultra/gu.h:114:28: note: expected 'float (*)[4]' but argument is of type 'MtxF *'
  114 | extern void guMtxF2L(float mf[4][4], Mtx* m);
      |                      ~~~~~~^~~~~~~~
/home/david/Documents/RockBox_Personal-master/devsrc/nano-soh-runtime/Shipwright/soh/src/code/sys_matrix.c: In function 'Matrix_ToMtx':
/home/david/Documents/RockBox_Personal-master/devsrc/nano-soh-runtime/Shipwright/soh/src/code/sys_matrix.c:564:14: warning: passing argument 1 of 'guMtxF2L' from incompatible pointer type [-Wincompatible-pointer-types]
  564 |     guMtxF2L(Matrix_CheckFloats(sCurrentMatrix, file, line), dest);
      |              ^~~~~~~~~~~~~~~~~~~~~~~~~~~~~~~~~~~~~~~~~~~~~~
      |              |
      |              MtxF *
/home/david/Documents/RockBox_Personal-master/devsrc/nano-soh-runtime/Shipwright/libultraship/include/libultraship/libultra/gu.h:114:28: note: expected 'float (*)[4]' but argument is of type 'MtxF *'
  114 | extern void guMtxF2L(float mf[4][4], Mtx* m);
      |                      ~~~~~~^~~~~~~~
/home/david/Documents/RockBox_Personal-master/devsrc/nano-soh-runtime/Shipwright/soh/src/code/sys_matrix.c: In function 'Matrix_MtxToMtxF':
/home/david/Documents/RockBox_Personal-master/devsrc/nano-soh-runtime/Shipwright/soh/src/code/sys_matrix.c:621:14: warning: passing argument 1 of 'guMtxL2F' from incompatible pointer type [-Wincompatible-pointer-types]
  621 |     guMtxL2F(dest, src);
      |              ^~~~
      |              |
      |              MtxF *
/home/david/Documents/RockBox_Personal-master/devsrc/nano-soh-runtime/Shipwright/libultraship/include/libultraship/libultra/gu.h:115:28: note: expected 'float (*)[4]' but argument is of type 'MtxF *'
  115 | extern void guMtxL2F(float mf[4][4], Mtx* m);
      |                      ~~~~~~^~~~~~~~
/home/david/Documents/RockBox_Personal-master/devsrc/nano-soh-runtime/Shipwright/soh/src/code/sys_matrix.c: In function 'Matrix_SetTranslateUniformScaleMtx':
/home/david/Documents/RockBox_Personal-master/devsrc/nano-soh-runtime/Shipwright/soh/src/code/sys_matrix.c:943:14: warning: passing argument 1 of 'guMtxF2L' from incompatible pointer type [-Wincompatible-pointer-types]
  943 |     guMtxF2L(&mf, mtx);
      |              ^~~
      |              |
      |              MtxF *
/home/david/Documents/RockBox_Personal-master/devsrc/nano-soh-runtime/Shipwright/libultraship/include/libultraship/libultra/gu.h:114:28: note: expected 'float (*)[4]' but argument is of type 'MtxF *'
  114 | extern void guMtxF2L(float mf[4][4], Mtx* m);
      |                      ~~~~~~^~~~~~~~
/home/david/Documents/RockBox_Personal-master/devsrc/nano-soh-runtime/Shipwright/soh/src/code/sys_matrix.c: In function 'Matrix_SetTranslateScaleMtx2':
/home/david/Documents/RockBox_Personal-master/devsrc/nano-soh-runtime/Shipwright/soh/src/code/sys_matrix.c:1056:14: warning: passing argument 1 of 'guMtxF2L' from incompatible pointer type [-Wincompatible-pointer-types]
 1056 |     guMtxF2L(&mtxf, mtx);
      |              ^~~~~
      |              |
      |              MtxF *
/home/david/Documents/RockBox_Personal-master/devsrc/nano-soh-runtime/Shipwright/libultraship/include/libultraship/libultra/gu.h:114:28: note: expected 'float (*)[4]' but argument is of type 'MtxF *'
  114 | extern void guMtxF2L(float mf[4][4], Mtx* m);
      |                      ~~~~~~^~~~~~~~
