/home/david/Documents/RockBox_Personal-master/devsrc/nano-soh-runtime/Shipwright/soh/src/code/z_lifemeter.c:326:5: warning: initialization discards 'const' qualifier from pointer target type [-Wdiscarded-qualifiers]
  326 |     gHeartFullTex,         gHeartQuarterTex,      gHeartQuarterTex,      gHeartQuarterTex,
      |     ^~~~~~~~~~~~~
/home/david/Documents/RockBox_Personal-master/devsrc/nano-soh-runtime/Shipwright/soh/src/code/z_lifemeter.c:326:28: warning: initialization discards 'const' qualifier from pointer target type [-Wdiscarded-qualifiers]
  326 |     gHeartFullTex,         gHeartQuarterTex,      gHeartQuarterTex,      gHeartQuarterTex,
      |                            ^~~~~~~~~~~~~~~~
/home/david/Documents/RockBox_Personal-master/devsrc/nano-soh-runtime/Shipwright/soh/src/code/z_lifemeter.c:326:51: warning: initialization discards 'const' qualifier from pointer target type [-Wdiscarded-qualifiers]
  326 |     gHeartFullTex,         gHeartQuarterTex,      gHeartQuarterTex,      gHeartQuarterTex,
      |                                                   ^~~~~~~~~~~~~~~~
/home/david/Documents/RockBox_Personal-master/devsrc/nano-soh-runtime/Shipwright/soh/src/code/z_lifemeter.c:326:74: warning: initialization discards 'const' qualifier from pointer target type [-Wdiscarded-qualifiers]
  326 |     gHeartFullTex,         gHeartQuarterTex,      gHeartQuarterTex,      gHeartQuarterTex,
      |                                                                          ^~~~~~~~~~~~~~~~
/home/david/Documents/RockBox_Personal-master/devsrc/nano-soh-runtime/Shipwright/soh/src/code/z_lifemeter.c:327:5: warning: initialization discards 'const' qualifier from pointer target type [-Wdiscarded-qualifiers]
  327 |     gHeartQuarterTex,      gHeartQuarterTex,      gHeartHalfTex,         gHeartHalfTex,
      |     ^~~~~~~~~~~~~~~~
/home/david/Documents/RockBox_Personal-master/devsrc/nano-soh-runtime/Shipwright/soh/src/code/z_lifemeter.c:327:28: warning: initialization discards 'const' qualifier from pointer target type [-Wdiscarded-qualifiers]
  327 |     gHeartQuarterTex,      gHeartQuarterTex,      gHeartHalfTex,         gHeartHalfTex,
      |                            ^~~~~~~~~~~~~~~~
/home/david/Documents/RockBox_Personal-master/devsrc/nano-soh-runtime/Shipwright/soh/src/code/z_lifemeter.c:327:51: warning: initialization discards 'const' qualifier from pointer target type [-Wdiscarded-qualifiers]
  327 |     gHeartQuarterTex,      gHeartQuarterTex,      gHeartHalfTex,         gHeartHalfTex,
      |                                                   ^~~~~~~~~~~~~
/home/david/Documents/RockBox_Personal-master/devsrc/nano-soh-runtime/Shipwright/soh/src/code/z_lifemeter.c:327:74: warning: initialization discards 'const' qualifier from pointer target type [-Wdiscarded-qualifiers]
  327 |     gHeartQuarterTex,      gHeartQuarterTex,      gHeartHalfTex,         gHeartHalfTex,
      |                                                                          ^~~~~~~~~~~~~
/home/david/Documents/RockBox_Personal-master/devsrc/nano-soh-runtime/Shipwright/soh/src/code/z_lifemeter.c:328:5: warning: initialization discards 'const' qualifier from pointer target type [-Wdiscarded-qualifiers]
  328 |     gHeartHalfTex,         gHeartHalfTex,         gHeartHalfTex,         gHeartThreeQuarterTex,
      |     ^~~~~~~~~~~~~
/home/david/Documents/RockBox_Personal-master/devsrc/nano-soh-runtime/Shipwright/soh/src/code/z_lifemeter.c:328:28: warning: initialization discards 'const' qualifier from pointer target type [-Wdiscarded-qualifiers]
  328 |     gHeartHalfTex,         gHeartHalfTex,         gHeartHalfTex,         gHeartThreeQuarterTex,
      |                            ^~~~~~~~~~~~~
/home/david/Documents/RockBox_Personal-master/devsrc/nano-soh-runtime/Shipwright/soh/src/code/z_lifemeter.c:328:51: warning: initialization discards 'const' qualifier from pointer target type [-Wdiscarded-qualifiers]
  328 |     gHeartHalfTex,         gHeartHalfTex,         gHeartHalfTex,         gHeartThreeQuarterTex,
      |                                                   ^~~~~~~~~~~~~
/home/david/Documents/RockBox_Personal-master/devsrc/nano-soh-runtime/Shipwright/soh/src/code/z_lifemeter.c:328:74: warning: initialization discards 'const' qualifier from pointer target type [-Wdiscarded-qualifiers]
  328 |     gHeartHalfTex,         gHeartHalfTex,         gHeartHalfTex,         gHeartThreeQuarterTex,
      |                                                                          ^~~~~~~~~~~~~~~~~~~~~
/home/david/Documents/RockBox_Personal-master/devsrc/nano-soh-runtime/Shipwright/soh/src/code/z_lifemeter.c:329:5: warning: initialization discards 'const' qualifier from pointer target type [-Wdiscarded-qualifiers]
  329 |     gHeartThreeQuarterTex, gHeartThreeQuarterTex, gHeartThreeQuarterTex, gHeartThreeQuarterTex,
      |     ^~~~~~~~~~~~~~~~~~~~~
/home/david/Documents/RockBox_Personal-master/devsrc/nano-soh-runtime/Shipwright/soh/src/code/z_lifemeter.c:329:28: warning: initialization discards 'const' qualifier from pointer target type [-Wdiscarded-qualifiers]
  329 |     gHeartThreeQuarterTex, gHeartThreeQuarterTex, gHeartThreeQuarterTex, gHeartThreeQuarterTex,
      |                            ^~~~~~~~~~~~~~~~~~~~~
/home/david/Documents/RockBox_Personal-master/devsrc/nano-soh-runtime/Shipwright/soh/src/code/z_lifemeter.c:329:51: warning: initialization discards 'const' qualifier from pointer target type [-Wdiscarded-qualifiers]
  329 |     gHeartThreeQuarterTex, gHeartThreeQuarterTex, gHeartThreeQuarterTex, gHeartThreeQuarterTex,
      |                                                   ^~~~~~~~~~~~~~~~~~~~~
/home/david/Documents/RockBox_Personal-master/devsrc/nano-soh-runtime/Shipwright/soh/src/code/z_lifemeter.c:329:74: warning: initialization discards 'const' qualifier from pointer target type [-Wdiscarded-qualifiers]
  329 |     gHeartThreeQuarterTex, gHeartThreeQuarterTex, gHeartThreeQuarterTex, gHeartThreeQuarterTex,
      |                                                                          ^~~~~~~~~~~~~~~~~~~~~
/home/david/Documents/RockBox_Personal-master/devsrc/nano-soh-runtime/Shipwright/soh/src/code/z_lifemeter.c:333:5: warning: initialization discards 'const' qualifier from pointer target type [-Wdiscarded-qualifiers]
  333 |     gDefenseHeartFullTex,         gDefenseHeartQuarterTex,      gDefenseHeartQuarterTex,
      |     ^~~~~~~~~~~~~~~~~~~~
/home/david/Documents/RockBox_Personal-master/devsrc/nano-soh-runtime/Shipwright/soh/src/code/z_lifemeter.c:333:35: warning: initialization discards 'const' qualifier from pointer target type [-Wdiscarded-qualifiers]
  333 |     gDefenseHeartFullTex,         gDefenseHeartQuarterTex,      gDefenseHeartQuarterTex,
      |                                   ^~~~~~~~~~~~~~~~~~~~~~~
/home/david/Documents/RockBox_Personal-master/devsrc/nano-soh-runtime/Shipwright/soh/src/code/z_lifemeter.c:333:65: warning: initialization discards 'const' qualifier from pointer target type [-Wdiscarded-qualifiers]
  333 |     gDefenseHeartFullTex,         gDefenseHeartQuarterTex,      gDefenseHeartQuarterTex,
      |                                                                 ^~~~~~~~~~~~~~~~~~~~~~~
/home/david/Documents/RockBox_Personal-master/devsrc/nano-soh-runtime/Shipwright/soh/src/code/z_lifemeter.c:334:5: warning: initialization discards 'const' qualifier from pointer target type [-Wdiscarded-qualifiers]
  334 |     gDefenseHeartQuarterTex,      gDefenseHeartQuarterTex,      gDefenseHeartQuarterTex,
      |     ^~~~~~~~~~~~~~~~~~~~~~~
/home/david/Documents/RockBox_Personal-master/devsrc/nano-soh-runtime/Shipwright/soh/src/code/z_lifemeter.c:334:35: warning: initialization discards 'const' qualifier from pointer target type [-Wdiscarded-qualifiers]
  334 |     gDefenseHeartQuarterTex,      gDefenseHeartQuarterTex,      gDefenseHeartQuarterTex,
      |                                   ^~~~~~~~~~~~~~~~~~~~~~~
/home/david/Documents/RockBox_Personal-master/devsrc/nano-soh-runtime/Shipwright/soh/src/code/z_lifemeter.c:334:65: warning: initialization discards 'const' qualifier from pointer target type [-Wdiscarded-qualifiers]
  334 |     gDefenseHeartQuarterTex,      gDefenseHeartQuarterTex,      gDefenseHeartQuarterTex,
      |                                                                 ^~~~~~~~~~~~~~~~~~~~~~~
/home/david/Documents/RockBox_Personal-master/devsrc/nano-soh-runtime/Shipwright/soh/src/code/z_lifemeter.c:335:5: warning: initialization discards 'const' qualifier from pointer target type [-Wdiscarded-qualifiers]
  335 |     gDefenseHeartHalfTex,         gDefenseHeartHalfTex,         gDefenseHeartHalfTex,
      |     ^~~~~~~~~~~~~~~~~~~~
/home/david/Documents/RockBox_Personal-master/devsrc/nano-soh-runtime/Shipwright/soh/src/code/z_lifemeter.c:335:35: warning: initialization discards 'const' qualifier from pointer target type [-Wdiscarded-qualifiers]
  335 |     gDefenseHeartHalfTex,         gDefenseHeartHalfTex,         gDefenseHeartHalfTex,
      |                                   ^~~~~~~~~~~~~~~~~~~~
/home/david/Documents/RockBox_Personal-master/devsrc/nano-soh-runtime/Shipwright/soh/src/code/z_lifemeter.c:335:65: warning: initialization discards 'const' qualifier from pointer target type [-Wdiscarded-qualifiers]
  335 |     gDefenseHeartHalfTex,         gDefenseHeartHalfTex,         gDefenseHeartHalfTex,
      |                                                                 ^~~~~~~~~~~~~~~~~~~~
/home/david/Documents/RockBox_Personal-master/devsrc/nano-soh-runtime/Shipwright/soh/src/code/z_lifemeter.c:336:5: warning: initialization discards 'const' qualifier from pointer target type [-Wdiscarded-qualifiers]
  336 |     gDefenseHeartHalfTex,         gDefenseHeartHalfTex,         gDefenseHeartThreeQuarterTex,
      |     ^~~~~~~~~~~~~~~~~~~~
/home/david/Documents/RockBox_Personal-master/devsrc/nano-soh-runtime/Shipwright/soh/src/code/z_lifemeter.c:336:35: warning: initialization discards 'const' qualifier from pointer target type [-Wdiscarded-qualifiers]
  336 |     gDefenseHeartHalfTex,         gDefenseHeartHalfTex,         gDefenseHeartThreeQuarterTex,
      |                                   ^~~~~~~~~~~~~~~~~~~~
/home/david/Documents/RockBox_Personal-master/devsrc/nano-soh-runtime/Shipwright/soh/src/code/z_lifemeter.c:336:65: warning: initialization discards 'const' qualifier from pointer target type [-Wdiscarded-qualifiers]
  336 |     gDefenseHeartHalfTex,         gDefenseHeartHalfTex,         gDefenseHeartThreeQuarterTex,
      |                                                                 ^~~~~~~~~~~~~~~~~~~~~~~~~~~~
/home/david/Documents/RockBox_Personal-master/devsrc/nano-soh-runtime/Shipwright/soh/src/code/z_lifemeter.c:337:5: warning: initialization discards 'const' qualifier from pointer target type [-Wdiscarded-qualifiers]
  337 |     gDefenseHeartThreeQuarterTex, gDefenseHeartThreeQuarterTex, gDefenseHeartThreeQuarterTex,
      |     ^~~~~~~~~~~~~~~~~~~~~~~~~~~~
/home/david/Documents/RockBox_Personal-master/devsrc/nano-soh-runtime/Shipwright/soh/src/code/z_lifemeter.c:337:35: warning: initialization discards 'const' qualifier from pointer target type [-Wdiscarded-qualifiers]
  337 |     gDefenseHeartThreeQuarterTex, gDefenseHeartThreeQuarterTex, gDefenseHeartThreeQuarterTex,
      |                                   ^~~~~~~~~~~~~~~~~~~~~~~~~~~~
/home/david/Documents/RockBox_Personal-master/devsrc/nano-soh-runtime/Shipwright/soh/src/code/z_lifemeter.c:337:65: warning: initialization discards 'const' qualifier from pointer target type [-Wdiscarded-qualifiers]
  337 |     gDefenseHeartThreeQuarterTex, gDefenseHeartThreeQuarterTex, gDefenseHeartThreeQuarterTex,
      |                                                                 ^~~~~~~~~~~~~~~~~~~~~~~~~~~~
/home/david/Documents/RockBox_Personal-master/devsrc/nano-soh-runtime/Shipwright/soh/src/code/z_lifemeter.c:338:5: warning: initialization discards 'const' qualifier from pointer target type [-Wdiscarded-qualifiers]
  338 |     gDefenseHeartThreeQuarterTex,
      |     ^~~~~~~~~~~~~~~~~~~~~~~~~~~~
/home/david/Documents/RockBox_Personal-master/devsrc/nano-soh-runtime/Shipwright/soh/src/code/z_lifemeter.c: In function 'HealthMeter_Draw':
/home/david/Documents/RockBox_Personal-master/devsrc/nano-soh-runtime/Shipwright/soh/src/code/z_lifemeter.c:495:28: warning: assignment discards 'const' qualifier from pointer target type [-Wdiscarded-qualifiers]
  495 |                 heartBgImg = gHeartFullTex;
      |                            ^
/home/david/Documents/RockBox_Personal-master/devsrc/nano-soh-runtime/Shipwright/soh/src/code/z_lifemeter.c:499:28: warning: assignment discards 'const' qualifier from pointer target type [-Wdiscarded-qualifiers]
  499 |                 heartBgImg = gHeartEmptyTex;
      |                            ^
/home/david/Documents/RockBox_Personal-master/devsrc/nano-soh-runtime/Shipwright/soh/src/code/z_lifemeter.c:538:28: warning: assignment discards 'const' qualifier from pointer target type [-Wdiscarded-qualifiers]
  538 |                 heartBgImg = gDefenseHeartFullTex;
      |                            ^
/home/david/Documents/RockBox_Personal-master/devsrc/nano-soh-runtime/Shipwright/soh/src/code/z_lifemeter.c:542:28: warning: assignment discards 'const' qualifier from pointer target type [-Wdiscarded-qualifiers]
  542 |                 heartBgImg = gDefenseHeartEmptyTex;
      |                            ^
/home/david/Documents/RockBox_Personal-master/devsrc/nano-soh-runtime/Shipwright/soh/src/code/z_lifemeter.c:589:39: warning: passing argument 2 of 'gSPVertex' makes integer from pointer without a cast [-Wint-conversion]
  589 |             gSPVertex(OVERLAY_DISP++, sp154, 4, 0);
      |                                       ^~~~~
      |                                       |
      |                                       Vtx *
In file included from /home/david/Documents/RockBox_Personal-master/devsrc/nano-soh-runtime/Shipwright/soh/include/global.h:8,
                 from /home/david/Documents/RockBox_Personal-master/devsrc/nano-soh-runtime/Shipwright/soh/src/code/z_lifemeter.c:1:
/home/david/Documents/RockBox_Personal-master/devsrc/nano-soh-runtime/Shipwright/soh/include/functions.h:29:36: note: expected 'uintptr_t' {aka 'unsigned int'} but argument is of type 'Vtx *'
   29 | void gSPVertex(Gfx* pkt, uintptr_t v, int n, int v0);
      |                          ~~~~~~~~~~^
/home/david/Documents/RockBox_Personal-master/devsrc/nano-soh-runtime/Shipwright/soh/src/code/z_lifemeter.c:629:43: warning: passing argument 2 of 'gSPVertex' makes integer from pointer without a cast [-Wint-conversion]
  629 |                 gSPVertex(OVERLAY_DISP++, sp154, 4, 0);
      |                                           ^~~~~
      |                                           |
      |                                           Vtx *
/home/david/Documents/RockBox_Personal-master/devsrc/nano-soh-runtime/Shipwright/soh/include/functions.h:29:36: note: expected 'uintptr_t' {aka 'unsigned int'} but argument is of type 'Vtx *'
   29 | void gSPVertex(Gfx* pkt, uintptr_t v, int n, int v0);
      |                          ~~~~~~~~~~^
