Archive member included to satisfy reference by file (symbol)

/home/david/Documents/RockBox_Personal-master/build-hw-ipodvideo-5g/lib/rbcodec/codecs/libmad.a(frame.o)
                              /home/david/Documents/RockBox_Personal-master/build-hw-ipodvideo-5g/lib/rbcodec/codecs/mpa.o (mad_frame_decode)
/home/david/Documents/RockBox_Personal-master/build-hw-ipodvideo-5g/lib/rbcodec/codecs/libmad.a(layer12.o)
                              /home/david/Documents/RockBox_Personal-master/build-hw-ipodvideo-5g/lib/rbcodec/codecs/libmad.a(frame.o) (mad_layer_I)
/home/david/Documents/RockBox_Personal-master/build-hw-ipodvideo-5g/lib/rbcodec/codecs/libmad.a(layer3.o)
                              /home/david/Documents/RockBox_Personal-master/build-hw-ipodvideo-5g/lib/rbcodec/codecs/libmad.a(frame.o) (mad_layer_III)
/home/david/Documents/RockBox_Personal-master/build-hw-ipodvideo-5g/lib/rbcodec/codecs/libmad.a(stream.o)
                              /home/david/Documents/RockBox_Personal-master/build-hw-ipodvideo-5g/lib/rbcodec/codecs/mpa.o (mad_stream_init)
/home/david/Documents/RockBox_Personal-master/build-hw-ipodvideo-5g/lib/rbcodec/codecs/libmad.a(synth.o)
                              /home/david/Documents/RockBox_Personal-master/build-hw-ipodvideo-5g/lib/rbcodec/codecs/mpa.o (mad_synth_init)
/home/david/Documents/RockBox_Personal-master/build-hw-ipodvideo-5g/lib/rbcodec/codecs/libmad.a(imdct_l_arm.o)
                              /home/david/Documents/RockBox_Personal-master/build-hw-ipodvideo-5g/lib/rbcodec/codecs/libmad.a(layer3.o) (III_imdct_l)
/home/david/Documents/RockBox_Personal-master/build-hw-ipodvideo-5g/lib/rbcodec/codecs/libmad.a(synth_full_arm.o)
                              /home/david/Documents/RockBox_Personal-master/build-hw-ipodvideo-5g/lib/rbcodec/codecs/libmad.a(synth.o) (synth_full_odd_sbsample)
/home/david/Documents/RockBox_Personal-master/build-hw-ipodvideo-5g/lib/rbcodec/codecs/libmad.a(bit.o)
                              /home/david/Documents/RockBox_Personal-master/build-hw-ipodvideo-5g/lib/rbcodec/codecs/libmad.a(frame.o) (mad_bit_init)
/home/david/Documents/RockBox_Personal-master/build-hw-ipodvideo-5g/lib/rbcodec/codecs/libmad.a(huffman.o)
                              /home/david/Documents/RockBox_Personal-master/build-hw-ipodvideo-5g/lib/rbcodec/codecs/libmad.a(layer3.o) (mad_huff_pair_table)
/home/david/Documents/RockBox_Personal-master/build-hw-ipodvideo-5g/lib/rbcodec/codecs/libasf.a(asf.o)
                              /home/david/Documents/RockBox_Personal-master/build-hw-ipodvideo-5g/lib/rbcodec/codecs/mpa.o (asf_read_packet)
/home/david/Documents/RockBox_Personal-master/build-hw-ipodvideo-5g/lib/rbcodec/codecs/libcodec.a(codeclib.o)
                              /home/david/Documents/RockBox_Personal-master/build-hw-ipodvideo-5g/lib/rbcodec/codecs/mpa.o (codec_init)
/home/david/.local/rbdev/lib/gcc/arm-elf-eabi/9.5.0/libgcc.a(_udivsi3.o)
                              /home/david/Documents/RockBox_Personal-master/build-hw-ipodvideo-5g/lib/rbcodec/codecs/mpa.o (__aeabi_uidiv)
/home/david/.local/rbdev/lib/gcc/arm-elf-eabi/9.5.0/libgcc.a(_divsi3.o)
                              /home/david/Documents/RockBox_Personal-master/build-hw-ipodvideo-5g/lib/rbcodec/codecs/mpa.o (__aeabi_idiv)
/home/david/.local/rbdev/lib/gcc/arm-elf-eabi/9.5.0/libgcc.a(_dvmd_tls.o)
                              /home/david/.local/rbdev/lib/gcc/arm-elf-eabi/9.5.0/libgcc.a(_udivsi3.o) (__aeabi_idiv0)
/home/david/.local/rbdev/lib/gcc/arm-elf-eabi/9.5.0/libgcc.a(_aeabi_ldivmod.o)
                              /home/david/Documents/RockBox_Personal-master/build-hw-ipodvideo-5g/lib/rbcodec/codecs/mpa.o (__aeabi_ldivmod)
/home/david/.local/rbdev/lib/gcc/arm-elf-eabi/9.5.0/libgcc.a(_aeabi_uldivmod.o)
                              /home/david/Documents/RockBox_Personal-master/build-hw-ipodvideo-5g/lib/rbcodec/codecs/mpa.o (__aeabi_uldivmod)
/home/david/.local/rbdev/lib/gcc/arm-elf-eabi/9.5.0/libgcc.a(_udivmoddi4.o)
                              /home/david/.local/rbdev/lib/gcc/arm-elf-eabi/9.5.0/libgcc.a(_aeabi_ldivmod.o) (__udivmoddi4)
/home/david/.local/rbdev/lib/gcc/arm-elf-eabi/9.5.0/libgcc.a(_clzdi2.o)
                              /home/david/.local/rbdev/lib/gcc/arm-elf-eabi/9.5.0/libgcc.a(_udivmoddi4.o) (__clzdi2)
/home/david/.local/rbdev/lib/gcc/arm-elf-eabi/9.5.0/libgcc.a(_clzsi2.o)
                              /home/david/.local/rbdev/lib/gcc/arm-elf-eabi/9.5.0/libgcc.a(_clzdi2.o) (__clzsi2)

Discarded input sections

 .data          0x0000000000000000        0x0 /home/david/Documents/RockBox_Personal-master/build-hw-ipodvideo-5g/lib/rbcodec/codecs/mpa.o
 .bss           0x0000000000000000        0x0 /home/david/Documents/RockBox_Personal-master/build-hw-ipodvideo-5g/lib/rbcodec/codecs/codec_crt0.o
 .data          0x0000000000000000        0x0 /home/david/Documents/RockBox_Personal-master/build-hw-ipodvideo-5g/lib/rbcodec/codecs/libmad.a(frame.o)
 .bss           0x0000000000000000        0x0 /home/david/Documents/RockBox_Personal-master/build-hw-ipodvideo-5g/lib/rbcodec/codecs/libmad.a(frame.o)
 .data          0x0000000000000000        0x0 /home/david/Documents/RockBox_Personal-master/build-hw-ipodvideo-5g/lib/rbcodec/codecs/libmad.a(layer12.o)
 .bss           0x0000000000000000        0x0 /home/david/Documents/RockBox_Personal-master/build-hw-ipodvideo-5g/lib/rbcodec/codecs/libmad.a(layer12.o)
 .data          0x0000000000000000        0x0 /home/david/Documents/RockBox_Personal-master/build-hw-ipodvideo-5g/lib/rbcodec/codecs/libmad.a(layer3.o)
 .bss           0x0000000000000000        0x0 /home/david/Documents/RockBox_Personal-master/build-hw-ipodvideo-5g/lib/rbcodec/codecs/libmad.a(layer3.o)
 .data          0x0000000000000000        0x0 /home/david/Documents/RockBox_Personal-master/build-hw-ipodvideo-5g/lib/rbcodec/codecs/libmad.a(stream.o)
 .bss           0x0000000000000000        0x0 /home/david/Documents/RockBox_Personal-master/build-hw-ipodvideo-5g/lib/rbcodec/codecs/libmad.a(stream.o)
 .data          0x0000000000000000        0x0 /home/david/Documents/RockBox_Personal-master/build-hw-ipodvideo-5g/lib/rbcodec/codecs/libmad.a(synth.o)
 .bss           0x0000000000000000        0x0 /home/david/Documents/RockBox_Personal-master/build-hw-ipodvideo-5g/lib/rbcodec/codecs/libmad.a(synth.o)
 .data          0x0000000000000000        0x0 /home/david/Documents/RockBox_Personal-master/build-hw-ipodvideo-5g/lib/rbcodec/codecs/libmad.a(imdct_l_arm.o)
 .bss           0x0000000000000000        0x0 /home/david/Documents/RockBox_Personal-master/build-hw-ipodvideo-5g/lib/rbcodec/codecs/libmad.a(imdct_l_arm.o)
 .data          0x0000000000000000        0x0 /home/david/Documents/RockBox_Personal-master/build-hw-ipodvideo-5g/lib/rbcodec/codecs/libmad.a(synth_full_arm.o)
 .bss           0x0000000000000000        0x0 /home/david/Documents/RockBox_Personal-master/build-hw-ipodvideo-5g/lib/rbcodec/codecs/libmad.a(synth_full_arm.o)
 .data          0x0000000000000000        0x0 /home/david/Documents/RockBox_Personal-master/build-hw-ipodvideo-5g/lib/rbcodec/codecs/libmad.a(bit.o)
 .bss           0x0000000000000000        0x0 /home/david/Documents/RockBox_Personal-master/build-hw-ipodvideo-5g/lib/rbcodec/codecs/libmad.a(bit.o)
 .text          0x0000000000000000        0x0 /home/david/Documents/RockBox_Personal-master/build-hw-ipodvideo-5g/lib/rbcodec/codecs/libmad.a(huffman.o)
 .data          0x0000000000000000        0x0 /home/david/Documents/RockBox_Personal-master/build-hw-ipodvideo-5g/lib/rbcodec/codecs/libmad.a(huffman.o)
 .bss           0x0000000000000000        0x0 /home/david/Documents/RockBox_Personal-master/build-hw-ipodvideo-5g/lib/rbcodec/codecs/libmad.a(huffman.o)
 .data          0x0000000000000000        0x0 /home/david/Documents/RockBox_Personal-master/build-hw-ipodvideo-5g/lib/rbcodec/codecs/libasf.a(asf.o)
 .text          0x0000000000000000        0x0 /home/david/Documents/RockBox_Personal-master/build-hw-ipodvideo-5g/lib/rbcodec/codecs/libcodec.a(codeclib.o)
 .data          0x0000000000000000        0x0 /home/david/Documents/RockBox_Personal-master/build-hw-ipodvideo-5g/lib/rbcodec/codecs/libcodec.a(codeclib.o)
 .text.codec_malloc
                0x0000000000000000       0x40 /home/david/Documents/RockBox_Personal-master/build-hw-ipodvideo-5g/lib/rbcodec/codecs/libcodec.a(codeclib.o)
 .text.codec_calloc
                0x0000000000000000       0x48 /home/david/Documents/RockBox_Personal-master/build-hw-ipodvideo-5g/lib/rbcodec/codecs/libcodec.a(codeclib.o)
 .text.codec_free
                0x0000000000000000        0x4 /home/david/Documents/RockBox_Personal-master/build-hw-ipodvideo-5g/lib/rbcodec/codecs/libcodec.a(codeclib.o)
 .text.codec_realloc
                0x0000000000000000       0x54 /home/david/Documents/RockBox_Personal-master/build-hw-ipodvideo-5g/lib/rbcodec/codecs/libcodec.a(codeclib.o)
 .text.codec_strlen
                0x0000000000000000       0x24 /home/david/Documents/RockBox_Personal-master/build-hw-ipodvideo-5g/lib/rbcodec/codecs/libcodec.a(codeclib.o)
 .text.strcpy   0x0000000000000000       0x24 /home/david/Documents/RockBox_Personal-master/build-hw-ipodvideo-5g/lib/rbcodec/codecs/libcodec.a(codeclib.o)
 .text.strcat   0x0000000000000000       0x24 /home/david/Documents/RockBox_Personal-master/build-hw-ipodvideo-5g/lib/rbcodec/codecs/libcodec.a(codeclib.o)
 .text.strcmp   0x0000000000000000       0x24 /home/david/Documents/RockBox_Personal-master/build-hw-ipodvideo-5g/lib/rbcodec/codecs/libcodec.a(codeclib.o)
 .text.memcmp   0x0000000000000000       0x24 /home/david/Documents/RockBox_Personal-master/build-hw-ipodvideo-5g/lib/rbcodec/codecs/libcodec.a(codeclib.o)
 .text.memchr   0x0000000000000000       0x24 /home/david/Documents/RockBox_Personal-master/build-hw-ipodvideo-5g/lib/rbcodec/codecs/libcodec.a(codeclib.o)
 .text.qsort    0x0000000000000000       0x24 /home/david/Documents/RockBox_Personal-master/build-hw-ipodvideo-5g/lib/rbcodec/codecs/libcodec.a(codeclib.o)
 .irodata       0x0000000000000000      0x200 /home/david/Documents/RockBox_Personal-master/build-hw-ipodvideo-5g/lib/rbcodec/codecs/libcodec.a(codeclib.o)
 .data          0x0000000000000000        0x0 /home/david/.local/rbdev/lib/gcc/arm-elf-eabi/9.5.0/libgcc.a(_udivsi3.o)
 .bss           0x0000000000000000        0x0 /home/david/.local/rbdev/lib/gcc/arm-elf-eabi/9.5.0/libgcc.a(_udivsi3.o)
 .data          0x0000000000000000        0x0 /home/david/.local/rbdev/lib/gcc/arm-elf-eabi/9.5.0/libgcc.a(_divsi3.o)
 .bss           0x0000000000000000        0x0 /home/david/.local/rbdev/lib/gcc/arm-elf-eabi/9.5.0/libgcc.a(_divsi3.o)
 .data          0x0000000000000000        0x0 /home/david/.local/rbdev/lib/gcc/arm-elf-eabi/9.5.0/libgcc.a(_dvmd_tls.o)
 .bss           0x0000000000000000        0x0 /home/david/.local/rbdev/lib/gcc/arm-elf-eabi/9.5.0/libgcc.a(_dvmd_tls.o)
 .data          0x0000000000000000        0x0 /home/david/.local/rbdev/lib/gcc/arm-elf-eabi/9.5.0/libgcc.a(_aeabi_ldivmod.o)
 .bss           0x0000000000000000        0x0 /home/david/.local/rbdev/lib/gcc/arm-elf-eabi/9.5.0/libgcc.a(_aeabi_ldivmod.o)
 .data          0x0000000000000000        0x0 /home/david/.local/rbdev/lib/gcc/arm-elf-eabi/9.5.0/libgcc.a(_aeabi_uldivmod.o)
 .bss           0x0000000000000000        0x0 /home/david/.local/rbdev/lib/gcc/arm-elf-eabi/9.5.0/libgcc.a(_aeabi_uldivmod.o)
 .data          0x0000000000000000        0x0 /home/david/.local/rbdev/lib/gcc/arm-elf-eabi/9.5.0/libgcc.a(_udivmoddi4.o)
 .bss           0x0000000000000000        0x0 /home/david/.local/rbdev/lib/gcc/arm-elf-eabi/9.5.0/libgcc.a(_udivmoddi4.o)
 .data          0x0000000000000000        0x0 /home/david/.local/rbdev/lib/gcc/arm-elf-eabi/9.5.0/libgcc.a(_clzdi2.o)
 .bss           0x0000000000000000        0x0 /home/david/.local/rbdev/lib/gcc/arm-elf-eabi/9.5.0/libgcc.a(_clzdi2.o)
 .data          0x0000000000000000        0x0 /home/david/.local/rbdev/lib/gcc/arm-elf-eabi/9.5.0/libgcc.a(_clzsi2.o)
 .bss           0x0000000000000000        0x0 /home/david/.local/rbdev/lib/gcc/arm-elf-eabi/9.5.0/libgcc.a(_clzsi2.o)

Memory Configuration

Name             Origin             Length             Attributes
PLUGIN_RAM       0x0000000003e00000 0x0000000000100000
PLUGIN_IRAM      0x000000004000c000 0x0000000000014000
*default*        0x0000000000000000 0xffffffffffffffff

Linker script and memory map

LOAD /home/david/Documents/RockBox_Personal-master/build-hw-ipodvideo-5g/lib/rbcodec/codecs/mpa.o
LOAD /home/david/Documents/RockBox_Personal-master/build-hw-ipodvideo-5g/lib/rbcodec/codecs/codec_crt0.o
LOAD /home/david/Documents/RockBox_Personal-master/build-hw-ipodvideo-5g/lib/rbcodec/codecs/libmad.a
LOAD /home/david/Documents/RockBox_Personal-master/build-hw-ipodvideo-5g/lib/rbcodec/codecs/libasf.a
LOAD /home/david/Documents/RockBox_Personal-master/build-hw-ipodvideo-5g/lib/rbcodec/codecs/libcodec.a
LOAD /home/david/Documents/RockBox_Personal-master/build-hw-ipodvideo-5g/lib/libfixedpoint.a
LOAD /home/david/.local/rbdev/lib/gcc/arm-elf-eabi/9.5.0/libgcc.a

.header         0x0000000003e00000       0x20
                0x0000000003e00000                _plugin_start_addr = .
                0x0000000003e00000                plugin_start_addr = .
 *(.header)
 .header        0x0000000003e00000       0x20 /home/david/Documents/RockBox_Personal-master/build-hw-ipodvideo-5g/lib/rbcodec/codecs/mpa.o
                0x0000000003e00000                __header

.text           0x0000000003e00020     0x7d70
 *(.text*)
 .text          0x0000000003e00020      0xdfc /home/david/Documents/RockBox_Personal-master/build-hw-ipodvideo-5g/lib/rbcodec/codecs/mpa.o
                0x0000000003e0020c                codec_main
                0x0000000003e00348                seek_by_time
                0x0000000003e0061c                codec_run
 .text          0x0000000003e00e1c       0xec /home/david/Documents/RockBox_Personal-master/build-hw-ipodvideo-5g/lib/rbcodec/codecs/codec_crt0.o
                0x0000000003e00e1c                _start
                0x0000000003e00e24                codec_start
                0x0000000003e00ef4                __div0
 .text          0x0000000003e00f08      0x7f4 /home/david/Documents/RockBox_Personal-master/build-hw-ipodvideo-5g/lib/rbcodec/codecs/libmad.a(frame.o)
                0x0000000003e0116c                mad_header_init
                0x0000000003e0119c                mad_header_decode
                0x0000000003e015bc                mad_frame_decode
                0x0000000003e01698                mad_frame_mute
                0x0000000003e016d8                mad_frame_init
 .text          0x0000000003e016fc      0xdb4 /home/david/Documents/RockBox_Personal-master/build-hw-ipodvideo-5g/lib/rbcodec/codecs/libmad.a(layer12.o)
                0x0000000003e017f8                mad_layer_I
                0x0000000003e01c4c                mad_layer_II
 .text          0x0000000003e024b0     0x2754 /home/david/Documents/RockBox_Personal-master/build-hw-ipodvideo-5g/lib/rbcodec/codecs/libmad.a(layer3.o)
                0x0000000003e04474                mad_layer_III
 .text          0x0000000003e04c04      0x3ac /home/david/Documents/RockBox_Personal-master/build-hw-ipodvideo-5g/lib/rbcodec/codecs/libmad.a(stream.o)
                0x0000000003e04c04                mad_stream_init
                0x0000000003e04c58                mad_stream_buffer
                0x0000000003e04c88                mad_stream_sync
                0x0000000003e04d14                mad_stream_errorstr
 .text          0x0000000003e04fb0     0x10fc /home/david/Documents/RockBox_Personal-master/build-hw-ipodvideo-5g/lib/rbcodec/codecs/libmad.a(synth.o)
                0x0000000003e04fb0                mad_synth_mute
                0x0000000003e04fc8                mad_synth_init
                0x0000000003e04ff4                mad_synth_frame
 .text          0x0000000003e060ac      0x964 /home/david/Documents/RockBox_Personal-master/build-hw-ipodvideo-5g/lib/rbcodec/codecs/libmad.a(imdct_l_arm.o)
                0x0000000003e060ac                _III_imdct_l
                0x0000000003e060ac                III_imdct_l
 .text          0x0000000003e06a10      0x3dc /home/david/Documents/RockBox_Personal-master/build-hw-ipodvideo-5g/lib/rbcodec/codecs/libmad.a(synth_full_arm.o)
                0x0000000003e06a10                synth_full_odd_sbsample
                0x0000000003e06b68                synth_full_even_sbsample
                0x0000000003e06cc0                III_aliasreduce
                0x0000000003e06d94                III_overlap
 .text          0x0000000003e06dec      0x1e0 /home/david/Documents/RockBox_Personal-master/build-hw-ipodvideo-5g/lib/rbcodec/codecs/libmad.a(bit.o)
                0x0000000003e06dec                mad_bit_init
                0x0000000003e06e04                mad_bit_length
                0x0000000003e06e14                mad_bit_nextbyte
                0x0000000003e06e28                mad_bit_skip
                0x0000000003e06e38                mad_bit_crc
 .text          0x0000000003e06fcc      0x7a8 /home/david/Documents/RockBox_Personal-master/build-hw-ipodvideo-5g/lib/rbcodec/codecs/libasf.a(asf.o)
                0x0000000003e06fcc                asf_read_packet
                0x0000000003e0745c                asf_get_timestamp
                0x0000000003e07608                asf_seek
 .text.codec_init
                0x0000000003e07774       0x40 /home/david/Documents/RockBox_Personal-master/build-hw-ipodvideo-5g/lib/rbcodec/codecs/libcodec.a(codeclib.o)
                0x0000000003e07774                codec_init
 .text.codec_set_replaygain
                0x0000000003e077b4       0x54 /home/david/Documents/RockBox_Personal-master/build-hw-ipodvideo-5g/lib/rbcodec/codecs/libcodec.a(codeclib.o)
                0x0000000003e077b4                codec_set_replaygain
 .text.memcpy   0x0000000003e07808       0x24 /home/david/Documents/RockBox_Personal-master/build-hw-ipodvideo-5g/lib/rbcodec/codecs/libcodec.a(codeclib.o)
                0x0000000003e07808                memcpy
 .text.memset   0x0000000003e0782c       0x24 /home/david/Documents/RockBox_Personal-master/build-hw-ipodvideo-5g/lib/rbcodec/codecs/libcodec.a(codeclib.o)
                0x0000000003e0782c                memset
 .text.memmove  0x0000000003e07850       0x24 /home/david/Documents/RockBox_Personal-master/build-hw-ipodvideo-5g/lib/rbcodec/codecs/libcodec.a(codeclib.o)
                0x0000000003e07850                memmove
 .text          0x0000000003e07874      0x114 /home/david/.local/rbdev/lib/gcc/arm-elf-eabi/9.5.0/libgcc.a(_udivsi3.o)
                0x0000000003e07874                __udivsi3
                0x0000000003e07874                __aeabi_uidiv
                0x0000000003e07968                __aeabi_uidivmod
 .text          0x0000000003e07988      0x148 /home/david/.local/rbdev/lib/gcc/arm-elf-eabi/9.5.0/libgcc.a(_divsi3.o)
                0x0000000003e07988                __aeabi_idiv
                0x0000000003e07988                __divsi3
                0x0000000003e07ab0                __aeabi_idivmod
 .text          0x0000000003e07ad0        0x4 /home/david/.local/rbdev/lib/gcc/arm-elf-eabi/9.5.0/libgcc.a(_dvmd_tls.o)
                0x0000000003e07ad0                __aeabi_ldiv0
                0x0000000003e07ad0                __aeabi_idiv0
 .text          0x0000000003e07ad4       0xd4 /home/david/.local/rbdev/lib/gcc/arm-elf-eabi/9.5.0/libgcc.a(_aeabi_ldivmod.o)
                0x0000000003e07ad4                __aeabi_ldivmod
 .text          0x0000000003e07ba8       0x3c /home/david/.local/rbdev/lib/gcc/arm-elf-eabi/9.5.0/libgcc.a(_aeabi_uldivmod.o)
                0x0000000003e07ba8                __aeabi_uldivmod
 .text          0x0000000003e07be4      0x130 /home/david/.local/rbdev/lib/gcc/arm-elf-eabi/9.5.0/libgcc.a(_udivmoddi4.o)
                0x0000000003e07be4                __udivmoddi4
 .text          0x0000000003e07d14       0x28 /home/david/.local/rbdev/lib/gcc/arm-elf-eabi/9.5.0/libgcc.a(_clzdi2.o)
                0x0000000003e07d14                __clzdi2
 .text          0x0000000003e07d3c       0x48 /home/david/.local/rbdev/lib/gcc/arm-elf-eabi/9.5.0/libgcc.a(_clzsi2.o)
                0x0000000003e07d3c                __clzsi2
 *fill*         0x0000000003e07d84        0x4 
 .text.__stub   0x0000000003e07d88        0x8 linker stubs
 *(.glue_7)
 .glue_7        0x0000000003e07d90        0x0 linker stubs
 *(.glue_7t)
 .glue_7t       0x0000000003e07d90        0x0 linker stubs

.vfp11_veneer   0x0000000003e07d90        0x0
 .vfp11_veneer  0x0000000003e07d90        0x0 linker stubs

.v4_bx          0x0000000003e07d90        0x0
 .v4_bx         0x0000000003e07d90        0x0 linker stubs

.iplt           0x0000000003e07d90        0x0
 .iplt          0x0000000003e07d90        0x0 /home/david/Documents/RockBox_Personal-master/build-hw-ipodvideo-5g/lib/rbcodec/codecs/mpa.o

.rodata         0x0000000003e07d90     0x8c44
 *(.rodata*)
 .rodata.str1.1
                0x0000000003e07d90        0x7 /home/david/Documents/RockBox_Personal-master/build-hw-ipodvideo-5g/lib/rbcodec/codecs/mpa.o
 *fill*         0x0000000003e07d97        0x1 
 .rodata        0x0000000003e07d98       0x18 /home/david/Documents/RockBox_Personal-master/build-hw-ipodvideo-5g/lib/rbcodec/codecs/mpa.o
 .rodata        0x0000000003e07db0      0x144 /home/david/Documents/RockBox_Personal-master/build-hw-ipodvideo-5g/lib/rbcodec/codecs/libmad.a(frame.o)
 .rodata        0x0000000003e07ef4      0x12e /home/david/Documents/RockBox_Personal-master/build-hw-ipodvideo-5g/lib/rbcodec/codecs/libmad.a(layer12.o)
 *fill*         0x0000000003e08022        0x2 
 .rodata        0x0000000003e08024     0x846e /home/david/Documents/RockBox_Personal-master/build-hw-ipodvideo-5g/lib/rbcodec/codecs/libmad.a(layer3.o)
 *fill*         0x0000000003e10492        0x2 
 .rodata.str1.4
                0x0000000003e10494      0x236 /home/david/Documents/RockBox_Personal-master/build-hw-ipodvideo-5g/lib/rbcodec/codecs/libmad.a(stream.o)
 *fill*         0x0000000003e106ca        0x2 
 .rodata        0x0000000003e106cc      0x200 /home/david/Documents/RockBox_Personal-master/build-hw-ipodvideo-5g/lib/rbcodec/codecs/libmad.a(bit.o)
 .rodata        0x0000000003e108cc      0x108 /home/david/Documents/RockBox_Personal-master/build-hw-ipodvideo-5g/lib/rbcodec/codecs/libmad.a(huffman.o)
                0x0000000003e108cc                mad_huff_pair_table
                0x0000000003e109cc                mad_huff_quad_table

.data           0x0000000003e109d4        0x4
 *(.data*)
 .data          0x0000000003e109d4        0x4 /home/david/Documents/RockBox_Personal-master/build-hw-ipodvideo-5g/lib/rbcodec/codecs/codec_crt0.o
                0x0000000003e109d4                ci

.igot.plt       0x0000000003e109d8        0x0
 .igot.plt      0x0000000003e109d8        0x0 /home/david/Documents/RockBox_Personal-master/build-hw-ipodvideo-5g/lib/rbcodec/codecs/mpa.o

.ncdata         0x0000000013e109e0        0x0 load address 0x0000000003e109e0
 *(.ncdata*)
                0x0000000013e109e0                . = ALIGN (0x10)

/DISCARD/
 *(.eh_frame)

.bss            0x0000000003e109d8       0x38
                0x0000000003e109d8                plugin_bss_start = .
                0x0000000003e109d8                _plugin_bss_start = .
 *(.bss*)
 .bss           0x0000000003e109d8       0x28 /home/david/Documents/RockBox_Personal-master/build-hw-ipodvideo-5g/lib/rbcodec/codecs/mpa.o
 .bss           0x0000000003e10a00        0x4 /home/david/Documents/RockBox_Personal-master/build-hw-ipodvideo-5g/lib/rbcodec/codecs/libasf.a(asf.o)
 .bss           0x0000000003e10a04        0xc /home/david/Documents/RockBox_Personal-master/build-hw-ipodvideo-5g/lib/rbcodec/codecs/libcodec.a(codeclib.o)
 *(COMMON)
                0x0000000003e10a10                . = ALIGN (0x4)

.ncbss          0x0000000013e10a10        0x0 load address 0x0000000003e10a10
 *(.ncbss*)
                0x0000000013e10a10                . = ALIGN (0x10)

.ncbss_vma      0x0000000003e10a10        0x0
                0x0000000003e10a10                . = (. + SIZEOF (.ncbss))

.pluginend      0x0000000003e10a10        0x0
                0x0000000003e10a10                _plugin_end_addr = .
                0x0000000003e10a10                plugin_end_addr = .

.iram           0x000000004000c000     0x1d50 load address 0x0000000003e109d8
                0x000000004000c000                iramstart = .
 *(.icode)
 .icode         0x000000004000c000       0x80 /home/david/Documents/RockBox_Personal-master/build-hw-ipodvideo-5g/lib/rbcodec/codecs/libmad.a(bit.o)
                0x000000004000c000                mad_bit_read
 *(.irodata)
 .irodata       0x000000004000c080      0x204 /home/david/Documents/RockBox_Personal-master/build-hw-ipodvideo-5g/lib/rbcodec/codecs/libmad.a(layer12.o)
 *fill*         0x000000004000c284        0xc 
 .irodata       0x000000004000c290      0x120 /home/david/Documents/RockBox_Personal-master/build-hw-ipodvideo-5g/lib/rbcodec/codecs/libmad.a(layer3.o)
                0x000000004000c290                root_table
                0x000000004000c2b0                window_s
                0x000000004000c2e0                imdct_s
                0x000000004000c370                ca
                0x000000004000c390                cs
 .irodata       0x000000004000c3b0      0x880 /home/david/Documents/RockBox_Personal-master/build-hw-ipodvideo-5g/lib/rbcodec/codecs/libmad.a(synth.o)
 .irodata       0x000000004000cc30     0x1120 /home/david/Documents/RockBox_Personal-master/build-hw-ipodvideo-5g/lib/rbcodec/codecs/libmad.a(huffman.o)
 *(.idata)
                0x000000004000dd50                iramend = .
                0x0000000003e109d8                iramcopy = LOADADDR (.iram)

.rel.dyn        0x000000004000dd50        0x0 load address 0x0000000003e12728
 .rel.iplt      0x000000004000dd50        0x0 /home/david/Documents/RockBox_Personal-master/build-hw-ipodvideo-5g/lib/rbcodec/codecs/mpa.o

.ibss           0x000000004000dd50     0xbd00 load address 0x0000000003e12730
                0x000000004000dd50                iedata = .
 *(.ibss)
 .ibss          0x000000004000dd50     0xbd00 /home/david/Documents/RockBox_Personal-master/build-hw-ipodvideo-5g/lib/rbcodec/codecs/mpa.o
                0x0000000040019a50                . = ALIGN (0x4)
                0x0000000040019a50                iend = .
                0x0000000003e12728                loadendaddr = MAX (plugin_end_addr, (LOADADDR (.iram) + SIZEOF (.iram)))

.pluginloadend  0x0000000003e12728        0x0
                0x0000000003e12728                _plugin_load_end_addr = .
                0x0000000003e12728                plugin_load_end_addr = .

.comment        0x0000000000000000       0x11
 *(.comment)
 .comment       0x0000000000000000       0x11 /home/david/Documents/RockBox_Personal-master/build-hw-ipodvideo-5g/lib/rbcodec/codecs/mpa.o
                                         0x12 (size before relaxing)
 .comment       0x0000000000000011       0x12 /home/david/Documents/RockBox_Personal-master/build-hw-ipodvideo-5g/lib/rbcodec/codecs/codec_crt0.o
 .comment       0x0000000000000011       0x12 /home/david/Documents/RockBox_Personal-master/build-hw-ipodvideo-5g/lib/rbcodec/codecs/libmad.a(frame.o)
 .comment       0x0000000000000011       0x12 /home/david/Documents/RockBox_Personal-master/build-hw-ipodvideo-5g/lib/rbcodec/codecs/libmad.a(layer12.o)
 .comment       0x0000000000000011       0x12 /home/david/Documents/RockBox_Personal-master/build-hw-ipodvideo-5g/lib/rbcodec/codecs/libmad.a(layer3.o)
 .comment       0x0000000000000011       0x12 /home/david/Documents/RockBox_Personal-master/build-hw-ipodvideo-5g/lib/rbcodec/codecs/libmad.a(stream.o)
 .comment       0x0000000000000011       0x12 /home/david/Documents/RockBox_Personal-master/build-hw-ipodvideo-5g/lib/rbcodec/codecs/libmad.a(synth.o)
 .comment       0x0000000000000011       0x12 /home/david/Documents/RockBox_Personal-master/build-hw-ipodvideo-5g/lib/rbcodec/codecs/libmad.a(bit.o)
 .comment       0x0000000000000011       0x12 /home/david/Documents/RockBox_Personal-master/build-hw-ipodvideo-5g/lib/rbcodec/codecs/libmad.a(huffman.o)
 .comment       0x0000000000000011       0x12 /home/david/Documents/RockBox_Personal-master/build-hw-ipodvideo-5g/lib/rbcodec/codecs/libasf.a(asf.o)
 .comment       0x0000000000000011       0x12 /home/david/Documents/RockBox_Personal-master/build-hw-ipodvideo-5g/lib/rbcodec/codecs/libcodec.a(codeclib.o)
 .comment       0x0000000000000011       0x12 /home/david/.local/rbdev/lib/gcc/arm-elf-eabi/9.5.0/libgcc.a(_udivmoddi4.o)
                0x0000000000000001                ASSERT ((LOADADDR (.ncdata) == (ADDR (.ncdata) - 0x10000000)), .ncdata has incorrect LMA/VMA address)
                0x0000000000000001                ASSERT (((LOADADDR (.ncdata) % 0x10) == 0x0), .ncdata incorrectly aligned)
                0x0000000000000001                ASSERT ((LOADADDR (.ncbss) == (ADDR (.ncbss) - 0x10000000)), .ncbss has incorrect LMA/VMA address)
                0x0000000000000001                ASSERT (((LOADADDR (.ncbss) % 0x10) == 0x0), .ncbss incorrectly aligned)
                0x0000000000000001                ASSERT ((ADDR (.ncbss_vma) == LOADADDR (.ncbss)), .ncbss_vma has wrong address)
                0x0000000000000001                ASSERT ((SIZEOF (.ncbss_vma) == SIZEOF (.ncbss)), .ncbss_vma has wrong size)
OUTPUT(/home/david/Documents/RockBox_Personal-master/build-hw-ipodvideo-5g/lib/rbcodec/codecs/mpa.elf elf32-littlearm)
LOAD linker stubs

.ARM.attributes
                0x0000000000000000       0x28
 .ARM.attributes
                0x0000000000000000       0x2a /home/david/Documents/RockBox_Personal-master/build-hw-ipodvideo-5g/lib/rbcodec/codecs/mpa.o
 .ARM.attributes
                0x000000000000002a       0x2a /home/david/Documents/RockBox_Personal-master/build-hw-ipodvideo-5g/lib/rbcodec/codecs/codec_crt0.o
 .ARM.attributes
                0x0000000000000054       0x2a /home/david/Documents/RockBox_Personal-master/build-hw-ipodvideo-5g/lib/rbcodec/codecs/libmad.a(frame.o)
 .ARM.attributes
                0x000000000000007e       0x2a /home/david/Documents/RockBox_Personal-master/build-hw-ipodvideo-5g/lib/rbcodec/codecs/libmad.a(layer12.o)
 .ARM.attributes
                0x00000000000000a8       0x2a /home/david/Documents/RockBox_Personal-master/build-hw-ipodvideo-5g/lib/rbcodec/codecs/libmad.a(layer3.o)
 .ARM.attributes
                0x00000000000000d2       0x2a /home/david/Documents/RockBox_Personal-master/build-hw-ipodvideo-5g/lib/rbcodec/codecs/libmad.a(stream.o)
 .ARM.attributes
                0x00000000000000fc       0x2a /home/david/Documents/RockBox_Personal-master/build-hw-ipodvideo-5g/lib/rbcodec/codecs/libmad.a(synth.o)
 .ARM.attributes
                0x0000000000000126       0x1a /home/david/Documents/RockBox_Personal-master/build-hw-ipodvideo-5g/lib/rbcodec/codecs/libmad.a(imdct_l_arm.o)
 .ARM.attributes
                0x0000000000000140       0x1a /home/david/Documents/RockBox_Personal-master/build-hw-ipodvideo-5g/lib/rbcodec/codecs/libmad.a(synth_full_arm.o)
 .ARM.attributes
                0x000000000000015a       0x2a /home/david/Documents/RockBox_Personal-master/build-hw-ipodvideo-5g/lib/rbcodec/codecs/libmad.a(bit.o)
 .ARM.attributes
                0x0000000000000184       0x2a /home/david/Documents/RockBox_Personal-master/build-hw-ipodvideo-5g/lib/rbcodec/codecs/libmad.a(huffman.o)
 .ARM.attributes
                0x00000000000001ae       0x2a /home/david/Documents/RockBox_Personal-master/build-hw-ipodvideo-5g/lib/rbcodec/codecs/libasf.a(asf.o)
 .ARM.attributes
                0x00000000000001d8       0x2a /home/david/Documents/RockBox_Personal-master/build-hw-ipodvideo-5g/lib/rbcodec/codecs/libcodec.a(codeclib.o)
 .ARM.attributes
                0x0000000000000202       0x1c /home/david/.local/rbdev/lib/gcc/arm-elf-eabi/9.5.0/libgcc.a(_udivsi3.o)
 .ARM.attributes
                0x000000000000021e       0x1c /home/david/.local/rbdev/lib/gcc/arm-elf-eabi/9.5.0/libgcc.a(_divsi3.o)
 .ARM.attributes
                0x000000000000023a       0x1c /home/david/.local/rbdev/lib/gcc/arm-elf-eabi/9.5.0/libgcc.a(_dvmd_tls.o)
 .ARM.attributes
                0x0000000000000256       0x1c /home/david/.local/rbdev/lib/gcc/arm-elf-eabi/9.5.0/libgcc.a(_aeabi_ldivmod.o)
 .ARM.attributes
                0x0000000000000272       0x1c /home/david/.local/rbdev/lib/gcc/arm-elf-eabi/9.5.0/libgcc.a(_aeabi_uldivmod.o)
 .ARM.attributes
                0x000000000000028e       0x2a /home/david/.local/rbdev/lib/gcc/arm-elf-eabi/9.5.0/libgcc.a(_udivmoddi4.o)
 .ARM.attributes
                0x00000000000002b8       0x1c /home/david/.local/rbdev/lib/gcc/arm-elf-eabi/9.5.0/libgcc.a(_clzdi2.o)
 .ARM.attributes
                0x00000000000002d4       0x1c /home/david/.local/rbdev/lib/gcc/arm-elf-eabi/9.5.0/libgcc.a(_clzsi2.o)

.debug_frame    0x0000000000000000       0xf0
 .debug_frame   0x0000000000000000       0x20 /home/david/.local/rbdev/lib/gcc/arm-elf-eabi/9.5.0/libgcc.a(_udivsi3.o)
 .debug_frame   0x0000000000000020       0x20 /home/david/.local/rbdev/lib/gcc/arm-elf-eabi/9.5.0/libgcc.a(_divsi3.o)
 .debug_frame   0x0000000000000040       0x44 /home/david/.local/rbdev/lib/gcc/arm-elf-eabi/9.5.0/libgcc.a(_aeabi_ldivmod.o)
 .debug_frame   0x0000000000000084       0x2c /home/david/.local/rbdev/lib/gcc/arm-elf-eabi/9.5.0/libgcc.a(_aeabi_uldivmod.o)
 .debug_frame   0x00000000000000b0       0x40 /home/david/.local/rbdev/lib/gcc/arm-elf-eabi/9.5.0/libgcc.a(_udivmoddi4.o)

.debug_line     0x0000000000000000      0x52d
 .debug_line    0x0000000000000000       0x7e /home/david/.local/rbdev/lib/gcc/arm-elf-eabi/9.5.0/libgcc.a(_udivsi3.o)
 .debug_line    0x000000000000007e       0x8a /home/david/.local/rbdev/lib/gcc/arm-elf-eabi/9.5.0/libgcc.a(_divsi3.o)
 .debug_line    0x0000000000000108       0x61 /home/david/.local/rbdev/lib/gcc/arm-elf-eabi/9.5.0/libgcc.a(_dvmd_tls.o)
 .debug_line    0x0000000000000169       0x7f /home/david/.local/rbdev/lib/gcc/arm-elf-eabi/9.5.0/libgcc.a(_aeabi_ldivmod.o)
 .debug_line    0x00000000000001e8       0x61 /home/david/.local/rbdev/lib/gcc/arm-elf-eabi/9.5.0/libgcc.a(_aeabi_uldivmod.o)
 .debug_line    0x0000000000000249      0x20b /home/david/.local/rbdev/lib/gcc/arm-elf-eabi/9.5.0/libgcc.a(_udivmoddi4.o)
 .debug_line    0x0000000000000454       0x6b /home/david/.local/rbdev/lib/gcc/arm-elf-eabi/9.5.0/libgcc.a(_clzdi2.o)
 .debug_line    0x00000000000004bf       0x6e /home/david/.local/rbdev/lib/gcc/arm-elf-eabi/9.5.0/libgcc.a(_clzsi2.o)

.debug_info     0x0000000000000000      0xb05
 .debug_info    0x0000000000000000       0x26 /home/david/.local/rbdev/lib/gcc/arm-elf-eabi/9.5.0/libgcc.a(_udivsi3.o)
 .debug_info    0x0000000000000026       0x26 /home/david/.local/rbdev/lib/gcc/arm-elf-eabi/9.5.0/libgcc.a(_divsi3.o)
 .debug_info    0x000000000000004c       0x26 /home/david/.local/rbdev/lib/gcc/arm-elf-eabi/9.5.0/libgcc.a(_dvmd_tls.o)
 .debug_info    0x0000000000000072       0x26 /home/david/.local/rbdev/lib/gcc/arm-elf-eabi/9.5.0/libgcc.a(_aeabi_ldivmod.o)
 .debug_info    0x0000000000000098       0x26 /home/david/.local/rbdev/lib/gcc/arm-elf-eabi/9.5.0/libgcc.a(_aeabi_uldivmod.o)
 .debug_info    0x00000000000000be      0x9fb /home/david/.local/rbdev/lib/gcc/arm-elf-eabi/9.5.0/libgcc.a(_udivmoddi4.o)
 .debug_info    0x0000000000000ab9       0x26 /home/david/.local/rbdev/lib/gcc/arm-elf-eabi/9.5.0/libgcc.a(_clzdi2.o)
 .debug_info    0x0000000000000adf       0x26 /home/david/.local/rbdev/lib/gcc/arm-elf-eabi/9.5.0/libgcc.a(_clzsi2.o)

.debug_abbrev   0x0000000000000000      0x1ee
 .debug_abbrev  0x0000000000000000       0x14 /home/david/.local/rbdev/lib/gcc/arm-elf-eabi/9.5.0/libgcc.a(_udivsi3.o)
 .debug_abbrev  0x0000000000000014       0x14 /home/david/.local/rbdev/lib/gcc/arm-elf-eabi/9.5.0/libgcc.a(_divsi3.o)
 .debug_abbrev  0x0000000000000028       0x14 /home/david/.local/rbdev/lib/gcc/arm-elf-eabi/9.5.0/libgcc.a(_dvmd_tls.o)
 .debug_abbrev  0x000000000000003c       0x14 /home/david/.local/rbdev/lib/gcc/arm-elf-eabi/9.5.0/libgcc.a(_aeabi_ldivmod.o)
 .debug_abbrev  0x0000000000000050       0x14 /home/david/.local/rbdev/lib/gcc/arm-elf-eabi/9.5.0/libgcc.a(_aeabi_uldivmod.o)
 .debug_abbrev  0x0000000000000064      0x162 /home/david/.local/rbdev/lib/gcc/arm-elf-eabi/9.5.0/libgcc.a(_udivmoddi4.o)
 .debug_abbrev  0x00000000000001c6       0x14 /home/david/.local/rbdev/lib/gcc/arm-elf-eabi/9.5.0/libgcc.a(_clzdi2.o)
 .debug_abbrev  0x00000000000001da       0x14 /home/david/.local/rbdev/lib/gcc/arm-elf-eabi/9.5.0/libgcc.a(_clzsi2.o)

.debug_aranges  0x0000000000000000      0x100
 .debug_aranges
                0x0000000000000000       0x20 /home/david/.local/rbdev/lib/gcc/arm-elf-eabi/9.5.0/libgcc.a(_udivsi3.o)
 .debug_aranges
                0x0000000000000020       0x20 /home/david/.local/rbdev/lib/gcc/arm-elf-eabi/9.5.0/libgcc.a(_divsi3.o)
 .debug_aranges
                0x0000000000000040       0x20 /home/david/.local/rbdev/lib/gcc/arm-elf-eabi/9.5.0/libgcc.a(_dvmd_tls.o)
 .debug_aranges
                0x0000000000000060       0x20 /home/david/.local/rbdev/lib/gcc/arm-elf-eabi/9.5.0/libgcc.a(_aeabi_ldivmod.o)
 .debug_aranges
                0x0000000000000080       0x20 /home/david/.local/rbdev/lib/gcc/arm-elf-eabi/9.5.0/libgcc.a(_aeabi_uldivmod.o)
 .debug_aranges
                0x00000000000000a0       0x20 /home/david/.local/rbdev/lib/gcc/arm-elf-eabi/9.5.0/libgcc.a(_udivmoddi4.o)
 .debug_aranges
                0x00000000000000c0       0x20 /home/david/.local/rbdev/lib/gcc/arm-elf-eabi/9.5.0/libgcc.a(_clzdi2.o)
 .debug_aranges
                0x00000000000000e0       0x20 /home/david/.local/rbdev/lib/gcc/arm-elf-eabi/9.5.0/libgcc.a(_clzsi2.o)

.debug_str      0x0000000000000000     0x11d0
 .debug_str     0x0000000000000000       0x6c /home/david/.local/rbdev/lib/gcc/arm-elf-eabi/9.5.0/libgcc.a(_udivsi3.o)
 .debug_str     0x000000000000006c       0x6c /home/david/.local/rbdev/lib/gcc/arm-elf-eabi/9.5.0/libgcc.a(_divsi3.o)
 .debug_str     0x000000000000006c       0x6c /home/david/.local/rbdev/lib/gcc/arm-elf-eabi/9.5.0/libgcc.a(_dvmd_tls.o)
 .debug_str     0x000000000000006c       0x2d /home/david/.local/rbdev/lib/gcc/arm-elf-eabi/9.5.0/libgcc.a(_aeabi_ldivmod.o)
                                         0x68 (size before relaxing)
 .debug_str     0x0000000000000099       0x68 /home/david/.local/rbdev/lib/gcc/arm-elf-eabi/9.5.0/libgcc.a(_aeabi_uldivmod.o)
 .debug_str     0x0000000000000099     0x1137 /home/david/.local/rbdev/lib/gcc/arm-elf-eabi/9.5.0/libgcc.a(_udivmoddi4.o)
                                       0x1196 (size before relaxing)
 .debug_str     0x00000000000011d0       0x6c /home/david/.local/rbdev/lib/gcc/arm-elf-eabi/9.5.0/libgcc.a(_clzdi2.o)
 .debug_str     0x00000000000011d0       0x6c /home/david/.local/rbdev/lib/gcc/arm-elf-eabi/9.5.0/libgcc.a(_clzsi2.o)

.debug_loc      0x0000000000000000      0x1e2
 .debug_loc     0x0000000000000000      0x1e2 /home/david/.local/rbdev/lib/gcc/arm-elf-eabi/9.5.0/libgcc.a(_udivmoddi4.o)
