/home/david/Documents/RockBox_Personal-master/devsrc/nano-soh-runtime/Shipwright/soh/src/overlays/actors/ovl_Bg_Haka_Tubo/z_bg_haka_tubo.c: In function 'BgHakaTubo_Init':
/home/david/Documents/RockBox_Personal-master/devsrc/nano-soh-runtime/Shipwright/soh/src/overlays/actors/ovl_Bg_Haka_Tubo/z_bg_haka_tubo.c:89:32: warning: passing argument 1 of 'CollisionHeader_GetVirtual' discards 'const' qualifier from pointer target type [-Wdiscarded-array-qualifiers]
   89 |     CollisionHeader_GetVirtual(&object_haka_objects_Col_0108B8, &colHeader);
      |                                ^~~~~~~~~~~~~~~~~~~~~~~~~~~~~~~
In file included from /home/david/Documents/RockBox_Personal-master/devsrc/nano-soh-runtime/Shipwright/soh/include/global.h:8,
                 from /home/david/Documents/RockBox_Personal-master/devsrc/nano-soh-runtime/Shipwright/soh/src/overlays/actors/ovl_Bg_Haka_Tubo/z_bg_haka_tubo.h:5,
                 from /home/david/Documents/RockBox_Personal-master/devsrc/nano-soh-runtime/Shipwright/soh/src/overlays/actors/ovl_Bg_Haka_Tubo/z_bg_haka_tubo.c:7:
/home/david/Documents/RockBox_Personal-master/devsrc/nano-soh-runtime/Shipwright/soh/include/functions.h:673:39: note: expected 'void *' but argument is of type 'const char (*)[66]'
  673 | void CollisionHeader_GetVirtual(void* colHeader, CollisionHeader** dest);
      |                                 ~~~~~~^~~~~~~~~
/home/david/Documents/RockBox_Personal-master/devsrc/nano-soh-runtime/Shipwright/soh/src/overlays/actors/ovl_Bg_Haka_Tubo/z_bg_haka_tubo.c: In function 'BgHakaTubo_Idle':
/home/david/Documents/RockBox_Personal-master/devsrc/nano-soh-runtime/Shipwright/soh/src/overlays/actors/ovl_Bg_Haka_Tubo/z_bg_haka_tubo.c:134:99: warning: passing argument 10 of 'EffectSsHahen_SpawnBurst' from incompatible pointer type [-Wincompatible-pointer-types]
  134 |             EffectSsHahen_SpawnBurst(play, &pos, 20.0f, 0, 350, 100, 50, OBJECT_HAKA_OBJECTS, 40, gEffFragments2DL);
      |                                                                                                   ^~~~~~~~~~~~~~~~
      |                                                                                                   |
      |                                                                                                   const char *
/home/david/Documents/RockBox_Personal-master/devsrc/nano-soh-runtime/Shipwright/soh/include/functions.h:309:88: note: expected 'Gfx *' but argument is of type 'const char *'
  309 |                               s16 randScaleRange, s16 count, s16 objId, s16 life, Gfx* dList);
      |                                                                                   ~~~~~^~~~~
/home/david/Documents/RockBox_Personal-master/devsrc/nano-soh-runtime/Shipwright/soh/src/overlays/actors/ovl_Bg_Haka_Tubo/z_bg_haka_tubo.c: In function 'BgHakaTubo_DrawFlameCircle':
/home/david/Documents/RockBox_Personal-master/devsrc/nano-soh-runtime/Shipwright/soh/src/overlays/actors/ovl_Bg_Haka_Tubo/z_bg_haka_tubo.c:244:16: warning: passing argument 3 of 'gSPSegment' makes integer from pointer without a cast [-Wint-conversion]
  244 |                Gfx_TwoTexScrollEx(play->state.gfxCtx, 0, this->fireScroll & 127, 0, 32, 64, 1, 0,
      |                ^~~~~~~~~~~~~~~~~~~~~~~~~~~~~~~~~~~~~~~~~~~~~~~~~~~~~~~~~~~~~~~~~~~~~~~~~~~~~~~~~~
      |                |
      |                Gfx *
  245 |                                   (this->fireScroll * -15) & 0xFF, 32, 64, 1, 0, 0, -15));
      |                                   ~~~~~~~~~~~~~~~~~~~~~~~~~~~~~~~~~~~~~~~~~~~~~~~~~~~~~~
/home/david/Documents/RockBox_Personal-master/devsrc/nano-soh-runtime/Shipwright/soh/include/functions.h:22:52: note: expected 'uintptr_t' {aka 'unsigned int'} but argument is of type 'Gfx *'
   22 | void gSPSegment(void* value, int segNum, uintptr_t target);
      |                                          ~~~~~~~~~~^~~~~~
/home/david/Documents/RockBox_Personal-master/devsrc/nano-soh-runtime/Shipwright/soh/src/overlays/actors/ovl_Bg_Haka_Tubo/z_bg_haka_tubo.c:247:37: warning: passing argument 2 of 'gSPDisplayList' from incompatible pointer type [-Wincompatible-pointer-types]
  247 |     gSPDisplayList(POLY_XLU_DISP++, gEffFireCircleDL);
      |                                     ^~~~~~~~~~~~~~~~
      |                                     |
      |                                     const char *
/home/david/Documents/RockBox_Personal-master/devsrc/nano-soh-runtime/Shipwright/soh/include/functions.h:24:36: note: expected 'Gfx *' but argument is of type 'const char *'
   24 | void gSPDisplayList(Gfx* pkt, Gfx* dl);
      |                               ~~~~~^~
/home/david/Documents/RockBox_Personal-master/devsrc/nano-soh-runtime/Shipwright/soh/src/overlays/actors/ovl_Bg_Haka_Tubo/z_bg_haka_tubo.c: In function 'BgHakaTubo_Draw':
/home/david/Documents/RockBox_Personal-master/devsrc/nano-soh-runtime/Shipwright/soh/src/overlays/actors/ovl_Bg_Haka_Tubo/z_bg_haka_tubo.c:255:28: warning: passing argument 2 of 'Gfx_DrawDListOpa' from incompatible pointer type [-Wincompatible-pointer-types]
  255 |     Gfx_DrawDListOpa(play, object_haka_objects_DL_00FE40);
      |                            ^~~~~~~~~~~~~~~~~~~~~~~~~~~~~
      |                            |
      |                            const char *
/home/david/Documents/RockBox_Personal-master/devsrc/nano-soh-runtime/Shipwright/soh/include/functions.h:546:45: note: expected 'Gfx *' but argument is of type 'const char *'
  546 | void Gfx_DrawDListOpa(PlayState* play, Gfx* dlist);
      |                                        ~~~~~^~~~~
