/home/david/Documents/RockBox_Personal-master/devsrc/nano-soh-runtime/Shipwright/soh/src/overlays/misc/ovl_kaleido_scope/z_kaleido_map_PAL.c: In function 'KaleidoScope_DrawDungeonMap':
/home/david/Documents/RockBox_Personal-master/devsrc/nano-soh-runtime/Shipwright/soh/src/overlays/misc/ovl_kaleido_scope/z_kaleido_map_PAL.c:15:9: warning: initialization discards 'const' qualifier from pointer target type [-Wdiscarded-qualifiers]
   15 |         gQuestIconDungeonBossKeyTex,
      |         ^~~~~~~~~~~~~~~~~~~~~~~~~~~
/home/david/Documents/RockBox_Personal-master/devsrc/nano-soh-runtime/Shipwright/soh/src/overlays/misc/ovl_kaleido_scope/z_kaleido_map_PAL.c:16:9: warning: initialization discards 'const' qualifier from pointer target type [-Wdiscarded-qualifiers]
   16 |         gQuestIconDungeonCompassTex,
      |         ^~~~~~~~~~~~~~~~~~~~~~~~~~~
/home/david/Documents/RockBox_Personal-master/devsrc/nano-soh-runtime/Shipwright/soh/src/overlays/misc/ovl_kaleido_scope/z_kaleido_map_PAL.c:17:9: warning: initialization discards 'const' qualifier from pointer target type [-Wdiscarded-qualifiers]
   17 |         gQuestIconDungeonMapTex,
      |         ^~~~~~~~~~~~~~~~~~~~~~~
/home/david/Documents/RockBox_Personal-master/devsrc/nano-soh-runtime/Shipwright/soh/src/overlays/misc/ovl_kaleido_scope/z_kaleido_map_PAL.c:20:9: warning: initialization discards 'const' qualifier from pointer target type [-Wdiscarded-qualifiers]
   20 |         gPauseDekuTitleENGTex, gPauseDodongoTitleENGTex,   gPauseJabuTitleENGTex,   gPauseForestTitleENGTex,
      |         ^~~~~~~~~~~~~~~~~~~~~
/home/david/Documents/RockBox_Personal-master/devsrc/nano-soh-runtime/Shipwright/soh/src/overlays/misc/ovl_kaleido_scope/z_kaleido_map_PAL.c:20:32: warning: initialization discards 'const' qualifier from pointer target type [-Wdiscarded-qualifiers]
   20 |         gPauseDekuTitleENGTex, gPauseDodongoTitleENGTex,   gPauseJabuTitleENGTex,   gPauseForestTitleENGTex,
      |                                ^~~~~~~~~~~~~~~~~~~~~~~~
/home/david/Documents/RockBox_Personal-master/devsrc/nano-soh-runtime/Shipwright/soh/src/overlays/misc/ovl_kaleido_scope/z_kaleido_map_PAL.c:20:60: warning: initialization discards 'const' qualifier from pointer target type [-Wdiscarded-qualifiers]
   20 |         gPauseDekuTitleENGTex, gPauseDodongoTitleENGTex,   gPauseJabuTitleENGTex,   gPauseForestTitleENGTex,
      |                                                            ^~~~~~~~~~~~~~~~~~~~~
/home/david/Documents/RockBox_Personal-master/devsrc/nano-soh-runtime/Shipwright/soh/src/overlays/misc/ovl_kaleido_scope/z_kaleido_map_PAL.c:20:85: warning: initialization discards 'const' qualifier from pointer target type [-Wdiscarded-qualifiers]
   20 |         gPauseDekuTitleENGTex, gPauseDodongoTitleENGTex,   gPauseJabuTitleENGTex,   gPauseForestTitleENGTex,
      |                                                                                     ^~~~~~~~~~~~~~~~~~~~~~~
/home/david/Documents/RockBox_Personal-master/devsrc/nano-soh-runtime/Shipwright/soh/src/overlays/misc/ovl_kaleido_scope/z_kaleido_map_PAL.c:21:9: warning: initialization discards 'const' qualifier from pointer target type [-Wdiscarded-qualifiers]
   21 |         gPauseFireTitleENGTex, gPauseWaterTitleENGTex,     gPauseSpiritTitleENGTex, gPauseShadowTitleENGTex,
      |         ^~~~~~~~~~~~~~~~~~~~~
/home/david/Documents/RockBox_Personal-master/devsrc/nano-soh-runtime/Shipwright/soh/src/overlays/misc/ovl_kaleido_scope/z_kaleido_map_PAL.c:21:32: warning: initialization discards 'const' qualifier from pointer target type [-Wdiscarded-qualifiers]
   21 |         gPauseFireTitleENGTex, gPauseWaterTitleENGTex,     gPauseSpiritTitleENGTex, gPauseShadowTitleENGTex,
      |                                ^~~~~~~~~~~~~~~~~~~~~~
/home/david/Documents/RockBox_Personal-master/devsrc/nano-soh-runtime/Shipwright/soh/src/overlays/misc/ovl_kaleido_scope/z_kaleido_map_PAL.c:21:60: warning: initialization discards 'const' qualifier from pointer target type [-Wdiscarded-qualifiers]
   21 |         gPauseFireTitleENGTex, gPauseWaterTitleENGTex,     gPauseSpiritTitleENGTex, gPauseShadowTitleENGTex,
      |                                                            ^~~~~~~~~~~~~~~~~~~~~~~
/home/david/Documents/RockBox_Personal-master/devsrc/nano-soh-runtime/Shipwright/soh/src/overlays/misc/ovl_kaleido_scope/z_kaleido_map_PAL.c:21:85: warning: initialization discards 'const' qualifier from pointer target type [-Wdiscarded-qualifiers]
   21 |         gPauseFireTitleENGTex, gPauseWaterTitleENGTex,     gPauseSpiritTitleENGTex, gPauseShadowTitleENGTex,
      |                                                                                     ^~~~~~~~~~~~~~~~~~~~~~~
/home/david/Documents/RockBox_Personal-master/devsrc/nano-soh-runtime/Shipwright/soh/src/overlays/misc/ovl_kaleido_scope/z_kaleido_map_PAL.c:22:9: warning: initialization discards 'const' qualifier from pointer target type [-Wdiscarded-qualifiers]
   22 |         gPauseBotWTitleENGTex, gPauseIceCavernTitleENGTex,
      |         ^~~~~~~~~~~~~~~~~~~~~
/home/david/Documents/RockBox_Personal-master/devsrc/nano-soh-runtime/Shipwright/soh/src/overlays/misc/ovl_kaleido_scope/z_kaleido_map_PAL.c:22:32: warning: initialization discards 'const' qualifier from pointer target type [-Wdiscarded-qualifiers]
   22 |         gPauseBotWTitleENGTex, gPauseIceCavernTitleENGTex,
      |                                ^~~~~~~~~~~~~~~~~~~~~~~~~~
/home/david/Documents/RockBox_Personal-master/devsrc/nano-soh-runtime/Shipwright/soh/src/overlays/misc/ovl_kaleido_scope/z_kaleido_map_PAL.c:24:9: warning: initialization discards 'const' qualifier from pointer target type [-Wdiscarded-qualifiers]
   24 |         gPauseDekuTitleGERTex, gPauseDodongoTitleGERTex,   gPauseJabuTitleGERTex,   gPauseForestTitleGERTex,
      |         ^~~~~~~~~~~~~~~~~~~~~
/home/david/Documents/RockBox_Personal-master/devsrc/nano-soh-runtime/Shipwright/soh/src/overlays/misc/ovl_kaleido_scope/z_kaleido_map_PAL.c:24:32: warning: initialization discards 'const' qualifier from pointer target type [-Wdiscarded-qualifiers]
   24 |         gPauseDekuTitleGERTex, gPauseDodongoTitleGERTex,   gPauseJabuTitleGERTex,   gPauseForestTitleGERTex,
      |                                ^~~~~~~~~~~~~~~~~~~~~~~~
/home/david/Documents/RockBox_Personal-master/devsrc/nano-soh-runtime/Shipwright/soh/src/overlays/misc/ovl_kaleido_scope/z_kaleido_map_PAL.c:24:60: warning: initialization discards 'const' qualifier from pointer target type [-Wdiscarded-qualifiers]
   24 |         gPauseDekuTitleGERTex, gPauseDodongoTitleGERTex,   gPauseJabuTitleGERTex,   gPauseForestTitleGERTex,
      |                                                            ^~~~~~~~~~~~~~~~~~~~~
/home/david/Documents/RockBox_Personal-master/devsrc/nano-soh-runtime/Shipwright/soh/src/overlays/misc/ovl_kaleido_scope/z_kaleido_map_PAL.c:24:85: warning: initialization discards 'const' qualifier from pointer target type [-Wdiscarded-qualifiers]
   24 |         gPauseDekuTitleGERTex, gPauseDodongoTitleGERTex,   gPauseJabuTitleGERTex,   gPauseForestTitleGERTex,
      |                                                                                     ^~~~~~~~~~~~~~~~~~~~~~~
/home/david/Documents/RockBox_Personal-master/devsrc/nano-soh-runtime/Shipwright/soh/src/overlays/misc/ovl_kaleido_scope/z_kaleido_map_PAL.c:25:9: warning: initialization discards 'const' qualifier from pointer target type [-Wdiscarded-qualifiers]
   25 |         gPauseFireTitleGERTex, gPauseWaterTitleGERTex,     gPauseSpiritTitleGERTex, gPauseShadowTitleGERTex,
      |         ^~~~~~~~~~~~~~~~~~~~~
/home/david/Documents/RockBox_Personal-master/devsrc/nano-soh-runtime/Shipwright/soh/src/overlays/misc/ovl_kaleido_scope/z_kaleido_map_PAL.c:25:32: warning: initialization discards 'const' qualifier from pointer target type [-Wdiscarded-qualifiers]
   25 |         gPauseFireTitleGERTex, gPauseWaterTitleGERTex,     gPauseSpiritTitleGERTex, gPauseShadowTitleGERTex,
      |                                ^~~~~~~~~~~~~~~~~~~~~~
/home/david/Documents/RockBox_Personal-master/devsrc/nano-soh-runtime/Shipwright/soh/src/overlays/misc/ovl_kaleido_scope/z_kaleido_map_PAL.c:25:60: warning: initialization discards 'const' qualifier from pointer target type [-Wdiscarded-qualifiers]
   25 |         gPauseFireTitleGERTex, gPauseWaterTitleGERTex,     gPauseSpiritTitleGERTex, gPauseShadowTitleGERTex,
      |                                                            ^~~~~~~~~~~~~~~~~~~~~~~
/home/david/Documents/RockBox_Personal-master/devsrc/nano-soh-runtime/Shipwright/soh/src/overlays/misc/ovl_kaleido_scope/z_kaleido_map_PAL.c:25:85: warning: initialization discards 'const' qualifier from pointer target type [-Wdiscarded-qualifiers]
   25 |         gPauseFireTitleGERTex, gPauseWaterTitleGERTex,     gPauseSpiritTitleGERTex, gPauseShadowTitleGERTex,
      |                                                                                     ^~~~~~~~~~~~~~~~~~~~~~~
/home/david/Documents/RockBox_Personal-master/devsrc/nano-soh-runtime/Shipwright/soh/src/overlays/misc/ovl_kaleido_scope/z_kaleido_map_PAL.c:26:9: warning: initialization discards 'const' qualifier from pointer target type [-Wdiscarded-qualifiers]
   26 |         gPauseBotWTitleGERTex, gPauseIceCavernTitleGERTex,
      |         ^~~~~~~~~~~~~~~~~~~~~
/home/david/Documents/RockBox_Personal-master/devsrc/nano-soh-runtime/Shipwright/soh/src/overlays/misc/ovl_kaleido_scope/z_kaleido_map_PAL.c:26:32: warning: initialization discards 'const' qualifier from pointer target type [-Wdiscarded-qualifiers]
   26 |         gPauseBotWTitleGERTex, gPauseIceCavernTitleGERTex,
      |                                ^~~~~~~~~~~~~~~~~~~~~~~~~~
/home/david/Documents/RockBox_Personal-master/devsrc/nano-soh-runtime/Shipwright/soh/src/overlays/misc/ovl_kaleido_scope/z_kaleido_map_PAL.c:28:9: warning: initialization discards 'const' qualifier from pointer target type [-Wdiscarded-qualifiers]
   28 |         gPauseDekuTitleFRATex, gPauseDodongoTitleFRATex,   gPauseJabuTitleFRATex,   gPauseForestTitleFRATex,
      |         ^~~~~~~~~~~~~~~~~~~~~
/home/david/Documents/RockBox_Personal-master/devsrc/nano-soh-runtime/Shipwright/soh/src/overlays/misc/ovl_kaleido_scope/z_kaleido_map_PAL.c:28:32: warning: initialization discards 'const' qualifier from pointer target type [-Wdiscarded-qualifiers]
   28 |         gPauseDekuTitleFRATex, gPauseDodongoTitleFRATex,   gPauseJabuTitleFRATex,   gPauseForestTitleFRATex,
      |                                ^~~~~~~~~~~~~~~~~~~~~~~~
/home/david/Documents/RockBox_Personal-master/devsrc/nano-soh-runtime/Shipwright/soh/src/overlays/misc/ovl_kaleido_scope/z_kaleido_map_PAL.c:28:60: warning: initialization discards 'const' qualifier from pointer target type [-Wdiscarded-qualifiers]
   28 |         gPauseDekuTitleFRATex, gPauseDodongoTitleFRATex,   gPauseJabuTitleFRATex,   gPauseForestTitleFRATex,
      |                                                            ^~~~~~~~~~~~~~~~~~~~~
/home/david/Documents/RockBox_Personal-master/devsrc/nano-soh-runtime/Shipwright/soh/src/overlays/misc/ovl_kaleido_scope/z_kaleido_map_PAL.c:28:85: warning: initialization discards 'const' qualifier from pointer target type [-Wdiscarded-qualifiers]
   28 |         gPauseDekuTitleFRATex, gPauseDodongoTitleFRATex,   gPauseJabuTitleFRATex,   gPauseForestTitleFRATex,
      |                                                                                     ^~~~~~~~~~~~~~~~~~~~~~~
/home/david/Documents/RockBox_Personal-master/devsrc/nano-soh-runtime/Shipwright/soh/src/overlays/misc/ovl_kaleido_scope/z_kaleido_map_PAL.c:29:9: warning: initialization discards 'const' qualifier from pointer target type [-Wdiscarded-qualifiers]
   29 |         gPauseFireTitleFRATex, gPauseWaterTitleFRATex,     gPauseSpiritTitleFRATex, gPauseShadowTitleFRATex,
      |         ^~~~~~~~~~~~~~~~~~~~~
/home/david/Documents/RockBox_Personal-master/devsrc/nano-soh-runtime/Shipwright/soh/src/overlays/misc/ovl_kaleido_scope/z_kaleido_map_PAL.c:29:32: warning: initialization discards 'const' qualifier from pointer target type [-Wdiscarded-qualifiers]
   29 |         gPauseFireTitleFRATex, gPauseWaterTitleFRATex,     gPauseSpiritTitleFRATex, gPauseShadowTitleFRATex,
      |                                ^~~~~~~~~~~~~~~~~~~~~~
/home/david/Documents/RockBox_Personal-master/devsrc/nano-soh-runtime/Shipwright/soh/src/overlays/misc/ovl_kaleido_scope/z_kaleido_map_PAL.c:29:60: warning: initialization discards 'const' qualifier from pointer target type [-Wdiscarded-qualifiers]
   29 |         gPauseFireTitleFRATex, gPauseWaterTitleFRATex,     gPauseSpiritTitleFRATex, gPauseShadowTitleFRATex,
      |                                                            ^~~~~~~~~~~~~~~~~~~~~~~
/home/david/Documents/RockBox_Personal-master/devsrc/nano-soh-runtime/Shipwright/soh/src/overlays/misc/ovl_kaleido_scope/z_kaleido_map_PAL.c:29:85: warning: initialization discards 'const' qualifier from pointer target type [-Wdiscarded-qualifiers]
   29 |         gPauseFireTitleFRATex, gPauseWaterTitleFRATex,     gPauseSpiritTitleFRATex, gPauseShadowTitleFRATex,
      |                                                                                     ^~~~~~~~~~~~~~~~~~~~~~~
/home/david/Documents/RockBox_Personal-master/devsrc/nano-soh-runtime/Shipwright/soh/src/overlays/misc/ovl_kaleido_scope/z_kaleido_map_PAL.c:30:9: warning: initialization discards 'const' qualifier from pointer target type [-Wdiscarded-qualifiers]
   30 |         gPauseBotWTitleFRATex, gPauseIceCavernTitleFRATex,
      |         ^~~~~~~~~~~~~~~~~~~~~
/home/david/Documents/RockBox_Personal-master/devsrc/nano-soh-runtime/Shipwright/soh/src/overlays/misc/ovl_kaleido_scope/z_kaleido_map_PAL.c:30:32: warning: initialization discards 'const' qualifier from pointer target type [-Wdiscarded-qualifiers]
   30 |         gPauseBotWTitleFRATex, gPauseIceCavernTitleFRATex,
      |                                ^~~~~~~~~~~~~~~~~~~~~~~~~~
/home/david/Documents/RockBox_Personal-master/devsrc/nano-soh-runtime/Shipwright/soh/src/overlays/misc/ovl_kaleido_scope/z_kaleido_map_PAL.c:32:9: warning: initialization discards 'const' qualifier from pointer target type [-Wdiscarded-qualifiers]
   32 |         gPauseDekuTitleJPNTex, gPauseDodongoTitleJPNTex,   gPauseJabuTitleJPNTex,   gPauseForestTitleJPNTex,
      |         ^~~~~~~~~~~~~~~~~~~~~
/home/david/Documents/RockBox_Personal-master/devsrc/nano-soh-runtime/Shipwright/soh/src/overlays/misc/ovl_kaleido_scope/z_kaleido_map_PAL.c:32:32: warning: initialization discards 'const' qualifier from pointer target type [-Wdiscarded-qualifiers]
   32 |         gPauseDekuTitleJPNTex, gPauseDodongoTitleJPNTex,   gPauseJabuTitleJPNTex,   gPauseForestTitleJPNTex,
      |                                ^~~~~~~~~~~~~~~~~~~~~~~~
/home/david/Documents/RockBox_Personal-master/devsrc/nano-soh-runtime/Shipwright/soh/src/overlays/misc/ovl_kaleido_scope/z_kaleido_map_PAL.c:32:60: warning: initialization discards 'const' qualifier from pointer target type [-Wdiscarded-qualifiers]
   32 |         gPauseDekuTitleJPNTex, gPauseDodongoTitleJPNTex,   gPauseJabuTitleJPNTex,   gPauseForestTitleJPNTex,
      |                                                            ^~~~~~~~~~~~~~~~~~~~~
/home/david/Documents/RockBox_Personal-master/devsrc/nano-soh-runtime/Shipwright/soh/src/overlays/misc/ovl_kaleido_scope/z_kaleido_map_PAL.c:32:85: warning: initialization discards 'const' qualifier from pointer target type [-Wdiscarded-qualifiers]
   32 |         gPauseDekuTitleJPNTex, gPauseDodongoTitleJPNTex,   gPauseJabuTitleJPNTex,   gPauseForestTitleJPNTex,
      |                                                                                     ^~~~~~~~~~~~~~~~~~~~~~~
/home/david/Documents/RockBox_Personal-master/devsrc/nano-soh-runtime/Shipwright/soh/src/overlays/misc/ovl_kaleido_scope/z_kaleido_map_PAL.c:33:9: warning: initialization discards 'const' qualifier from pointer target type [-Wdiscarded-qualifiers]
   33 |         gPauseFireTitleJPNTex, gPauseWaterTitleJPNTex,     gPauseSpiritTitleJPNTex, gPauseShadowTitleJPNTex,
      |         ^~~~~~~~~~~~~~~~~~~~~
/home/david/Documents/RockBox_Personal-master/devsrc/nano-soh-runtime/Shipwright/soh/src/overlays/misc/ovl_kaleido_scope/z_kaleido_map_PAL.c:33:32: warning: initialization discards 'const' qualifier from pointer target type [-Wdiscarded-qualifiers]
   33 |         gPauseFireTitleJPNTex, gPauseWaterTitleJPNTex,     gPauseSpiritTitleJPNTex, gPauseShadowTitleJPNTex,
      |                                ^~~~~~~~~~~~~~~~~~~~~~
/home/david/Documents/RockBox_Personal-master/devsrc/nano-soh-runtime/Shipwright/soh/src/overlays/misc/ovl_kaleido_scope/z_kaleido_map_PAL.c:33:60: warning: initialization discards 'const' qualifier from pointer target type [-Wdiscarded-qualifiers]
   33 |         gPauseFireTitleJPNTex, gPauseWaterTitleJPNTex,     gPauseSpiritTitleJPNTex, gPauseShadowTitleJPNTex,
      |                                                            ^~~~~~~~~~~~~~~~~~~~~~~
/home/david/Documents/RockBox_Personal-master/devsrc/nano-soh-runtime/Shipwright/soh/src/overlays/misc/ovl_kaleido_scope/z_kaleido_map_PAL.c:33:85: warning: initialization discards 'const' qualifier from pointer target type [-Wdiscarded-qualifiers]
   33 |         gPauseFireTitleJPNTex, gPauseWaterTitleJPNTex,     gPauseSpiritTitleJPNTex, gPauseShadowTitleJPNTex,
      |                                                                                     ^~~~~~~~~~~~~~~~~~~~~~~
/home/david/Documents/RockBox_Personal-master/devsrc/nano-soh-runtime/Shipwright/soh/src/overlays/misc/ovl_kaleido_scope/z_kaleido_map_PAL.c:34:9: warning: initialization discards 'const' qualifier from pointer target type [-Wdiscarded-qualifiers]
   34 |         gPauseBotWTitleJPNTex, gPauseIceCavernTitleJPNTex,
      |         ^~~~~~~~~~~~~~~~~~~~~
/home/david/Documents/RockBox_Personal-master/devsrc/nano-soh-runtime/Shipwright/soh/src/overlays/misc/ovl_kaleido_scope/z_kaleido_map_PAL.c:34:32: warning: initialization discards 'const' qualifier from pointer target type [-Wdiscarded-qualifiers]
   34 |         gPauseBotWTitleJPNTex, gPauseIceCavernTitleJPNTex,
      |                                ^~~~~~~~~~~~~~~~~~~~~~~~~~
/home/david/Documents/RockBox_Personal-master/devsrc/nano-soh-runtime/Shipwright/soh/src/overlays/misc/ovl_kaleido_scope/z_kaleido_map_PAL.c:37:9: warning: initialization discards 'const' qualifier from pointer target type [-Wdiscarded-qualifiers]
   37 |         gDungeonMapBlankFloorButtonTex, gDungeonMap8FButtonTex, gDungeonMap7FButtonTex, gDungeonMap6FButtonTex,
      |         ^~~~~~~~~~~~~~~~~~~~~~~~~~~~~~
/home/david/Documents/RockBox_Personal-master/devsrc/nano-soh-runtime/Shipwright/soh/src/overlays/misc/ovl_kaleido_scope/z_kaleido_map_PAL.c:37:41: warning: initialization discards 'const' qualifier from pointer target type [-Wdiscarded-qualifiers]
   37 |         gDungeonMapBlankFloorButtonTex, gDungeonMap8FButtonTex, gDungeonMap7FButtonTex, gDungeonMap6FButtonTex,
      |                                         ^~~~~~~~~~~~~~~~~~~~~~
/home/david/Documents/RockBox_Personal-master/devsrc/nano-soh-runtime/Shipwright/soh/src/overlays/misc/ovl_kaleido_scope/z_kaleido_map_PAL.c:37:65: warning: initialization discards 'const' qualifier from pointer target type [-Wdiscarded-qualifiers]
   37 |         gDungeonMapBlankFloorButtonTex, gDungeonMap8FButtonTex, gDungeonMap7FButtonTex, gDungeonMap6FButtonTex,
      |                                                                 ^~~~~~~~~~~~~~~~~~~~~~
/home/david/Documents/RockBox_Personal-master/devsrc/nano-soh-runtime/Shipwright/soh/src/overlays/misc/ovl_kaleido_scope/z_kaleido_map_PAL.c:37:89: warning: initialization discards 'const' qualifier from pointer target type [-Wdiscarded-qualifiers]
   37 |         gDungeonMapBlankFloorButtonTex, gDungeonMap8FButtonTex, gDungeonMap7FButtonTex, gDungeonMap6FButtonTex,
      |                                                                                         ^~~~~~~~~~~~~~~~~~~~~~
/home/david/Documents/RockBox_Personal-master/devsrc/nano-soh-runtime/Shipwright/soh/src/overlays/misc/ovl_kaleido_scope/z_kaleido_map_PAL.c:38:9: warning: initialization discards 'const' qualifier from pointer target type [-Wdiscarded-qualifiers]
   38 |         gDungeonMap5FButtonTex,         gDungeonMap4FButtonTex, gDungeonMap3FButtonTex, gDungeonMap2FButtonTex,
      |         ^~~~~~~~~~~~~~~~~~~~~~
/home/david/Documents/RockBox_Personal-master/devsrc/nano-soh-runtime/Shipwright/soh/src/overlays/misc/ovl_kaleido_scope/z_kaleido_map_PAL.c:38:41: warning: initialization discards 'const' qualifier from pointer target type [-Wdiscarded-qualifiers]
   38 |         gDungeonMap5FButtonTex,         gDungeonMap4FButtonTex, gDungeonMap3FButtonTex, gDungeonMap2FButtonTex,
      |                                         ^~~~~~~~~~~~~~~~~~~~~~
/home/david/Documents/RockBox_Personal-master/devsrc/nano-soh-runtime/Shipwright/soh/src/overlays/misc/ovl_kaleido_scope/z_kaleido_map_PAL.c:38:65: warning: initialization discards 'const' qualifier from pointer target type [-Wdiscarded-qualifiers]
   38 |         gDungeonMap5FButtonTex,         gDungeonMap4FButtonTex, gDungeonMap3FButtonTex, gDungeonMap2FButtonTex,
      |                                                                 ^~~~~~~~~~~~~~~~~~~~~~
/home/david/Documents/RockBox_Personal-master/devsrc/nano-soh-runtime/Shipwright/soh/src/overlays/misc/ovl_kaleido_scope/z_kaleido_map_PAL.c:38:89: warning: initialization discards 'const' qualifier from pointer target type [-Wdiscarded-qualifiers]
   38 |         gDungeonMap5FButtonTex,         gDungeonMap4FButtonTex, gDungeonMap3FButtonTex, gDungeonMap2FButtonTex,
      |                                                                                         ^~~~~~~~~~~~~~~~~~~~~~
/home/david/Documents/RockBox_Personal-master/devsrc/nano-soh-runtime/Shipwright/soh/src/overlays/misc/ovl_kaleido_scope/z_kaleido_map_PAL.c:39:9: warning: initialization discards 'const' qualifier from pointer target type [-Wdiscarded-qualifiers]
   39 |         gDungeonMap1FButtonTex,         gDungeonMapB1ButtonTex, gDungeonMapB2ButtonTex, gDungeonMapB3ButtonTex,
      |         ^~~~~~~~~~~~~~~~~~~~~~
/home/david/Documents/RockBox_Personal-master/devsrc/nano-soh-runtime/Shipwright/soh/src/overlays/misc/ovl_kaleido_scope/z_kaleido_map_PAL.c:39:41: warning: initialization discards 'const' qualifier from pointer target type [-Wdiscarded-qualifiers]
   39 |         gDungeonMap1FButtonTex,         gDungeonMapB1ButtonTex, gDungeonMapB2ButtonTex, gDungeonMapB3ButtonTex,
      |                                         ^~~~~~~~~~~~~~~~~~~~~~
/home/david/Documents/RockBox_Personal-master/devsrc/nano-soh-runtime/Shipwright/soh/src/overlays/misc/ovl_kaleido_scope/z_kaleido_map_PAL.c:39:65: warning: initialization discards 'const' qualifier from pointer target type [-Wdiscarded-qualifiers]
   39 |         gDungeonMap1FButtonTex,         gDungeonMapB1ButtonTex, gDungeonMapB2ButtonTex, gDungeonMapB3ButtonTex,
      |                                                                 ^~~~~~~~~~~~~~~~~~~~~~
/home/david/Documents/RockBox_Personal-master/devsrc/nano-soh-runtime/Shipwright/soh/src/overlays/misc/ovl_kaleido_scope/z_kaleido_map_PAL.c:39:89: warning: initialization discards 'const' qualifier from pointer target type [-Wdiscarded-qualifiers]
   39 |         gDungeonMap1FButtonTex,         gDungeonMapB1ButtonTex, gDungeonMapB2ButtonTex, gDungeonMapB3ButtonTex,
      |                                                                                         ^~~~~~~~~~~~~~~~~~~~~~
/home/david/Documents/RockBox_Personal-master/devsrc/nano-soh-runtime/Shipwright/soh/src/overlays/misc/ovl_kaleido_scope/z_kaleido_map_PAL.c:40:9: warning: initialization discards 'const' qualifier from pointer target type [-Wdiscarded-qualifiers]
   40 |         gDungeonMapB4ButtonTex,         gDungeonMapB5ButtonTex, gDungeonMapB6ButtonTex, gDungeonMapB7ButtonTex,
      |         ^~~~~~~~~~~~~~~~~~~~~~
/home/david/Documents/RockBox_Personal-master/devsrc/nano-soh-runtime/Shipwright/soh/src/overlays/misc/ovl_kaleido_scope/z_kaleido_map_PAL.c:40:41: warning: initialization discards 'const' qualifier from pointer target type [-Wdiscarded-qualifiers]
   40 |         gDungeonMapB4ButtonTex,         gDungeonMapB5ButtonTex, gDungeonMapB6ButtonTex, gDungeonMapB7ButtonTex,
      |                                         ^~~~~~~~~~~~~~~~~~~~~~
/home/david/Documents/RockBox_Personal-master/devsrc/nano-soh-runtime/Shipwright/soh/src/overlays/misc/ovl_kaleido_scope/z_kaleido_map_PAL.c:40:65: warning: initialization discards 'const' qualifier from pointer target type [-Wdiscarded-qualifiers]
   40 |         gDungeonMapB4ButtonTex,         gDungeonMapB5ButtonTex, gDungeonMapB6ButtonTex, gDungeonMapB7ButtonTex,
      |                                                                 ^~~~~~~~~~~~~~~~~~~~~~
/home/david/Documents/RockBox_Personal-master/devsrc/nano-soh-runtime/Shipwright/soh/src/overlays/misc/ovl_kaleido_scope/z_kaleido_map_PAL.c:40:89: warning: initialization discards 'const' qualifier from pointer target type [-Wdiscarded-qualifiers]
   40 |         gDungeonMapB4ButtonTex,         gDungeonMapB5ButtonTex, gDungeonMapB6ButtonTex, gDungeonMapB7ButtonTex,
      |                                                                                         ^~~~~~~~~~~~~~~~~~~~~~
/home/david/Documents/RockBox_Personal-master/devsrc/nano-soh-runtime/Shipwright/soh/src/overlays/misc/ovl_kaleido_scope/z_kaleido_map_PAL.c:41:9: warning: initialization discards 'const' qualifier from pointer target type [-Wdiscarded-qualifiers]
   41 |         gDungeonMapB8ButtonTex,
      |         ^~~~~~~~~~~~~~~~~~~~~~
/home/david/Documents/RockBox_Personal-master/devsrc/nano-soh-runtime/Shipwright/soh/src/overlays/misc/ovl_kaleido_scope/z_kaleido_map_PAL.c:235:32: warning: passing argument 2 of 'gSPVertex' makes integer from pointer without a cast [-Wint-conversion]
  235 |     gSPVertex(POLY_OPA_DISP++, &pauseCtx->mapPageVtx[68], 16, 0);
      |                                ^~~~~~~~~~~~~~~~~~~~~~~~~
      |                                |
      |                                Vtx *
In file included from /home/david/Documents/RockBox_Personal-master/devsrc/nano-soh-runtime/Shipwright/soh/include/global.h:8,
                 from /home/david/Documents/RockBox_Personal-master/devsrc/nano-soh-runtime/Shipwright/soh/src/overlays/misc/ovl_kaleido_scope/z_kaleido_scope.h:5,
                 from /home/david/Documents/RockBox_Personal-master/devsrc/nano-soh-runtime/Shipwright/soh/src/overlays/misc/ovl_kaleido_scope/z_kaleido_map_PAL.c:1:
/home/david/Documents/RockBox_Personal-master/devsrc/nano-soh-runtime/Shipwright/soh/include/functions.h:29:36: note: expected 'uintptr_t' {aka 'unsigned int'} but argument is of type 'Vtx *'
   29 | void gSPVertex(Gfx* pkt, uintptr_t v, int n, int v0);
      |                          ~~~~~~~~~~^
/home/david/Documents/RockBox_Personal-master/devsrc/nano-soh-runtime/Shipwright/soh/src/overlays/misc/ovl_kaleido_scope/z_kaleido_map_PAL.c:260:32: warning: passing argument 2 of 'gSPVertex' makes integer from pointer without a cast [-Wint-conversion]
  260 |     gSPVertex(POLY_OPA_DISP++, &pauseCtx->mapPageVtx[84], 32, 0);
      |                                ^~~~~~~~~~~~~~~~~~~~~~~~~
      |                                |
      |                                Vtx *
/home/david/Documents/RockBox_Personal-master/devsrc/nano-soh-runtime/Shipwright/soh/include/functions.h:29:36: note: expected 'uintptr_t' {aka 'unsigned int'} but argument is of type 'Vtx *'
   29 | void gSPVertex(Gfx* pkt, uintptr_t v, int n, int v0);
      |                          ~~~~~~~~~~^
/home/david/Documents/RockBox_Personal-master/devsrc/nano-soh-runtime/Shipwright/soh/src/overlays/misc/ovl_kaleido_scope/z_kaleido_map_PAL.c:292:32: warning: passing argument 2 of 'gSPVertex' makes integer from pointer without a cast [-Wint-conversion]
  292 |     gSPVertex(POLY_OPA_DISP++, &pauseCtx->mapPageVtx[116], 12, 0);
      |                                ^~~~~~~~~~~~~~~~~~~~~~~~~~
      |                                |
      |                                Vtx *
/home/david/Documents/RockBox_Personal-master/devsrc/nano-soh-runtime/Shipwright/soh/include/functions.h:29:36: note: expected 'uintptr_t' {aka 'unsigned int'} but argument is of type 'Vtx *'
   29 | void gSPVertex(Gfx* pkt, uintptr_t v, int n, int v0);
      |                          ~~~~~~~~~~^
/home/david/Documents/RockBox_Personal-master/devsrc/nano-soh-runtime/Shipwright/soh/src/overlays/misc/ovl_kaleido_scope/z_kaleido_map_PAL.c:322:52: warning: passing argument 2 of 'KaleidoScope_DrawQuadTextureRGBA32' discards 'const' qualifier from pointer target type [-Wdiscarded-qualifiers]
  322 |         KaleidoScope_DrawQuadTextureRGBA32(gfxCtx, gQuestIconGoldSkulltulaTex, 24, 24, 8);
      |                                                    ^~~~~~~~~~~~~~~~~~~~~~~~~~
/home/david/Documents/RockBox_Personal-master/devsrc/nano-soh-runtime/Shipwright/soh/src/overlays/misc/ovl_kaleido_scope/z_kaleido_scope.h:57:72: note: expected 'void *' but argument is of type 'const char *'
   57 | void KaleidoScope_DrawQuadTextureRGBA32(GraphicsContext* gfxCtx, void* texture, u16 width, u16 height, u16 point);
      |                                                                  ~~~~~~^~~~~~~
/home/david/Documents/RockBox_Personal-master/devsrc/nano-soh-runtime/Shipwright/soh/src/overlays/misc/ovl_kaleido_scope/z_kaleido_map_PAL.c:367:32: warning: passing argument 2 of 'gSPVertex' makes integer from pointer without a cast [-Wint-conversion]
  367 |     gSPVertex(POLY_OPA_DISP++, &pauseCtx->mapPageVtx[60], 8, 0);
      |                                ^~~~~~~~~~~~~~~~~~~~~~~~~
      |                                |
      |                                Vtx *
/home/david/Documents/RockBox_Personal-master/devsrc/nano-soh-runtime/Shipwright/soh/include/functions.h:29:36: note: expected 'uintptr_t' {aka 'unsigned int'} but argument is of type 'Vtx *'
   29 | void gSPVertex(Gfx* pkt, uintptr_t v, int n, int v0);
      |                          ~~~~~~~~~~^
/home/david/Documents/RockBox_Personal-master/devsrc/nano-soh-runtime/Shipwright/soh/src/overlays/misc/ovl_kaleido_scope/z_kaleido_map_PAL.c: In function 'KaleidoScope_DrawWorldMap':
/home/david/Documents/RockBox_Personal-master/devsrc/nano-soh-runtime/Shipwright/soh/src/overlays/misc/ovl_kaleido_scope/z_kaleido_map_PAL.c:398:9: warning: initialization discards 'const' qualifier from pointer target type [-Wdiscarded-qualifiers]
  398 |         gWorldMapCloud16Tex, gWorldMapCloud15Tex, gWorldMapCloud14Tex, gWorldMapCloud13Tex,
      |         ^~~~~~~~~~~~~~~~~~~
/home/david/Documents/RockBox_Personal-master/devsrc/nano-soh-runtime/Shipwright/soh/src/overlays/misc/ovl_kaleido_scope/z_kaleido_map_PAL.c:398:30: warning: initialization discards 'const' qualifier from pointer target type [-Wdiscarded-qualifiers]
  398 |         gWorldMapCloud16Tex, gWorldMapCloud15Tex, gWorldMapCloud14Tex, gWorldMapCloud13Tex,
      |                              ^~~~~~~~~~~~~~~~~~~
/home/david/Documents/RockBox_Personal-master/devsrc/nano-soh-runtime/Shipwright/soh/src/overlays/misc/ovl_kaleido_scope/z_kaleido_map_PAL.c:398:51: warning: initialization discards 'const' qualifier from pointer target type [-Wdiscarded-qualifiers]
  398 |         gWorldMapCloud16Tex, gWorldMapCloud15Tex, gWorldMapCloud14Tex, gWorldMapCloud13Tex,
      |                                                   ^~~~~~~~~~~~~~~~~~~
/home/david/Documents/RockBox_Personal-master/devsrc/nano-soh-runtime/Shipwright/soh/src/overlays/misc/ovl_kaleido_scope/z_kaleido_map_PAL.c:398:72: warning: initialization discards 'const' qualifier from pointer target type [-Wdiscarded-qualifiers]
  398 |         gWorldMapCloud16Tex, gWorldMapCloud15Tex, gWorldMapCloud14Tex, gWorldMapCloud13Tex,
      |                                                                        ^~~~~~~~~~~~~~~~~~~
/home/david/Documents/RockBox_Personal-master/devsrc/nano-soh-runtime/Shipwright/soh/src/overlays/misc/ovl_kaleido_scope/z_kaleido_map_PAL.c:399:9: warning: initialization discards 'const' qualifier from pointer target type [-Wdiscarded-qualifiers]
  399 |         gWorldMapCloud12Tex, gWorldMapCloud11Tex, gWorldMapCloud10Tex, gWorldMapCloud9Tex,
      |         ^~~~~~~~~~~~~~~~~~~
/home/david/Documents/RockBox_Personal-master/devsrc/nano-soh-runtime/Shipwright/soh/src/overlays/misc/ovl_kaleido_scope/z_kaleido_map_PAL.c:399:30: warning: initialization discards 'const' qualifier from pointer target type [-Wdiscarded-qualifiers]
  399 |         gWorldMapCloud12Tex, gWorldMapCloud11Tex, gWorldMapCloud10Tex, gWorldMapCloud9Tex,
      |                              ^~~~~~~~~~~~~~~~~~~
/home/david/Documents/RockBox_Personal-master/devsrc/nano-soh-runtime/Shipwright/soh/src/overlays/misc/ovl_kaleido_scope/z_kaleido_map_PAL.c:399:51: warning: initialization discards 'const' qualifier from pointer target type [-Wdiscarded-qualifiers]
  399 |         gWorldMapCloud12Tex, gWorldMapCloud11Tex, gWorldMapCloud10Tex, gWorldMapCloud9Tex,
      |                                                   ^~~~~~~~~~~~~~~~~~~
/home/david/Documents/RockBox_Personal-master/devsrc/nano-soh-runtime/Shipwright/soh/src/overlays/misc/ovl_kaleido_scope/z_kaleido_map_PAL.c:399:72: warning: initialization discards 'const' qualifier from pointer target type [-Wdiscarded-qualifiers]
  399 |         gWorldMapCloud12Tex, gWorldMapCloud11Tex, gWorldMapCloud10Tex, gWorldMapCloud9Tex,
      |                                                                        ^~~~~~~~~~~~~~~~~~
/home/david/Documents/RockBox_Personal-master/devsrc/nano-soh-runtime/Shipwright/soh/src/overlays/misc/ovl_kaleido_scope/z_kaleido_map_PAL.c:400:9: warning: initialization discards 'const' qualifier from pointer target type [-Wdiscarded-qualifiers]
  400 |         gWorldMapCloud8Tex,  gWorldMapCloud7Tex,  gWorldMapCloud6Tex,  gWorldMapCloud5Tex,
      |         ^~~~~~~~~~~~~~~~~~
/home/david/Documents/RockBox_Personal-master/devsrc/nano-soh-runtime/Shipwright/soh/src/overlays/misc/ovl_kaleido_scope/z_kaleido_map_PAL.c:400:30: warning: initialization discards 'const' qualifier from pointer target type [-Wdiscarded-qualifiers]
  400 |         gWorldMapCloud8Tex,  gWorldMapCloud7Tex,  gWorldMapCloud6Tex,  gWorldMapCloud5Tex,
      |                              ^~~~~~~~~~~~~~~~~~
/home/david/Documents/RockBox_Personal-master/devsrc/nano-soh-runtime/Shipwright/soh/src/overlays/misc/ovl_kaleido_scope/z_kaleido_map_PAL.c:400:51: warning: initialization discards 'const' qualifier from pointer target type [-Wdiscarded-qualifiers]
  400 |         gWorldMapCloud8Tex,  gWorldMapCloud7Tex,  gWorldMapCloud6Tex,  gWorldMapCloud5Tex,
      |                                                   ^~~~~~~~~~~~~~~~~~
/home/david/Documents/RockBox_Personal-master/devsrc/nano-soh-runtime/Shipwright/soh/src/overlays/misc/ovl_kaleido_scope/z_kaleido_map_PAL.c:400:72: warning: initialization discards 'const' qualifier from pointer target type [-Wdiscarded-qualifiers]
  400 |         gWorldMapCloud8Tex,  gWorldMapCloud7Tex,  gWorldMapCloud6Tex,  gWorldMapCloud5Tex,
      |                                                                        ^~~~~~~~~~~~~~~~~~
/home/david/Documents/RockBox_Personal-master/devsrc/nano-soh-runtime/Shipwright/soh/src/overlays/misc/ovl_kaleido_scope/z_kaleido_map_PAL.c:401:9: warning: initialization discards 'const' qualifier from pointer target type [-Wdiscarded-qualifiers]
  401 |         gWorldMapCloud4Tex,  gWorldMapCloud3Tex,  gWorldMapCloud2Tex,  gWorldMapCloud1Tex,
      |         ^~~~~~~~~~~~~~~~~~
/home/david/Documents/RockBox_Personal-master/devsrc/nano-soh-runtime/Shipwright/soh/src/overlays/misc/ovl_kaleido_scope/z_kaleido_map_PAL.c:401:30: warning: initialization discards 'const' qualifier from pointer target type [-Wdiscarded-qualifiers]
  401 |         gWorldMapCloud4Tex,  gWorldMapCloud3Tex,  gWorldMapCloud2Tex,  gWorldMapCloud1Tex,
      |                              ^~~~~~~~~~~~~~~~~~
/home/david/Documents/RockBox_Personal-master/devsrc/nano-soh-runtime/Shipwright/soh/src/overlays/misc/ovl_kaleido_scope/z_kaleido_map_PAL.c:401:51: warning: initialization discards 'const' qualifier from pointer target type [-Wdiscarded-qualifiers]
  401 |         gWorldMapCloud4Tex,  gWorldMapCloud3Tex,  gWorldMapCloud2Tex,  gWorldMapCloud1Tex,
      |                                                   ^~~~~~~~~~~~~~~~~~
/home/david/Documents/RockBox_Personal-master/devsrc/nano-soh-runtime/Shipwright/soh/src/overlays/misc/ovl_kaleido_scope/z_kaleido_map_PAL.c:401:72: warning: initialization discards 'const' qualifier from pointer target type [-Wdiscarded-qualifiers]
  401 |         gWorldMapCloud4Tex,  gWorldMapCloud3Tex,  gWorldMapCloud2Tex,  gWorldMapCloud1Tex,
      |                                                                        ^~~~~~~~~~~~~~~~~~
/home/david/Documents/RockBox_Personal-master/devsrc/nano-soh-runtime/Shipwright/soh/src/overlays/misc/ovl_kaleido_scope/z_kaleido_map_PAL.c:432:9: warning: initialization discards 'const' qualifier from pointer target type [-Wdiscarded-qualifiers]
  432 |         gWorldMapAreaBox7Tex, gWorldMapAreaBox1Tex, gWorldMapAreaBox4Tex, gWorldMapAreaBox6Tex, gWorldMapAreaBox2Tex,
      |         ^~~~~~~~~~~~~~~~~~~~
/home/david/Documents/RockBox_Personal-master/devsrc/nano-soh-runtime/Shipwright/soh/src/overlays/misc/ovl_kaleido_scope/z_kaleido_map_PAL.c:432:31: warning: initialization discards 'const' qualifier from pointer target type [-Wdiscarded-qualifiers]
  432 |         gWorldMapAreaBox7Tex, gWorldMapAreaBox1Tex, gWorldMapAreaBox4Tex, gWorldMapAreaBox6Tex, gWorldMapAreaBox2Tex,
      |                               ^~~~~~~~~~~~~~~~~~~~
/home/david/Documents/RockBox_Personal-master/devsrc/nano-soh-runtime/Shipwright/soh/src/overlays/misc/ovl_kaleido_scope/z_kaleido_map_PAL.c:432:53: warning: initialization discards 'const' qualifier from pointer target type [-Wdiscarded-qualifiers]
  432 |         gWorldMapAreaBox7Tex, gWorldMapAreaBox1Tex, gWorldMapAreaBox4Tex, gWorldMapAreaBox6Tex, gWorldMapAreaBox2Tex,
      |                                                     ^~~~~~~~~~~~~~~~~~~~
/home/david/Documents/RockBox_Personal-master/devsrc/nano-soh-runtime/Shipwright/soh/src/overlays/misc/ovl_kaleido_scope/z_kaleido_map_PAL.c:432:75: warning: initialization discards 'const' qualifier from pointer target type [-Wdiscarded-qualifiers]
  432 |         gWorldMapAreaBox7Tex, gWorldMapAreaBox1Tex, gWorldMapAreaBox4Tex, gWorldMapAreaBox6Tex, gWorldMapAreaBox2Tex,
      |                                                                           ^~~~~~~~~~~~~~~~~~~~
/home/david/Documents/RockBox_Personal-master/devsrc/nano-soh-runtime/Shipwright/soh/src/overlays/misc/ovl_kaleido_scope/z_kaleido_map_PAL.c:432:97: warning: initialization discards 'const' qualifier from pointer target type [-Wdiscarded-qualifiers]
  432 |         gWorldMapAreaBox7Tex, gWorldMapAreaBox1Tex, gWorldMapAreaBox4Tex, gWorldMapAreaBox6Tex, gWorldMapAreaBox2Tex,
      |                                                                                                 ^~~~~~~~~~~~~~~~~~~~
/home/david/Documents/RockBox_Personal-master/devsrc/nano-soh-runtime/Shipwright/soh/src/overlays/misc/ovl_kaleido_scope/z_kaleido_map_PAL.c:433:9: warning: initialization discards 'const' qualifier from pointer target type [-Wdiscarded-qualifiers]
  433 |         gWorldMapAreaBox3Tex, gWorldMapAreaBox2Tex, gWorldMapAreaBox3Tex, gWorldMapAreaBox4Tex, gWorldMapAreaBox5Tex,
      |         ^~~~~~~~~~~~~~~~~~~~
/home/david/Documents/RockBox_Personal-master/devsrc/nano-soh-runtime/Shipwright/soh/src/overlays/misc/ovl_kaleido_scope/z_kaleido_map_PAL.c:433:31: warning: initialization discards 'const' qualifier from pointer target type [-Wdiscarded-qualifiers]
  433 |         gWorldMapAreaBox3Tex, gWorldMapAreaBox2Tex, gWorldMapAreaBox3Tex, gWorldMapAreaBox4Tex, gWorldMapAreaBox5Tex,
      |                               ^~~~~~~~~~~~~~~~~~~~
/home/david/Documents/RockBox_Personal-master/devsrc/nano-soh-runtime/Shipwright/soh/src/overlays/misc/ovl_kaleido_scope/z_kaleido_map_PAL.c:433:53: warning: initialization discards 'const' qualifier from pointer target type [-Wdiscarded-qualifiers]
  433 |         gWorldMapAreaBox3Tex, gWorldMapAreaBox2Tex, gWorldMapAreaBox3Tex, gWorldMapAreaBox4Tex, gWorldMapAreaBox5Tex,
      |                                                     ^~~~~~~~~~~~~~~~~~~~
/home/david/Documents/RockBox_Personal-master/devsrc/nano-soh-runtime/Shipwright/soh/src/overlays/misc/ovl_kaleido_scope/z_kaleido_map_PAL.c:433:75: warning: initialization discards 'const' qualifier from pointer target type [-Wdiscarded-qualifiers]
  433 |         gWorldMapAreaBox3Tex, gWorldMapAreaBox2Tex, gWorldMapAreaBox3Tex, gWorldMapAreaBox4Tex, gWorldMapAreaBox5Tex,
      |                                                                           ^~~~~~~~~~~~~~~~~~~~
/home/david/Documents/RockBox_Personal-master/devsrc/nano-soh-runtime/Shipwright/soh/src/overlays/misc/ovl_kaleido_scope/z_kaleido_map_PAL.c:433:97: warning: initialization discards 'const' qualifier from pointer target type [-Wdiscarded-qualifiers]
  433 |         gWorldMapAreaBox3Tex, gWorldMapAreaBox2Tex, gWorldMapAreaBox3Tex, gWorldMapAreaBox4Tex, gWorldMapAreaBox5Tex,
      |                                                                                                 ^~~~~~~~~~~~~~~~~~~~
/home/david/Documents/RockBox_Personal-master/devsrc/nano-soh-runtime/Shipwright/soh/src/overlays/misc/ovl_kaleido_scope/z_kaleido_map_PAL.c:434:9: warning: initialization discards 'const' qualifier from pointer target type [-Wdiscarded-qualifiers]
  434 |         gWorldMapAreaBox8Tex, gWorldMapAreaBox5Tex, gWorldMapAreaBox5Tex, gWorldMapAreaBox8Tex, gWorldMapAreaBox1Tex,
      |         ^~~~~~~~~~~~~~~~~~~~
/home/david/Documents/RockBox_Personal-master/devsrc/nano-soh-runtime/Shipwright/soh/src/overlays/misc/ovl_kaleido_scope/z_kaleido_map_PAL.c:434:31: warning: initialization discards 'const' qualifier from pointer target type [-Wdiscarded-qualifiers]
  434 |         gWorldMapAreaBox8Tex, gWorldMapAreaBox5Tex, gWorldMapAreaBox5Tex, gWorldMapAreaBox8Tex, gWorldMapAreaBox1Tex,
      |                               ^~~~~~~~~~~~~~~~~~~~
/home/david/Documents/RockBox_Personal-master/devsrc/nano-soh-runtime/Shipwright/soh/src/overlays/misc/ovl_kaleido_scope/z_kaleido_map_PAL.c:434:53: warning: initialization discards 'const' qualifier from pointer target type [-Wdiscarded-qualifiers]
  434 |         gWorldMapAreaBox8Tex, gWorldMapAreaBox5Tex, gWorldMapAreaBox5Tex, gWorldMapAreaBox8Tex, gWorldMapAreaBox1Tex,
      |                                                     ^~~~~~~~~~~~~~~~~~~~
/home/david/Documents/RockBox_Personal-master/devsrc/nano-soh-runtime/Shipwright/soh/src/overlays/misc/ovl_kaleido_scope/z_kaleido_map_PAL.c:434:75: warning: initialization discards 'const' qualifier from pointer target type [-Wdiscarded-qualifiers]
  434 |         gWorldMapAreaBox8Tex, gWorldMapAreaBox5Tex, gWorldMapAreaBox5Tex, gWorldMapAreaBox8Tex, gWorldMapAreaBox1Tex,
      |                                                                           ^~~~~~~~~~~~~~~~~~~~
/home/david/Documents/RockBox_Personal-master/devsrc/nano-soh-runtime/Shipwright/soh/src/overlays/misc/ovl_kaleido_scope/z_kaleido_map_PAL.c:434:97: warning: initialization discards 'const' qualifier from pointer target type [-Wdiscarded-qualifiers]
  434 |         gWorldMapAreaBox8Tex, gWorldMapAreaBox5Tex, gWorldMapAreaBox5Tex, gWorldMapAreaBox8Tex, gWorldMapAreaBox1Tex,
      |                                                                                                 ^~~~~~~~~~~~~~~~~~~~
/home/david/Documents/RockBox_Personal-master/devsrc/nano-soh-runtime/Shipwright/soh/src/overlays/misc/ovl_kaleido_scope/z_kaleido_map_PAL.c:435:9: warning: initialization discards 'const' qualifier from pointer target type [-Wdiscarded-qualifiers]
  435 |         gWorldMapAreaBox3Tex, gWorldMapAreaBox5Tex, gWorldMapAreaBox4Tex, gWorldMapAreaBox3Tex, gWorldMapAreaBox3Tex,
      |         ^~~~~~~~~~~~~~~~~~~~
/home/david/Documents/RockBox_Personal-master/devsrc/nano-soh-runtime/Shipwright/soh/src/overlays/misc/ovl_kaleido_scope/z_kaleido_map_PAL.c:435:31: warning: initialization discards 'const' qualifier from pointer target type [-Wdiscarded-qualifiers]
  435 |         gWorldMapAreaBox3Tex, gWorldMapAreaBox5Tex, gWorldMapAreaBox4Tex, gWorldMapAreaBox3Tex, gWorldMapAreaBox3Tex,
      |                               ^~~~~~~~~~~~~~~~~~~~
/home/david/Documents/RockBox_Personal-master/devsrc/nano-soh-runtime/Shipwright/soh/src/overlays/misc/ovl_kaleido_scope/z_kaleido_map_PAL.c:435:53: warning: initialization discards 'const' qualifier from pointer target type [-Wdiscarded-qualifiers]
  435 |         gWorldMapAreaBox3Tex, gWorldMapAreaBox5Tex, gWorldMapAreaBox4Tex, gWorldMapAreaBox3Tex, gWorldMapAreaBox3Tex,
      |                                                     ^~~~~~~~~~~~~~~~~~~~
/home/david/Documents/RockBox_Personal-master/devsrc/nano-soh-runtime/Shipwright/soh/src/overlays/misc/ovl_kaleido_scope/z_kaleido_map_PAL.c:435:75: warning: initialization discards 'const' qualifier from pointer target type [-Wdiscarded-qualifiers]
  435 |         gWorldMapAreaBox3Tex, gWorldMapAreaBox5Tex, gWorldMapAreaBox4Tex, gWorldMapAreaBox3Tex, gWorldMapAreaBox3Tex,
      |                                                                           ^~~~~~~~~~~~~~~~~~~~
/home/david/Documents/RockBox_Personal-master/devsrc/nano-soh-runtime/Shipwright/soh/src/overlays/misc/ovl_kaleido_scope/z_kaleido_map_PAL.c:435:97: warning: initialization discards 'const' qualifier from pointer target type [-Wdiscarded-qualifiers]
  435 |         gWorldMapAreaBox3Tex, gWorldMapAreaBox5Tex, gWorldMapAreaBox4Tex, gWorldMapAreaBox3Tex, gWorldMapAreaBox3Tex,
      |                                                                                                 ^~~~~~~~~~~~~~~~~~~~
/home/david/Documents/RockBox_Personal-master/devsrc/nano-soh-runtime/Shipwright/soh/src/overlays/misc/ovl_kaleido_scope/z_kaleido_map_PAL.c:436:9: warning: initialization discards 'const' qualifier from pointer target type [-Wdiscarded-qualifiers]
  436 |         gWorldMapAreaBox8Tex, gWorldMapAreaBox3Tex,
      |         ^~~~~~~~~~~~~~~~~~~~
/home/david/Documents/RockBox_Personal-master/devsrc/nano-soh-runtime/Shipwright/soh/src/overlays/misc/ovl_kaleido_scope/z_kaleido_map_PAL.c:436:31: warning: initialization discards 'const' qualifier from pointer target type [-Wdiscarded-qualifiers]
  436 |         gWorldMapAreaBox8Tex, gWorldMapAreaBox3Tex,
      |                               ^~~~~~~~~~~~~~~~~~~~
/home/david/Documents/RockBox_Personal-master/devsrc/nano-soh-runtime/Shipwright/soh/src/overlays/misc/ovl_kaleido_scope/z_kaleido_map_PAL.c:439:9: warning: initialization discards 'const' qualifier from pointer target type [-Wdiscarded-qualifiers]
  439 |         gPauseCurrentPositionENGTex,
      |         ^~~~~~~~~~~~~~~~~~~~~~~~~~~
/home/david/Documents/RockBox_Personal-master/devsrc/nano-soh-runtime/Shipwright/soh/src/overlays/misc/ovl_kaleido_scope/z_kaleido_map_PAL.c:440:9: warning: initialization discards 'const' qualifier from pointer target type [-Wdiscarded-qualifiers]
  440 |         gPauseCurrentPositionGERTex,
      |         ^~~~~~~~~~~~~~~~~~~~~~~~~~~
/home/david/Documents/RockBox_Personal-master/devsrc/nano-soh-runtime/Shipwright/soh/src/overlays/misc/ovl_kaleido_scope/z_kaleido_map_PAL.c:441:9: warning: initialization discards 'const' qualifier from pointer target type [-Wdiscarded-qualifiers]
  441 |         gPauseCurrentPositionFRATex,
      |         ^~~~~~~~~~~~~~~~~~~~~~~~~~~
/home/david/Documents/RockBox_Personal-master/devsrc/nano-soh-runtime/Shipwright/soh/src/overlays/misc/ovl_kaleido_scope/z_kaleido_map_PAL.c:442:9: warning: initialization discards 'const' qualifier from pointer target type [-Wdiscarded-qualifiers]
  442 |         gPauseCurrentPositionJPNTex,
      |         ^~~~~~~~~~~~~~~~~~~~~~~~~~~
/home/david/Documents/RockBox_Personal-master/devsrc/nano-soh-runtime/Shipwright/soh/src/overlays/misc/ovl_kaleido_scope/z_kaleido_map_PAL.c:583:36: warning: passing argument 2 of 'gSPVertex' makes integer from pointer without a cast [-Wint-conversion]
  583 |         gSPVertex(POLY_OPA_DISP++, &pauseCtx->mapPageVtx[188], 32, 0);
      |                                    ^~~~~~~~~~~~~~~~~~~~~~~~~~
      |                                    |
      |                                    Vtx *
/home/david/Documents/RockBox_Personal-master/devsrc/nano-soh-runtime/Shipwright/soh/include/functions.h:29:36: note: expected 'uintptr_t' {aka 'unsigned int'} but argument is of type 'Vtx *'
   29 | void gSPVertex(Gfx* pkt, uintptr_t v, int n, int v0);
      |                          ~~~~~~~~~~^
/home/david/Documents/RockBox_Personal-master/devsrc/nano-soh-runtime/Shipwright/soh/src/overlays/misc/ovl_kaleido_scope/z_kaleido_map_PAL.c:595:36: warning: passing argument 2 of 'gSPVertex' makes integer from pointer without a cast [-Wint-conversion]
  595 |         gSPVertex(POLY_OPA_DISP++, &pauseCtx->mapPageVtx[220], 28, 0);
      |                                    ^~~~~~~~~~~~~~~~~~~~~~~~~~
      |                                    |
      |                                    Vtx *
/home/david/Documents/RockBox_Personal-master/devsrc/nano-soh-runtime/Shipwright/soh/include/functions.h:29:36: note: expected 'uintptr_t' {aka 'unsigned int'} but argument is of type 'Vtx *'
   29 | void gSPVertex(Gfx* pkt, uintptr_t v, int n, int v0);
      |                          ~~~~~~~~~~^
/home/david/Documents/RockBox_Personal-master/devsrc/nano-soh-runtime/Shipwright/soh/src/overlays/misc/ovl_kaleido_scope/z_kaleido_map_PAL.c:619:37: warning: passing argument 2 of 'Room_DrawBackground2D' discards 'const' qualifier from pointer target type [-Wdiscarded-qualifiers]
  619 |         Room_DrawBackground2D(&gfx, gWorldMapImageTex, gWorldMapImageTLUT, 216, 128, G_IM_FMT_CI, G_IM_SIZ_8b,
      |                                     ^~~~~~~~~~~~~~~~~
/home/david/Documents/RockBox_Personal-master/devsrc/nano-soh-runtime/Shipwright/soh/include/functions.h:1242:46: note: expected 'void *' but argument is of type 'const char *'
 1242 | void Room_DrawBackground2D(Gfx** gfxP, void* tex, void* tlut, u16 width, u16 height, u8 fmt, u8 siz, u16 tlutMode,
      |                                        ~~~~~~^~~
/home/david/Documents/RockBox_Personal-master/devsrc/nano-soh-runtime/Shipwright/soh/src/overlays/misc/ovl_kaleido_scope/z_kaleido_map_PAL.c:619:56: warning: passing argument 3 of 'Room_DrawBackground2D' discards 'const' qualifier from pointer target type [-Wdiscarded-qualifiers]
  619 |         Room_DrawBackground2D(&gfx, gWorldMapImageTex, gWorldMapImageTLUT, 216, 128, G_IM_FMT_CI, G_IM_SIZ_8b,
      |                                                        ^~~~~~~~~~~~~~~~~~
/home/david/Documents/RockBox_Personal-master/devsrc/nano-soh-runtime/Shipwright/soh/include/functions.h:1242:57: note: expected 'void *' but argument is of type 'const char *'
 1242 | void Room_DrawBackground2D(Gfx** gfxP, void* tex, void* tlut, u16 width, u16 height, u8 fmt, u8 siz, u16 tlutMode,
      |                                                   ~~~~~~^~~~
/home/david/Documents/RockBox_Personal-master/devsrc/nano-soh-runtime/Shipwright/soh/src/overlays/misc/ovl_kaleido_scope/z_kaleido_map_PAL.c:644:40: warning: passing argument 2 of 'gSPVertex' makes integer from pointer without a cast [-Wint-conversion]
  644 |             gSPVertex(POLY_OPA_DISP++, &pauseCtx->mapPageVtx[60 + k * 4], 32, 0);
      |                                        ^~~~~~~~~~~~~~~~~~~~~~~~~~~~~~~~~
      |                                        |
      |                                        Vtx *
/home/david/Documents/RockBox_Personal-master/devsrc/nano-soh-runtime/Shipwright/soh/include/functions.h:29:36: note: expected 'uintptr_t' {aka 'unsigned int'} but argument is of type 'Vtx *'
   29 | void gSPVertex(Gfx* pkt, uintptr_t v, int n, int v0);
      |                          ~~~~~~~~~~^
/home/david/Documents/RockBox_Personal-master/devsrc/nano-soh-runtime/Shipwright/soh/src/overlays/misc/ovl_kaleido_scope/z_kaleido_map_PAL.c:680:36: warning: passing argument 2 of 'gSPVertex' makes integer from pointer without a cast [-Wint-conversion]
  680 |         gSPVertex(POLY_OPA_DISP++, &pauseCtx->mapPageVtx[172], 4, 0);
      |                                    ^~~~~~~~~~~~~~~~~~~~~~~~~~
      |                                    |
      |                                    Vtx *
/home/david/Documents/RockBox_Personal-master/devsrc/nano-soh-runtime/Shipwright/soh/include/functions.h:29:36: note: expected 'uintptr_t' {aka 'unsigned int'} but argument is of type 'Vtx *'
   29 | void gSPVertex(Gfx* pkt, uintptr_t v, int n, int v0);
      |                          ~~~~~~~~~~^
/home/david/Documents/RockBox_Personal-master/devsrc/nano-soh-runtime/Shipwright/soh/src/overlays/misc/ovl_kaleido_scope/z_kaleido_map_PAL.c:768:40: warning: passing argument 2 of 'gSPVertex' makes integer from pointer without a cast [-Wint-conversion]
  768 |             gSPVertex(POLY_OPA_DISP++, &pauseCtx->mapPageVtx[124 + i * 4], 4, 0);
      |                                        ^~~~~~~~~~~~~~~~~~~~~~~~~~~~~~~~~~
      |                                        |
      |                                        Vtx *
/home/david/Documents/RockBox_Personal-master/devsrc/nano-soh-runtime/Shipwright/soh/include/functions.h:29:36: note: expected 'uintptr_t' {aka 'unsigned int'} but argument is of type 'Vtx *'
   29 | void gSPVertex(Gfx* pkt, uintptr_t v, int n, int v0);
      |                          ~~~~~~~~~~^
/home/david/Documents/RockBox_Personal-master/devsrc/nano-soh-runtime/Shipwright/soh/src/overlays/misc/ovl_kaleido_scope/z_kaleido_map_PAL.c:789:32: warning: passing argument 2 of 'gSPVertex' makes integer from pointer without a cast [-Wint-conversion]
  789 |     gSPVertex(POLY_OPA_DISP++, &pauseCtx->mapPageVtx[176], 16, 0);
      |                                ^~~~~~~~~~~~~~~~~~~~~~~~~~
      |                                |
      |                                Vtx *
/home/david/Documents/RockBox_Personal-master/devsrc/nano-soh-runtime/Shipwright/soh/include/functions.h:29:36: note: expected 'uintptr_t' {aka 'unsigned int'} but argument is of type 'Vtx *'
   29 | void gSPVertex(Gfx* pkt, uintptr_t v, int n, int v0);
      |                          ~~~~~~~~~~^
