/home/david/Documents/RockBox_Personal-master/devsrc/nano-soh-runtime/Shipwright/soh/src/overlays/misc/ovl_kaleido_scope/z_kaleido_collect.c: In function 'KaleidoScope_DrawQuestStatus':
/home/david/Documents/RockBox_Personal-master/devsrc/nano-soh-runtime/Shipwright/soh/src/overlays/misc/ovl_kaleido_scope/z_kaleido_collect.c:40:9: warning: initialization discards 'const' qualifier from pointer target type [-Wdiscarded-qualifiers]
   40 |         gOcarinaBtnIconATex,     gOcarinaBtnIconCDownTex, gOcarinaBtnIconCRightTex,
      |         ^~~~~~~~~~~~~~~~~~~
/home/david/Documents/RockBox_Personal-master/devsrc/nano-soh-runtime/Shipwright/soh/src/overlays/misc/ovl_kaleido_scope/z_kaleido_collect.c:40:34: warning: initialization discards 'const' qualifier from pointer target type [-Wdiscarded-qualifiers]
   40 |         gOcarinaBtnIconATex,     gOcarinaBtnIconCDownTex, gOcarinaBtnIconCRightTex,
      |                                  ^~~~~~~~~~~~~~~~~~~~~~~
/home/david/Documents/RockBox_Personal-master/devsrc/nano-soh-runtime/Shipwright/soh/src/overlays/misc/ovl_kaleido_scope/z_kaleido_collect.c:40:59: warning: initialization discards 'const' qualifier from pointer target type [-Wdiscarded-qualifiers]
   40 |         gOcarinaBtnIconATex,     gOcarinaBtnIconCDownTex, gOcarinaBtnIconCRightTex,
      |                                                           ^~~~~~~~~~~~~~~~~~~~~~~~
/home/david/Documents/RockBox_Personal-master/devsrc/nano-soh-runtime/Shipwright/soh/src/overlays/misc/ovl_kaleido_scope/z_kaleido_collect.c:41:9: warning: initialization discards 'const' qualifier from pointer target type [-Wdiscarded-qualifiers]
   41 |         gOcarinaBtnIconCLeftTex, gOcarinaBtnIconCUpTex,
      |         ^~~~~~~~~~~~~~~~~~~~~~~
/home/david/Documents/RockBox_Personal-master/devsrc/nano-soh-runtime/Shipwright/soh/src/overlays/misc/ovl_kaleido_scope/z_kaleido_collect.c:41:34: warning: initialization discards 'const' qualifier from pointer target type [-Wdiscarded-qualifiers]
   41 |         gOcarinaBtnIconCLeftTex, gOcarinaBtnIconCUpTex,
      |                                  ^~~~~~~~~~~~~~~~~~~~~
/home/david/Documents/RockBox_Personal-master/devsrc/nano-soh-runtime/Shipwright/soh/src/overlays/misc/ovl_kaleido_scope/z_kaleido_collect.c:353:40: warning: passing argument 2 of 'gSPVertex' makes integer from pointer without a cast [-Wint-conversion]
  353 |             gSPVertex(POLY_OPA_DISP++, &pauseCtx->questVtx[sp21A], 4, 0);
      |                                        ^~~~~~~~~~~~~~~~~~~~~~~~~~
      |                                        |
      |                                        Vtx *
In file included from /home/david/Documents/RockBox_Personal-master/devsrc/nano-soh-runtime/Shipwright/soh/include/global.h:8,
                 from /home/david/Documents/RockBox_Personal-master/devsrc/nano-soh-runtime/Shipwright/soh/src/overlays/misc/ovl_kaleido_scope/z_kaleido_scope.h:5,
                 from /home/david/Documents/RockBox_Personal-master/devsrc/nano-soh-runtime/Shipwright/soh/src/overlays/misc/ovl_kaleido_scope/z_kaleido_collect.c:1:
/home/david/Documents/RockBox_Personal-master/devsrc/nano-soh-runtime/Shipwright/soh/include/functions.h:29:36: note: expected 'uintptr_t' {aka 'unsigned int'} but argument is of type 'Vtx *'
   29 | void gSPVertex(Gfx* pkt, uintptr_t v, int n, int v0);
      |                          ~~~~~~~~~~^
/home/david/Documents/RockBox_Personal-master/devsrc/nano-soh-runtime/Shipwright/soh/src/overlays/misc/ovl_kaleido_scope/z_kaleido_collect.c:391:40: warning: passing argument 2 of 'gSPVertex' makes integer from pointer without a cast [-Wint-conversion]
  391 |             gSPVertex(POLY_OPA_DISP++, &pauseCtx->questVtx[sp21A], 4, 0);
      |                                        ^~~~~~~~~~~~~~~~~~~~~~~~~~
      |                                        |
      |                                        Vtx *
/home/david/Documents/RockBox_Personal-master/devsrc/nano-soh-runtime/Shipwright/soh/include/functions.h:29:36: note: expected 'uintptr_t' {aka 'unsigned int'} but argument is of type 'Vtx *'
   29 | void gSPVertex(Gfx* pkt, uintptr_t v, int n, int v0);
      |                          ~~~~~~~~~~^
/home/david/Documents/RockBox_Personal-master/devsrc/nano-soh-runtime/Shipwright/soh/src/overlays/misc/ovl_kaleido_scope/z_kaleido_collect.c:402:40: warning: passing argument 2 of 'gSPVertex' makes integer from pointer without a cast [-Wint-conversion]
  402 |             gSPVertex(POLY_OPA_DISP++, &pauseCtx->questVtx[sp21A], 4, 0);
      |                                        ^~~~~~~~~~~~~~~~~~~~~~~~~~
      |                                        |
      |                                        Vtx *
/home/david/Documents/RockBox_Personal-master/devsrc/nano-soh-runtime/Shipwright/soh/include/functions.h:29:36: note: expected 'uintptr_t' {aka 'unsigned int'} but argument is of type 'Vtx *'
   29 | void gSPVertex(Gfx* pkt, uintptr_t v, int n, int v0);
      |                          ~~~~~~~~~~^
/home/david/Documents/RockBox_Personal-master/devsrc/nano-soh-runtime/Shipwright/soh/src/overlays/misc/ovl_kaleido_scope/z_kaleido_collect.c:412:40: warning: passing argument 2 of 'gSPVertex' makes integer from pointer without a cast [-Wint-conversion]
  412 |             gSPVertex(POLY_OPA_DISP++, &pauseCtx->questVtx[sp21A], 4, 0);
      |                                        ^~~~~~~~~~~~~~~~~~~~~~~~~~
      |                                        |
      |                                        Vtx *
/home/david/Documents/RockBox_Personal-master/devsrc/nano-soh-runtime/Shipwright/soh/include/functions.h:29:36: note: expected 'uintptr_t' {aka 'unsigned int'} but argument is of type 'Vtx *'
   29 | void gSPVertex(Gfx* pkt, uintptr_t v, int n, int v0);
      |                          ~~~~~~~~~~^
/home/david/Documents/RockBox_Personal-master/devsrc/nano-soh-runtime/Shipwright/soh/src/overlays/misc/ovl_kaleido_scope/z_kaleido_collect.c:467:36: warning: passing argument 2 of 'gSPVertex' makes integer from pointer without a cast [-Wint-conversion]
  467 |         gSPVertex(POLY_OPA_DISP++, &pauseCtx->questVtx[sp21A], 4, 0);
      |                                    ^~~~~~~~~~~~~~~~~~~~~~~~~~
      |                                    |
      |                                    Vtx *
/home/david/Documents/RockBox_Personal-master/devsrc/nano-soh-runtime/Shipwright/soh/include/functions.h:29:36: note: expected 'uintptr_t' {aka 'unsigned int'} but argument is of type 'Vtx *'
   29 | void gSPVertex(Gfx* pkt, uintptr_t v, int n, int v0);
      |                          ~~~~~~~~~~^
/home/david/Documents/RockBox_Personal-master/devsrc/nano-soh-runtime/Shipwright/soh/src/overlays/misc/ovl_kaleido_scope/z_kaleido_collect.c:592:48: warning: passing argument 2 of 'gSPVertex' makes integer from pointer without a cast [-Wint-conversion]
  592 |                     gSPVertex(POLY_OPA_DISP++, &pauseCtx->questVtx[sp21A], 4, 0);
      |                                                ^~~~~~~~~~~~~~~~~~~~~~~~~~
      |                                                |
      |                                                Vtx *
/home/david/Documents/RockBox_Personal-master/devsrc/nano-soh-runtime/Shipwright/soh/include/functions.h:29:36: note: expected 'uintptr_t' {aka 'unsigned int'} but argument is of type 'Vtx *'
   29 | void gSPVertex(Gfx* pkt, uintptr_t v, int n, int v0);
      |                          ~~~~~~~~~~^
/home/david/Documents/RockBox_Personal-master/devsrc/nano-soh-runtime/Shipwright/soh/src/overlays/misc/ovl_kaleido_scope/z_kaleido_collect.c:645:44: warning: passing argument 2 of 'gSPVertex' makes integer from pointer without a cast [-Wint-conversion]
  645 |                 gSPVertex(POLY_OPA_DISP++, &pauseCtx->questVtx[sp21A], 4, 0);
      |                                            ^~~~~~~~~~~~~~~~~~~~~~~~~~
      |                                            |
      |                                            Vtx *
/home/david/Documents/RockBox_Personal-master/devsrc/nano-soh-runtime/Shipwright/soh/include/functions.h:29:36: note: expected 'uintptr_t' {aka 'unsigned int'} but argument is of type 'Vtx *'
   29 | void gSPVertex(Gfx* pkt, uintptr_t v, int n, int v0);
      |                          ~~~~~~~~~~^
/home/david/Documents/RockBox_Personal-master/devsrc/nano-soh-runtime/Shipwright/soh/src/overlays/misc/ovl_kaleido_scope/z_kaleido_collect.c:714:48: warning: passing argument 2 of 'gSPVertex' makes integer from pointer without a cast [-Wint-conversion]
  714 |                     gSPVertex(POLY_OPA_DISP++, &pauseCtx->questVtx[sp21A], 4, 0);
      |                                                ^~~~~~~~~~~~~~~~~~~~~~~~~~
      |                                                |
      |                                                Vtx *
/home/david/Documents/RockBox_Personal-master/devsrc/nano-soh-runtime/Shipwright/soh/include/functions.h:29:36: note: expected 'uintptr_t' {aka 'unsigned int'} but argument is of type 'Vtx *'
   29 | void gSPVertex(Gfx* pkt, uintptr_t v, int n, int v0);
      |                          ~~~~~~~~~~^
/home/david/Documents/RockBox_Personal-master/devsrc/nano-soh-runtime/Shipwright/soh/src/overlays/misc/ovl_kaleido_scope/z_kaleido_collect.c:760:36: warning: passing argument 2 of 'gSPVertex' makes integer from pointer without a cast [-Wint-conversion]
  760 |         gSPVertex(POLY_OPA_DISP++, &pauseCtx->questVtx[164], 24, 0);
      |                                    ^~~~~~~~~~~~~~~~~~~~~~~~
      |                                    |
      |                                    Vtx *
/home/david/Documents/RockBox_Personal-master/devsrc/nano-soh-runtime/Shipwright/soh/include/functions.h:29:36: note: expected 'uintptr_t' {aka 'unsigned int'} but argument is of type 'Vtx *'
   29 | void gSPVertex(Gfx* pkt, uintptr_t v, int n, int v0);
      |                          ~~~~~~~~~~^
