/home/david/Documents/RockBox_Personal-master/devsrc/nano-soh-runtime/Shipwright/soh/src/overlays/actors/ovl_En_Md/z_en_md.c:80:7: warning: initialization of 'AnimationHeader *' from incompatible pointer type 'const char (*)[50]' [-Wincompatible-pointer-types]
   80 |     { &gMidoHandsOnHipsIdleAnim, 0.0f, 0.0f, -1.0f, ANIMMODE_LOOP, 0.0f },
      |       ^
/home/david/Documents/RockBox_Personal-master/devsrc/nano-soh-runtime/Shipwright/soh/src/overlays/actors/ovl_En_Md/z_en_md.c:80:7: note: (near initialization for 'sAnimationInfo[0].animation')
/home/david/Documents/RockBox_Personal-master/devsrc/nano-soh-runtime/Shipwright/soh/src/overlays/actors/ovl_En_Md/z_en_md.c:81:7: warning: initialization of 'AnimationHeader *' from incompatible pointer type 'const char (*)[50]' [-Wincompatible-pointer-types]
   81 |     { &gMidoHandsOnHipsIdleAnim, 0.0f, 0.0f, -1.0f, ANIMMODE_LOOP, -10.0f },
      |       ^
/home/david/Documents/RockBox_Personal-master/devsrc/nano-soh-runtime/Shipwright/soh/src/overlays/actors/ovl_En_Md/z_en_md.c:81:7: note: (near initialization for 'sAnimationInfo[1].animation')
/home/david/Documents/RockBox_Personal-master/devsrc/nano-soh-runtime/Shipwright/soh/src/overlays/actors/ovl_En_Md/z_en_md.c:82:7: warning: initialization of 'AnimationHeader *' from incompatible pointer type 'const char (*)[45]' [-Wincompatible-pointer-types]
   82 |     { &gMidoRaiseHand1Anim, 1.0f, 0.0f, -1.0f, ANIMMODE_ONCE, -1.0f },
      |       ^
/home/david/Documents/RockBox_Personal-master/devsrc/nano-soh-runtime/Shipwright/soh/src/overlays/actors/ovl_En_Md/z_en_md.c:82:7: note: (near initialization for 'sAnimationInfo[2].animation')
/home/david/Documents/RockBox_Personal-master/devsrc/nano-soh-runtime/Shipwright/soh/src/overlays/actors/ovl_En_Md/z_en_md.c:83:7: warning: initialization of 'AnimationHeader *' from incompatible pointer type 'const char (*)[39]' [-Wincompatible-pointer-types]
   83 |     { &gMidoHaltAnim, 1.0f, 0.0f, -1.0f, ANIMMODE_LOOP, -1.0f },
      |       ^
/home/david/Documents/RockBox_Personal-master/devsrc/nano-soh-runtime/Shipwright/soh/src/overlays/actors/ovl_En_Md/z_en_md.c:83:7: note: (near initialization for 'sAnimationInfo[3].animation')
/home/david/Documents/RockBox_Personal-master/devsrc/nano-soh-runtime/Shipwright/soh/src/overlays/actors/ovl_En_Md/z_en_md.c:84:7: warning: initialization of 'AnimationHeader *' from incompatible pointer type 'const char (*)[46]' [-Wincompatible-pointer-types]
   84 |     { &gMidoPutHandDownAnim, 1.0f, 0.0f, -1.0f, ANIMMODE_ONCE, -1.0f },
      |       ^
/home/david/Documents/RockBox_Personal-master/devsrc/nano-soh-runtime/Shipwright/soh/src/overlays/actors/ovl_En_Md/z_en_md.c:84:7: note: (near initialization for 'sAnimationInfo[4].animation')
/home/david/Documents/RockBox_Personal-master/devsrc/nano-soh-runtime/Shipwright/soh/src/overlays/actors/ovl_En_Md/z_en_md.c:85:7: warning: initialization of 'AnimationHeader *' from incompatible pointer type 'const char (*)[58]' [-Wincompatible-pointer-types]
   85 |     { &gMidoAnnoyedPointedHeadIdle1Anim, 1.0f, 0.0f, -1.0f, ANIMMODE_LOOP, -1.0f },
      |       ^
/home/david/Documents/RockBox_Personal-master/devsrc/nano-soh-runtime/Shipwright/soh/src/overlays/actors/ovl_En_Md/z_en_md.c:85:7: note: (near initialization for 'sAnimationInfo[5].animation')
/home/david/Documents/RockBox_Personal-master/devsrc/nano-soh-runtime/Shipwright/soh/src/overlays/actors/ovl_En_Md/z_en_md.c:86:7: warning: initialization of 'AnimationHeader *' from incompatible pointer type 'const char (*)[58]' [-Wincompatible-pointer-types]
   86 |     { &gMidoAnnoyedPointedHeadIdle2Anim, 1.0f, 0.0f, -1.0f, ANIMMODE_LOOP, -1.0f },
      |       ^
/home/david/Documents/RockBox_Personal-master/devsrc/nano-soh-runtime/Shipwright/soh/src/overlays/actors/ovl_En_Md/z_en_md.c:86:7: note: (near initialization for 'sAnimationInfo[6].animation')
/home/david/Documents/RockBox_Personal-master/devsrc/nano-soh-runtime/Shipwright/soh/src/overlays/actors/ovl_En_Md/z_en_md.c:87:7: warning: initialization of 'AnimationHeader *' from incompatible pointer type 'const char (*)[40]' [-Wincompatible-pointer-types]
   87 |     { &gMidoAnim_92B0, 1.0f, 0.0f, -1.0f, ANIMMODE_ONCE, -1.0f },
      |       ^
/home/david/Documents/RockBox_Personal-master/devsrc/nano-soh-runtime/Shipwright/soh/src/overlays/actors/ovl_En_Md/z_en_md.c:87:7: note: (near initialization for 'sAnimationInfo[7].animation')
/home/david/Documents/RockBox_Personal-master/devsrc/nano-soh-runtime/Shipwright/soh/src/overlays/actors/ovl_En_Md/z_en_md.c:88:7: warning: initialization of 'AnimationHeader *' from incompatible pointer type 'const char (*)[42]' [-Wincompatible-pointer-types]
   88 |     { &gMidoWalkingAnim, 1.0f, 0.0f, -1.0f, ANIMMODE_LOOP, -1.0f },
      |       ^
/home/david/Documents/RockBox_Personal-master/devsrc/nano-soh-runtime/Shipwright/soh/src/overlays/actors/ovl_En_Md/z_en_md.c:88:7: note: (near initialization for 'sAnimationInfo[8].animation')
/home/david/Documents/RockBox_Personal-master/devsrc/nano-soh-runtime/Shipwright/soh/src/overlays/actors/ovl_En_Md/z_en_md.c:89:7: warning: initialization of 'AnimationHeader *' from incompatible pointer type 'const char (*)[56]' [-Wincompatible-pointer-types]
   89 |     { &gMidoHandsOnHipsTransitionAnim, 1.0f, 0.0f, -1.0f, ANIMMODE_ONCE, -1.0f },
      |       ^
/home/david/Documents/RockBox_Personal-master/devsrc/nano-soh-runtime/Shipwright/soh/src/overlays/actors/ovl_En_Md/z_en_md.c:89:7: note: (near initialization for 'sAnimationInfo[9].animation')
/home/david/Documents/RockBox_Personal-master/devsrc/nano-soh-runtime/Shipwright/soh/src/overlays/actors/ovl_En_Md/z_en_md.c:90:7: warning: initialization of 'AnimationHeader *' from incompatible pointer type 'const char (*)[50]' [-Wincompatible-pointer-types]
   90 |     { &gMidoHandsOnHipsIdleAnim, 0.0f, 0.0f, -1.0f, ANIMMODE_LOOP, -8.0f },
      |       ^
/home/david/Documents/RockBox_Personal-master/devsrc/nano-soh-runtime/Shipwright/soh/src/overlays/actors/ovl_En_Md/z_en_md.c:90:7: note: (near initialization for 'sAnimationInfo[10].animation')
/home/david/Documents/RockBox_Personal-master/devsrc/nano-soh-runtime/Shipwright/soh/src/overlays/actors/ovl_En_Md/z_en_md.c:91:7: warning: initialization of 'AnimationHeader *' from incompatible pointer type 'const char (*)[39]' [-Wincompatible-pointer-types]
   91 |     { &gMidoSlamAnim, 1.0f, 0.0f, -1.0f, ANIMMODE_LOOP, -1.0f },
      |       ^
/home/david/Documents/RockBox_Personal-master/devsrc/nano-soh-runtime/Shipwright/soh/src/overlays/actors/ovl_En_Md/z_en_md.c:91:7: note: (near initialization for 'sAnimationInfo[11].animation')
/home/david/Documents/RockBox_Personal-master/devsrc/nano-soh-runtime/Shipwright/soh/src/overlays/actors/ovl_En_Md/z_en_md.c:92:7: warning: initialization of 'AnimationHeader *' from incompatible pointer type 'const char (*)[45]' [-Wincompatible-pointer-types]
   92 |     { &gMidoRaiseHand2Anim, 1.0f, 0.0f, -1.0f, ANIMMODE_ONCE, -1.0f },
      |       ^
/home/david/Documents/RockBox_Personal-master/devsrc/nano-soh-runtime/Shipwright/soh/src/overlays/actors/ovl_En_Md/z_en_md.c:92:7: note: (near initialization for 'sAnimationInfo[12].animation')
/home/david/Documents/RockBox_Personal-master/devsrc/nano-soh-runtime/Shipwright/soh/src/overlays/actors/ovl_En_Md/z_en_md.c:93:7: warning: initialization of 'AnimationHeader *' from incompatible pointer type 'const char (*)[48]' [-Wincompatible-pointer-types]
   93 |     { &gMidoAngryHeadTurnAnim, 1.0f, 0.0f, -1.0f, ANIMMODE_LOOP, -1.0f },
      |       ^
/home/david/Documents/RockBox_Personal-master/devsrc/nano-soh-runtime/Shipwright/soh/src/overlays/actors/ovl_En_Md/z_en_md.c:93:7: note: (near initialization for 'sAnimationInfo[13].animation')
/home/david/Documents/RockBox_Personal-master/devsrc/nano-soh-runtime/Shipwright/soh/src/overlays/actors/ovl_En_Md/z_en_md.c: In function 'EnMd_Init':
/home/david/Documents/RockBox_Personal-master/devsrc/nano-soh-runtime/Shipwright/soh/src/overlays/actors/ovl_En_Md/z_en_md.c:641:48: warning: passing argument 3 of 'SkelAnime_InitFlex' from incompatible pointer type [-Wincompatible-pointer-types]
  641 |     SkelAnime_InitFlex(play, &this->skelAnime, &gMidoSkel, NULL, this->jointTable, this->morphTable, 17);
      |                                                ^~~~~~~~~~
      |                                                |
      |                                                const char (*)[35]
In file included from /home/david/Documents/RockBox_Personal-master/devsrc/nano-soh-runtime/Shipwright/soh/include/global.h:8,
                 from /home/david/Documents/RockBox_Personal-master/devsrc/nano-soh-runtime/Shipwright/soh/src/overlays/actors/ovl_En_Md/z_en_md.h:5,
                 from /home/david/Documents/RockBox_Personal-master/devsrc/nano-soh-runtime/Shipwright/soh/src/overlays/actors/ovl_En_Md/z_en_md.c:7:
/home/david/Documents/RockBox_Personal-master/devsrc/nano-soh-runtime/Shipwright/soh/include/functions.h:1329:83: note: expected 'FlexSkeletonHeader *' but argument is of type 'const char (*)[35]'
 1329 | s32 SkelAnime_InitFlex(PlayState* play, SkelAnime* skelAnime, FlexSkeletonHeader* skeletonHeaderSeg,
      |                                                               ~~~~~~~~~~~~~~~~~~~~^~~~~~~~~~~~~~~~~
/home/david/Documents/RockBox_Personal-master/devsrc/nano-soh-runtime/Shipwright/soh/src/overlays/actors/ovl_En_Md/z_en_md.c: In function 'EnMd_Draw':
/home/david/Documents/RockBox_Personal-master/devsrc/nano-soh-runtime/Shipwright/soh/src/overlays/actors/ovl_En_Md/z_en_md.c:862:9: warning: initialization discards 'const' qualifier from pointer target type [-Wdiscarded-qualifiers]
  862 |         gMidoEyeOpenTex,
      |         ^~~~~~~~~~~~~~~
/home/david/Documents/RockBox_Personal-master/devsrc/nano-soh-runtime/Shipwright/soh/src/overlays/actors/ovl_En_Md/z_en_md.c:863:9: warning: initialization discards 'const' qualifier from pointer target type [-Wdiscarded-qualifiers]
  863 |         gMidoEyeHalfTex,
      |         ^~~~~~~~~~~~~~~
/home/david/Documents/RockBox_Personal-master/devsrc/nano-soh-runtime/Shipwright/soh/src/overlays/actors/ovl_En_Md/z_en_md.c:864:9: warning: initialization discards 'const' qualifier from pointer target type [-Wdiscarded-qualifiers]
  864 |         gMidoEyeClosedTex,
      |         ^~~~~~~~~~~~~~~~~
In file included from /home/david/Documents/RockBox_Personal-master/devsrc/nano-soh-runtime/Shipwright/soh/include/global.h:10:
/home/david/Documents/RockBox_Personal-master/devsrc/nano-soh-runtime/Shipwright/soh/src/overlays/actors/ovl_En_Md/z_en_md.c:871:76: warning: passing argument 3 of 'gSPSegment' makes integer from pointer without a cast [-Wint-conversion]
  871 |         gSPSegment(POLY_OPA_DISP++, 0x08, SEGMENTED_TO_VIRTUAL(sEyeTextures[this->eyeIdx]));
      |                                                                ~~~~~~~~~~~~^~~~~~~~~~~~~~
      |                                                                            |
      |                                                                            void *
/home/david/Documents/RockBox_Personal-master/devsrc/nano-soh-runtime/Shipwright/soh/include/macros.h:37:36: note: in definition of macro 'SEGMENTED_TO_VIRTUAL'
   37 | #define SEGMENTED_TO_VIRTUAL(addr) addr
      |                                    ^~~~
/home/david/Documents/RockBox_Personal-master/devsrc/nano-soh-runtime/Shipwright/soh/include/functions.h:22:52: note: expected 'uintptr_t' {aka 'unsigned int'} but argument is of type 'void *'
   22 | void gSPSegment(void* value, int segNum, uintptr_t target);
      |                                          ~~~~~~~~~~^~~~~~
/home/david/Documents/RockBox_Personal-master/devsrc/nano-soh-runtime/Shipwright/soh/src/overlays/actors/ovl_En_Md/z_en_md.c:874:76: warning: passing argument 3 of 'gSPSegment' makes integer from pointer without a cast [-Wint-conversion]
  874 |         gSPSegment(POLY_XLU_DISP++, 0x08, SEGMENTED_TO_VIRTUAL(sEyeTextures[this->eyeIdx]));
      |                                                                ~~~~~~~~~~~~^~~~~~~~~~~~~~
      |                                                                            |
      |                                                                            void *
/home/david/Documents/RockBox_Personal-master/devsrc/nano-soh-runtime/Shipwright/soh/include/macros.h:37:36: note: in definition of macro 'SEGMENTED_TO_VIRTUAL'
   37 | #define SEGMENTED_TO_VIRTUAL(addr) addr
      |                                    ^~~~
/home/david/Documents/RockBox_Personal-master/devsrc/nano-soh-runtime/Shipwright/soh/include/functions.h:22:52: note: expected 'uintptr_t' {aka 'unsigned int'} but argument is of type 'void *'
   22 | void gSPSegment(void* value, int segNum, uintptr_t target);
      |                                          ~~~~~~~~~~^~~~~~
