/home/david/Documents/RockBox_Personal-master/devsrc/nano-soh-runtime/Shipwright/soh/src/overlays/actors/ovl_Bg_Hidan_Kowarerukabe/z_bg_hidan_kowarerukabe.c:40:5: warning: initialization of 'Gfx *' from incompatible pointer type 'const char *' [-Wincompatible-pointer-types]
   40 |     gFireTempleCrackedStoneFloorDL,
      |     ^~~~~~~~~~~~~~~~~~~~~~~~~~~~~~
/home/david/Documents/RockBox_Personal-master/devsrc/nano-soh-runtime/Shipwright/soh/src/overlays/actors/ovl_Bg_Hidan_Kowarerukabe/z_bg_hidan_kowarerukabe.c:40:5: note: (near initialization for 'sBreakableWallDLists[0]')
/home/david/Documents/RockBox_Personal-master/devsrc/nano-soh-runtime/Shipwright/soh/src/overlays/actors/ovl_Bg_Hidan_Kowarerukabe/z_bg_hidan_kowarerukabe.c:41:5: warning: initialization of 'Gfx *' from incompatible pointer type 'const char *' [-Wincompatible-pointer-types]
   41 |     gFireTempleBombableWallDL,
      |     ^~~~~~~~~~~~~~~~~~~~~~~~~
/home/david/Documents/RockBox_Personal-master/devsrc/nano-soh-runtime/Shipwright/soh/src/overlays/actors/ovl_Bg_Hidan_Kowarerukabe/z_bg_hidan_kowarerukabe.c:41:5: note: (near initialization for 'sBreakableWallDLists[1]')
/home/david/Documents/RockBox_Personal-master/devsrc/nano-soh-runtime/Shipwright/soh/src/overlays/actors/ovl_Bg_Hidan_Kowarerukabe/z_bg_hidan_kowarerukabe.c:42:5: warning: initialization of 'Gfx *' from incompatible pointer type 'const char *' [-Wincompatible-pointer-types]
   42 |     gFireTempleLargeBombableWallDL,
      |     ^~~~~~~~~~~~~~~~~~~~~~~~~~~~~~
/home/david/Documents/RockBox_Personal-master/devsrc/nano-soh-runtime/Shipwright/soh/src/overlays/actors/ovl_Bg_Hidan_Kowarerukabe/z_bg_hidan_kowarerukabe.c:42:5: note: (near initialization for 'sBreakableWallDLists[2]')
/home/david/Documents/RockBox_Personal-master/devsrc/nano-soh-runtime/Shipwright/soh/src/overlays/actors/ovl_Bg_Hidan_Kowarerukabe/z_bg_hidan_kowarerukabe.c: In function 'BgHidanKowarerukabe_InitDynaPoly':
/home/david/Documents/RockBox_Personal-master/devsrc/nano-soh-runtime/Shipwright/soh/src/overlays/actors/ovl_Bg_Hidan_Kowarerukabe/z_bg_hidan_kowarerukabe.c:74:9: warning: initialization of 'CollisionHeader *' from incompatible pointer type 'const char (*)[68]' [-Wincompatible-pointer-types]
   74 |         &gFireTempleCrackedStoneFloorCol,
      |         ^
/home/david/Documents/RockBox_Personal-master/devsrc/nano-soh-runtime/Shipwright/soh/src/overlays/actors/ovl_Bg_Hidan_Kowarerukabe/z_bg_hidan_kowarerukabe.c:74:9: note: (near initialization for 'collisionHeaders[0]')
/home/david/Documents/RockBox_Personal-master/devsrc/nano-soh-runtime/Shipwright/soh/src/overlays/actors/ovl_Bg_Hidan_Kowarerukabe/z_bg_hidan_kowarerukabe.c:75:9: warning: initialization of 'CollisionHeader *' from incompatible pointer type 'const char (*)[63]' [-Wincompatible-pointer-types]
   75 |         &gFireTempleBombableWallCol,
      |         ^
/home/david/Documents/RockBox_Personal-master/devsrc/nano-soh-runtime/Shipwright/soh/src/overlays/actors/ovl_Bg_Hidan_Kowarerukabe/z_bg_hidan_kowarerukabe.c:75:9: note: (near initialization for 'collisionHeaders[1]')
/home/david/Documents/RockBox_Personal-master/devsrc/nano-soh-runtime/Shipwright/soh/src/overlays/actors/ovl_Bg_Hidan_Kowarerukabe/z_bg_hidan_kowarerukabe.c:76:9: warning: initialization of 'CollisionHeader *' from incompatible pointer type 'const char (*)[68]' [-Wincompatible-pointer-types]
   76 |         &gFireTempleLargeBombableWallCol,
      |         ^
/home/david/Documents/RockBox_Personal-master/devsrc/nano-soh-runtime/Shipwright/soh/src/overlays/actors/ovl_Bg_Hidan_Kowarerukabe/z_bg_hidan_kowarerukabe.c:76:9: note: (near initialization for 'collisionHeaders[2]')
/home/david/Documents/RockBox_Personal-master/devsrc/nano-soh-runtime/Shipwright/soh/src/overlays/actors/ovl_Bg_Hidan_Kowarerukabe/z_bg_hidan_kowarerukabe.c: In function 'BgHidanKowarerukabe_FloorBreak':
/home/david/Documents/RockBox_Personal-master/devsrc/nano-soh-runtime/Shipwright/soh/src/overlays/actors/ovl_Bg_Hidan_Kowarerukabe/z_bg_hidan_kowarerukabe.c:200:83: warning: passing argument 16 of 'EffectSsKakera_Spawn' from incompatible pointer type [-Wincompatible-pointer-types]
  200 |                                  KAKERA_COLOR_NONE, OBJECT_GAMEPLAY_DANGEON_KEEP, gBrownFragmentDL);
      |                                                                                   ^~~~~~~~~~~~~~~~
      |                                                                                   |
      |                                                                                   const char *
In file included from /home/david/Documents/RockBox_Personal-master/devsrc/nano-soh-runtime/Shipwright/soh/include/global.h:8,
                 from /home/david/Documents/RockBox_Personal-master/devsrc/nano-soh-runtime/Shipwright/soh/src/overlays/actors/ovl_Bg_Hidan_Kowarerukabe/z_bg_hidan_kowarerukabe.h:5,
                 from /home/david/Documents/RockBox_Personal-master/devsrc/nano-soh-runtime/Shipwright/soh/src/overlays/actors/ovl_Bg_Hidan_Kowarerukabe/z_bg_hidan_kowarerukabe.c:7:
/home/david/Documents/RockBox_Personal-master/devsrc/nano-soh-runtime/Shipwright/soh/include/functions.h:329:43: note: expected 'Gfx *' but argument is of type 'const char *'
  329 |                           s16 objId, Gfx* dList);
      |                                      ~~~~~^~~~~
/home/david/Documents/RockBox_Personal-master/devsrc/nano-soh-runtime/Shipwright/soh/src/overlays/actors/ovl_Bg_Hidan_Kowarerukabe/z_bg_hidan_kowarerukabe.c: In function 'func_8088A67C':
/home/david/Documents/RockBox_Personal-master/devsrc/nano-soh-runtime/Shipwright/soh/src/overlays/actors/ovl_Bg_Hidan_Kowarerukabe/z_bg_hidan_kowarerukabe.c:241:83: warning: passing argument 16 of 'EffectSsKakera_Spawn' from incompatible pointer type [-Wincompatible-pointer-types]
  241 |                                  KAKERA_COLOR_NONE, OBJECT_GAMEPLAY_DANGEON_KEEP, gBrownFragmentDL);
      |                                                                                   ^~~~~~~~~~~~~~~~
      |                                                                                   |
      |                                                                                   const char *
/home/david/Documents/RockBox_Personal-master/devsrc/nano-soh-runtime/Shipwright/soh/include/functions.h:329:43: note: expected 'Gfx *' but argument is of type 'const char *'
  329 |                           s16 objId, Gfx* dList);
      |                                      ~~~~~^~~~~
/home/david/Documents/RockBox_Personal-master/devsrc/nano-soh-runtime/Shipwright/soh/src/overlays/actors/ovl_Bg_Hidan_Kowarerukabe/z_bg_hidan_kowarerukabe.c: In function 'BgHidanKowarerukabe_LargeWallBreak':
/home/david/Documents/RockBox_Personal-master/devsrc/nano-soh-runtime/Shipwright/soh/src/overlays/actors/ovl_Bg_Hidan_Kowarerukabe/z_bg_hidan_kowarerukabe.c:282:83: warning: passing argument 16 of 'EffectSsKakera_Spawn' from incompatible pointer type [-Wincompatible-pointer-types]
  282 |                                  KAKERA_COLOR_NONE, OBJECT_GAMEPLAY_DANGEON_KEEP, gBrownFragmentDL);
      |                                                                                   ^~~~~~~~~~~~~~~~
      |                                                                                   |
      |                                                                                   const char *
/home/david/Documents/RockBox_Personal-master/devsrc/nano-soh-runtime/Shipwright/soh/include/functions.h:329:43: note: expected 'Gfx *' but argument is of type 'const char *'
  329 |                           s16 objId, Gfx* dList);
      |                                      ~~~~~^~~~~
