/home/david/Documents/RockBox_Personal-master/devsrc/nano-soh-runtime/Shipwright/soh/src/overlays/actors/ovl_En_Dh/z_en_dh.c: In function 'EnDh_Init':
/home/david/Documents/RockBox_Personal-master/devsrc/nano-soh-runtime/Shipwright/soh/src/overlays/actors/ovl_En_Dh/z_en_dh.c:148:48: warning: passing argument 3 of 'SkelAnime_InitFlex' from incompatible pointer type [-Wincompatible-pointer-types]
  148 |     SkelAnime_InitFlex(play, &this->skelAnime, &object_dh_Skel_007E88, &object_dh_Anim_005880, this->jointTable,
      |                                                ^~~~~~~~~~~~~~~~~~~~~~
      |                                                |
      |                                                const char (*)[47]
In file included from /home/david/Documents/RockBox_Personal-master/devsrc/nano-soh-runtime/Shipwright/soh/include/global.h:8,
                 from /home/david/Documents/RockBox_Personal-master/devsrc/nano-soh-runtime/Shipwright/soh/src/overlays/actors/ovl_En_Dh/z_en_dh.h:5,
                 from /home/david/Documents/RockBox_Personal-master/devsrc/nano-soh-runtime/Shipwright/soh/src/overlays/actors/ovl_En_Dh/z_en_dh.c:1:
/home/david/Documents/RockBox_Personal-master/devsrc/nano-soh-runtime/Shipwright/soh/include/functions.h:1329:83: note: expected 'FlexSkeletonHeader *' but argument is of type 'const char (*)[47]'
 1329 | s32 SkelAnime_InitFlex(PlayState* play, SkelAnime* skelAnime, FlexSkeletonHeader* skeletonHeaderSeg,
      |                                                               ~~~~~~~~~~~~~~~~~~~~^~~~~~~~~~~~~~~~~
/home/david/Documents/RockBox_Personal-master/devsrc/nano-soh-runtime/Shipwright/soh/src/overlays/actors/ovl_En_Dh/z_en_dh.c:148:72: warning: passing argument 4 of 'SkelAnime_InitFlex' from incompatible pointer type [-Wincompatible-pointer-types]
  148 |     SkelAnime_InitFlex(play, &this->skelAnime, &object_dh_Skel_007E88, &object_dh_Anim_005880, this->jointTable,
      |                                                                        ^~~~~~~~~~~~~~~~~~~~~~
      |                                                                        |
      |                                                                        const char (*)[47]
/home/david/Documents/RockBox_Personal-master/devsrc/nano-soh-runtime/Shipwright/soh/include/functions.h:1330:41: note: expected 'AnimationHeader *' but argument is of type 'const char (*)[47]'
 1330 |                        AnimationHeader* animation, Vec3s* jointTable, Vec3s* morphTable, s32 limbCount);
      |                        ~~~~~~~~~~~~~~~~~^~~~~~~~~
/home/david/Documents/RockBox_Personal-master/devsrc/nano-soh-runtime/Shipwright/soh/src/overlays/actors/ovl_En_Dh/z_en_dh.c: In function 'EnDh_SetupWait':
/home/david/Documents/RockBox_Personal-master/devsrc/nano-soh-runtime/Shipwright/soh/src/overlays/actors/ovl_En_Dh/z_en_dh.c:191:42: warning: passing argument 2 of 'Animation_PlayLoop' from incompatible pointer type [-Wincompatible-pointer-types]
  191 |     Animation_PlayLoop(&this->skelAnime, &object_dh_Anim_003A8C);
      |                                          ^~~~~~~~~~~~~~~~~~~~~~
      |                                          |
      |                                          const char (*)[47]
/home/david/Documents/RockBox_Personal-master/devsrc/nano-soh-runtime/Shipwright/soh/include/functions.h:1341:64: note: expected 'AnimationHeader *' but argument is of type 'const char (*)[47]'
 1341 | void Animation_PlayLoop(SkelAnime* skelAnime, AnimationHeader* animation);
      |                                               ~~~~~~~~~~~~~~~~~^~~~~~~~~
/home/david/Documents/RockBox_Personal-master/devsrc/nano-soh-runtime/Shipwright/soh/src/overlays/actors/ovl_En_Dh/z_en_dh.c: In function 'EnDh_SetupWalk':
/home/david/Documents/RockBox_Personal-master/devsrc/nano-soh-runtime/Shipwright/soh/src/overlays/actors/ovl_En_Dh/z_en_dh.c:246:45: warning: passing argument 1 of 'Animation_GetLastFrame' discards 'const' qualifier from pointer target type [-Wdiscarded-array-qualifiers]
  246 |                      Animation_GetLastFrame(&object_dh_Anim_003A8C) - 3.0f, ANIMMODE_LOOP, -6.0f);
      |                                             ^~~~~~~~~~~~~~~~~~~~~~
/home/david/Documents/RockBox_Personal-master/devsrc/nano-soh-runtime/Shipwright/soh/include/functions.h:1278:34: note: expected 'void *' but argument is of type 'const char (*)[47]'
 1278 | s16 Animation_GetLastFrame(void* animation);
      |                            ~~~~~~^~~~~~~~~
/home/david/Documents/RockBox_Personal-master/devsrc/nano-soh-runtime/Shipwright/soh/src/overlays/actors/ovl_En_Dh/z_en_dh.c:245:40: warning: passing argument 2 of 'Animation_Change' from incompatible pointer type [-Wincompatible-pointer-types]
  245 |     Animation_Change(&this->skelAnime, &object_dh_Anim_003A8C, 1.0f, 0.0f,
      |                                        ^~~~~~~~~~~~~~~~~~~~~~
      |                                        |
      |                                        const char (*)[47]
/home/david/Documents/RockBox_Personal-master/devsrc/nano-soh-runtime/Shipwright/soh/include/functions.h:1336:62: note: expected 'AnimationHeader *' but argument is of type 'const char (*)[47]'
 1336 | void Animation_Change(SkelAnime* skelAnime, AnimationHeader* animation, f32 playSpeed, f32 startFrame, f32 endFrame,
      |                                             ~~~~~~~~~~~~~~~~~^~~~~~~~~
/home/david/Documents/RockBox_Personal-master/devsrc/nano-soh-runtime/Shipwright/soh/src/overlays/actors/ovl_En_Dh/z_en_dh.c: In function 'EnDh_SetupRetreat':
/home/david/Documents/RockBox_Personal-master/devsrc/nano-soh-runtime/Shipwright/soh/src/overlays/actors/ovl_En_Dh/z_en_dh.c:274:45: warning: passing argument 2 of 'Animation_MorphToLoop' from incompatible pointer type [-Wincompatible-pointer-types]
  274 |     Animation_MorphToLoop(&this->skelAnime, &object_dh_Anim_005880, -4.0f);
      |                                             ^~~~~~~~~~~~~~~~~~~~~~
      |                                             |
      |                                             const char (*)[47]
/home/david/Documents/RockBox_Personal-master/devsrc/nano-soh-runtime/Shipwright/soh/include/functions.h:1342:67: note: expected 'AnimationHeader *' but argument is of type 'const char (*)[47]'
 1342 | void Animation_MorphToLoop(SkelAnime* skelAnime, AnimationHeader* animation, f32 morphFrames);
      |                                                  ~~~~~~~~~~~~~~~~~^~~~~~~~~
/home/david/Documents/RockBox_Personal-master/devsrc/nano-soh-runtime/Shipwright/soh/src/overlays/actors/ovl_En_Dh/z_en_dh.c: In function 'EnDh_SetupAttack':
/home/david/Documents/RockBox_Personal-master/devsrc/nano-soh-runtime/Shipwright/soh/src/overlays/actors/ovl_En_Dh/z_en_dh.c:294:49: warning: passing argument 2 of 'Animation_MorphToPlayOnce' from incompatible pointer type [-Wincompatible-pointer-types]
  294 |     Animation_MorphToPlayOnce(&this->skelAnime, &object_dh_Anim_004658, -6.0f);
      |                                                 ^~~~~~~~~~~~~~~~~~~~~~
      |                                                 |
      |                                                 const char (*)[47]
/home/david/Documents/RockBox_Personal-master/devsrc/nano-soh-runtime/Shipwright/soh/include/functions.h:1339:71: note: expected 'AnimationHeader *' but argument is of type 'const char (*)[47]'
 1339 | void Animation_MorphToPlayOnce(SkelAnime* skelAnime, AnimationHeader* animation, f32 morphFrames);
      |                                                      ~~~~~~~~~~~~~~~~~^~~~~~~~~
/home/david/Documents/RockBox_Personal-master/devsrc/nano-soh-runtime/Shipwright/soh/src/overlays/actors/ovl_En_Dh/z_en_dh.c: In function 'EnDh_Attack':
/home/david/Documents/RockBox_Personal-master/devsrc/nano-soh-runtime/Shipwright/soh/src/overlays/actors/ovl_En_Dh/z_en_dh.c:307:44: warning: passing argument 2 of 'Animation_Change' from incompatible pointer type [-Wincompatible-pointer-types]
  307 |         Animation_Change(&this->skelAnime, &object_dh_Anim_004658, -1.0f, this->skelAnime.curFrame, 0.0f, ANIMMODE_ONCE,
      |                                            ^~~~~~~~~~~~~~~~~~~~~~
      |                                            |
      |                                            const char (*)[47]
/home/david/Documents/RockBox_Personal-master/devsrc/nano-soh-runtime/Shipwright/soh/include/functions.h:1336:62: note: expected 'AnimationHeader *' but argument is of type 'const char (*)[47]'
 1336 | void Animation_Change(SkelAnime* skelAnime, AnimationHeader* animation, f32 playSpeed, f32 startFrame, f32 endFrame,
      |                                             ~~~~~~~~~~~~~~~~~^~~~~~~~~
/home/david/Documents/RockBox_Personal-master/devsrc/nano-soh-runtime/Shipwright/soh/src/overlays/actors/ovl_En_Dh/z_en_dh.c:315:50: warning: passing argument 2 of 'Animation_PlayOnce' from incompatible pointer type [-Wincompatible-pointer-types]
  315 |             Animation_PlayOnce(&this->skelAnime, &object_dh_Anim_001A3C);
      |                                                  ^~~~~~~~~~~~~~~~~~~~~~
      |                                                  |
      |                                                  const char (*)[47]
/home/david/Documents/RockBox_Personal-master/devsrc/nano-soh-runtime/Shipwright/soh/include/functions.h:1338:64: note: expected 'AnimationHeader *' but argument is of type 'const char (*)[47]'
 1338 | void Animation_PlayOnce(SkelAnime* skelAnime, AnimationHeader* animation);
      |                                               ~~~~~~~~~~~~~~~~~^~~~~~~~~
/home/david/Documents/RockBox_Personal-master/devsrc/nano-soh-runtime/Shipwright/soh/src/overlays/actors/ovl_En_Dh/z_en_dh.c:342:57: warning: passing argument 1 of 'Animation_GetLastFrame' discards 'const' qualifier from pointer target type [-Wdiscarded-array-qualifiers]
  342 |                                  Animation_GetLastFrame(&object_dh_Anim_004658), ANIMMODE_ONCE, -6.0f);
      |                                                         ^~~~~~~~~~~~~~~~~~~~~~
/home/david/Documents/RockBox_Personal-master/devsrc/nano-soh-runtime/Shipwright/soh/include/functions.h:1278:34: note: expected 'void *' but argument is of type 'const char (*)[47]'
 1278 | s16 Animation_GetLastFrame(void* animation);
      |                            ~~~~~~^~~~~~~~~
/home/david/Documents/RockBox_Personal-master/devsrc/nano-soh-runtime/Shipwright/soh/src/overlays/actors/ovl_En_Dh/z_en_dh.c:341:52: warning: passing argument 2 of 'Animation_Change' from incompatible pointer type [-Wincompatible-pointer-types]
  341 |                 Animation_Change(&this->skelAnime, &object_dh_Anim_004658, 1.0f, 20.0f,
      |                                                    ^~~~~~~~~~~~~~~~~~~~~~
      |                                                    |
      |                                                    const char (*)[47]
/home/david/Documents/RockBox_Personal-master/devsrc/nano-soh-runtime/Shipwright/soh/include/functions.h:1336:62: note: expected 'AnimationHeader *' but argument is of type 'const char (*)[47]'
 1336 | void Animation_Change(SkelAnime* skelAnime, AnimationHeader* animation, f32 playSpeed, f32 startFrame, f32 endFrame,
      |                                             ~~~~~~~~~~~~~~~~~^~~~~~~~~
/home/david/Documents/RockBox_Personal-master/devsrc/nano-soh-runtime/Shipwright/soh/src/overlays/actors/ovl_En_Dh/z_en_dh.c:346:57: warning: passing argument 1 of 'Animation_GetLastFrame' discards 'const' qualifier from pointer target type [-Wdiscarded-array-qualifiers]
  346 |                                  Animation_GetLastFrame(&object_dh_Anim_004658), 0.0f, ANIMMODE_ONCE, -4.0f);
      |                                                         ^~~~~~~~~~~~~~~~~~~~~~
/home/david/Documents/RockBox_Personal-master/devsrc/nano-soh-runtime/Shipwright/soh/include/functions.h:1278:34: note: expected 'void *' but argument is of type 'const char (*)[47]'
 1278 | s16 Animation_GetLastFrame(void* animation);
      |                            ~~~~~~^~~~~~~~~
/home/david/Documents/RockBox_Personal-master/devsrc/nano-soh-runtime/Shipwright/soh/src/overlays/actors/ovl_En_Dh/z_en_dh.c:345:52: warning: passing argument 2 of 'Animation_Change' from incompatible pointer type [-Wincompatible-pointer-types]
  345 |                 Animation_Change(&this->skelAnime, &object_dh_Anim_004658, -1.0f,
      |                                                    ^~~~~~~~~~~~~~~~~~~~~~
      |                                                    |
      |                                                    const char (*)[47]
/home/david/Documents/RockBox_Personal-master/devsrc/nano-soh-runtime/Shipwright/soh/include/functions.h:1336:62: note: expected 'AnimationHeader *' but argument is of type 'const char (*)[47]'
 1336 | void Animation_Change(SkelAnime* skelAnime, AnimationHeader* animation, f32 playSpeed, f32 startFrame, f32 endFrame,
      |                                             ~~~~~~~~~~~~~~~~~^~~~~~~~~
/home/david/Documents/RockBox_Personal-master/devsrc/nano-soh-runtime/Shipwright/soh/src/overlays/actors/ovl_En_Dh/z_en_dh.c: In function 'EnDh_SetupBurrow':
/home/david/Documents/RockBox_Personal-master/devsrc/nano-soh-runtime/Shipwright/soh/src/overlays/actors/ovl_En_Dh/z_en_dh.c:363:49: warning: passing argument 2 of 'Animation_MorphToPlayOnce' from incompatible pointer type [-Wincompatible-pointer-types]
  363 |     Animation_MorphToPlayOnce(&this->skelAnime, &object_dh_Anim_002148, -6.0f);
      |                                                 ^~~~~~~~~~~~~~~~~~~~~~
      |                                                 |
      |                                                 const char (*)[47]
/home/david/Documents/RockBox_Personal-master/devsrc/nano-soh-runtime/Shipwright/soh/include/functions.h:1339:71: note: expected 'AnimationHeader *' but argument is of type 'const char (*)[47]'
 1339 | void Animation_MorphToPlayOnce(SkelAnime* skelAnime, AnimationHeader* animation, f32 morphFrames);
      |                                                      ~~~~~~~~~~~~~~~~~^~~~~~~~~
/home/david/Documents/RockBox_Personal-master/devsrc/nano-soh-runtime/Shipwright/soh/src/overlays/actors/ovl_En_Dh/z_en_dh.c: In function 'EnDh_SetupDamage':
/home/david/Documents/RockBox_Personal-master/devsrc/nano-soh-runtime/Shipwright/soh/src/overlays/actors/ovl_En_Dh/z_en_dh.c:405:49: warning: passing argument 2 of 'Animation_MorphToPlayOnce' from incompatible pointer type [-Wincompatible-pointer-types]
  405 |     Animation_MorphToPlayOnce(&this->skelAnime, &object_dh_Anim_003D6C, -6.0f);
      |                                                 ^~~~~~~~~~~~~~~~~~~~~~
      |                                                 |
      |                                                 const char (*)[47]
/home/david/Documents/RockBox_Personal-master/devsrc/nano-soh-runtime/Shipwright/soh/include/functions.h:1339:71: note: expected 'AnimationHeader *' but argument is of type 'const char (*)[47]'
 1339 | void Animation_MorphToPlayOnce(SkelAnime* skelAnime, AnimationHeader* animation, f32 morphFrames);
      |                                                      ~~~~~~~~~~~~~~~~~^~~~~~~~~
/home/david/Documents/RockBox_Personal-master/devsrc/nano-soh-runtime/Shipwright/soh/src/overlays/actors/ovl_En_Dh/z_en_dh.c: In function 'EnDh_Damage':
/home/david/Documents/RockBox_Personal-master/devsrc/nano-soh-runtime/Shipwright/soh/src/overlays/actors/ovl_En_Dh/z_en_dh.c:424:49: warning: passing argument 1 of 'Animation_GetLastFrame' discards 'const' qualifier from pointer target type [-Wdiscarded-array-qualifiers]
  424 |             f32 frames = Animation_GetLastFrame(&object_dh_Anim_004658);
      |                                                 ^~~~~~~~~~~~~~~~~~~~~~
/home/david/Documents/RockBox_Personal-master/devsrc/nano-soh-runtime/Shipwright/soh/include/functions.h:1278:34: note: expected 'void *' but argument is of type 'const char (*)[47]'
 1278 | s16 Animation_GetLastFrame(void* animation);
      |                            ~~~~~~^~~~~~~~~
/home/david/Documents/RockBox_Personal-master/devsrc/nano-soh-runtime/Shipwright/soh/src/overlays/actors/ovl_En_Dh/z_en_dh.c:427:48: warning: passing argument 2 of 'Animation_Change' from incompatible pointer type [-Wincompatible-pointer-types]
  427 |             Animation_Change(&this->skelAnime, &object_dh_Anim_004658, 1.0f, 20.0f, frames, ANIMMODE_ONCE, -6.0f);
      |                                                ^~~~~~~~~~~~~~~~~~~~~~
      |                                                |
      |                                                const char (*)[47]
/home/david/Documents/RockBox_Personal-master/devsrc/nano-soh-runtime/Shipwright/soh/include/functions.h:1336:62: note: expected 'AnimationHeader *' but argument is of type 'const char (*)[47]'
 1336 | void Animation_Change(SkelAnime* skelAnime, AnimationHeader* animation, f32 playSpeed, f32 startFrame, f32 endFrame,
      |                                             ~~~~~~~~~~~~~~~~~^~~~~~~~~
/home/david/Documents/RockBox_Personal-master/devsrc/nano-soh-runtime/Shipwright/soh/src/overlays/actors/ovl_En_Dh/z_en_dh.c: In function 'EnDh_SetupDeath':
/home/david/Documents/RockBox_Personal-master/devsrc/nano-soh-runtime/Shipwright/soh/src/overlays/actors/ovl_En_Dh/z_en_dh.c:436:49: warning: passing argument 2 of 'Animation_MorphToPlayOnce' from incompatible pointer type [-Wincompatible-pointer-types]
  436 |     Animation_MorphToPlayOnce(&this->skelAnime, &object_dh_Anim_0032BC, -1.0f);
      |                                                 ^~~~~~~~~~~~~~~~~~~~~~
      |                                                 |
      |                                                 const char (*)[47]
/home/david/Documents/RockBox_Personal-master/devsrc/nano-soh-runtime/Shipwright/soh/include/functions.h:1339:71: note: expected 'AnimationHeader *' but argument is of type 'const char (*)[47]'
 1339 | void Animation_MorphToPlayOnce(SkelAnime* skelAnime, AnimationHeader* animation, f32 morphFrames);
      |                                                      ~~~~~~~~~~~~~~~~~^~~~~~~~~
/home/david/Documents/RockBox_Personal-master/devsrc/nano-soh-runtime/Shipwright/soh/src/overlays/actors/ovl_En_Dh/z_en_dh.c: In function 'EnDh_Death':
/home/david/Documents/RockBox_Personal-master/devsrc/nano-soh-runtime/Shipwright/soh/src/overlays/actors/ovl_En_Dh/z_en_dh.c:451:50: warning: passing argument 2 of 'Animation_PlayLoop' from incompatible pointer type [-Wincompatible-pointer-types]
  451 |             Animation_PlayLoop(&this->skelAnime, &object_dh_Anim_00375C);
      |                                                  ^~~~~~~~~~~~~~~~~~~~~~
      |                                                  |
      |                                                  const char (*)[47]
/home/david/Documents/RockBox_Personal-master/devsrc/nano-soh-runtime/Shipwright/soh/include/functions.h:1341:64: note: expected 'AnimationHeader *' but argument is of type 'const char (*)[47]'
 1341 | void Animation_PlayLoop(SkelAnime* skelAnime, AnimationHeader* animation);
      |                                               ~~~~~~~~~~~~~~~~~^~~~~~~~~
/home/david/Documents/RockBox_Personal-master/devsrc/nano-soh-runtime/Shipwright/soh/src/overlays/actors/ovl_En_Dh/z_en_dh.c: In function 'EnDh_Draw':
/home/david/Documents/RockBox_Personal-master/devsrc/nano-soh-runtime/Shipwright/soh/src/overlays/actors/ovl_En_Dh/z_en_dh.c:557:43: warning: passing argument 3 of 'gSPSegment' makes integer from pointer without a cast [-Wint-conversion]
  557 |         gSPSegment(POLY_OPA_DISP++, 0x08, &D_80116280[2]);
      |                                           ^~~~~~~~~~~~~~
      |                                           |
      |                                           Gfx *
/home/david/Documents/RockBox_Personal-master/devsrc/nano-soh-runtime/Shipwright/soh/include/functions.h:22:52: note: expected 'uintptr_t' {aka 'unsigned int'} but argument is of type 'Gfx *'
   22 | void gSPSegment(void* value, int segNum, uintptr_t target);
      |                                          ~~~~~~~~~~^~~~~~
/home/david/Documents/RockBox_Personal-master/devsrc/nano-soh-runtime/Shipwright/soh/src/overlays/actors/ovl_En_Dh/z_en_dh.c:564:43: warning: passing argument 3 of 'gSPSegment' makes integer from pointer without a cast [-Wint-conversion]
  564 |         gSPSegment(POLY_XLU_DISP++, 0x08, &D_80116280[0]);
      |                                           ^~~~~~~~~~~~~~
      |                                           |
      |                                           Gfx *
/home/david/Documents/RockBox_Personal-master/devsrc/nano-soh-runtime/Shipwright/soh/include/functions.h:22:52: note: expected 'uintptr_t' {aka 'unsigned int'} but argument is of type 'Gfx *'
   22 | void gSPSegment(void* value, int segNum, uintptr_t target);
      |                                          ~~~~~~~~~~^~~~~~
/home/david/Documents/RockBox_Personal-master/devsrc/nano-soh-runtime/Shipwright/soh/src/overlays/actors/ovl_En_Dh/z_en_dh.c:572:20: warning: passing argument 3 of 'gSPSegment' makes integer from pointer without a cast [-Wint-conversion]
  572 |                    Gfx_TwoTexScrollEx(play->state.gfxCtx, 0, (play->state.frames * -3) % 0x80, 0, 0x20, 0x40, 1,
      |                    ^~~~~~~~~~~~~~~~~~~~~~~~~~~~~~~~~~~~~~~~~~~~~~~~~~~~~~~~~~~~~~~~~~~~~~~~~~~~~~~~~~~~~~~~~~~~~
      |                    |
      |                    Gfx *
  573 |                                       (play->state.frames * -10) % 0x80, (play->state.frames * -20) % 0x100, 0x20, 0x40,
      |                                       ~~~~~~~~~~~~~~~~~~~~~~~~~~~~~~~~~~~~~~~~~~~~~~~~~~~~~~~~~~~~~~~~~~~~~~~~~~~~~~~~~~
  574 |                                       -3, 0, -10, -20));
      |                                       ~~~~~~~~~~~~~~~~
/home/david/Documents/RockBox_Personal-master/devsrc/nano-soh-runtime/Shipwright/soh/include/functions.h:22:52: note: expected 'uintptr_t' {aka 'unsigned int'} but argument is of type 'Gfx *'
   22 | void gSPSegment(void* value, int segNum, uintptr_t target);
      |                                          ~~~~~~~~~~^~~~~~
/home/david/Documents/RockBox_Personal-master/devsrc/nano-soh-runtime/Shipwright/soh/src/overlays/actors/ovl_En_Dh/z_en_dh.c:581:41: warning: passing argument 2 of 'gSPDisplayList' from incompatible pointer type [-Wincompatible-pointer-types]
  581 |         gSPDisplayList(POLY_XLU_DISP++, object_dh_DL_007FC0);
      |                                         ^~~~~~~~~~~~~~~~~~~
      |                                         |
      |                                         const char *
/home/david/Documents/RockBox_Personal-master/devsrc/nano-soh-runtime/Shipwright/soh/include/functions.h:24:36: note: expected 'Gfx *' but argument is of type 'const char *'
   24 | void gSPDisplayList(Gfx* pkt, Gfx* dl);
      |                               ~~~~~^~
