/home/david/Documents/RockBox_Personal-master/devsrc/nano-soh-runtime/Shipwright/soh/src/overlays/effects/ovl_Effect_Ss_Stone1/z_eff_ss_stone1.c:28:7: warning: initialization discards 'const' qualifier from pointer target type [-Wdiscarded-qualifiers]
   28 |     { gUnknownEffStone8Tex, { 200, 0, 0, 255 }, { 0, 0, 0, 255 } },
      |       ^~~~~~~~~~~~~~~~~~~~
/home/david/Documents/RockBox_Personal-master/devsrc/nano-soh-runtime/Shipwright/soh/src/overlays/effects/ovl_Effect_Ss_Stone1/z_eff_ss_stone1.c:29:7: warning: initialization discards 'const' qualifier from pointer target type [-Wdiscarded-qualifiers]
   29 |     { gUnknownEffStone7Tex, { 255, 100, 0, 255 }, { 100, 0, 0, 255 } },
      |       ^~~~~~~~~~~~~~~~~~~~
/home/david/Documents/RockBox_Personal-master/devsrc/nano-soh-runtime/Shipwright/soh/src/overlays/effects/ovl_Effect_Ss_Stone1/z_eff_ss_stone1.c:30:7: warning: initialization discards 'const' qualifier from pointer target type [-Wdiscarded-qualifiers]
   30 |     { gUnknownEffStone6Tex, { 255, 200, 0, 255 }, { 200, 0, 0, 255 } },
      |       ^~~~~~~~~~~~~~~~~~~~
/home/david/Documents/RockBox_Personal-master/devsrc/nano-soh-runtime/Shipwright/soh/src/overlays/effects/ovl_Effect_Ss_Stone1/z_eff_ss_stone1.c:31:7: warning: initialization discards 'const' qualifier from pointer target type [-Wdiscarded-qualifiers]
   31 |     { gUnknownEffStone5Tex, { 255, 255, 0, 255 }, { 255, 0, 0, 255 } },
      |       ^~~~~~~~~~~~~~~~~~~~
/home/david/Documents/RockBox_Personal-master/devsrc/nano-soh-runtime/Shipwright/soh/src/overlays/effects/ovl_Effect_Ss_Stone1/z_eff_ss_stone1.c:32:7: warning: initialization discards 'const' qualifier from pointer target type [-Wdiscarded-qualifiers]
   32 |     { gUnknownEffStone4Tex, { 255, 255, 150, 255 }, { 255, 150, 0, 255 } },
      |       ^~~~~~~~~~~~~~~~~~~~
/home/david/Documents/RockBox_Personal-master/devsrc/nano-soh-runtime/Shipwright/soh/src/overlays/effects/ovl_Effect_Ss_Stone1/z_eff_ss_stone1.c:33:7: warning: initialization discards 'const' qualifier from pointer target type [-Wdiscarded-qualifiers]
   33 |     { gUnknownEffStone3Tex, { 255, 255, 255, 255 }, { 255, 255, 0, 255 } },
      |       ^~~~~~~~~~~~~~~~~~~~
/home/david/Documents/RockBox_Personal-master/devsrc/nano-soh-runtime/Shipwright/soh/src/overlays/effects/ovl_Effect_Ss_Stone1/z_eff_ss_stone1.c:34:7: warning: initialization discards 'const' qualifier from pointer target type [-Wdiscarded-qualifiers]
   34 |     { gUnknownEffStone2Tex, { 255, 255, 255, 255 }, { 0, 255, 0, 255 } },
      |       ^~~~~~~~~~~~~~~~~~~~
/home/david/Documents/RockBox_Personal-master/devsrc/nano-soh-runtime/Shipwright/soh/src/overlays/effects/ovl_Effect_Ss_Stone1/z_eff_ss_stone1.c:35:7: warning: initialization discards 'const' qualifier from pointer target type [-Wdiscarded-qualifiers]
   35 |     { gUnknownEffStone1Tex, { 255, 255, 255, 255 }, { 0, 255, 255, 255 } },
      |       ^~~~~~~~~~~~~~~~~~~~
In file included from /home/david/Documents/RockBox_Personal-master/devsrc/nano-soh-runtime/Shipwright/soh/include/global.h:10,
                 from /home/david/Documents/RockBox_Personal-master/devsrc/nano-soh-runtime/Shipwright/soh/src/overlays/effects/ovl_Effect_Ss_Stone1/z_eff_ss_stone1.h:5,
                 from /home/david/Documents/RockBox_Personal-master/devsrc/nano-soh-runtime/Shipwright/soh/src/overlays/effects/ovl_Effect_Ss_Stone1/z_eff_ss_stone1.c:7:
/home/david/Documents/RockBox_Personal-master/devsrc/nano-soh-runtime/Shipwright/soh/src/overlays/effects/ovl_Effect_Ss_Stone1/z_eff_ss_stone1.c: In function 'EffectSsStone1_Draw':
/home/david/Documents/RockBox_Personal-master/devsrc/nano-soh-runtime/Shipwright/soh/src/overlays/effects/ovl_Effect_Ss_Stone1/z_eff_ss_stone1.c:67:70: warning: passing argument 3 of 'gSPSegment' makes integer from pointer without a cast [-Wint-conversion]
   67 |     gSPSegment(POLY_XLU_DISP++, 0x08, SEGMENTED_TO_VIRTUAL(drawParams->texture));
      |                                                            ~~~~~~~~~~^~~~~~~~~
      |                                                                      |
      |                                                                      void *
/home/david/Documents/RockBox_Personal-master/devsrc/nano-soh-runtime/Shipwright/soh/include/macros.h:37:36: note: in definition of macro 'SEGMENTED_TO_VIRTUAL'
   37 | #define SEGMENTED_TO_VIRTUAL(addr) addr
      |                                    ^~~~
In file included from /home/david/Documents/RockBox_Personal-master/devsrc/nano-soh-runtime/Shipwright/soh/include/global.h:8:
/home/david/Documents/RockBox_Personal-master/devsrc/nano-soh-runtime/Shipwright/soh/include/functions.h:22:52: note: expected 'uintptr_t' {aka 'unsigned int'} but argument is of type 'void *'
   22 | void gSPSegment(void* value, int segNum, uintptr_t target);
      |                                          ~~~~~~~~~~^~~~~~
/home/david/Documents/RockBox_Personal-master/devsrc/nano-soh-runtime/Shipwright/soh/src/overlays/effects/ovl_Effect_Ss_Stone1/z_eff_ss_stone1.c:71:37: warning: passing argument 2 of 'gSPDisplayList' from incompatible pointer type [-Wincompatible-pointer-types]
   71 |     gSPDisplayList(POLY_XLU_DISP++, gUnknownEffStoneDL);
      |                                     ^~~~~~~~~~~~~~~~~~
      |                                     |
      |                                     const char *
/home/david/Documents/RockBox_Personal-master/devsrc/nano-soh-runtime/Shipwright/soh/include/functions.h:24:36: note: expected 'Gfx *' but argument is of type 'const char *'
   24 | void gSPDisplayList(Gfx* pkt, Gfx* dl);
      |                               ~~~~~^~
