/home/david/Documents/RockBox_Personal-master/devsrc/nano-soh-runtime/Shipwright/soh/src/overlays/actors/ovl_En_Js/z_en_js.c: In function 'EnJs_Init':
/home/david/Documents/RockBox_Personal-master/devsrc/nano-soh-runtime/Shipwright/soh/src/overlays/actors/ovl_En_Js/z_en_js.c:63:48: warning: passing argument 3 of 'SkelAnime_InitFlex' from incompatible pointer type [-Wincompatible-pointer-types]
   63 |     SkelAnime_InitFlex(play, &this->skelAnime, &gCarpetMerchantSkel, &gCarpetMerchantSlappingKneeAnim, this->jointTable,
      |                                                ^~~~~~~~~~~~~~~~~~~~
      |                                                |
      |                                                const char (*)[45]
In file included from /home/david/Documents/RockBox_Personal-master/devsrc/nano-soh-runtime/Shipwright/soh/include/global.h:8,
                 from /home/david/Documents/RockBox_Personal-master/devsrc/nano-soh-runtime/Shipwright/soh/src/overlays/actors/ovl_En_Js/z_en_js.h:5,
                 from /home/david/Documents/RockBox_Personal-master/devsrc/nano-soh-runtime/Shipwright/soh/src/overlays/actors/ovl_En_Js/z_en_js.c:7:
/home/david/Documents/RockBox_Personal-master/devsrc/nano-soh-runtime/Shipwright/soh/include/functions.h:1329:83: note: expected 'FlexSkeletonHeader *' but argument is of type 'const char (*)[45]'
 1329 | s32 SkelAnime_InitFlex(PlayState* play, SkelAnime* skelAnime, FlexSkeletonHeader* skeletonHeaderSeg,
      |                                                               ~~~~~~~~~~~~~~~~~~~~^~~~~~~~~~~~~~~~~
/home/david/Documents/RockBox_Personal-master/devsrc/nano-soh-runtime/Shipwright/soh/src/overlays/actors/ovl_En_Js/z_en_js.c:63:70: warning: passing argument 4 of 'SkelAnime_InitFlex' from incompatible pointer type [-Wincompatible-pointer-types]
   63 |     SkelAnime_InitFlex(play, &this->skelAnime, &gCarpetMerchantSkel, &gCarpetMerchantSlappingKneeAnim, this->jointTable,
      |                                                                      ^~~~~~~~~~~~~~~~~~~~~~~~~~~~~~~~
      |                                                                      |
      |                                                                      const char (*)[57]
/home/david/Documents/RockBox_Personal-master/devsrc/nano-soh-runtime/Shipwright/soh/include/functions.h:1330:41: note: expected 'AnimationHeader *' but argument is of type 'const char (*)[57]'
 1330 |                        AnimationHeader* animation, Vec3s* jointTable, Vec3s* morphTable, s32 limbCount);
      |                        ~~~~~~~~~~~~~~~~~^~~~~~~~~
/home/david/Documents/RockBox_Personal-master/devsrc/nano-soh-runtime/Shipwright/soh/src/overlays/actors/ovl_En_Js/z_en_js.c:65:42: warning: passing argument 2 of 'Animation_PlayOnce' from incompatible pointer type [-Wincompatible-pointer-types]
   65 |     Animation_PlayOnce(&this->skelAnime, &gCarpetMerchantSlappingKneeAnim);
      |                                          ^~~~~~~~~~~~~~~~~~~~~~~~~~~~~~~~
      |                                          |
      |                                          const char (*)[57]
/home/david/Documents/RockBox_Personal-master/devsrc/nano-soh-runtime/Shipwright/soh/include/functions.h:1338:64: note: expected 'AnimationHeader *' but argument is of type 'const char (*)[57]'
 1338 | void Animation_PlayOnce(SkelAnime* skelAnime, AnimationHeader* animation);
      |                                               ~~~~~~~~~~~~~~~~~^~~~~~~~~
/home/david/Documents/RockBox_Personal-master/devsrc/nano-soh-runtime/Shipwright/soh/src/overlays/actors/ovl_En_Js/z_en_js.c: In function 'func_80A89008':
/home/david/Documents/RockBox_Personal-master/devsrc/nano-soh-runtime/Shipwright/soh/src/overlays/actors/ovl_En_Js/z_en_js.c:103:45: warning: passing argument 1 of 'Animation_GetLastFrame' discards 'const' qualifier from pointer target type [-Wdiscarded-array-qualifiers]
  103 |                      Animation_GetLastFrame(&gCarpetMerchantSlappingKneeAnim), ANIMMODE_ONCE, -4.0f);
      |                                             ^~~~~~~~~~~~~~~~~~~~~~~~~~~~~~~~
/home/david/Documents/RockBox_Personal-master/devsrc/nano-soh-runtime/Shipwright/soh/include/functions.h:1278:34: note: expected 'void *' but argument is of type 'const char (*)[57]'
 1278 | s16 Animation_GetLastFrame(void* animation);
      |                            ~~~~~~^~~~~~~~~
/home/david/Documents/RockBox_Personal-master/devsrc/nano-soh-runtime/Shipwright/soh/src/overlays/actors/ovl_En_Js/z_en_js.c:102:40: warning: passing argument 2 of 'Animation_Change' from incompatible pointer type [-Wincompatible-pointer-types]
  102 |     Animation_Change(&this->skelAnime, &gCarpetMerchantSlappingKneeAnim, 1.0f, 0.0f,
      |                                        ^~~~~~~~~~~~~~~~~~~~~~~~~~~~~~~~
      |                                        |
      |                                        const char (*)[57]
/home/david/Documents/RockBox_Personal-master/devsrc/nano-soh-runtime/Shipwright/soh/include/functions.h:1336:62: note: expected 'AnimationHeader *' but argument is of type 'const char (*)[57]'
 1336 | void Animation_Change(SkelAnime* skelAnime, AnimationHeader* animation, f32 playSpeed, f32 startFrame, f32 endFrame,
      |                                             ~~~~~~~~~~~~~~~~~^~~~~~~~~
/home/david/Documents/RockBox_Personal-master/devsrc/nano-soh-runtime/Shipwright/soh/src/overlays/actors/ovl_En_Js/z_en_js.c: In function 'func_80A89294':
/home/david/Documents/RockBox_Personal-master/devsrc/nano-soh-runtime/Shipwright/soh/src/overlays/actors/ovl_En_Js/z_en_js.c:171:45: warning: passing argument 1 of 'Animation_GetLastFrame' discards 'const' qualifier from pointer target type [-Wdiscarded-array-qualifiers]
  171 |                      Animation_GetLastFrame(&gCarpetMerchantIdleAnim), ANIMMODE_ONCE, -4.0f);
      |                                             ^~~~~~~~~~~~~~~~~~~~~~~~
/home/david/Documents/RockBox_Personal-master/devsrc/nano-soh-runtime/Shipwright/soh/include/functions.h:1278:34: note: expected 'void *' but argument is of type 'const char (*)[49]'
 1278 | s16 Animation_GetLastFrame(void* animation);
      |                            ~~~~~~^~~~~~~~~
/home/david/Documents/RockBox_Personal-master/devsrc/nano-soh-runtime/Shipwright/soh/src/overlays/actors/ovl_En_Js/z_en_js.c:170:40: warning: passing argument 2 of 'Animation_Change' from incompatible pointer type [-Wincompatible-pointer-types]
  170 |     Animation_Change(&this->skelAnime, &gCarpetMerchantIdleAnim, 1.0f, 0.0f,
      |                                        ^~~~~~~~~~~~~~~~~~~~~~~~
      |                                        |
      |                                        const char (*)[49]
/home/david/Documents/RockBox_Personal-master/devsrc/nano-soh-runtime/Shipwright/soh/include/functions.h:1336:62: note: expected 'AnimationHeader *' but argument is of type 'const char (*)[49]'
 1336 | void Animation_Change(SkelAnime* skelAnime, AnimationHeader* animation, f32 playSpeed, f32 startFrame, f32 endFrame,
      |                                             ~~~~~~~~~~~~~~~~~^~~~~~~~~
