/home/david/Documents/RockBox_Personal-master/devsrc/nano-soh-runtime/Shipwright/soh/src/overlays/effects/ovl_Effect_Ss_G_Magma2/z_eff_ss_g_magma2.c:28:5: warning: initialization discards 'const' qualifier from pointer target type [-Wdiscarded-qualifiers]
   28 |     object_kingdodongo_Tex_02E4E0, object_kingdodongo_Tex_02E8E0, object_kingdodongo_Tex_02ECE0,
      |     ^~~~~~~~~~~~~~~~~~~~~~~~~~~~~
/home/david/Documents/RockBox_Personal-master/devsrc/nano-soh-runtime/Shipwright/soh/src/overlays/effects/ovl_Effect_Ss_G_Magma2/z_eff_ss_g_magma2.c:28:36: warning: initialization discards 'const' qualifier from pointer target type [-Wdiscarded-qualifiers]
   28 |     object_kingdodongo_Tex_02E4E0, object_kingdodongo_Tex_02E8E0, object_kingdodongo_Tex_02ECE0,
      |                                    ^~~~~~~~~~~~~~~~~~~~~~~~~~~~~
/home/david/Documents/RockBox_Personal-master/devsrc/nano-soh-runtime/Shipwright/soh/src/overlays/effects/ovl_Effect_Ss_G_Magma2/z_eff_ss_g_magma2.c:28:67: warning: initialization discards 'const' qualifier from pointer target type [-Wdiscarded-qualifiers]
   28 |     object_kingdodongo_Tex_02E4E0, object_kingdodongo_Tex_02E8E0, object_kingdodongo_Tex_02ECE0,
      |                                                                   ^~~~~~~~~~~~~~~~~~~~~~~~~~~~~
/home/david/Documents/RockBox_Personal-master/devsrc/nano-soh-runtime/Shipwright/soh/src/overlays/effects/ovl_Effect_Ss_G_Magma2/z_eff_ss_g_magma2.c:29:5: warning: initialization discards 'const' qualifier from pointer target type [-Wdiscarded-qualifiers]
   29 |     object_kingdodongo_Tex_02F0E0, object_kingdodongo_Tex_02F4E0, object_kingdodongo_Tex_02F8E0,
      |     ^~~~~~~~~~~~~~~~~~~~~~~~~~~~~
/home/david/Documents/RockBox_Personal-master/devsrc/nano-soh-runtime/Shipwright/soh/src/overlays/effects/ovl_Effect_Ss_G_Magma2/z_eff_ss_g_magma2.c:29:36: warning: initialization discards 'const' qualifier from pointer target type [-Wdiscarded-qualifiers]
   29 |     object_kingdodongo_Tex_02F0E0, object_kingdodongo_Tex_02F4E0, object_kingdodongo_Tex_02F8E0,
      |                                    ^~~~~~~~~~~~~~~~~~~~~~~~~~~~~
/home/david/Documents/RockBox_Personal-master/devsrc/nano-soh-runtime/Shipwright/soh/src/overlays/effects/ovl_Effect_Ss_G_Magma2/z_eff_ss_g_magma2.c:29:67: warning: initialization discards 'const' qualifier from pointer target type [-Wdiscarded-qualifiers]
   29 |     object_kingdodongo_Tex_02F0E0, object_kingdodongo_Tex_02F4E0, object_kingdodongo_Tex_02F8E0,
      |                                                                   ^~~~~~~~~~~~~~~~~~~~~~~~~~~~~
/home/david/Documents/RockBox_Personal-master/devsrc/nano-soh-runtime/Shipwright/soh/src/overlays/effects/ovl_Effect_Ss_G_Magma2/z_eff_ss_g_magma2.c:30:5: warning: initialization discards 'const' qualifier from pointer target type [-Wdiscarded-qualifiers]
   30 |     object_kingdodongo_Tex_02FCE0, object_kingdodongo_Tex_0300E0, object_kingdodongo_Tex_0304E0,
      |     ^~~~~~~~~~~~~~~~~~~~~~~~~~~~~
/home/david/Documents/RockBox_Personal-master/devsrc/nano-soh-runtime/Shipwright/soh/src/overlays/effects/ovl_Effect_Ss_G_Magma2/z_eff_ss_g_magma2.c:30:36: warning: initialization discards 'const' qualifier from pointer target type [-Wdiscarded-qualifiers]
   30 |     object_kingdodongo_Tex_02FCE0, object_kingdodongo_Tex_0300E0, object_kingdodongo_Tex_0304E0,
      |                                    ^~~~~~~~~~~~~~~~~~~~~~~~~~~~~
/home/david/Documents/RockBox_Personal-master/devsrc/nano-soh-runtime/Shipwright/soh/src/overlays/effects/ovl_Effect_Ss_G_Magma2/z_eff_ss_g_magma2.c:30:67: warning: initialization discards 'const' qualifier from pointer target type [-Wdiscarded-qualifiers]
   30 |     object_kingdodongo_Tex_02FCE0, object_kingdodongo_Tex_0300E0, object_kingdodongo_Tex_0304E0,
      |                                                                   ^~~~~~~~~~~~~~~~~~~~~~~~~~~~~
/home/david/Documents/RockBox_Personal-master/devsrc/nano-soh-runtime/Shipwright/soh/src/overlays/effects/ovl_Effect_Ss_G_Magma2/z_eff_ss_g_magma2.c:31:5: warning: initialization discards 'const' qualifier from pointer target type [-Wdiscarded-qualifiers]
   31 |     object_kingdodongo_Tex_0308E0, object_kingdodongo_Tex_0308E0, object_kingdodongo_Tex_0308E0,
      |     ^~~~~~~~~~~~~~~~~~~~~~~~~~~~~
/home/david/Documents/RockBox_Personal-master/devsrc/nano-soh-runtime/Shipwright/soh/src/overlays/effects/ovl_Effect_Ss_G_Magma2/z_eff_ss_g_magma2.c:31:36: warning: initialization discards 'const' qualifier from pointer target type [-Wdiscarded-qualifiers]
   31 |     object_kingdodongo_Tex_0308E0, object_kingdodongo_Tex_0308E0, object_kingdodongo_Tex_0308E0,
      |                                    ^~~~~~~~~~~~~~~~~~~~~~~~~~~~~
/home/david/Documents/RockBox_Personal-master/devsrc/nano-soh-runtime/Shipwright/soh/src/overlays/effects/ovl_Effect_Ss_G_Magma2/z_eff_ss_g_magma2.c:31:67: warning: initialization discards 'const' qualifier from pointer target type [-Wdiscarded-qualifiers]
   31 |     object_kingdodongo_Tex_0308E0, object_kingdodongo_Tex_0308E0, object_kingdodongo_Tex_0308E0,
      |                                                                   ^~~~~~~~~~~~~~~~~~~~~~~~~~~~~
/home/david/Documents/RockBox_Personal-master/devsrc/nano-soh-runtime/Shipwright/soh/src/overlays/effects/ovl_Effect_Ss_G_Magma2/z_eff_ss_g_magma2.c:32:5: warning: initialization discards 'const' qualifier from pointer target type [-Wdiscarded-qualifiers]
   32 |     object_kingdodongo_Tex_0308E0,
      |     ^~~~~~~~~~~~~~~~~~~~~~~~~~~~~
/home/david/Documents/RockBox_Personal-master/devsrc/nano-soh-runtime/Shipwright/soh/src/overlays/effects/ovl_Effect_Ss_G_Magma2/z_eff_ss_g_magma2.c: In function 'EffectSsGMagma2_Init':
/home/david/Documents/RockBox_Personal-master/devsrc/nano-soh-runtime/Shipwright/soh/src/overlays/effects/ovl_Effect_Ss_G_Magma2/z_eff_ss_g_magma2.c:56:19: warning: assignment discards 'const' qualifier from pointer target type [-Wdiscarded-qualifiers]
   56 |         this->gfx = SEGMENTED_TO_VIRTUAL(object_kingdodongo_DL_025A90);
      |                   ^
/home/david/Documents/RockBox_Personal-master/devsrc/nano-soh-runtime/Shipwright/soh/src/overlays/effects/ovl_Effect_Ss_G_Magma2/z_eff_ss_g_magma2.c: In function 'EffectSsGMagma2_Draw':
/home/david/Documents/RockBox_Personal-master/devsrc/nano-soh-runtime/Shipwright/soh/src/overlays/effects/ovl_Effect_Ss_G_Magma2/z_eff_ss_g_magma2.c:88:39: warning: passing argument 3 of 'gSPSegment' makes integer from pointer without a cast [-Wint-conversion]
   88 |     gSPSegment(POLY_XLU_DISP++, 0x06, object);
      |                                       ^~~~~~
      |                                       |
      |                                       void *
In file included from /home/david/Documents/RockBox_Personal-master/devsrc/nano-soh-runtime/Shipwright/soh/include/global.h:8,
                 from /home/david/Documents/RockBox_Personal-master/devsrc/nano-soh-runtime/Shipwright/soh/src/overlays/effects/ovl_Effect_Ss_G_Magma2/z_eff_ss_g_magma2.h:5,
                 from /home/david/Documents/RockBox_Personal-master/devsrc/nano-soh-runtime/Shipwright/soh/src/overlays/effects/ovl_Effect_Ss_G_Magma2/z_eff_ss_g_magma2.c:7:
/home/david/Documents/RockBox_Personal-master/devsrc/nano-soh-runtime/Shipwright/soh/include/functions.h:22:52: note: expected 'uintptr_t' {aka 'unsigned int'} but argument is of type 'void *'
   22 | void gSPSegment(void* value, int segNum, uintptr_t target);
      |                                          ~~~~~~~~~~^~~~~~
In file included from /home/david/Documents/RockBox_Personal-master/devsrc/nano-soh-runtime/Shipwright/soh/include/global.h:10:
/home/david/Documents/RockBox_Personal-master/devsrc/nano-soh-runtime/Shipwright/soh/src/overlays/effects/ovl_Effect_Ss_G_Magma2/z_eff_ss_g_magma2.c:99:69: warning: passing argument 3 of 'gSPSegment' makes integer from pointer without a cast [-Wint-conversion]
   99 |     gSPSegment(POLY_XLU_DISP++, 0x08, SEGMENTED_TO_VIRTUAL(sTextures[this->rTexIdx]));
      |                                                            ~~~~~~~~~^~~~~~~~~~~~~~~
      |                                                                     |
      |                                                                     void *
/home/david/Documents/RockBox_Personal-master/devsrc/nano-soh-runtime/Shipwright/soh/include/macros.h:37:36: note: in definition of macro 'SEGMENTED_TO_VIRTUAL'
   37 | #define SEGMENTED_TO_VIRTUAL(addr) addr
      |                                    ^~~~
/home/david/Documents/RockBox_Personal-master/devsrc/nano-soh-runtime/Shipwright/soh/include/functions.h:22:52: note: expected 'uintptr_t' {aka 'unsigned int'} but argument is of type 'void *'
   22 | void gSPSegment(void* value, int segNum, uintptr_t target);
      |                                          ~~~~~~~~~~^~~~~~
