/home/david/Documents/RockBox_Personal-master/devsrc/nano-soh-runtime/Shipwright/soh/src/overlays/actors/ovl_Object_Kankyo/z_object_kankyo.c:42:5: warning: initialization discards 'const' qualifier from pointer target type [-Wdiscarded-qualifiers]
   42 |     gEffLightning1Tex, gEffLightning2Tex, gEffLightning3Tex, gEffLightning4Tex,
      |     ^~~~~~~~~~~~~~~~~
/home/david/Documents/RockBox_Personal-master/devsrc/nano-soh-runtime/Shipwright/soh/src/overlays/actors/ovl_Object_Kankyo/z_object_kankyo.c:42:24: warning: initialization discards 'const' qualifier from pointer target type [-Wdiscarded-qualifiers]
   42 |     gEffLightning1Tex, gEffLightning2Tex, gEffLightning3Tex, gEffLightning4Tex,
      |                        ^~~~~~~~~~~~~~~~~
/home/david/Documents/RockBox_Personal-master/devsrc/nano-soh-runtime/Shipwright/soh/src/overlays/actors/ovl_Object_Kankyo/z_object_kankyo.c:42:43: warning: initialization discards 'const' qualifier from pointer target type [-Wdiscarded-qualifiers]
   42 |     gEffLightning1Tex, gEffLightning2Tex, gEffLightning3Tex, gEffLightning4Tex,
      |                                           ^~~~~~~~~~~~~~~~~
/home/david/Documents/RockBox_Personal-master/devsrc/nano-soh-runtime/Shipwright/soh/src/overlays/actors/ovl_Object_Kankyo/z_object_kankyo.c:42:62: warning: initialization discards 'const' qualifier from pointer target type [-Wdiscarded-qualifiers]
   42 |     gEffLightning1Tex, gEffLightning2Tex, gEffLightning3Tex, gEffLightning4Tex,
      |                                                              ^~~~~~~~~~~~~~~~~
/home/david/Documents/RockBox_Personal-master/devsrc/nano-soh-runtime/Shipwright/soh/src/overlays/actors/ovl_Object_Kankyo/z_object_kankyo.c:43:5: warning: initialization discards 'const' qualifier from pointer target type [-Wdiscarded-qualifiers]
   43 |     gEffLightning5Tex, gEffLightning6Tex, gEffLightning7Tex, gEffLightning8Tex,
      |     ^~~~~~~~~~~~~~~~~
/home/david/Documents/RockBox_Personal-master/devsrc/nano-soh-runtime/Shipwright/soh/src/overlays/actors/ovl_Object_Kankyo/z_object_kankyo.c:43:24: warning: initialization discards 'const' qualifier from pointer target type [-Wdiscarded-qualifiers]
   43 |     gEffLightning5Tex, gEffLightning6Tex, gEffLightning7Tex, gEffLightning8Tex,
      |                        ^~~~~~~~~~~~~~~~~
/home/david/Documents/RockBox_Personal-master/devsrc/nano-soh-runtime/Shipwright/soh/src/overlays/actors/ovl_Object_Kankyo/z_object_kankyo.c:43:43: warning: initialization discards 'const' qualifier from pointer target type [-Wdiscarded-qualifiers]
   43 |     gEffLightning5Tex, gEffLightning6Tex, gEffLightning7Tex, gEffLightning8Tex,
      |                                           ^~~~~~~~~~~~~~~~~
/home/david/Documents/RockBox_Personal-master/devsrc/nano-soh-runtime/Shipwright/soh/src/overlays/actors/ovl_Object_Kankyo/z_object_kankyo.c:43:62: warning: initialization discards 'const' qualifier from pointer target type [-Wdiscarded-qualifiers]
   43 |     gEffLightning5Tex, gEffLightning6Tex, gEffLightning7Tex, gEffLightning8Tex,
      |                                                              ^~~~~~~~~~~~~~~~~
/home/david/Documents/RockBox_Personal-master/devsrc/nano-soh-runtime/Shipwright/soh/src/overlays/actors/ovl_Object_Kankyo/z_object_kankyo.c:47:5: warning: initialization discards 'const' qualifier from pointer target type [-Wdiscarded-qualifiers]
   47 |     gEffSunGraveSpark1Tex, gEffSunGraveSpark2Tex, gEffSunGraveSpark3Tex, gEffSunGraveSpark4Tex,
      |     ^~~~~~~~~~~~~~~~~~~~~
/home/david/Documents/RockBox_Personal-master/devsrc/nano-soh-runtime/Shipwright/soh/src/overlays/actors/ovl_Object_Kankyo/z_object_kankyo.c:47:28: warning: initialization discards 'const' qualifier from pointer target type [-Wdiscarded-qualifiers]
   47 |     gEffSunGraveSpark1Tex, gEffSunGraveSpark2Tex, gEffSunGraveSpark3Tex, gEffSunGraveSpark4Tex,
      |                            ^~~~~~~~~~~~~~~~~~~~~
/home/david/Documents/RockBox_Personal-master/devsrc/nano-soh-runtime/Shipwright/soh/src/overlays/actors/ovl_Object_Kankyo/z_object_kankyo.c:47:51: warning: initialization discards 'const' qualifier from pointer target type [-Wdiscarded-qualifiers]
   47 |     gEffSunGraveSpark1Tex, gEffSunGraveSpark2Tex, gEffSunGraveSpark3Tex, gEffSunGraveSpark4Tex,
      |                                                   ^~~~~~~~~~~~~~~~~~~~~
/home/david/Documents/RockBox_Personal-master/devsrc/nano-soh-runtime/Shipwright/soh/src/overlays/actors/ovl_Object_Kankyo/z_object_kankyo.c:47:74: warning: initialization discards 'const' qualifier from pointer target type [-Wdiscarded-qualifiers]
   47 |     gEffSunGraveSpark1Tex, gEffSunGraveSpark2Tex, gEffSunGraveSpark3Tex, gEffSunGraveSpark4Tex,
      |                                                                          ^~~~~~~~~~~~~~~~~~~~~
/home/david/Documents/RockBox_Personal-master/devsrc/nano-soh-runtime/Shipwright/soh/src/overlays/actors/ovl_Object_Kankyo/z_object_kankyo.c:48:5: warning: initialization discards 'const' qualifier from pointer target type [-Wdiscarded-qualifiers]
   48 |     gEffSunGraveSpark5Tex, gEffSunGraveSpark6Tex, gEffSunGraveSpark7Tex, gEffSunGraveSpark8Tex,
      |     ^~~~~~~~~~~~~~~~~~~~~
/home/david/Documents/RockBox_Personal-master/devsrc/nano-soh-runtime/Shipwright/soh/src/overlays/actors/ovl_Object_Kankyo/z_object_kankyo.c:48:28: warning: initialization discards 'const' qualifier from pointer target type [-Wdiscarded-qualifiers]
   48 |     gEffSunGraveSpark5Tex, gEffSunGraveSpark6Tex, gEffSunGraveSpark7Tex, gEffSunGraveSpark8Tex,
      |                            ^~~~~~~~~~~~~~~~~~~~~
/home/david/Documents/RockBox_Personal-master/devsrc/nano-soh-runtime/Shipwright/soh/src/overlays/actors/ovl_Object_Kankyo/z_object_kankyo.c:48:51: warning: initialization discards 'const' qualifier from pointer target type [-Wdiscarded-qualifiers]
   48 |     gEffSunGraveSpark5Tex, gEffSunGraveSpark6Tex, gEffSunGraveSpark7Tex, gEffSunGraveSpark8Tex,
      |                                                   ^~~~~~~~~~~~~~~~~~~~~
/home/david/Documents/RockBox_Personal-master/devsrc/nano-soh-runtime/Shipwright/soh/src/overlays/actors/ovl_Object_Kankyo/z_object_kankyo.c:48:74: warning: initialization discards 'const' qualifier from pointer target type [-Wdiscarded-qualifiers]
   48 |     gEffSunGraveSpark5Tex, gEffSunGraveSpark6Tex, gEffSunGraveSpark7Tex, gEffSunGraveSpark8Tex,
      |                                                                          ^~~~~~~~~~~~~~~~~~~~~
In file included from /home/david/Documents/RockBox_Personal-master/devsrc/nano-soh-runtime/Shipwright/soh/include/global.h:10,
                 from /home/david/Documents/RockBox_Personal-master/devsrc/nano-soh-runtime/Shipwright/soh/src/overlays/actors/ovl_Object_Kankyo/z_object_kankyo.h:5,
                 from /home/david/Documents/RockBox_Personal-master/devsrc/nano-soh-runtime/Shipwright/soh/src/overlays/actors/ovl_Object_Kankyo/z_object_kankyo.c:7:
/home/david/Documents/RockBox_Personal-master/devsrc/nano-soh-runtime/Shipwright/soh/src/overlays/actors/ovl_Object_Kankyo/z_object_kankyo.c: In function 'ObjectKankyo_DrawFairies':
/home/david/Documents/RockBox_Personal-master/devsrc/nano-soh-runtime/Shipwright/soh/src/overlays/actors/ovl_Object_Kankyo/z_object_kankyo.c:512:64: warning: passing argument 3 of 'gSPSegment' makes integer from pointer without a cast [-Wint-conversion]
  512 |         gSPSegment(POLY_XLU_DISP++, 0x08, SEGMENTED_TO_VIRTUAL(gSun1Tex));
      |                                                                ^~~~~~~~
      |                                                                |
      |                                                                const char *
/home/david/Documents/RockBox_Personal-master/devsrc/nano-soh-runtime/Shipwright/soh/include/macros.h:37:36: note: in definition of macro 'SEGMENTED_TO_VIRTUAL'
   37 | #define SEGMENTED_TO_VIRTUAL(addr) addr
      |                                    ^~~~
In file included from /home/david/Documents/RockBox_Personal-master/devsrc/nano-soh-runtime/Shipwright/soh/include/global.h:8:
/home/david/Documents/RockBox_Personal-master/devsrc/nano-soh-runtime/Shipwright/soh/include/functions.h:22:52: note: expected 'uintptr_t' {aka 'unsigned int'} but argument is of type 'const char *'
   22 | void gSPSegment(void* value, int segNum, uintptr_t target);
      |                                          ~~~~~~~~~~^~~~~~
/home/david/Documents/RockBox_Personal-master/devsrc/nano-soh-runtime/Shipwright/soh/src/overlays/actors/ovl_Object_Kankyo/z_object_kankyo.c:513:41: warning: passing argument 2 of 'gSPDisplayList' from incompatible pointer type [-Wincompatible-pointer-types]
  513 |         gSPDisplayList(POLY_XLU_DISP++, gKokiriDustMoteMaterialDL);
      |                                         ^~~~~~~~~~~~~~~~~~~~~~~~~
      |                                         |
      |                                         const char *
/home/david/Documents/RockBox_Personal-master/devsrc/nano-soh-runtime/Shipwright/soh/include/functions.h:24:36: note: expected 'Gfx *' but argument is of type 'const char *'
   24 | void gSPDisplayList(Gfx* pkt, Gfx* dl);
      |                               ~~~~~^~
/home/david/Documents/RockBox_Personal-master/devsrc/nano-soh-runtime/Shipwright/soh/src/overlays/actors/ovl_Object_Kankyo/z_object_kankyo.c:581:45: warning: passing argument 2 of 'gSPDisplayList' from incompatible pointer type [-Wincompatible-pointer-types]
  581 |             gSPDisplayList(POLY_XLU_DISP++, gKokiriDustMoteModelDL);
      |                                             ^~~~~~~~~~~~~~~~~~~~~~
      |                                             |
      |                                             const char *
/home/david/Documents/RockBox_Personal-master/devsrc/nano-soh-runtime/Shipwright/soh/include/functions.h:24:36: note: expected 'Gfx *' but argument is of type 'const char *'
   24 | void gSPDisplayList(Gfx* pkt, Gfx* dl);
      |                               ~~~~~^~
/home/david/Documents/RockBox_Personal-master/devsrc/nano-soh-runtime/Shipwright/soh/src/overlays/actors/ovl_Object_Kankyo/z_object_kankyo.c: In function 'ObjectKankyo_DrawSnow':
/home/david/Documents/RockBox_Personal-master/devsrc/nano-soh-runtime/Shipwright/soh/src/overlays/actors/ovl_Object_Kankyo/z_object_kankyo.c:710:68: warning: passing argument 3 of 'gSPSegment' makes integer from pointer without a cast [-Wint-conversion]
  710 |             gSPSegment(POLY_XLU_DISP++, 0x08, SEGMENTED_TO_VIRTUAL(gDust5Tex));
      |                                                                    ^~~~~~~~~
      |                                                                    |
      |                                                                    const char *
/home/david/Documents/RockBox_Personal-master/devsrc/nano-soh-runtime/Shipwright/soh/include/macros.h:37:36: note: in definition of macro 'SEGMENTED_TO_VIRTUAL'
   37 | #define SEGMENTED_TO_VIRTUAL(addr) addr
      |                                    ^~~~
/home/david/Documents/RockBox_Personal-master/devsrc/nano-soh-runtime/Shipwright/soh/include/functions.h:22:52: note: expected 'uintptr_t' {aka 'unsigned int'} but argument is of type 'const char *'
   22 | void gSPSegment(void* value, int segNum, uintptr_t target);
      |                                          ~~~~~~~~~~^~~~~~
/home/david/Documents/RockBox_Personal-master/devsrc/nano-soh-runtime/Shipwright/soh/src/overlays/actors/ovl_Object_Kankyo/z_object_kankyo.c:717:45: warning: passing argument 2 of 'gSPDisplayList' from incompatible pointer type [-Wincompatible-pointer-types]
  717 |             gSPDisplayList(POLY_XLU_DISP++, gEffDustDL);
      |                                             ^~~~~~~~~~
      |                                             |
      |                                             const char *
/home/david/Documents/RockBox_Personal-master/devsrc/nano-soh-runtime/Shipwright/soh/include/functions.h:24:36: note: expected 'Gfx *' but argument is of type 'const char *'
   24 | void gSPDisplayList(Gfx* pkt, Gfx* dl);
      |                               ~~~~~^~
/home/david/Documents/RockBox_Personal-master/devsrc/nano-soh-runtime/Shipwright/soh/src/overlays/actors/ovl_Object_Kankyo/z_object_kankyo.c: In function 'ObjectKankyo_DrawLightning':
/home/david/Documents/RockBox_Personal-master/devsrc/nano-soh-runtime/Shipwright/soh/src/overlays/actors/ovl_Object_Kankyo/z_object_kankyo.c:766:85: warning: passing argument 3 of 'gSPSegment' makes integer from pointer without a cast [-Wint-conversion]
  766 |         gSPSegment(POLY_XLU_DISP++, 0x08, SEGMENTED_TO_VIRTUAL(sEffLightningTextures[this->effects[0].timer]));
      |                                                                ~~~~~~~~~~~~~~~~~~~~~^~~~~~~~~~~~~~~~~~~~~~~~
      |                                                                                     |
      |                                                                                     void *
/home/david/Documents/RockBox_Personal-master/devsrc/nano-soh-runtime/Shipwright/soh/include/macros.h:37:36: note: in definition of macro 'SEGMENTED_TO_VIRTUAL'
   37 | #define SEGMENTED_TO_VIRTUAL(addr) addr
      |                                    ^~~~
/home/david/Documents/RockBox_Personal-master/devsrc/nano-soh-runtime/Shipwright/soh/include/functions.h:22:52: note: expected 'uintptr_t' {aka 'unsigned int'} but argument is of type 'void *'
   22 | void gSPSegment(void* value, int segNum, uintptr_t target);
      |                                          ~~~~~~~~~~^~~~~~
/home/david/Documents/RockBox_Personal-master/devsrc/nano-soh-runtime/Shipwright/soh/src/overlays/actors/ovl_Object_Kankyo/z_object_kankyo.c:770:41: warning: passing argument 2 of 'gSPDisplayList' from incompatible pointer type [-Wincompatible-pointer-types]
  770 |         gSPDisplayList(POLY_XLU_DISP++, gEffLightningDL);
      |                                         ^~~~~~~~~~~~~~~
      |                                         |
      |                                         const char *
/home/david/Documents/RockBox_Personal-master/devsrc/nano-soh-runtime/Shipwright/soh/include/functions.h:24:36: note: expected 'Gfx *' but argument is of type 'const char *'
   24 | void gSPDisplayList(Gfx* pkt, Gfx* dl);
      |                               ~~~~~^~
/home/david/Documents/RockBox_Personal-master/devsrc/nano-soh-runtime/Shipwright/soh/src/overlays/actors/ovl_Object_Kankyo/z_object_kankyo.c: In function 'ObjectKankyo_DrawSunGraveSpark':
/home/david/Documents/RockBox_Personal-master/devsrc/nano-soh-runtime/Shipwright/soh/src/overlays/actors/ovl_Object_Kankyo/z_object_kankyo.c:865:78: warning: passing argument 3 of 'gSPSegment' makes integer from pointer without a cast [-Wint-conversion]
  865 |             gSPSegment(POLY_XLU_DISP++, 0x08, SEGMENTED_TO_VIRTUAL(D_80BA5900[this->effects[0].timer]));
      |                                                                    ~~~~~~~~~~^~~~~~~~~~~~~~~~~~~~~~~~
      |                                                                              |
      |                                                                              void *
/home/david/Documents/RockBox_Personal-master/devsrc/nano-soh-runtime/Shipwright/soh/include/macros.h:37:36: note: in definition of macro 'SEGMENTED_TO_VIRTUAL'
   37 | #define SEGMENTED_TO_VIRTUAL(addr) addr
      |                                    ^~~~
/home/david/Documents/RockBox_Personal-master/devsrc/nano-soh-runtime/Shipwright/soh/include/functions.h:22:52: note: expected 'uintptr_t' {aka 'unsigned int'} but argument is of type 'void *'
   22 | void gSPSegment(void* value, int segNum, uintptr_t target);
      |                                          ~~~~~~~~~~^~~~~~
/home/david/Documents/RockBox_Personal-master/devsrc/nano-soh-runtime/Shipwright/soh/src/overlays/actors/ovl_Object_Kankyo/z_object_kankyo.c:868:45: warning: passing argument 2 of 'gSPDisplayList' from incompatible pointer type [-Wincompatible-pointer-types]
  868 |             gSPDisplayList(POLY_XLU_DISP++, object_spot02_objects_DL_009620);
      |                                             ^~~~~~~~~~~~~~~~~~~~~~~~~~~~~~~
      |                                             |
      |                                             const char *
/home/david/Documents/RockBox_Personal-master/devsrc/nano-soh-runtime/Shipwright/soh/include/functions.h:24:36: note: expected 'Gfx *' but argument is of type 'const char *'
   24 | void gSPDisplayList(Gfx* pkt, Gfx* dl);
      |                               ~~~~~^~
/home/david/Documents/RockBox_Personal-master/devsrc/nano-soh-runtime/Shipwright/soh/src/overlays/actors/ovl_Object_Kankyo/z_object_kankyo.c: In function 'ObjectKankyo_DrawBeams':
/home/david/Documents/RockBox_Personal-master/devsrc/nano-soh-runtime/Shipwright/soh/src/overlays/actors/ovl_Object_Kankyo/z_object_kankyo.c:944:28: warning: passing argument 3 of 'gSPSegment' makes integer from pointer without a cast [-Wint-conversion]
  944 |                            Gfx_TwoTexScrollEx(play->state.gfxCtx, 0, play->state.frames * 5, play->state.frames * 10,
      |                            ^~~~~~~~~~~~~~~~~~~~~~~~~~~~~~~~~~~~~~~~~~~~~~~~~~~~~~~~~~~~~~~~~~~~~~~~~~~~~~~~~~~~~~~~~~
      |                            |
      |                            Gfx *
  945 |                                               32, 64, 1, play->state.frames * 5, play->state.frames * 10, 32, 64, 5, 10,
      |                                               ~~~~~~~~~~~~~~~~~~~~~~~~~~~~~~~~~~~~~~~~~~~~~~~~~~~~~~~~~~~~~~~~~~~~~~~~~~
  946 |                                               5, 10));
      |                                               ~~~~~~
/home/david/Documents/RockBox_Personal-master/devsrc/nano-soh-runtime/Shipwright/soh/include/functions.h:22:52: note: expected 'uintptr_t' {aka 'unsigned int'} but argument is of type 'Gfx *'
   22 | void gSPSegment(void* value, int segNum, uintptr_t target);
      |                                          ~~~~~~~~~~^~~~~~
/home/david/Documents/RockBox_Personal-master/devsrc/nano-soh-runtime/Shipwright/soh/src/overlays/actors/ovl_Object_Kankyo/z_object_kankyo.c:947:49: warning: passing argument 2 of 'gSPDisplayList' from incompatible pointer type [-Wincompatible-pointer-types]
  947 |                 gSPDisplayList(POLY_XLU_DISP++, gDemoKekkaiDL_005FF0);
      |                                                 ^~~~~~~~~~~~~~~~~~~~
      |                                                 |
      |                                                 const char *
/home/david/Documents/RockBox_Personal-master/devsrc/nano-soh-runtime/Shipwright/soh/include/functions.h:24:36: note: expected 'Gfx *' but argument is of type 'const char *'
   24 | void gSPDisplayList(Gfx* pkt, Gfx* dl);
      |                               ~~~~~^~
