/home/david/Documents/RockBox_Personal-master/devsrc/nano-soh-runtime/Shipwright/soh/src/overlays/actors/ovl_En_Elf/z_en_elf.c: In function 'EnElf_Init':
/home/david/Documents/RockBox_Personal-master/devsrc/nano-soh-runtime/Shipwright/soh/src/overlays/actors/ovl_En_Elf/z_en_elf.c:326:44: warning: passing argument 3 of 'SkelAnime_Init' from incompatible pointer type [-Wincompatible-pointer-types]
  326 |     SkelAnime_Init(play, &this->skelAnime, &gFairySkel, &gFairyAnim, this->jointTable, this->morphTable, 15);
      |                                            ^~~~~~~~~~~
      |                                            |
      |                                            const char (*)[40]
In file included from /home/david/Documents/RockBox_Personal-master/devsrc/nano-soh-runtime/Shipwright/soh/include/global.h:8,
                 from /home/david/Documents/RockBox_Personal-master/devsrc/nano-soh-runtime/Shipwright/soh/src/overlays/actors/ovl_En_Elf/z_en_elf.h:5,
                 from /home/david/Documents/RockBox_Personal-master/devsrc/nano-soh-runtime/Shipwright/soh/src/overlays/actors/ovl_En_Elf/z_en_elf.c:7:
/home/david/Documents/RockBox_Personal-master/devsrc/nano-soh-runtime/Shipwright/soh/include/functions.h:1327:75: note: expected 'SkeletonHeader *' but argument is of type 'const char (*)[40]'
 1327 | s32 SkelAnime_Init(PlayState* play, SkelAnime* skelAnime, SkeletonHeader* skeletonHeaderSeg,
      |                                                           ~~~~~~~~~~~~~~~~^~~~~~~~~~~~~~~~~
/home/david/Documents/RockBox_Personal-master/devsrc/nano-soh-runtime/Shipwright/soh/src/overlays/actors/ovl_En_Elf/z_en_elf.c:326:57: warning: passing argument 4 of 'SkelAnime_Init' from incompatible pointer type [-Wincompatible-pointer-types]
  326 |     SkelAnime_Init(play, &this->skelAnime, &gFairySkel, &gFairyAnim, this->jointTable, this->morphTable, 15);
      |                                                         ^~~~~~~~~~~
      |                                                         |
      |                                                         const char (*)[40]
/home/david/Documents/RockBox_Personal-master/devsrc/nano-soh-runtime/Shipwright/soh/include/functions.h:1328:37: note: expected 'AnimationHeader *' but argument is of type 'const char (*)[40]'
 1328 |                    AnimationHeader* animation, Vec3s* jointTable, Vec3s* morphTable, s32 limbCount);
      |                    ~~~~~~~~~~~~~~~~~^~~~~~~~~
/home/david/Documents/RockBox_Personal-master/devsrc/nano-soh-runtime/Shipwright/soh/src/overlays/actors/ovl_En_Elf/z_en_elf.c: In function 'func_80A053F0':
/home/david/Documents/RockBox_Personal-master/devsrc/nano-soh-runtime/Shipwright/soh/include/macros.h:135:40: warning: passing argument 2 of 'LogUtils_LogThreadId' makes integer from pointer without a cast [-Wint-conversion]
  135 |         LogUtils_LogThreadId(__FILE__, __FILE__);           \
      |                                        ^~~~~~~~
      |                                        |
      |                                        char *
/home/david/Documents/RockBox_Personal-master/devsrc/nano-soh-runtime/Shipwright/soh/include/macros.h:146:29: note: in expansion of macro 'LOG'
  146 | #define LOG_NUM(exp, value) LOG(exp, value, "%d")
      |                             ^~~
/home/david/Documents/RockBox_Personal-master/devsrc/nano-soh-runtime/Shipwright/soh/src/overlays/actors/ovl_En_Elf/z_en_elf.c:1418:17: note: in expansion of macro 'LOG_NUM'
 1418 |                 LOG_NUM("z_common_data.memory.information.room_inf[127][ 0 ]", gSaveContext.sceneFlags[127].chest);
      |                 ^~~~~~~
/home/david/Documents/RockBox_Personal-master/devsrc/nano-soh-runtime/Shipwright/soh/include/functions.h:94:49: note: expected 's32' {aka 'long int'} but argument is of type 'char *'
   94 | void LogUtils_LogThreadId(const char* name, s32 line);
      |                                             ~~~~^~~~
/home/david/Documents/RockBox_Personal-master/devsrc/nano-soh-runtime/Shipwright/soh/src/overlays/actors/ovl_En_Elf/z_en_elf.c: In function 'EnElf_Draw':
/home/david/Documents/RockBox_Personal-master/devsrc/nano-soh-runtime/Shipwright/soh/src/overlays/actors/ovl_En_Elf/z_en_elf.c:1520:47: warning: passing argument 3 of 'gSPSegment' makes integer from pointer without a cast [-Wint-conversion]
 1520 |             gSPSegment(POLY_XLU_DISP++, 0x08, dListHead);
      |                                               ^~~~~~~~~
      |                                               |
      |                                               Gfx *
/home/david/Documents/RockBox_Personal-master/devsrc/nano-soh-runtime/Shipwright/soh/include/functions.h:22:52: note: expected 'uintptr_t' {aka 'unsigned int'} but argument is of type 'Gfx *'
   22 | void gSPSegment(void* value, int segNum, uintptr_t target);
      |                                          ~~~~~~~~~~^~~~~~
/home/david/Documents/RockBox_Personal-master/devsrc/nano-soh-runtime/Shipwright/soh/src/overlays/actors/ovl_En_Elf/z_en_elf.c:1535:65: warning: passing argument 3 of 'SkelAnime_DrawSkeleton2' from incompatible pointer type [-Wincompatible-pointer-types]
 1535 |                 SkelAnime_DrawSkeleton2(play, &this->skelAnime, EnElf_OverrideLimbDraw, NULL, this, POLY_XLU_DISP);
      |                                                                 ^~~~~~~~~~~~~~~~~~~~~~
      |                                                                 |
      |                                                                 s32 (*)(PlayState *, s32,  Gfx **, Vec3f *, Vec3s *, void *, Gfx **) {aka long int (*)(PlayState *, long int,  Gfx **, Vec3f *, Vec3s *, void *, Gfx **)}
/home/david/Documents/RockBox_Personal-master/devsrc/nano-soh-runtime/Shipwright/soh/include/functions.h:1271:89: note: expected 'OverrideLimbDrawOpa' {aka 'long int (*)(struct PlayState *, long int,  Gfx **, Vec3f *, Vec3s *, void *)'} but argument is of type 's32 (*)(PlayState *, s32,  Gfx **, Vec3f *, Vec3s *, void *, Gfx **)' {aka 'long int (*)(PlayState *, long int,  Gfx **, Vec3f *, Vec3s *, void *, Gfx **)'}
 1271 | Gfx* SkelAnime_DrawSkeleton2(PlayState* play, SkelAnime* skelAnime, OverrideLimbDrawOpa overrideLimbDraw,
      |                                                                     ~~~~~~~~~~~~~~~~~~~~^~~~~~~~~~~~~~~~
/home/david/Documents/RockBox_Personal-master/devsrc/nano-soh-runtime/Shipwright/soh/src/overlays/actors/ovl_En_Elf/z_en_elf.c:1466:5: note: 'EnElf_OverrideLimbDraw' declared here
 1466 | s32 EnElf_OverrideLimbDraw(PlayState* play, s32 limbIndex, Gfx** dList, Vec3f* pos, Vec3s* rot, void* thisx,
      |     ^~~~~~~~~~~~~~~~~~~~~~
In file included from /home/david/Documents/RockBox_Personal-master/devsrc/nano-soh-runtime/Shipwright/soh/include/z64actor.h:5,
                 from /home/david/Documents/RockBox_Personal-master/devsrc/nano-soh-runtime/Shipwright/soh/include/z64.h:10,
                 from /home/david/Documents/RockBox_Personal-master/devsrc/nano-soh-runtime/Shipwright/soh/include/functions.h:4:
/home/david/Documents/RockBox_Personal-master/devsrc/nano-soh-runtime/Shipwright/soh/include/z64animation.h:114:15: note: 'OverrideLimbDrawOpa' declared here
  114 | typedef s32 (*OverrideLimbDrawOpa)(struct PlayState* play, s32 limbIndex, Gfx** dList, Vec3f* pos, Vec3s* rot,
      |               ^~~~~~~~~~~~~~~~~~~
