/home/david/Documents/RockBox_Personal-master/devsrc/nano-soh-runtime/Shipwright/soh/src/overlays/actors/ovl_En_Ssh/z_en_ssh.c: In function 'EnSsh_SetAnimation':
/home/david/Documents/RockBox_Personal-master/devsrc/nano-soh-runtime/Shipwright/soh/src/overlays/actors/ovl_En_Ssh/z_en_ssh.c:222:9: warning: initialization of 'AnimationHeader *' from incompatible pointer type 'const char (*)[49]' [-Wincompatible-pointer-types]
  222 |         &object_ssh_Anim_005BE8, &object_ssh_Anim_000304, &object_ssh_Anim_000304, &object_ssh_Anim_0055F8,
      |         ^
/home/david/Documents/RockBox_Personal-master/devsrc/nano-soh-runtime/Shipwright/soh/src/overlays/actors/ovl_En_Ssh/z_en_ssh.c:222:9: note: (near initialization for 'animation[0]')
/home/david/Documents/RockBox_Personal-master/devsrc/nano-soh-runtime/Shipwright/soh/src/overlays/actors/ovl_En_Ssh/z_en_ssh.c:222:34: warning: initialization of 'AnimationHeader *' from incompatible pointer type 'const char (*)[49]' [-Wincompatible-pointer-types]
  222 |         &object_ssh_Anim_005BE8, &object_ssh_Anim_000304, &object_ssh_Anim_000304, &object_ssh_Anim_0055F8,
      |                                  ^
/home/david/Documents/RockBox_Personal-master/devsrc/nano-soh-runtime/Shipwright/soh/src/overlays/actors/ovl_En_Ssh/z_en_ssh.c:222:34: note: (near initialization for 'animation[1]')
/home/david/Documents/RockBox_Personal-master/devsrc/nano-soh-runtime/Shipwright/soh/src/overlays/actors/ovl_En_Ssh/z_en_ssh.c:222:59: warning: initialization of 'AnimationHeader *' from incompatible pointer type 'const char (*)[49]' [-Wincompatible-pointer-types]
  222 |         &object_ssh_Anim_005BE8, &object_ssh_Anim_000304, &object_ssh_Anim_000304, &object_ssh_Anim_0055F8,
      |                                                           ^
/home/david/Documents/RockBox_Personal-master/devsrc/nano-soh-runtime/Shipwright/soh/src/overlays/actors/ovl_En_Ssh/z_en_ssh.c:222:59: note: (near initialization for 'animation[2]')
/home/david/Documents/RockBox_Personal-master/devsrc/nano-soh-runtime/Shipwright/soh/src/overlays/actors/ovl_En_Ssh/z_en_ssh.c:222:84: warning: initialization of 'AnimationHeader *' from incompatible pointer type 'const char (*)[49]' [-Wincompatible-pointer-types]
  222 |         &object_ssh_Anim_005BE8, &object_ssh_Anim_000304, &object_ssh_Anim_000304, &object_ssh_Anim_0055F8,
      |                                                                                    ^
/home/david/Documents/RockBox_Personal-master/devsrc/nano-soh-runtime/Shipwright/soh/src/overlays/actors/ovl_En_Ssh/z_en_ssh.c:222:84: note: (near initialization for 'animation[3]')
/home/david/Documents/RockBox_Personal-master/devsrc/nano-soh-runtime/Shipwright/soh/src/overlays/actors/ovl_En_Ssh/z_en_ssh.c:223:9: warning: initialization of 'AnimationHeader *' from incompatible pointer type 'const char (*)[49]' [-Wincompatible-pointer-types]
  223 |         &object_ssh_Anim_000304, &object_ssh_Anim_000304, &object_ssh_Anim_005BE8,
      |         ^
/home/david/Documents/RockBox_Personal-master/devsrc/nano-soh-runtime/Shipwright/soh/src/overlays/actors/ovl_En_Ssh/z_en_ssh.c:223:9: note: (near initialization for 'animation[4]')
/home/david/Documents/RockBox_Personal-master/devsrc/nano-soh-runtime/Shipwright/soh/src/overlays/actors/ovl_En_Ssh/z_en_ssh.c:223:34: warning: initialization of 'AnimationHeader *' from incompatible pointer type 'const char (*)[49]' [-Wincompatible-pointer-types]
  223 |         &object_ssh_Anim_000304, &object_ssh_Anim_000304, &object_ssh_Anim_005BE8,
      |                                  ^
/home/david/Documents/RockBox_Personal-master/devsrc/nano-soh-runtime/Shipwright/soh/src/overlays/actors/ovl_En_Ssh/z_en_ssh.c:223:34: note: (near initialization for 'animation[5]')
/home/david/Documents/RockBox_Personal-master/devsrc/nano-soh-runtime/Shipwright/soh/src/overlays/actors/ovl_En_Ssh/z_en_ssh.c:223:59: warning: initialization of 'AnimationHeader *' from incompatible pointer type 'const char (*)[49]' [-Wincompatible-pointer-types]
  223 |         &object_ssh_Anim_000304, &object_ssh_Anim_000304, &object_ssh_Anim_005BE8,
      |                                                           ^
/home/david/Documents/RockBox_Personal-master/devsrc/nano-soh-runtime/Shipwright/soh/src/overlays/actors/ovl_En_Ssh/z_en_ssh.c:223:59: note: (near initialization for 'animation[6]')
/home/david/Documents/RockBox_Personal-master/devsrc/nano-soh-runtime/Shipwright/soh/src/overlays/actors/ovl_En_Ssh/z_en_ssh.c: In function 'EnSsh_Init':
/home/david/Documents/RockBox_Personal-master/devsrc/nano-soh-runtime/Shipwright/soh/src/overlays/actors/ovl_En_Ssh/z_en_ssh.c:615:41: warning: passing argument 1 of 'Animation_GetLastFrame' discards 'const' qualifier from pointer target type [-Wdiscarded-array-qualifiers]
  615 |     frameCount = Animation_GetLastFrame(&object_ssh_Anim_000304);
      |                                         ^~~~~~~~~~~~~~~~~~~~~~~
In file included from /home/david/Documents/RockBox_Personal-master/devsrc/nano-soh-runtime/Shipwright/soh/include/global.h:8,
                 from /home/david/Documents/RockBox_Personal-master/devsrc/nano-soh-runtime/Shipwright/soh/src/overlays/actors/ovl_En_Ssh/z_en_ssh.h:5,
                 from /home/david/Documents/RockBox_Personal-master/devsrc/nano-soh-runtime/Shipwright/soh/src/overlays/actors/ovl_En_Ssh/z_en_ssh.c:1:
/home/david/Documents/RockBox_Personal-master/devsrc/nano-soh-runtime/Shipwright/soh/include/functions.h:1278:34: note: expected 'void *' but argument is of type 'const char (*)[49]'
 1278 | s16 Animation_GetLastFrame(void* animation);
      |                            ~~~~~~^~~~~~~~~
/home/david/Documents/RockBox_Personal-master/devsrc/nano-soh-runtime/Shipwright/soh/src/overlays/actors/ovl_En_Ssh/z_en_ssh.c:626:44: warning: passing argument 3 of 'SkelAnime_Init' from incompatible pointer type [-Wincompatible-pointer-types]
  626 |     SkelAnime_Init(play, &this->skelAnime, &object_ssh_Skel_0052E0, NULL, this->jointTable, this->morphTable, 30);
      |                                            ^~~~~~~~~~~~~~~~~~~~~~~
      |                                            |
      |                                            const char (*)[49]
/home/david/Documents/RockBox_Personal-master/devsrc/nano-soh-runtime/Shipwright/soh/include/functions.h:1327:75: note: expected 'SkeletonHeader *' but argument is of type 'const char (*)[49]'
 1327 | s32 SkelAnime_Init(PlayState* play, SkelAnime* skelAnime, SkeletonHeader* skeletonHeaderSeg,
      |                                                           ~~~~~~~~~~~~~~~~^~~~~~~~~~~~~~~~~
/home/david/Documents/RockBox_Personal-master/devsrc/nano-soh-runtime/Shipwright/soh/src/overlays/actors/ovl_En_Ssh/z_en_ssh.c:627:40: warning: passing argument 2 of 'Animation_Change' from incompatible pointer type [-Wincompatible-pointer-types]
  627 |     Animation_Change(&this->skelAnime, &object_ssh_Anim_000304, 1.0f, 0.0f, frameCount, ANIMMODE_LOOP_INTERP, 0.0f);
      |                                        ^~~~~~~~~~~~~~~~~~~~~~~
      |                                        |
      |                                        const char (*)[49]
/home/david/Documents/RockBox_Personal-master/devsrc/nano-soh-runtime/Shipwright/soh/include/functions.h:1336:62: note: expected 'AnimationHeader *' but argument is of type 'const char (*)[49]'
 1336 | void Animation_Change(SkelAnime* skelAnime, AnimationHeader* animation, f32 playSpeed, f32 startFrame, f32 endFrame,
      |                                             ~~~~~~~~~~~~~~~~~^~~~~~~~~
/home/david/Documents/RockBox_Personal-master/devsrc/nano-soh-runtime/Shipwright/soh/src/overlays/actors/ovl_En_Ssh/z_en_ssh.c: In function 'EnSsh_OverrideLimbDraw':
/home/david/Documents/RockBox_Personal-master/devsrc/nano-soh-runtime/Shipwright/soh/src/overlays/actors/ovl_En_Ssh/z_en_ssh.c:860:24: warning: assignment to 'Gfx *' from incompatible pointer type 'const char *' [-Wincompatible-pointer-types]
  860 |                 *dList = object_ssh_DL_0046C0;
      |                        ^
/home/david/Documents/RockBox_Personal-master/devsrc/nano-soh-runtime/Shipwright/soh/src/overlays/actors/ovl_En_Ssh/z_en_ssh.c:865:24: warning: assignment to 'Gfx *' from incompatible pointer type 'const char *' [-Wincompatible-pointer-types]
  865 |                 *dList = object_ssh_DL_004080;
      |                        ^
/home/david/Documents/RockBox_Personal-master/devsrc/nano-soh-runtime/Shipwright/soh/src/overlays/actors/ovl_En_Ssh/z_en_ssh.c:870:24: warning: assignment to 'Gfx *' from incompatible pointer type 'const char *' [-Wincompatible-pointer-types]
  870 |                 *dList = object_ssh_DL_004DE8;
      |                        ^
/home/david/Documents/RockBox_Personal-master/devsrc/nano-soh-runtime/Shipwright/soh/src/overlays/actors/ovl_En_Ssh/z_en_ssh.c: In function 'EnSsh_Draw':
/home/david/Documents/RockBox_Personal-master/devsrc/nano-soh-runtime/Shipwright/soh/src/overlays/actors/ovl_En_Ssh/z_en_ssh.c:885:9: warning: initialization discards 'const' qualifier from pointer target type [-Wdiscarded-qualifiers]
  885 |         object_ssh_Tex_0007E0,
      |         ^~~~~~~~~~~~~~~~~~~~~
/home/david/Documents/RockBox_Personal-master/devsrc/nano-soh-runtime/Shipwright/soh/src/overlays/actors/ovl_En_Ssh/z_en_ssh.c:886:9: warning: initialization discards 'const' qualifier from pointer target type [-Wdiscarded-qualifiers]
  886 |         object_ssh_Tex_000C60,
      |         ^~~~~~~~~~~~~~~~~~~~~
/home/david/Documents/RockBox_Personal-master/devsrc/nano-soh-runtime/Shipwright/soh/src/overlays/actors/ovl_En_Ssh/z_en_ssh.c:887:9: warning: initialization discards 'const' qualifier from pointer target type [-Wdiscarded-qualifiers]
  887 |         object_ssh_Tex_001060,
      |         ^~~~~~~~~~~~~~~~~~~~~
In file included from /home/david/Documents/RockBox_Personal-master/devsrc/nano-soh-runtime/Shipwright/soh/include/global.h:10:
/home/david/Documents/RockBox_Personal-master/devsrc/nano-soh-runtime/Shipwright/soh/src/overlays/actors/ovl_En_Ssh/z_en_ssh.c:895:68: warning: passing argument 3 of 'gSPSegment' makes integer from pointer without a cast [-Wint-conversion]
  895 |     gSPSegment(POLY_OPA_DISP++, 0x08, SEGMENTED_TO_VIRTUAL(blinkTex[this->blinkState]));
      |                                                            ~~~~~~~~^~~~~~~~~~~~~~~~~~
      |                                                                    |
      |                                                                    void *
/home/david/Documents/RockBox_Personal-master/devsrc/nano-soh-runtime/Shipwright/soh/include/macros.h:37:36: note: in definition of macro 'SEGMENTED_TO_VIRTUAL'
   37 | #define SEGMENTED_TO_VIRTUAL(addr) addr
      |                                    ^~~~
/home/david/Documents/RockBox_Personal-master/devsrc/nano-soh-runtime/Shipwright/soh/include/functions.h:22:52: note: expected 'uintptr_t' {aka 'unsigned int'} but argument is of type 'void *'
   22 | void gSPSegment(void* value, int segNum, uintptr_t target);
      |                                          ~~~~~~~~~~^~~~~~
