/home/david/Documents/RockBox_Personal-master/devsrc/nano-soh-runtime/Shipwright/soh/src/overlays/actors/ovl_Bg_Hidan_Sekizou/z_bg_hidan_sekizou.c:124:5: warning: initialization discards 'const' qualifier from pointer target type [-Wdiscarded-qualifiers]
  124 |     gFireTempleFireball0Tex, gFireTempleFireball1Tex, gFireTempleFireball2Tex, gFireTempleFireball3Tex,
      |     ^~~~~~~~~~~~~~~~~~~~~~~
/home/david/Documents/RockBox_Personal-master/devsrc/nano-soh-runtime/Shipwright/soh/src/overlays/actors/ovl_Bg_Hidan_Sekizou/z_bg_hidan_sekizou.c:124:30: warning: initialization discards 'const' qualifier from pointer target type [-Wdiscarded-qualifiers]
  124 |     gFireTempleFireball0Tex, gFireTempleFireball1Tex, gFireTempleFireball2Tex, gFireTempleFireball3Tex,
      |                              ^~~~~~~~~~~~~~~~~~~~~~~
/home/david/Documents/RockBox_Personal-master/devsrc/nano-soh-runtime/Shipwright/soh/src/overlays/actors/ovl_Bg_Hidan_Sekizou/z_bg_hidan_sekizou.c:124:55: warning: initialization discards 'const' qualifier from pointer target type [-Wdiscarded-qualifiers]
  124 |     gFireTempleFireball0Tex, gFireTempleFireball1Tex, gFireTempleFireball2Tex, gFireTempleFireball3Tex,
      |                                                       ^~~~~~~~~~~~~~~~~~~~~~~
/home/david/Documents/RockBox_Personal-master/devsrc/nano-soh-runtime/Shipwright/soh/src/overlays/actors/ovl_Bg_Hidan_Sekizou/z_bg_hidan_sekizou.c:124:80: warning: initialization discards 'const' qualifier from pointer target type [-Wdiscarded-qualifiers]
  124 |     gFireTempleFireball0Tex, gFireTempleFireball1Tex, gFireTempleFireball2Tex, gFireTempleFireball3Tex,
      |                                                                                ^~~~~~~~~~~~~~~~~~~~~~~
/home/david/Documents/RockBox_Personal-master/devsrc/nano-soh-runtime/Shipwright/soh/src/overlays/actors/ovl_Bg_Hidan_Sekizou/z_bg_hidan_sekizou.c:125:5: warning: initialization discards 'const' qualifier from pointer target type [-Wdiscarded-qualifiers]
  125 |     gFireTempleFireball4Tex, gFireTempleFireball5Tex, gFireTempleFireball6Tex, gFireTempleFireball7Tex,
      |     ^~~~~~~~~~~~~~~~~~~~~~~
/home/david/Documents/RockBox_Personal-master/devsrc/nano-soh-runtime/Shipwright/soh/src/overlays/actors/ovl_Bg_Hidan_Sekizou/z_bg_hidan_sekizou.c:125:30: warning: initialization discards 'const' qualifier from pointer target type [-Wdiscarded-qualifiers]
  125 |     gFireTempleFireball4Tex, gFireTempleFireball5Tex, gFireTempleFireball6Tex, gFireTempleFireball7Tex,
      |                              ^~~~~~~~~~~~~~~~~~~~~~~
/home/david/Documents/RockBox_Personal-master/devsrc/nano-soh-runtime/Shipwright/soh/src/overlays/actors/ovl_Bg_Hidan_Sekizou/z_bg_hidan_sekizou.c:125:55: warning: initialization discards 'const' qualifier from pointer target type [-Wdiscarded-qualifiers]
  125 |     gFireTempleFireball4Tex, gFireTempleFireball5Tex, gFireTempleFireball6Tex, gFireTempleFireball7Tex,
      |                                                       ^~~~~~~~~~~~~~~~~~~~~~~
/home/david/Documents/RockBox_Personal-master/devsrc/nano-soh-runtime/Shipwright/soh/src/overlays/actors/ovl_Bg_Hidan_Sekizou/z_bg_hidan_sekizou.c:125:80: warning: initialization discards 'const' qualifier from pointer target type [-Wdiscarded-qualifiers]
  125 |     gFireTempleFireball4Tex, gFireTempleFireball5Tex, gFireTempleFireball6Tex, gFireTempleFireball7Tex,
      |                                                                                ^~~~~~~~~~~~~~~~~~~~~~~
/home/david/Documents/RockBox_Personal-master/devsrc/nano-soh-runtime/Shipwright/soh/src/overlays/actors/ovl_Bg_Hidan_Sekizou/z_bg_hidan_sekizou.c: In function 'BgHidanSekizou_Init':
/home/david/Documents/RockBox_Personal-master/devsrc/nano-soh-runtime/Shipwright/soh/src/overlays/actors/ovl_Bg_Hidan_Sekizou/z_bg_hidan_sekizou.c:166:36: warning: passing argument 1 of 'CollisionHeader_GetVirtual' discards 'const' qualifier from pointer target type [-Wdiscarded-array-qualifiers]
  166 |         CollisionHeader_GetVirtual(&gFireTempleStationaryFlamethrowerShortCol, &colHeader);
      |                                    ^~~~~~~~~~~~~~~~~~~~~~~~~~~~~~~~~~~~~~~~~~
In file included from /home/david/Documents/RockBox_Personal-master/devsrc/nano-soh-runtime/Shipwright/soh/include/global.h:8,
                 from /home/david/Documents/RockBox_Personal-master/devsrc/nano-soh-runtime/Shipwright/soh/src/overlays/actors/ovl_Bg_Hidan_Sekizou/z_bg_hidan_sekizou.h:5,
                 from /home/david/Documents/RockBox_Personal-master/devsrc/nano-soh-runtime/Shipwright/soh/src/overlays/actors/ovl_Bg_Hidan_Sekizou/z_bg_hidan_sekizou.c:7:
/home/david/Documents/RockBox_Personal-master/devsrc/nano-soh-runtime/Shipwright/soh/include/functions.h:673:39: note: expected 'void *' but argument is of type 'const char (*)[78]'
  673 | void CollisionHeader_GetVirtual(void* colHeader, CollisionHeader** dest);
      |                                 ~~~~~~^~~~~~~~~
/home/david/Documents/RockBox_Personal-master/devsrc/nano-soh-runtime/Shipwright/soh/src/overlays/actors/ovl_Bg_Hidan_Sekizou/z_bg_hidan_sekizou.c:170:36: warning: passing argument 1 of 'CollisionHeader_GetVirtual' discards 'const' qualifier from pointer target type [-Wdiscarded-array-qualifiers]
  170 |         CollisionHeader_GetVirtual(&gFireTempleStationaryFlamethrowerTallCol, &colHeader);
      |                                    ^~~~~~~~~~~~~~~~~~~~~~~~~~~~~~~~~~~~~~~~~
/home/david/Documents/RockBox_Personal-master/devsrc/nano-soh-runtime/Shipwright/soh/include/functions.h:673:39: note: expected 'void *' but argument is of type 'const char (*)[77]'
  673 | void CollisionHeader_GetVirtual(void* colHeader, CollisionHeader** dest);
      |                                 ~~~~~~^~~~~~~~~
In file included from /home/david/Documents/RockBox_Personal-master/devsrc/nano-soh-runtime/Shipwright/soh/include/global.h:10:
/home/david/Documents/RockBox_Personal-master/devsrc/nano-soh-runtime/Shipwright/soh/src/overlays/actors/ovl_Bg_Hidan_Sekizou/z_bg_hidan_sekizou.c: In function 'func_8088D9F4':
/home/david/Documents/RockBox_Personal-master/devsrc/nano-soh-runtime/Shipwright/soh/src/overlays/actors/ovl_Bg_Hidan_Sekizou/z_bg_hidan_sekizou.c:306:62: warning: passing argument 3 of 'gSPSegment' makes integer from pointer without a cast [-Wint-conversion]
  306 |     gSPSegment(arg7++, 9, SEGMENTED_TO_VIRTUAL(sFireballsTexs[arg6]));
      |                                                ~~~~~~~~~~~~~~^~~~~~
      |                                                              |
      |                                                              void *
/home/david/Documents/RockBox_Personal-master/devsrc/nano-soh-runtime/Shipwright/soh/include/macros.h:37:36: note: in definition of macro 'SEGMENTED_TO_VIRTUAL'
   37 | #define SEGMENTED_TO_VIRTUAL(addr) addr
      |                                    ^~~~
/home/david/Documents/RockBox_Personal-master/devsrc/nano-soh-runtime/Shipwright/soh/include/functions.h:22:52: note: expected 'uintptr_t' {aka 'unsigned int'} but argument is of type 'void *'
   22 | void gSPSegment(void* value, int segNum, uintptr_t target);
      |                                          ~~~~~~~~~~^~~~~~
/home/david/Documents/RockBox_Personal-master/devsrc/nano-soh-runtime/Shipwright/soh/src/overlays/actors/ovl_Bg_Hidan_Sekizou/z_bg_hidan_sekizou.c:324:28: warning: passing argument 2 of 'gSPDisplayList' from incompatible pointer type [-Wincompatible-pointer-types]
  324 |     gSPDisplayList(arg7++, gFireTempleFireballDL);
      |                            ^~~~~~~~~~~~~~~~~~~~~
      |                            |
      |                            const char *
/home/david/Documents/RockBox_Personal-master/devsrc/nano-soh-runtime/Shipwright/soh/include/functions.h:24:36: note: expected 'Gfx *' but argument is of type 'const char *'
   24 | void gSPDisplayList(Gfx* pkt, Gfx* dl);
      |                               ~~~~~^~
/home/david/Documents/RockBox_Personal-master/devsrc/nano-soh-runtime/Shipwright/soh/src/overlays/actors/ovl_Bg_Hidan_Sekizou/z_bg_hidan_sekizou.c: In function 'BgHidanSekizou_Draw':
/home/david/Documents/RockBox_Personal-master/devsrc/nano-soh-runtime/Shipwright/soh/src/overlays/actors/ovl_Bg_Hidan_Sekizou/z_bg_hidan_sekizou.c:400:41: warning: passing argument 2 of 'gSPDisplayList' from incompatible pointer type [-Wincompatible-pointer-types]
  400 |         gSPDisplayList(POLY_OPA_DISP++, gFireTempleStationaryFlamethrowerShortDL);
      |                                         ^~~~~~~~~~~~~~~~~~~~~~~~~~~~~~~~~~~~~~~~
      |                                         |
      |                                         const char *
/home/david/Documents/RockBox_Personal-master/devsrc/nano-soh-runtime/Shipwright/soh/include/functions.h:24:36: note: expected 'Gfx *' but argument is of type 'const char *'
   24 | void gSPDisplayList(Gfx* pkt, Gfx* dl);
      |                               ~~~~~^~
/home/david/Documents/RockBox_Personal-master/devsrc/nano-soh-runtime/Shipwright/soh/src/overlays/actors/ovl_Bg_Hidan_Sekizou/z_bg_hidan_sekizou.c:402:41: warning: passing argument 2 of 'gSPDisplayList' from incompatible pointer type [-Wincompatible-pointer-types]
  402 |         gSPDisplayList(POLY_OPA_DISP++, gFireTempleStationaryFlamethrowerTallDL);
      |                                         ^~~~~~~~~~~~~~~~~~~~~~~~~~~~~~~~~~~~~~~
      |                                         |
      |                                         const char *
/home/david/Documents/RockBox_Personal-master/devsrc/nano-soh-runtime/Shipwright/soh/include/functions.h:24:36: note: expected 'Gfx *' but argument is of type 'const char *'
   24 | void gSPDisplayList(Gfx* pkt, Gfx* dl);
      |                               ~~~~~^~
