/home/david/Documents/RockBox_Personal-master/devsrc/nano-soh-runtime/Shipwright/soh/src/overlays/actors/ovl_Bg_Gnd_Darkmeiro/z_bg_gnd_darkmeiro.c: In function 'BgGndDarkmeiro_Init':
/home/david/Documents/RockBox_Personal-master/devsrc/nano-soh-runtime/Shipwright/soh/src/overlays/actors/ovl_Bg_Gnd_Darkmeiro/z_bg_gnd_darkmeiro.c:63:40: warning: passing argument 1 of 'CollisionHeader_GetVirtual' discards 'const' qualifier from pointer target type [-Wdiscarded-array-qualifiers]
   63 |             CollisionHeader_GetVirtual(&gClearBlockCol, &colHeader);
      |                                        ^~~~~~~~~~~~~~~
In file included from /home/david/Documents/RockBox_Personal-master/devsrc/nano-soh-runtime/Shipwright/soh/include/global.h:8,
                 from /home/david/Documents/RockBox_Personal-master/devsrc/nano-soh-runtime/Shipwright/soh/src/overlays/actors/ovl_Bg_Gnd_Darkmeiro/z_bg_gnd_darkmeiro.h:5,
                 from /home/david/Documents/RockBox_Personal-master/devsrc/nano-soh-runtime/Shipwright/soh/src/overlays/actors/ovl_Bg_Gnd_Darkmeiro/z_bg_gnd_darkmeiro.c:7:
/home/david/Documents/RockBox_Personal-master/devsrc/nano-soh-runtime/Shipwright/soh/include/functions.h:673:39: note: expected 'void *' but argument is of type 'const char (*)[49]'
  673 | void CollisionHeader_GetVirtual(void* colHeader, CollisionHeader** dest);
      |                                 ~~~~~~^~~~~~~~~
/home/david/Documents/RockBox_Personal-master/devsrc/nano-soh-runtime/Shipwright/soh/src/overlays/actors/ovl_Bg_Gnd_Darkmeiro/z_bg_gnd_darkmeiro.c: In function 'BgGndDarkmeiro_DrawInvisiblePath':
/home/david/Documents/RockBox_Personal-master/devsrc/nano-soh-runtime/Shipwright/soh/src/overlays/actors/ovl_Bg_Gnd_Darkmeiro/z_bg_gnd_darkmeiro.c:186:28: warning: passing argument 2 of 'Gfx_DrawDListXlu' from incompatible pointer type [-Wincompatible-pointer-types]
  186 |     Gfx_DrawDListXlu(play, gShadowTrialPathDL);
      |                            ^~~~~~~~~~~~~~~~~~
      |                            |
      |                            const char *
/home/david/Documents/RockBox_Personal-master/devsrc/nano-soh-runtime/Shipwright/soh/include/functions.h:547:45: note: expected 'Gfx *' but argument is of type 'const char *'
  547 | void Gfx_DrawDListXlu(PlayState* play, Gfx* dlist);
      |                                        ~~~~~^~~~~
/home/david/Documents/RockBox_Personal-master/devsrc/nano-soh-runtime/Shipwright/soh/src/overlays/actors/ovl_Bg_Gnd_Darkmeiro/z_bg_gnd_darkmeiro.c: In function 'BgGndDarkmeiro_DrawSwitchBlock':
/home/david/Documents/RockBox_Personal-master/devsrc/nano-soh-runtime/Shipwright/soh/src/overlays/actors/ovl_Bg_Gnd_Darkmeiro/z_bg_gnd_darkmeiro.c:211:32: warning: passing argument 2 of 'Gfx_DrawDListXlu' from incompatible pointer type [-Wincompatible-pointer-types]
  211 |         Gfx_DrawDListXlu(play, gClearBlockDL);
      |                                ^~~~~~~~~~~~~
      |                                |
      |                                const char *
/home/david/Documents/RockBox_Personal-master/devsrc/nano-soh-runtime/Shipwright/soh/include/functions.h:547:45: note: expected 'Gfx *' but argument is of type 'const char *'
  547 | void Gfx_DrawDListXlu(PlayState* play, Gfx* dlist);
      |                                        ~~~~~^~~~~
/home/david/Documents/RockBox_Personal-master/devsrc/nano-soh-runtime/Shipwright/soh/src/overlays/actors/ovl_Bg_Gnd_Darkmeiro/z_bg_gnd_darkmeiro.c: In function 'BgGndDarkmeiro_DrawStaticBlock':
/home/david/Documents/RockBox_Personal-master/devsrc/nano-soh-runtime/Shipwright/soh/src/overlays/actors/ovl_Bg_Gnd_Darkmeiro/z_bg_gnd_darkmeiro.c:220:28: warning: passing argument 2 of 'Gfx_DrawDListXlu' from incompatible pointer type [-Wincompatible-pointer-types]
  220 |     Gfx_DrawDListXlu(play, gClearBlockDL);
      |                            ^~~~~~~~~~~~~
      |                            |
      |                            const char *
/home/david/Documents/RockBox_Personal-master/devsrc/nano-soh-runtime/Shipwright/soh/include/functions.h:547:45: note: expected 'Gfx *' but argument is of type 'const char *'
  547 | void Gfx_DrawDListXlu(PlayState* play, Gfx* dlist);
      |                                        ~~~~~^~~~~
