/home/david/Documents/RockBox_Personal-master/devsrc/nano-soh-runtime/Shipwright/soh/src/overlays/actors/ovl_En_Torch2/z_en_torch2.c: In function 'EnTorch2_Init':
/home/david/Documents/RockBox_Personal-master/devsrc/nano-soh-runtime/Shipwright/soh/src/overlays/actors/ovl_En_Torch2/z_en_torch2.c:144:34: warning: passing argument 3 of 'play->playerInit' from incompatible pointer type [-Wincompatible-pointer-types]
  144 |     play->playerInit(this, play, &gDarkLinkSkel);
      |                                  ^~~~~~~~~~~~~~
      |                                  |
      |                                  const char (*)[43]
/home/david/Documents/RockBox_Personal-master/devsrc/nano-soh-runtime/Shipwright/soh/src/overlays/actors/ovl_En_Torch2/z_en_torch2.c:144:34: note: expected 'FlexSkeletonHeader *' but argument is of type 'const char (*)[43]'
/home/david/Documents/RockBox_Personal-master/devsrc/nano-soh-runtime/Shipwright/soh/src/overlays/actors/ovl_En_Torch2/z_en_torch2.c: In function 'EnTorch2_Draw':
/home/david/Documents/RockBox_Personal-master/devsrc/nano-soh-runtime/Shipwright/soh/src/overlays/actors/ovl_En_Torch2/z_en_torch2.c:803:54: warning: passing argument 3 of 'gSPSegment' makes integer from pointer without a cast [-Wint-conversion]
  803 |         gSPSegment(POLY_OPA_DISP++, 0x0C, D_80116280 + 2);
      |                                           ~~~~~~~~~~~^~~
      |                                                      |
      |                                                      Gfx *
In file included from /home/david/Documents/RockBox_Personal-master/devsrc/nano-soh-runtime/Shipwright/soh/include/global.h:8,
                 from /home/david/Documents/RockBox_Personal-master/devsrc/nano-soh-runtime/Shipwright/soh/src/overlays/actors/ovl_En_Torch2/z_en_torch2.h:5,
                 from /home/david/Documents/RockBox_Personal-master/devsrc/nano-soh-runtime/Shipwright/soh/src/overlays/actors/ovl_En_Torch2/z_en_torch2.c:7:
/home/david/Documents/RockBox_Personal-master/devsrc/nano-soh-runtime/Shipwright/soh/include/functions.h:22:52: note: expected 'uintptr_t' {aka 'unsigned int'} but argument is of type 'Gfx *'
   22 | void gSPSegment(void* value, int segNum, uintptr_t target);
      |                                          ~~~~~~~~~~^~~~~~
/home/david/Documents/RockBox_Personal-master/devsrc/nano-soh-runtime/Shipwright/soh/src/overlays/actors/ovl_En_Torch2/z_en_torch2.c:811:43: warning: passing argument 3 of 'gSPSegment' makes integer from pointer without a cast [-Wint-conversion]
  811 |         gSPSegment(POLY_XLU_DISP++, 0x0C, D_80116280);
      |                                           ^~~~~~~~~~
      |                                           |
      |                                           Gfx *
/home/david/Documents/RockBox_Personal-master/devsrc/nano-soh-runtime/Shipwright/soh/include/functions.h:22:52: note: expected 'uintptr_t' {aka 'unsigned int'} but argument is of type 'Gfx *'
   22 | void gSPSegment(void* value, int segNum, uintptr_t target);
      |                                          ~~~~~~~~~~^~~~~~
