/home/david/Documents/RockBox_Personal-master/devsrc/nano-soh-runtime/Shipwright/soh/src/overlays/actors/ovl_Bg_Bowl_Wall/z_bg_bowl_wall.c: In function 'BgBowlWall_Init':
/home/david/Documents/RockBox_Personal-master/devsrc/nano-soh-runtime/Shipwright/soh/src/overlays/actors/ovl_Bg_Bowl_Wall/z_bg_bowl_wall.c:57:36: warning: passing argument 1 of 'CollisionHeader_GetVirtual' discards 'const' qualifier from pointer target type [-Wdiscarded-array-qualifiers]
   57 |         CollisionHeader_GetVirtual(&gBowlingFirstAndFinalRoundCol, &colHeader);
      |                                    ^~~~~~~~~~~~~~~~~~~~~~~~~~~~~~
In file included from /home/david/Documents/RockBox_Personal-master/devsrc/nano-soh-runtime/Shipwright/soh/include/global.h:8,
                 from /home/david/Documents/RockBox_Personal-master/devsrc/nano-soh-runtime/Shipwright/soh/src/overlays/actors/ovl_Bg_Bowl_Wall/z_bg_bowl_wall.h:5,
                 from /home/david/Documents/RockBox_Personal-master/devsrc/nano-soh-runtime/Shipwright/soh/src/overlays/actors/ovl_Bg_Bowl_Wall/z_bg_bowl_wall.c:7:
/home/david/Documents/RockBox_Personal-master/devsrc/nano-soh-runtime/Shipwright/soh/include/functions.h:673:39: note: expected 'void *' but argument is of type 'const char (*)[57]'
  673 | void CollisionHeader_GetVirtual(void* colHeader, CollisionHeader** dest);
      |                                 ~~~~~~^~~~~~~~~
/home/david/Documents/RockBox_Personal-master/devsrc/nano-soh-runtime/Shipwright/soh/src/overlays/actors/ovl_Bg_Bowl_Wall/z_bg_bowl_wall.c:59:36: warning: passing argument 1 of 'CollisionHeader_GetVirtual' discards 'const' qualifier from pointer target type [-Wdiscarded-array-qualifiers]
   59 |         CollisionHeader_GetVirtual(&gBowlingSecondRoundCol, &colHeader);
      |                                    ^~~~~~~~~~~~~~~~~~~~~~~
/home/david/Documents/RockBox_Personal-master/devsrc/nano-soh-runtime/Shipwright/soh/include/functions.h:673:39: note: expected 'void *' but argument is of type 'const char (*)[50]'
  673 | void CollisionHeader_GetVirtual(void* colHeader, CollisionHeader** dest);
      |                                 ~~~~~~^~~~~~~~~
/home/david/Documents/RockBox_Personal-master/devsrc/nano-soh-runtime/Shipwright/soh/src/overlays/actors/ovl_Bg_Bowl_Wall/z_bg_bowl_wall.c: In function 'BgBowlWall_Draw':
/home/david/Documents/RockBox_Personal-master/devsrc/nano-soh-runtime/Shipwright/soh/src/overlays/actors/ovl_Bg_Bowl_Wall/z_bg_bowl_wall.c:208:16: warning: passing argument 3 of 'gSPSegment' makes integer from pointer without a cast [-Wint-conversion]
  208 |                Gfx_TexScrollEx(play->state.gfxCtx, 0, -2 * (frames = play->state.frames), 16, 16, 0, -2));
      |                ^~~~~~~~~~~~~~~~~~~~~~~~~~~~~~~~~~~~~~~~~~~~~~~~~~~~~~~~~~~~~~~~~~~~~~~~~~~~~~~~~~~~~~~~~
      |                |
      |                Gfx *
/home/david/Documents/RockBox_Personal-master/devsrc/nano-soh-runtime/Shipwright/soh/include/functions.h:22:52: note: expected 'uintptr_t' {aka 'unsigned int'} but argument is of type 'Gfx *'
   22 | void gSPSegment(void* value, int segNum, uintptr_t target);
      |                                          ~~~~~~~~~~^~~~~~
/home/david/Documents/RockBox_Personal-master/devsrc/nano-soh-runtime/Shipwright/soh/src/overlays/actors/ovl_Bg_Bowl_Wall/z_bg_bowl_wall.c:213:41: warning: passing argument 2 of 'gSPDisplayList' from incompatible pointer type [-Wincompatible-pointer-types]
  213 |         gSPDisplayList(POLY_OPA_DISP++, gBowlingRound1WallDL);
      |                                         ^~~~~~~~~~~~~~~~~~~~
      |                                         |
      |                                         const char *
/home/david/Documents/RockBox_Personal-master/devsrc/nano-soh-runtime/Shipwright/soh/include/functions.h:24:36: note: expected 'Gfx *' but argument is of type 'const char *'
   24 | void gSPDisplayList(Gfx* pkt, Gfx* dl);
      |                               ~~~~~^~
/home/david/Documents/RockBox_Personal-master/devsrc/nano-soh-runtime/Shipwright/soh/src/overlays/actors/ovl_Bg_Bowl_Wall/z_bg_bowl_wall.c:215:41: warning: passing argument 2 of 'gSPDisplayList' from incompatible pointer type [-Wincompatible-pointer-types]
  215 |         gSPDisplayList(POLY_OPA_DISP++, gBowlingRound2WallDL);
      |                                         ^~~~~~~~~~~~~~~~~~~~
      |                                         |
      |                                         const char *
/home/david/Documents/RockBox_Personal-master/devsrc/nano-soh-runtime/Shipwright/soh/include/functions.h:24:36: note: expected 'Gfx *' but argument is of type 'const char *'
   24 | void gSPDisplayList(Gfx* pkt, Gfx* dl);
      |                               ~~~~~^~
