/home/david/Documents/RockBox_Personal-master/devsrc/nano-soh-runtime/Shipwright/soh/src/overlays/effects/ovl_Effect_Ss_En_Fire/z_eff_ss_en_fire.c: In function 'EffectSsEnFire_Draw':
/home/david/Documents/RockBox_Personal-master/devsrc/nano-soh-runtime/Shipwright/soh/src/overlays/effects/ovl_Effect_Ss_En_Fire/z_eff_ss_en_fire.c:93:16: warning: passing argument 3 of 'gSPSegment' makes integer from pointer without a cast [-Wint-conversion]
   93 |                Gfx_TwoTexScrollEx(play->state.gfxCtx, 0, 0, 0, 0x20, 0x40, 1, 0, (this->rScroll * -0x14) & 0x1FF, 0x20,
      |                ^~~~~~~~~~~~~~~~~~~~~~~~~~~~~~~~~~~~~~~~~~~~~~~~~~~~~~~~~~~~~~~~~~~~~~~~~~~~~~~~~~~~~~~~~~~~~~~~~~~~~~~~
      |                |
      |                Gfx *
   94 |                                   0x80, 0, 0, 0, -0x14));
      |                                   ~~~~~~~~~~~~~~~~~~~~~
In file included from /home/david/Documents/RockBox_Personal-master/devsrc/nano-soh-runtime/Shipwright/soh/include/global.h:8,
                 from /home/david/Documents/RockBox_Personal-master/devsrc/nano-soh-runtime/Shipwright/soh/src/overlays/effects/ovl_Effect_Ss_En_Fire/z_eff_ss_en_fire.h:5,
                 from /home/david/Documents/RockBox_Personal-master/devsrc/nano-soh-runtime/Shipwright/soh/src/overlays/effects/ovl_Effect_Ss_En_Fire/z_eff_ss_en_fire.c:7:
/home/david/Documents/RockBox_Personal-master/devsrc/nano-soh-runtime/Shipwright/soh/include/functions.h:22:52: note: expected 'uintptr_t' {aka 'unsigned int'} but argument is of type 'Gfx *'
   22 | void gSPSegment(void* value, int segNum, uintptr_t target);
      |                                          ~~~~~~~~~~^~~~~~
/home/david/Documents/RockBox_Personal-master/devsrc/nano-soh-runtime/Shipwright/soh/src/overlays/effects/ovl_Effect_Ss_En_Fire/z_eff_ss_en_fire.c:97:41: warning: passing argument 2 of 'gSPDisplayList' from incompatible pointer type [-Wincompatible-pointer-types]
   97 |         gSPDisplayList(POLY_XLU_DISP++, gEffFire2DL);
      |                                         ^~~~~~~~~~~
      |                                         |
      |                                         const char *
/home/david/Documents/RockBox_Personal-master/devsrc/nano-soh-runtime/Shipwright/soh/include/functions.h:24:36: note: expected 'Gfx *' but argument is of type 'const char *'
   24 | void gSPDisplayList(Gfx* pkt, Gfx* dl);
      |                               ~~~~~^~
/home/david/Documents/RockBox_Personal-master/devsrc/nano-soh-runtime/Shipwright/soh/src/overlays/effects/ovl_Effect_Ss_En_Fire/z_eff_ss_en_fire.c:99:41: warning: passing argument 2 of 'gSPDisplayList' from incompatible pointer type [-Wincompatible-pointer-types]
   99 |         gSPDisplayList(POLY_XLU_DISP++, gEffFire1DL);
      |                                         ^~~~~~~~~~~
      |                                         |
      |                                         const char *
/home/david/Documents/RockBox_Personal-master/devsrc/nano-soh-runtime/Shipwright/soh/include/functions.h:24:36: note: expected 'Gfx *' but argument is of type 'const char *'
   24 | void gSPDisplayList(Gfx* pkt, Gfx* dl);
      |                               ~~~~~^~
