/home/david/Documents/RockBox_Personal-master/devsrc/nano-soh-runtime/Shipwright/soh/src/overlays/actors/ovl_Bg_Mizu_Bwall/z_bg_mizu_bwall.c:152:5: warning: initialization of 'Gfx *' from incompatible pointer type 'const char *' [-Wincompatible-pointer-types]
  152 |     gObjectMizuObjectsBwallDL_001A30, gObjectMizuObjectsBwallDL_002390, gObjectMizuObjectsBwallDL_001CD0,
      |     ^~~~~~~~~~~~~~~~~~~~~~~~~~~~~~~~
/home/david/Documents/RockBox_Personal-master/devsrc/nano-soh-runtime/Shipwright/soh/src/overlays/actors/ovl_Bg_Mizu_Bwall/z_bg_mizu_bwall.c:152:5: note: (near initialization for 'sDLists[0]')
/home/david/Documents/RockBox_Personal-master/devsrc/nano-soh-runtime/Shipwright/soh/src/overlays/actors/ovl_Bg_Mizu_Bwall/z_bg_mizu_bwall.c:152:39: warning: initialization of 'Gfx *' from incompatible pointer type 'const char *' [-Wincompatible-pointer-types]
  152 |     gObjectMizuObjectsBwallDL_001A30, gObjectMizuObjectsBwallDL_002390, gObjectMizuObjectsBwallDL_001CD0,
      |                                       ^~~~~~~~~~~~~~~~~~~~~~~~~~~~~~~~
/home/david/Documents/RockBox_Personal-master/devsrc/nano-soh-runtime/Shipwright/soh/src/overlays/actors/ovl_Bg_Mizu_Bwall/z_bg_mizu_bwall.c:152:39: note: (near initialization for 'sDLists[1]')
/home/david/Documents/RockBox_Personal-master/devsrc/nano-soh-runtime/Shipwright/soh/src/overlays/actors/ovl_Bg_Mizu_Bwall/z_bg_mizu_bwall.c:152:73: warning: initialization of 'Gfx *' from incompatible pointer type 'const char *' [-Wincompatible-pointer-types]
  152 |     gObjectMizuObjectsBwallDL_001A30, gObjectMizuObjectsBwallDL_002390, gObjectMizuObjectsBwallDL_001CD0,
      |                                                                         ^~~~~~~~~~~~~~~~~~~~~~~~~~~~~~~~
/home/david/Documents/RockBox_Personal-master/devsrc/nano-soh-runtime/Shipwright/soh/src/overlays/actors/ovl_Bg_Mizu_Bwall/z_bg_mizu_bwall.c:152:73: note: (near initialization for 'sDLists[2]')
/home/david/Documents/RockBox_Personal-master/devsrc/nano-soh-runtime/Shipwright/soh/src/overlays/actors/ovl_Bg_Mizu_Bwall/z_bg_mizu_bwall.c:153:5: warning: initialization of 'Gfx *' from incompatible pointer type 'const char *' [-Wincompatible-pointer-types]
  153 |     gObjectMizuObjectsBwallDL_002090, gObjectMizuObjectsBwallDL_001770,
      |     ^~~~~~~~~~~~~~~~~~~~~~~~~~~~~~~~
/home/david/Documents/RockBox_Personal-master/devsrc/nano-soh-runtime/Shipwright/soh/src/overlays/actors/ovl_Bg_Mizu_Bwall/z_bg_mizu_bwall.c:153:5: note: (near initialization for 'sDLists[3]')
/home/david/Documents/RockBox_Personal-master/devsrc/nano-soh-runtime/Shipwright/soh/src/overlays/actors/ovl_Bg_Mizu_Bwall/z_bg_mizu_bwall.c:153:39: warning: initialization of 'Gfx *' from incompatible pointer type 'const char *' [-Wincompatible-pointer-types]
  153 |     gObjectMizuObjectsBwallDL_002090, gObjectMizuObjectsBwallDL_001770,
      |                                       ^~~~~~~~~~~~~~~~~~~~~~~~~~~~~~~~
/home/david/Documents/RockBox_Personal-master/devsrc/nano-soh-runtime/Shipwright/soh/src/overlays/actors/ovl_Bg_Mizu_Bwall/z_bg_mizu_bwall.c:153:39: note: (near initialization for 'sDLists[4]')
/home/david/Documents/RockBox_Personal-master/devsrc/nano-soh-runtime/Shipwright/soh/src/overlays/actors/ovl_Bg_Mizu_Bwall/z_bg_mizu_bwall.c:156:5: warning: initialization of 'CollisionHeader *' from incompatible pointer type 'const char (*)[69]' [-Wincompatible-pointer-types]
  156 |     &gObjectMizuObjectsBwallCol_001C58, &gObjectMizuObjectsBwallCol_0025A4, &gObjectMizuObjectsBwallCol_001DE8,
      |     ^
/home/david/Documents/RockBox_Personal-master/devsrc/nano-soh-runtime/Shipwright/soh/src/overlays/actors/ovl_Bg_Mizu_Bwall/z_bg_mizu_bwall.c:156:5: note: (near initialization for 'sColHeaders[0]')
/home/david/Documents/RockBox_Personal-master/devsrc/nano-soh-runtime/Shipwright/soh/src/overlays/actors/ovl_Bg_Mizu_Bwall/z_bg_mizu_bwall.c:156:41: warning: initialization of 'CollisionHeader *' from incompatible pointer type 'const char (*)[69]' [-Wincompatible-pointer-types]
  156 |     &gObjectMizuObjectsBwallCol_001C58, &gObjectMizuObjectsBwallCol_0025A4, &gObjectMizuObjectsBwallCol_001DE8,
      |                                         ^
/home/david/Documents/RockBox_Personal-master/devsrc/nano-soh-runtime/Shipwright/soh/src/overlays/actors/ovl_Bg_Mizu_Bwall/z_bg_mizu_bwall.c:156:41: note: (near initialization for 'sColHeaders[1]')
/home/david/Documents/RockBox_Personal-master/devsrc/nano-soh-runtime/Shipwright/soh/src/overlays/actors/ovl_Bg_Mizu_Bwall/z_bg_mizu_bwall.c:156:77: warning: initialization of 'CollisionHeader *' from incompatible pointer type 'const char (*)[69]' [-Wincompatible-pointer-types]
  156 |     &gObjectMizuObjectsBwallCol_001C58, &gObjectMizuObjectsBwallCol_0025A4, &gObjectMizuObjectsBwallCol_001DE8,
      |                                                                             ^
/home/david/Documents/RockBox_Personal-master/devsrc/nano-soh-runtime/Shipwright/soh/src/overlays/actors/ovl_Bg_Mizu_Bwall/z_bg_mizu_bwall.c:156:77: note: (near initialization for 'sColHeaders[2]')
/home/david/Documents/RockBox_Personal-master/devsrc/nano-soh-runtime/Shipwright/soh/src/overlays/actors/ovl_Bg_Mizu_Bwall/z_bg_mizu_bwall.c:157:5: warning: initialization of 'CollisionHeader *' from incompatible pointer type 'const char (*)[69]' [-Wincompatible-pointer-types]
  157 |     &gObjectMizuObjectsBwallCol_001DE8, &gObjectMizuObjectsBwallCol_001DE8,
      |     ^
/home/david/Documents/RockBox_Personal-master/devsrc/nano-soh-runtime/Shipwright/soh/src/overlays/actors/ovl_Bg_Mizu_Bwall/z_bg_mizu_bwall.c:157:5: note: (near initialization for 'sColHeaders[3]')
/home/david/Documents/RockBox_Personal-master/devsrc/nano-soh-runtime/Shipwright/soh/src/overlays/actors/ovl_Bg_Mizu_Bwall/z_bg_mizu_bwall.c:157:41: warning: initialization of 'CollisionHeader *' from incompatible pointer type 'const char (*)[69]' [-Wincompatible-pointer-types]
  157 |     &gObjectMizuObjectsBwallCol_001DE8, &gObjectMizuObjectsBwallCol_001DE8,
      |                                         ^
/home/david/Documents/RockBox_Personal-master/devsrc/nano-soh-runtime/Shipwright/soh/src/overlays/actors/ovl_Bg_Mizu_Bwall/z_bg_mizu_bwall.c:157:41: note: (near initialization for 'sColHeaders[4]')
/home/david/Documents/RockBox_Personal-master/devsrc/nano-soh-runtime/Shipwright/soh/src/overlays/actors/ovl_Bg_Mizu_Bwall/z_bg_mizu_bwall.c: In function 'BgMizuBwall_Draw':
/home/david/Documents/RockBox_Personal-master/devsrc/nano-soh-runtime/Shipwright/soh/src/overlays/actors/ovl_Bg_Mizu_Bwall/z_bg_mizu_bwall.c:511:16: warning: passing argument 3 of 'gSPSegment' makes integer from pointer without a cast [-Wint-conversion]
  511 |                Gfx_TwoTexScrollEnvColorEx(play->state.gfxCtx, 0, 1 * frames, 0, 0x20, 0x20, 1, 0, 0, 0x20, 0x20, 0, 0,
      |                ^~~~~~~~~~~~~~~~~~~~~~~~~~~~~~~~~~~~~~~~~~~~~~~~~~~~~~~~~~~~~~~~~~~~~~~~~~~~~~~~~~~~~~~~~~~~~~~~~~~~~~~
      |                |
      |                Gfx *
  512 |                                           0, this->scrollAlpha1, 1, 0, 0, 0));
      |                                           ~~~~~~~~~~~~~~~~~~~~~~~~~~~~~~~~~~
In file included from /home/david/Documents/RockBox_Personal-master/devsrc/nano-soh-runtime/Shipwright/soh/include/global.h:8,
                 from /home/david/Documents/RockBox_Personal-master/devsrc/nano-soh-runtime/Shipwright/soh/src/overlays/actors/ovl_Bg_Mizu_Bwall/z_bg_mizu_bwall.h:5,
                 from /home/david/Documents/RockBox_Personal-master/devsrc/nano-soh-runtime/Shipwright/soh/src/overlays/actors/ovl_Bg_Mizu_Bwall/z_bg_mizu_bwall.c:7:
/home/david/Documents/RockBox_Personal-master/devsrc/nano-soh-runtime/Shipwright/soh/include/functions.h:22:52: note: expected 'uintptr_t' {aka 'unsigned int'} but argument is of type 'Gfx *'
   22 | void gSPSegment(void* value, int segNum, uintptr_t target);
      |                                          ~~~~~~~~~~^~~~~~
/home/david/Documents/RockBox_Personal-master/devsrc/nano-soh-runtime/Shipwright/soh/src/overlays/actors/ovl_Bg_Mizu_Bwall/z_bg_mizu_bwall.c:514:16: warning: passing argument 3 of 'gSPSegment' makes integer from pointer without a cast [-Wint-conversion]
  514 |                Gfx_TwoTexScrollEnvColorEx(play->state.gfxCtx, 0, 1 * frames, 0, 0x20, 0x20, 1, 0, 0, 0x20, 0x20, 0, 0,
      |                ^~~~~~~~~~~~~~~~~~~~~~~~~~~~~~~~~~~~~~~~~~~~~~~~~~~~~~~~~~~~~~~~~~~~~~~~~~~~~~~~~~~~~~~~~~~~~~~~~~~~~~~
      |                |
      |                Gfx *
  515 |                                           0, this->scrollAlpha2, 1, 0, 0, 0));
      |                                           ~~~~~~~~~~~~~~~~~~~~~~~~~~~~~~~~~~
/home/david/Documents/RockBox_Personal-master/devsrc/nano-soh-runtime/Shipwright/soh/include/functions.h:22:52: note: expected 'uintptr_t' {aka 'unsigned int'} but argument is of type 'Gfx *'
   22 | void gSPSegment(void* value, int segNum, uintptr_t target);
      |                                          ~~~~~~~~~~^~~~~~
/home/david/Documents/RockBox_Personal-master/devsrc/nano-soh-runtime/Shipwright/soh/src/overlays/actors/ovl_Bg_Mizu_Bwall/z_bg_mizu_bwall.c:517:16: warning: passing argument 3 of 'gSPSegment' makes integer from pointer without a cast [-Wint-conversion]
  517 |                Gfx_TwoTexScrollEnvColorEx(play->state.gfxCtx, 0, 1 * frames, 0, 0x20, 0x20, 1, 0, 0, 0x20, 0x20, 0, 0,
      |                ^~~~~~~~~~~~~~~~~~~~~~~~~~~~~~~~~~~~~~~~~~~~~~~~~~~~~~~~~~~~~~~~~~~~~~~~~~~~~~~~~~~~~~~~~~~~~~~~~~~~~~~
      |                |
      |                Gfx *
  518 |                                           0, this->scrollAlpha3, 1, 0, 0, 0));
      |                                           ~~~~~~~~~~~~~~~~~~~~~~~~~~~~~~~~~~
/home/david/Documents/RockBox_Personal-master/devsrc/nano-soh-runtime/Shipwright/soh/include/functions.h:22:52: note: expected 'uintptr_t' {aka 'unsigned int'} but argument is of type 'Gfx *'
   22 | void gSPSegment(void* value, int segNum, uintptr_t target);
      |                                          ~~~~~~~~~~^~~~~~
/home/david/Documents/RockBox_Personal-master/devsrc/nano-soh-runtime/Shipwright/soh/src/overlays/actors/ovl_Bg_Mizu_Bwall/z_bg_mizu_bwall.c:520:16: warning: passing argument 3 of 'gSPSegment' makes integer from pointer without a cast [-Wint-conversion]
  520 |                Gfx_TwoTexScrollEnvColorEx(play->state.gfxCtx, 0, 3 * frames, 0, 0x20, 0x20, 1, 0, 0, 0x20, 0x20, 0, 0,
      |                ^~~~~~~~~~~~~~~~~~~~~~~~~~~~~~~~~~~~~~~~~~~~~~~~~~~~~~~~~~~~~~~~~~~~~~~~~~~~~~~~~~~~~~~~~~~~~~~~~~~~~~~
      |                |
      |                Gfx *
  521 |                                           0, this->scrollAlpha4, 3, 0, 0, 0));
      |                                           ~~~~~~~~~~~~~~~~~~~~~~~~~~~~~~~~~~
/home/david/Documents/RockBox_Personal-master/devsrc/nano-soh-runtime/Shipwright/soh/include/functions.h:22:52: note: expected 'uintptr_t' {aka 'unsigned int'} but argument is of type 'Gfx *'
   22 | void gSPSegment(void* value, int segNum, uintptr_t target);
      |                                          ~~~~~~~~~~^~~~~~
