/home/david/Documents/RockBox_Personal-master/devsrc/nano-soh-runtime/Shipwright/soh/src/overlays/actors/ovl_En_Niw_Girl/z_en_niw_girl.c: In function 'EnNiwGirl_Init':
/home/david/Documents/RockBox_Personal-master/devsrc/nano-soh-runtime/Shipwright/soh/src/overlays/actors/ovl_En_Niw_Girl/z_en_niw_girl.c:62:48: warning: passing argument 3 of 'SkelAnime_InitFlex' from incompatible pointer type [-Wincompatible-pointer-types]
   62 |     SkelAnime_InitFlex(play, &this->skelAnime, &gNiwGirlSkel, &gNiwGirlRunAnim, this->jointTable, this->morphTable, 17);
      |                                                ^~~~~~~~~~~~~
      |                                                |
      |                                                const char (*)[38]
In file included from /home/david/Documents/RockBox_Personal-master/devsrc/nano-soh-runtime/Shipwright/soh/include/global.h:8,
                 from /home/david/Documents/RockBox_Personal-master/devsrc/nano-soh-runtime/Shipwright/soh/src/overlays/actors/ovl_En_Niw_Girl/z_en_niw_girl.h:5,
                 from /home/david/Documents/RockBox_Personal-master/devsrc/nano-soh-runtime/Shipwright/soh/src/overlays/actors/ovl_En_Niw_Girl/z_en_niw_girl.c:7:
/home/david/Documents/RockBox_Personal-master/devsrc/nano-soh-runtime/Shipwright/soh/include/functions.h:1329:83: note: expected 'FlexSkeletonHeader *' but argument is of type 'const char (*)[38]'
 1329 | s32 SkelAnime_InitFlex(PlayState* play, SkelAnime* skelAnime, FlexSkeletonHeader* skeletonHeaderSeg,
      |                                                               ~~~~~~~~~~~~~~~~~~~~^~~~~~~~~~~~~~~~~
/home/david/Documents/RockBox_Personal-master/devsrc/nano-soh-runtime/Shipwright/soh/src/overlays/actors/ovl_En_Niw_Girl/z_en_niw_girl.c:62:63: warning: passing argument 4 of 'SkelAnime_InitFlex' from incompatible pointer type [-Wincompatible-pointer-types]
   62 |     SkelAnime_InitFlex(play, &this->skelAnime, &gNiwGirlSkel, &gNiwGirlRunAnim, this->jointTable, this->morphTable, 17);
      |                                                               ^~~~~~~~~~~~~~~~
      |                                                               |
      |                                                               const char (*)[41]
/home/david/Documents/RockBox_Personal-master/devsrc/nano-soh-runtime/Shipwright/soh/include/functions.h:1330:41: note: expected 'AnimationHeader *' but argument is of type 'const char (*)[41]'
 1330 |                        AnimationHeader* animation, Vec3s* jointTable, Vec3s* morphTable, s32 limbCount);
      |                        ~~~~~~~~~~~~~~~~~^~~~~~~~~
/home/david/Documents/RockBox_Personal-master/devsrc/nano-soh-runtime/Shipwright/soh/src/overlays/actors/ovl_En_Niw_Girl/z_en_niw_girl.c: In function 'EnNiwGirl_Jump':
/home/david/Documents/RockBox_Personal-master/devsrc/nano-soh-runtime/Shipwright/soh/src/overlays/actors/ovl_En_Niw_Girl/z_en_niw_girl.c:98:45: warning: passing argument 1 of 'Animation_GetLastFrame' discards 'const' qualifier from pointer target type [-Wdiscarded-array-qualifiers]
   98 |     f32 frameCount = Animation_GetLastFrame(&gNiwGirlRunAnim);
      |                                             ^~~~~~~~~~~~~~~~
/home/david/Documents/RockBox_Personal-master/devsrc/nano-soh-runtime/Shipwright/soh/include/functions.h:1278:34: note: expected 'void *' but argument is of type 'const char (*)[41]'
 1278 | s16 Animation_GetLastFrame(void* animation);
      |                            ~~~~~~^~~~~~~~~
/home/david/Documents/RockBox_Personal-master/devsrc/nano-soh-runtime/Shipwright/soh/src/overlays/actors/ovl_En_Niw_Girl/z_en_niw_girl.c:99:40: warning: passing argument 2 of 'Animation_Change' from incompatible pointer type [-Wincompatible-pointer-types]
   99 |     Animation_Change(&this->skelAnime, &gNiwGirlRunAnim, 1.0f, 0.0f, frameCount, 0, -10.0f);
      |                                        ^~~~~~~~~~~~~~~~
      |                                        |
      |                                        const char (*)[41]
/home/david/Documents/RockBox_Personal-master/devsrc/nano-soh-runtime/Shipwright/soh/include/functions.h:1336:62: note: expected 'AnimationHeader *' but argument is of type 'const char (*)[41]'
 1336 | void Animation_Change(SkelAnime* skelAnime, AnimationHeader* animation, f32 playSpeed, f32 startFrame, f32 endFrame,
      |                                             ~~~~~~~~~~~~~~~~~^~~~~~~~~
/home/david/Documents/RockBox_Personal-master/devsrc/nano-soh-runtime/Shipwright/soh/src/overlays/actors/ovl_En_Niw_Girl/z_en_niw_girl.c: In function 'EnNiwGirl_Talk':
/home/david/Documents/RockBox_Personal-master/devsrc/nano-soh-runtime/Shipwright/soh/src/overlays/actors/ovl_En_Niw_Girl/z_en_niw_girl.c:139:94: warning: passing argument 1 of 'Animation_GetLastFrame' discards 'const' qualifier from pointer target type [-Wdiscarded-array-qualifiers]
  139 |     Animation_Change(&this->skelAnime, &gNiwGirlJumpAnim, 1.0f, 0.0f, Animation_GetLastFrame(&gNiwGirlJumpAnim), 0,
      |                                                                                              ^~~~~~~~~~~~~~~~~
/home/david/Documents/RockBox_Personal-master/devsrc/nano-soh-runtime/Shipwright/soh/include/functions.h:1278:34: note: expected 'void *' but argument is of type 'const char (*)[42]'
 1278 | s16 Animation_GetLastFrame(void* animation);
      |                            ~~~~~~^~~~~~~~~
/home/david/Documents/RockBox_Personal-master/devsrc/nano-soh-runtime/Shipwright/soh/src/overlays/actors/ovl_En_Niw_Girl/z_en_niw_girl.c:139:40: warning: passing argument 2 of 'Animation_Change' from incompatible pointer type [-Wincompatible-pointer-types]
  139 |     Animation_Change(&this->skelAnime, &gNiwGirlJumpAnim, 1.0f, 0.0f, Animation_GetLastFrame(&gNiwGirlJumpAnim), 0,
      |                                        ^~~~~~~~~~~~~~~~~
      |                                        |
      |                                        const char (*)[42]
/home/david/Documents/RockBox_Personal-master/devsrc/nano-soh-runtime/Shipwright/soh/include/functions.h:1336:62: note: expected 'AnimationHeader *' but argument is of type 'const char (*)[42]'
 1336 | void Animation_Change(SkelAnime* skelAnime, AnimationHeader* animation, f32 playSpeed, f32 startFrame, f32 endFrame,
      |                                             ~~~~~~~~~~~~~~~~~^~~~~~~~~
/home/david/Documents/RockBox_Personal-master/devsrc/nano-soh-runtime/Shipwright/soh/src/overlays/actors/ovl_En_Niw_Girl/z_en_niw_girl.c: In function 'EnNiwGirl_Draw':
/home/david/Documents/RockBox_Personal-master/devsrc/nano-soh-runtime/Shipwright/soh/src/overlays/actors/ovl_En_Niw_Girl/z_en_niw_girl.c:247:36: warning: initialization discards 'const' qualifier from pointer target type [-Wdiscarded-qualifiers]
  247 |     static void* eyeTextures[] = { gNiwGirlEyeOpenTex, gNiwGirlEyeHalfTex, gNiwGirlEyeClosedTex };
      |                                    ^~~~~~~~~~~~~~~~~~
/home/david/Documents/RockBox_Personal-master/devsrc/nano-soh-runtime/Shipwright/soh/src/overlays/actors/ovl_En_Niw_Girl/z_en_niw_girl.c:247:56: warning: initialization discards 'const' qualifier from pointer target type [-Wdiscarded-qualifiers]
  247 |     static void* eyeTextures[] = { gNiwGirlEyeOpenTex, gNiwGirlEyeHalfTex, gNiwGirlEyeClosedTex };
      |                                                        ^~~~~~~~~~~~~~~~~~
/home/david/Documents/RockBox_Personal-master/devsrc/nano-soh-runtime/Shipwright/soh/src/overlays/actors/ovl_En_Niw_Girl/z_en_niw_girl.c:247:76: warning: initialization discards 'const' qualifier from pointer target type [-Wdiscarded-qualifiers]
  247 |     static void* eyeTextures[] = { gNiwGirlEyeOpenTex, gNiwGirlEyeHalfTex, gNiwGirlEyeClosedTex };
      |                                                                            ^~~~~~~~~~~~~~~~~~~~
In file included from /home/david/Documents/RockBox_Personal-master/devsrc/nano-soh-runtime/Shipwright/soh/include/global.h:10:
/home/david/Documents/RockBox_Personal-master/devsrc/nano-soh-runtime/Shipwright/soh/src/overlays/actors/ovl_En_Niw_Girl/z_en_niw_girl.c:255:71: warning: passing argument 3 of 'gSPSegment' makes integer from pointer without a cast [-Wint-conversion]
  255 |     gSPSegment(POLY_OPA_DISP++, 0x08, SEGMENTED_TO_VIRTUAL(eyeTextures[this->eyeIndex]));
      |                                                            ~~~~~~~~~~~^~~~~~~~~~~~~~~~
      |                                                                       |
      |                                                                       void *
/home/david/Documents/RockBox_Personal-master/devsrc/nano-soh-runtime/Shipwright/soh/include/macros.h:37:36: note: in definition of macro 'SEGMENTED_TO_VIRTUAL'
   37 | #define SEGMENTED_TO_VIRTUAL(addr) addr
      |                                    ^~~~
/home/david/Documents/RockBox_Personal-master/devsrc/nano-soh-runtime/Shipwright/soh/include/functions.h:22:52: note: expected 'uintptr_t' {aka 'unsigned int'} but argument is of type 'void *'
   22 | void gSPSegment(void* value, int segNum, uintptr_t target);
      |                                          ~~~~~~~~~~^~~~~~
