/home/david/Documents/RockBox_Personal-master/devsrc/nano-soh-runtime/Shipwright/soh/src/overlays/actors/ovl_Bg_Bdan_Objects/z_bg_bdan_objects.c:72:5: warning: initialization of 'Gfx *' from incompatible pointer type 'const char *' [-Wincompatible-pointer-types]
   72 |     gJabuObjectsLargeRotatingSpikePlatformDL,
      |     ^~~~~~~~~~~~~~~~~~~~~~~~~~~~~~~~~~~~~~~~
/home/david/Documents/RockBox_Personal-master/devsrc/nano-soh-runtime/Shipwright/soh/src/overlays/actors/ovl_Bg_Bdan_Objects/z_bg_bdan_objects.c:72:5: note: (near initialization for 'sDLists[0]')
/home/david/Documents/RockBox_Personal-master/devsrc/nano-soh-runtime/Shipwright/soh/src/overlays/actors/ovl_Bg_Bdan_Objects/z_bg_bdan_objects.c:73:5: warning: initialization of 'Gfx *' from incompatible pointer type 'const char *' [-Wincompatible-pointer-types]
   73 |     gJabuElevatorPlatformDL,
      |     ^~~~~~~~~~~~~~~~~~~~~~~
/home/david/Documents/RockBox_Personal-master/devsrc/nano-soh-runtime/Shipwright/soh/src/overlays/actors/ovl_Bg_Bdan_Objects/z_bg_bdan_objects.c:73:5: note: (near initialization for 'sDLists[1]')
/home/david/Documents/RockBox_Personal-master/devsrc/nano-soh-runtime/Shipwright/soh/src/overlays/actors/ovl_Bg_Bdan_Objects/z_bg_bdan_objects.c:74:5: warning: initialization of 'Gfx *' from incompatible pointer type 'const char *' [-Wincompatible-pointer-types]
   74 |     gJabuWaterDL,
      |     ^~~~~~~~~~~~
/home/david/Documents/RockBox_Personal-master/devsrc/nano-soh-runtime/Shipwright/soh/src/overlays/actors/ovl_Bg_Bdan_Objects/z_bg_bdan_objects.c:74:5: note: (near initialization for 'sDLists[2]')
/home/david/Documents/RockBox_Personal-master/devsrc/nano-soh-runtime/Shipwright/soh/src/overlays/actors/ovl_Bg_Bdan_Objects/z_bg_bdan_objects.c:75:5: warning: initialization of 'Gfx *' from incompatible pointer type 'const char *' [-Wincompatible-pointer-types]
   75 |     gJabuFallingPlatformDL,
      |     ^~~~~~~~~~~~~~~~~~~~~~
/home/david/Documents/RockBox_Personal-master/devsrc/nano-soh-runtime/Shipwright/soh/src/overlays/actors/ovl_Bg_Bdan_Objects/z_bg_bdan_objects.c:75:5: note: (near initialization for 'sDLists[3]')
/home/david/Documents/RockBox_Personal-master/devsrc/nano-soh-runtime/Shipwright/soh/src/overlays/actors/ovl_Bg_Bdan_Objects/z_bg_bdan_objects.c: In function 'BgBdanObjects_Init':
/home/david/Documents/RockBox_Personal-master/devsrc/nano-soh-runtime/Shipwright/soh/src/overlays/actors/ovl_Bg_Bdan_Objects/z_bg_bdan_objects.c:124:36: warning: passing argument 1 of 'CollisionHeader_GetVirtual' discards 'const' qualifier from pointer target type [-Wdiscarded-array-qualifiers]
  124 |         CollisionHeader_GetVirtual(&gJabuBigOctoPlatformCol, &colHeader);
      |                                    ^~~~~~~~~~~~~~~~~~~~~~~~
In file included from /home/david/Documents/RockBox_Personal-master/devsrc/nano-soh-runtime/Shipwright/soh/include/global.h:8,
                 from /home/david/Documents/RockBox_Personal-master/devsrc/nano-soh-runtime/Shipwright/soh/src/overlays/actors/ovl_Bg_Bdan_Objects/z_bg_bdan_objects.h:5,
                 from /home/david/Documents/RockBox_Personal-master/devsrc/nano-soh-runtime/Shipwright/soh/src/overlays/actors/ovl_Bg_Bdan_Objects/z_bg_bdan_objects.c:7:
/home/david/Documents/RockBox_Personal-master/devsrc/nano-soh-runtime/Shipwright/soh/include/functions.h:673:39: note: expected 'void *' but argument is of type 'const char (*)[59]'
  673 | void CollisionHeader_GetVirtual(void* colHeader, CollisionHeader** dest);
      |                                 ~~~~~~^~~~~~~~~
/home/david/Documents/RockBox_Personal-master/devsrc/nano-soh-runtime/Shipwright/soh/src/overlays/actors/ovl_Bg_Bdan_Objects/z_bg_bdan_objects.c:149:40: warning: passing argument 1 of 'CollisionHeader_GetVirtual' discards 'const' qualifier from pointer target type [-Wdiscarded-array-qualifiers]
  149 |             CollisionHeader_GetVirtual(&gJabuElevatorCol, &colHeader);
      |                                        ^~~~~~~~~~~~~~~~~
/home/david/Documents/RockBox_Personal-master/devsrc/nano-soh-runtime/Shipwright/soh/include/functions.h:673:39: note: expected 'void *' but argument is of type 'const char (*)[52]'
  673 | void CollisionHeader_GetVirtual(void* colHeader, CollisionHeader** dest);
      |                                 ~~~~~~^~~~~~~~~
/home/david/Documents/RockBox_Personal-master/devsrc/nano-soh-runtime/Shipwright/soh/src/overlays/actors/ovl_Bg_Bdan_Objects/z_bg_bdan_objects.c:154:40: warning: passing argument 1 of 'CollisionHeader_GetVirtual' discards 'const' qualifier from pointer target type [-Wdiscarded-array-qualifiers]
  154 |             CollisionHeader_GetVirtual(&gJabuLoweringPlatformCol, &colHeader);
      |                                        ^~~~~~~~~~~~~~~~~~~~~~~~~
/home/david/Documents/RockBox_Personal-master/devsrc/nano-soh-runtime/Shipwright/soh/include/functions.h:673:39: note: expected 'void *' but argument is of type 'const char (*)[60]'
  673 | void CollisionHeader_GetVirtual(void* colHeader, CollisionHeader** dest);
      |                                 ~~~~~~^~~~~~~~~
/home/david/Documents/RockBox_Personal-master/devsrc/nano-soh-runtime/Shipwright/soh/src/overlays/actors/ovl_Bg_Bdan_Objects/z_bg_bdan_objects.c: In function 'BgBdanObjects_Draw':
/home/david/Documents/RockBox_Personal-master/devsrc/nano-soh-runtime/Shipwright/soh/src/overlays/actors/ovl_Bg_Bdan_Objects/z_bg_bdan_objects.c:458:32: warning: passing argument 2 of 'Gfx_DrawDListXlu' from incompatible pointer type [-Wincompatible-pointer-types]
  458 |         Gfx_DrawDListXlu(play, gJabuWaterDL);
      |                                ^~~~~~~~~~~~
      |                                |
      |                                const char *
/home/david/Documents/RockBox_Personal-master/devsrc/nano-soh-runtime/Shipwright/soh/include/functions.h:547:45: note: expected 'Gfx *' but argument is of type 'const char *'
  547 | void Gfx_DrawDListXlu(PlayState* play, Gfx* dlist);
      |                                        ~~~~~^~~~~
