/home/david/Documents/RockBox_Personal-master/devsrc/nano-soh-runtime/Shipwright/soh/src/overlays/actors/ovl_En_Ganon_Mant/z_en_ganon_mant.c:101:1: warning: braces around scalar initializer
  101 | static u8 sMaskTex[MANT_TEX_WIDTH * MANT_TEX_HEIGHT] = { { 0 } };
      | ^~~~~~
/home/david/Documents/RockBox_Personal-master/devsrc/nano-soh-runtime/Shipwright/soh/src/overlays/actors/ovl_En_Ganon_Mant/z_en_ganon_mant.c:101:1: note: (near initialization for 'sMaskTex[0]')
/home/david/Documents/RockBox_Personal-master/devsrc/nano-soh-runtime/Shipwright/soh/src/overlays/actors/ovl_En_Ganon_Mant/z_en_ganon_mant.c: In function 'EnGanonMant_UpdateVertices':
/home/david/Documents/RockBox_Personal-master/devsrc/nano-soh-runtime/Shipwright/soh/src/overlays/actors/ovl_En_Ganon_Mant/z_en_ganon_mant.c:315:18: warning: assignment to 'Vtx *' from incompatible pointer type 'const char *' [-Wincompatible-pointer-types]
  315 |         vertices = SEGMENTED_TO_VIRTUAL(gMant1Vtx);
      |                  ^
/home/david/Documents/RockBox_Personal-master/devsrc/nano-soh-runtime/Shipwright/soh/src/overlays/actors/ovl_En_Ganon_Mant/z_en_ganon_mant.c:317:18: warning: assignment to 'Vtx *' from incompatible pointer type 'const char *' [-Wincompatible-pointer-types]
  317 |         vertices = SEGMENTED_TO_VIRTUAL(gMant2Vtx);
      |                  ^
/home/david/Documents/RockBox_Personal-master/devsrc/nano-soh-runtime/Shipwright/soh/src/overlays/actors/ovl_En_Ganon_Mant/z_en_ganon_mant.c:320:42: warning: passing argument 1 of 'ResourceMgr_LoadVtxByName' from incompatible pointer type [-Wincompatible-pointer-types]
  320 |     vertices = ResourceMgr_LoadVtxByName(vertices);
      |                                          ^~~~~~~~
      |                                          |
      |                                          Vtx *
In file included from /home/david/Documents/RockBox_Personal-master/devsrc/nano-soh-runtime/Shipwright/soh/src/overlays/actors/ovl_En_Ganon_Mant/z_en_ganon_mant.c:10:
/home/david/Documents/RockBox_Personal-master/devsrc/nano-soh-runtime/Shipwright/soh/soh/ResourceManagerHelpers.h:59:38: note: expected 'char *' but argument is of type 'Vtx *'
   59 | Vtx* ResourceMgr_LoadVtxByName(char* path);
      |                                ~~~~~~^~~~
/home/david/Documents/RockBox_Personal-master/devsrc/nano-soh-runtime/Shipwright/soh/src/overlays/actors/ovl_En_Ganon_Mant/z_en_ganon_mant.c: In function 'EnGanonMant_DrawCloak':
/home/david/Documents/RockBox_Personal-master/devsrc/nano-soh-runtime/Shipwright/soh/src/overlays/actors/ovl_En_Ganon_Mant/z_en_ganon_mant.c:375:44: warning: passing argument 2 of 'gSPInvalidateTexCache' makes integer from pointer without a cast [-Wint-conversion]
  375 |     gSPInvalidateTexCache(POLY_OPA_DISP++, sMaskTex);
      |                                            ^~~~~~~~
      |                                            |
      |                                            u8 * {aka unsigned char *}
In file included from /home/david/Documents/RockBox_Personal-master/devsrc/nano-soh-runtime/Shipwright/soh/include/global.h:8,
                 from /home/david/Documents/RockBox_Personal-master/devsrc/nano-soh-runtime/Shipwright/soh/src/overlays/actors/ovl_En_Ganon_Mant/z_en_ganon_mant.h:5,
                 from /home/david/Documents/RockBox_Personal-master/devsrc/nano-soh-runtime/Shipwright/soh/src/overlays/actors/ovl_En_Ganon_Mant/z_en_ganon_mant.c:7:
/home/david/Documents/RockBox_Personal-master/devsrc/nano-soh-runtime/Shipwright/soh/include/functions.h:30:48: note: expected 'uintptr_t' {aka 'unsigned int'} but argument is of type 'u8 *' {aka 'unsigned char *'}
   30 | void gSPInvalidateTexCache(Gfx* pkt, uintptr_t texAddr);
      |                                      ~~~~~~~~~~^~~~~~~
/home/david/Documents/RockBox_Personal-master/devsrc/nano-soh-runtime/Shipwright/soh/src/overlays/actors/ovl_En_Ganon_Mant/z_en_ganon_mant.c:382:37: warning: passing argument 2 of 'gSPDisplayList' from incompatible pointer type [-Wincompatible-pointer-types]
  382 |     gSPDisplayList(POLY_OPA_DISP++, gMantMaterialDL);
      |                                     ^~~~~~~~~~~~~~~
      |                                     |
      |                                     const char *
/home/david/Documents/RockBox_Personal-master/devsrc/nano-soh-runtime/Shipwright/soh/include/functions.h:24:36: note: expected 'Gfx *' but argument is of type 'const char *'
   24 | void gSPDisplayList(Gfx* pkt, Gfx* dl);
      |                               ~~~~~^~
/home/david/Documents/RockBox_Personal-master/devsrc/nano-soh-runtime/Shipwright/soh/src/overlays/actors/ovl_En_Ganon_Mant/z_en_ganon_mant.c:387:50: warning: passing argument 3 of 'gSPSegmentLoadRes' makes integer from pointer without a cast [-Wint-conversion]
  387 |         gSPSegmentLoadRes(POLY_OPA_DISP++, 0x0C, gMant1Vtx);
      |                                                  ^~~~~~~~~
      |                                                  |
      |                                                  const char *
/home/david/Documents/RockBox_Personal-master/devsrc/nano-soh-runtime/Shipwright/soh/include/functions.h:23:59: note: expected 'uintptr_t' {aka 'unsigned int'} but argument is of type 'const char *'
   23 | void gSPSegmentLoadRes(void* value, int segNum, uintptr_t target);
      |                                                 ~~~~~~~~~~^~~~~~
/home/david/Documents/RockBox_Personal-master/devsrc/nano-soh-runtime/Shipwright/soh/src/overlays/actors/ovl_En_Ganon_Mant/z_en_ganon_mant.c:389:50: warning: passing argument 3 of 'gSPSegmentLoadRes' makes integer from pointer without a cast [-Wint-conversion]
  389 |         gSPSegmentLoadRes(POLY_OPA_DISP++, 0x0C, gMant2Vtx);
      |                                                  ^~~~~~~~~
      |                                                  |
      |                                                  const char *
/home/david/Documents/RockBox_Personal-master/devsrc/nano-soh-runtime/Shipwright/soh/include/functions.h:23:59: note: expected 'uintptr_t' {aka 'unsigned int'} but argument is of type 'const char *'
   23 | void gSPSegmentLoadRes(void* value, int segNum, uintptr_t target);
      |                                                 ~~~~~~~~~~^~~~~~
/home/david/Documents/RockBox_Personal-master/devsrc/nano-soh-runtime/Shipwright/soh/src/overlays/actors/ovl_En_Ganon_Mant/z_en_ganon_mant.c:393:37: warning: passing argument 2 of 'gSPDisplayList' from incompatible pointer type [-Wincompatible-pointer-types]
  393 |     gSPDisplayList(POLY_OPA_DISP++, gMantDL);
      |                                     ^~~~~~~
      |                                     |
      |                                     const char *
/home/david/Documents/RockBox_Personal-master/devsrc/nano-soh-runtime/Shipwright/soh/include/functions.h:24:36: note: expected 'Gfx *' but argument is of type 'const char *'
   24 | void gSPDisplayList(Gfx* pkt, Gfx* dl);
      |                               ~~~~~^~
