/home/david/Documents/RockBox_Personal-master/devsrc/nano-soh-runtime/Shipwright/soh/src/overlays/actors/ovl_Door_Warp1/z_door_warp1.c: In function 'DoorWarp1_SetupAdultDungeonWarp':
/home/david/Documents/RockBox_Personal-master/devsrc/nano-soh-runtime/Shipwright/soh/src/overlays/actors/ovl_Door_Warp1/z_door_warp1.c:198:44: warning: passing argument 3 of 'SkelAnime_Init' from incompatible pointer type [-Wincompatible-pointer-types]
  198 |     SkelAnime_Init(play, &this->skelAnime, &gWarpCrystalSkel, &gWarpCrystalAnim, NULL, NULL, 0);
      |                                            ^~~~~~~~~~~~~~~~~
      |                                            |
      |                                            const char (*)[45]
In file included from /home/david/Documents/RockBox_Personal-master/devsrc/nano-soh-runtime/Shipwright/soh/include/global.h:8,
                 from /home/david/Documents/RockBox_Personal-master/devsrc/nano-soh-runtime/Shipwright/soh/src/overlays/actors/ovl_Door_Warp1/z_door_warp1.h:5,
                 from /home/david/Documents/RockBox_Personal-master/devsrc/nano-soh-runtime/Shipwright/soh/src/overlays/actors/ovl_Door_Warp1/z_door_warp1.c:1:
/home/david/Documents/RockBox_Personal-master/devsrc/nano-soh-runtime/Shipwright/soh/include/functions.h:1327:75: note: expected 'SkeletonHeader *' but argument is of type 'const char (*)[45]'
 1327 | s32 SkelAnime_Init(PlayState* play, SkelAnime* skelAnime, SkeletonHeader* skeletonHeaderSeg,
      |                                                           ~~~~~~~~~~~~~~~~^~~~~~~~~~~~~~~~~
/home/david/Documents/RockBox_Personal-master/devsrc/nano-soh-runtime/Shipwright/soh/src/overlays/actors/ovl_Door_Warp1/z_door_warp1.c:198:63: warning: passing argument 4 of 'SkelAnime_Init' from incompatible pointer type [-Wincompatible-pointer-types]
  198 |     SkelAnime_Init(play, &this->skelAnime, &gWarpCrystalSkel, &gWarpCrystalAnim, NULL, NULL, 0);
      |                                                               ^~~~~~~~~~~~~~~~~
      |                                                               |
      |                                                               const char (*)[45]
/home/david/Documents/RockBox_Personal-master/devsrc/nano-soh-runtime/Shipwright/soh/include/functions.h:1328:37: note: expected 'AnimationHeader *' but argument is of type 'const char (*)[45]'
 1328 |                    AnimationHeader* animation, Vec3s* jointTable, Vec3s* morphTable, s32 limbCount);
      |                    ~~~~~~~~~~~~~~~~~^~~~~~~~~
/home/david/Documents/RockBox_Personal-master/devsrc/nano-soh-runtime/Shipwright/soh/src/overlays/actors/ovl_Door_Warp1/z_door_warp1.c:199:44: warning: passing argument 2 of 'Animation_ChangeImpl' from incompatible pointer type [-Wincompatible-pointer-types]
  199 |     Animation_ChangeImpl(&this->skelAnime, &gWarpCrystalAnim, 1.0f, 1.0f, 1.0f, ANIMMODE_ONCE, 40.0f, 1);
      |                                            ^~~~~~~~~~~~~~~~~
      |                                            |
      |                                            const char (*)[45]
/home/david/Documents/RockBox_Personal-master/devsrc/nano-soh-runtime/Shipwright/soh/include/functions.h:1334:66: note: expected 'AnimationHeader *' but argument is of type 'const char (*)[45]'
 1334 | void Animation_ChangeImpl(SkelAnime* skelAnime, AnimationHeader* animation, f32 playSpeed, f32 startFrame, f32 endFrame,
      |                                                 ~~~~~~~~~~~~~~~~~^~~~~~~~~
/home/david/Documents/RockBox_Personal-master/devsrc/nano-soh-runtime/Shipwright/soh/src/overlays/actors/ovl_Door_Warp1/z_door_warp1.c: In function 'DoorWarp1_SetupBlueCrystal':
/home/david/Documents/RockBox_Personal-master/devsrc/nano-soh-runtime/Shipwright/soh/src/overlays/actors/ovl_Door_Warp1/z_door_warp1.c:226:44: warning: passing argument 3 of 'SkelAnime_Init' from incompatible pointer type [-Wincompatible-pointer-types]
  226 |     SkelAnime_Init(play, &this->skelAnime, &gWarpCrystalSkel, &gWarpCrystalAnim, NULL, NULL, 0);
      |                                            ^~~~~~~~~~~~~~~~~
      |                                            |
      |                                            const char (*)[45]
/home/david/Documents/RockBox_Personal-master/devsrc/nano-soh-runtime/Shipwright/soh/include/functions.h:1327:75: note: expected 'SkeletonHeader *' but argument is of type 'const char (*)[45]'
 1327 | s32 SkelAnime_Init(PlayState* play, SkelAnime* skelAnime, SkeletonHeader* skeletonHeaderSeg,
      |                                                           ~~~~~~~~~~~~~~~~^~~~~~~~~~~~~~~~~
/home/david/Documents/RockBox_Personal-master/devsrc/nano-soh-runtime/Shipwright/soh/src/overlays/actors/ovl_Door_Warp1/z_door_warp1.c:226:63: warning: passing argument 4 of 'SkelAnime_Init' from incompatible pointer type [-Wincompatible-pointer-types]
  226 |     SkelAnime_Init(play, &this->skelAnime, &gWarpCrystalSkel, &gWarpCrystalAnim, NULL, NULL, 0);
      |                                                               ^~~~~~~~~~~~~~~~~
      |                                                               |
      |                                                               const char (*)[45]
/home/david/Documents/RockBox_Personal-master/devsrc/nano-soh-runtime/Shipwright/soh/include/functions.h:1328:37: note: expected 'AnimationHeader *' but argument is of type 'const char (*)[45]'
 1328 |                    AnimationHeader* animation, Vec3s* jointTable, Vec3s* morphTable, s32 limbCount);
      |                    ~~~~~~~~~~~~~~~~~^~~~~~~~~
/home/david/Documents/RockBox_Personal-master/devsrc/nano-soh-runtime/Shipwright/soh/src/overlays/actors/ovl_Door_Warp1/z_door_warp1.c:227:89: warning: passing argument 1 of 'Animation_GetLastFrame' discards 'const' qualifier from pointer target type [-Wdiscarded-array-qualifiers]
  227 |     Animation_ChangeImpl(&this->skelAnime, &gWarpCrystalAnim, 0, Animation_GetLastFrame(&gWarpCrystalAnim),
      |                                                                                         ^~~~~~~~~~~~~~~~~
/home/david/Documents/RockBox_Personal-master/devsrc/nano-soh-runtime/Shipwright/soh/include/functions.h:1278:34: note: expected 'void *' but argument is of type 'const char (*)[45]'
 1278 | s16 Animation_GetLastFrame(void* animation);
      |                            ~~~~~~^~~~~~~~~
/home/david/Documents/RockBox_Personal-master/devsrc/nano-soh-runtime/Shipwright/soh/src/overlays/actors/ovl_Door_Warp1/z_door_warp1.c:228:49: warning: passing argument 1 of 'Animation_GetLastFrame' discards 'const' qualifier from pointer target type [-Wdiscarded-array-qualifiers]
  228 |                          Animation_GetLastFrame(&gWarpCrystalAnim), ANIMMODE_ONCE, 0.0f, 1);
      |                                                 ^~~~~~~~~~~~~~~~~
/home/david/Documents/RockBox_Personal-master/devsrc/nano-soh-runtime/Shipwright/soh/include/functions.h:1278:34: note: expected 'void *' but argument is of type 'const char (*)[45]'
 1278 | s16 Animation_GetLastFrame(void* animation);
      |                            ~~~~~~^~~~~~~~~
/home/david/Documents/RockBox_Personal-master/devsrc/nano-soh-runtime/Shipwright/soh/src/overlays/actors/ovl_Door_Warp1/z_door_warp1.c:227:44: warning: passing argument 2 of 'Animation_ChangeImpl' from incompatible pointer type [-Wincompatible-pointer-types]
  227 |     Animation_ChangeImpl(&this->skelAnime, &gWarpCrystalAnim, 0, Animation_GetLastFrame(&gWarpCrystalAnim),
      |                                            ^~~~~~~~~~~~~~~~~
      |                                            |
      |                                            const char (*)[45]
/home/david/Documents/RockBox_Personal-master/devsrc/nano-soh-runtime/Shipwright/soh/include/functions.h:1334:66: note: expected 'AnimationHeader *' but argument is of type 'const char (*)[45]'
 1334 | void Animation_ChangeImpl(SkelAnime* skelAnime, AnimationHeader* animation, f32 playSpeed, f32 startFrame, f32 endFrame,
      |                                                 ~~~~~~~~~~~~~~~~~^~~~~~~~~
/home/david/Documents/RockBox_Personal-master/devsrc/nano-soh-runtime/Shipwright/soh/src/overlays/actors/ovl_Door_Warp1/z_door_warp1.c:230:55: warning: passing argument 1 of 'Animation_GetLastFrame' discards 'const' qualifier from pointer target type [-Wdiscarded-array-qualifiers]
  230 |     this->skelAnime.curFrame = Animation_GetLastFrame(&gWarpCrystalAnim);
      |                                                       ^~~~~~~~~~~~~~~~~
/home/david/Documents/RockBox_Personal-master/devsrc/nano-soh-runtime/Shipwright/soh/include/functions.h:1278:34: note: expected 'void *' but argument is of type 'const char (*)[45]'
 1278 | s16 Animation_GetLastFrame(void* animation);
      |                            ~~~~~~^~~~~~~~~
/home/david/Documents/RockBox_Personal-master/devsrc/nano-soh-runtime/Shipwright/soh/src/overlays/actors/ovl_Door_Warp1/z_door_warp1.c: In function 'DoorWarp1_SetupPurpleCrystal':
/home/david/Documents/RockBox_Personal-master/devsrc/nano-soh-runtime/Shipwright/soh/src/overlays/actors/ovl_Door_Warp1/z_door_warp1.c:260:44: warning: passing argument 3 of 'SkelAnime_Init' from incompatible pointer type [-Wincompatible-pointer-types]
  260 |     SkelAnime_Init(play, &this->skelAnime, &gWarpCrystalSkel, &gWarpCrystalAnim, NULL, NULL, 0);
      |                                            ^~~~~~~~~~~~~~~~~
      |                                            |
      |                                            const char (*)[45]
/home/david/Documents/RockBox_Personal-master/devsrc/nano-soh-runtime/Shipwright/soh/include/functions.h:1327:75: note: expected 'SkeletonHeader *' but argument is of type 'const char (*)[45]'
 1327 | s32 SkelAnime_Init(PlayState* play, SkelAnime* skelAnime, SkeletonHeader* skeletonHeaderSeg,
      |                                                           ~~~~~~~~~~~~~~~~^~~~~~~~~~~~~~~~~
/home/david/Documents/RockBox_Personal-master/devsrc/nano-soh-runtime/Shipwright/soh/src/overlays/actors/ovl_Door_Warp1/z_door_warp1.c:260:63: warning: passing argument 4 of 'SkelAnime_Init' from incompatible pointer type [-Wincompatible-pointer-types]
  260 |     SkelAnime_Init(play, &this->skelAnime, &gWarpCrystalSkel, &gWarpCrystalAnim, NULL, NULL, 0);
      |                                                               ^~~~~~~~~~~~~~~~~
      |                                                               |
      |                                                               const char (*)[45]
/home/david/Documents/RockBox_Personal-master/devsrc/nano-soh-runtime/Shipwright/soh/include/functions.h:1328:37: note: expected 'AnimationHeader *' but argument is of type 'const char (*)[45]'
 1328 |                    AnimationHeader* animation, Vec3s* jointTable, Vec3s* morphTable, s32 limbCount);
      |                    ~~~~~~~~~~~~~~~~~^~~~~~~~~
/home/david/Documents/RockBox_Personal-master/devsrc/nano-soh-runtime/Shipwright/soh/src/overlays/actors/ovl_Door_Warp1/z_door_warp1.c:261:89: warning: passing argument 1 of 'Animation_GetLastFrame' discards 'const' qualifier from pointer target type [-Wdiscarded-array-qualifiers]
  261 |     Animation_ChangeImpl(&this->skelAnime, &gWarpCrystalAnim, 0, Animation_GetLastFrame(&gWarpCrystalAnim),
      |                                                                                         ^~~~~~~~~~~~~~~~~
/home/david/Documents/RockBox_Personal-master/devsrc/nano-soh-runtime/Shipwright/soh/include/functions.h:1278:34: note: expected 'void *' but argument is of type 'const char (*)[45]'
 1278 | s16 Animation_GetLastFrame(void* animation);
      |                            ~~~~~~^~~~~~~~~
/home/david/Documents/RockBox_Personal-master/devsrc/nano-soh-runtime/Shipwright/soh/src/overlays/actors/ovl_Door_Warp1/z_door_warp1.c:262:49: warning: passing argument 1 of 'Animation_GetLastFrame' discards 'const' qualifier from pointer target type [-Wdiscarded-array-qualifiers]
  262 |                          Animation_GetLastFrame(&gWarpCrystalAnim), ANIMMODE_ONCE, 0.0f, 1);
      |                                                 ^~~~~~~~~~~~~~~~~
/home/david/Documents/RockBox_Personal-master/devsrc/nano-soh-runtime/Shipwright/soh/include/functions.h:1278:34: note: expected 'void *' but argument is of type 'const char (*)[45]'
 1278 | s16 Animation_GetLastFrame(void* animation);
      |                            ~~~~~~^~~~~~~~~
/home/david/Documents/RockBox_Personal-master/devsrc/nano-soh-runtime/Shipwright/soh/src/overlays/actors/ovl_Door_Warp1/z_door_warp1.c:261:44: warning: passing argument 2 of 'Animation_ChangeImpl' from incompatible pointer type [-Wincompatible-pointer-types]
  261 |     Animation_ChangeImpl(&this->skelAnime, &gWarpCrystalAnim, 0, Animation_GetLastFrame(&gWarpCrystalAnim),
      |                                            ^~~~~~~~~~~~~~~~~
      |                                            |
      |                                            const char (*)[45]
/home/david/Documents/RockBox_Personal-master/devsrc/nano-soh-runtime/Shipwright/soh/include/functions.h:1334:66: note: expected 'AnimationHeader *' but argument is of type 'const char (*)[45]'
 1334 | void Animation_ChangeImpl(SkelAnime* skelAnime, AnimationHeader* animation, f32 playSpeed, f32 startFrame, f32 endFrame,
      |                                                 ~~~~~~~~~~~~~~~~~^~~~~~~~~
/home/david/Documents/RockBox_Personal-master/devsrc/nano-soh-runtime/Shipwright/soh/src/overlays/actors/ovl_Door_Warp1/z_door_warp1.c:264:55: warning: passing argument 1 of 'Animation_GetLastFrame' discards 'const' qualifier from pointer target type [-Wdiscarded-array-qualifiers]
  264 |     this->skelAnime.curFrame = Animation_GetLastFrame(&gWarpCrystalAnim);
      |                                                       ^~~~~~~~~~~~~~~~~
/home/david/Documents/RockBox_Personal-master/devsrc/nano-soh-runtime/Shipwright/soh/include/functions.h:1278:34: note: expected 'void *' but argument is of type 'const char (*)[45]'
 1278 | s16 Animation_GetLastFrame(void* animation);
      |                            ~~~~~~^~~~~~~~~
/home/david/Documents/RockBox_Personal-master/devsrc/nano-soh-runtime/Shipwright/soh/src/overlays/actors/ovl_Door_Warp1/z_door_warp1.c: In function 'func_8099A508':
/home/david/Documents/RockBox_Personal-master/devsrc/nano-soh-runtime/Shipwright/soh/src/overlays/actors/ovl_Door_Warp1/z_door_warp1.c:710:92: warning: passing argument 1 of 'Animation_GetLastFrame' discards 'const' qualifier from pointer target type [-Wdiscarded-array-qualifiers]
  710 |     Animation_ChangeImpl(&this->skelAnime, &gWarpCrystalAnim, 1.0f, Animation_GetLastFrame(&gWarpCrystalAnim),
      |                                                                                            ^~~~~~~~~~~~~~~~~
/home/david/Documents/RockBox_Personal-master/devsrc/nano-soh-runtime/Shipwright/soh/include/functions.h:1278:34: note: expected 'void *' but argument is of type 'const char (*)[45]'
 1278 | s16 Animation_GetLastFrame(void* animation);
      |                            ~~~~~~^~~~~~~~~
/home/david/Documents/RockBox_Personal-master/devsrc/nano-soh-runtime/Shipwright/soh/src/overlays/actors/ovl_Door_Warp1/z_door_warp1.c:711:49: warning: passing argument 1 of 'Animation_GetLastFrame' discards 'const' qualifier from pointer target type [-Wdiscarded-array-qualifiers]
  711 |                          Animation_GetLastFrame(&gWarpCrystalAnim), ANIMMODE_ONCE, 40.0f, 1);
      |                                                 ^~~~~~~~~~~~~~~~~
/home/david/Documents/RockBox_Personal-master/devsrc/nano-soh-runtime/Shipwright/soh/include/functions.h:1278:34: note: expected 'void *' but argument is of type 'const char (*)[45]'
 1278 | s16 Animation_GetLastFrame(void* animation);
      |                            ~~~~~~^~~~~~~~~
/home/david/Documents/RockBox_Personal-master/devsrc/nano-soh-runtime/Shipwright/soh/src/overlays/actors/ovl_Door_Warp1/z_door_warp1.c:710:44: warning: passing argument 2 of 'Animation_ChangeImpl' from incompatible pointer type [-Wincompatible-pointer-types]
  710 |     Animation_ChangeImpl(&this->skelAnime, &gWarpCrystalAnim, 1.0f, Animation_GetLastFrame(&gWarpCrystalAnim),
      |                                            ^~~~~~~~~~~~~~~~~
      |                                            |
      |                                            const char (*)[45]
/home/david/Documents/RockBox_Personal-master/devsrc/nano-soh-runtime/Shipwright/soh/include/functions.h:1334:66: note: expected 'AnimationHeader *' but argument is of type 'const char (*)[45]'
 1334 | void Animation_ChangeImpl(SkelAnime* skelAnime, AnimationHeader* animation, f32 playSpeed, f32 startFrame, f32 endFrame,
      |                                                 ~~~~~~~~~~~~~~~~~^~~~~~~~~
In file included from /home/david/Documents/RockBox_Personal-master/devsrc/nano-soh-runtime/Shipwright/soh/include/global.h:10:
/home/david/Documents/RockBox_Personal-master/devsrc/nano-soh-runtime/Shipwright/soh/src/overlays/actors/ovl_Door_Warp1/z_door_warp1.c: In function 'DoorWarp1_DrawWarp':
/home/david/Documents/RockBox_Personal-master/devsrc/nano-soh-runtime/Shipwright/soh/include/macros.h:287:31: warning: passing argument 3 of 'gSPSegment' makes integer from pointer without a cast [-Wint-conversion]
  287 | #define MATRIX_NEWMTX(gfxCtx) Matrix_NewMtx(gfxCtx, __FILE__, __LINE__)
      |                               ^~~~~~~~~~~~~~~~~~~~~~~~~~~~~~~~~~~~~~~~~
      |                               |
      |                               Mtx * {aka MtxS *}
/home/david/Documents/RockBox_Personal-master/devsrc/nano-soh-runtime/Shipwright/soh/src/overlays/actors/ovl_Door_Warp1/z_door_warp1.c:1027:39: note: in expansion of macro 'MATRIX_NEWMTX'
 1027 |     gSPSegment(POLY_XLU_DISP++, 0x0A, MATRIX_NEWMTX(play->state.gfxCtx));
      |                                       ^~~~~~~~~~~~~
/home/david/Documents/RockBox_Personal-master/devsrc/nano-soh-runtime/Shipwright/soh/include/functions.h:22:52: note: expected 'uintptr_t' {aka 'unsigned int'} but argument is of type 'Mtx *' {aka 'MtxS *'}
   22 | void gSPSegment(void* value, int segNum, uintptr_t target);
      |                                          ~~~~~~~~~~^~~~~~
/home/david/Documents/RockBox_Personal-master/devsrc/nano-soh-runtime/Shipwright/soh/src/overlays/actors/ovl_Door_Warp1/z_door_warp1.c:1031:16: warning: passing argument 3 of 'gSPSegment' makes integer from pointer without a cast [-Wint-conversion]
 1031 |                Gfx_TwoTexScrollEx(play->state.gfxCtx, 0, spEC & 0xFF, -((s16)(this->unk_19C + this->unk_19C) & 511),
      |                ^~~~~~~~~~~~~~~~~~~~~~~~~~~~~~~~~~~~~~~~~~~~~~~~~~~~~~~~~~~~~~~~~~~~~~~~~~~~~~~~~~~~~~~~~~~~~~~~~~~~~
      |                |
      |                Gfx *
 1032 |                                   0x100, 0x100, 1, spEC & 0xFF, -((s16)(this->unk_19C + this->unk_19C) & 511), 0x100,
      |                                   ~~~~~~~~~~~~~~~~~~~~~~~~~~~~~~~~~~~~~~~~~~~~~~~~~~~~~~~~~~~~~~~~~~~~~~~~~~~~~~~~~~~
 1033 |                                   0x100, 10, -2, 10, -2));
      |                                   ~~~~~~~~~~~~~~~~~~~~~~
/home/david/Documents/RockBox_Personal-master/devsrc/nano-soh-runtime/Shipwright/soh/include/functions.h:22:52: note: expected 'uintptr_t' {aka 'unsigned int'} but argument is of type 'Gfx *'
   22 | void gSPSegment(void* value, int segNum, uintptr_t target);
      |                                          ~~~~~~~~~~^~~~~~
/home/david/Documents/RockBox_Personal-master/devsrc/nano-soh-runtime/Shipwright/soh/include/macros.h:287:31: warning: passing argument 3 of 'gSPSegment' makes integer from pointer without a cast [-Wint-conversion]
  287 | #define MATRIX_NEWMTX(gfxCtx) Matrix_NewMtx(gfxCtx, __FILE__, __LINE__)
      |                               ^~~~~~~~~~~~~~~~~~~~~~~~~~~~~~~~~~~~~~~~~
      |                               |
      |                               Mtx * {aka MtxS *}
/home/david/Documents/RockBox_Personal-master/devsrc/nano-soh-runtime/Shipwright/soh/src/overlays/actors/ovl_Door_Warp1/z_door_warp1.c:1038:39: note: in expansion of macro 'MATRIX_NEWMTX'
 1038 |     gSPSegment(POLY_XLU_DISP++, 0x09, MATRIX_NEWMTX(play->state.gfxCtx));
      |                                       ^~~~~~~~~~~~~
/home/david/Documents/RockBox_Personal-master/devsrc/nano-soh-runtime/Shipwright/soh/include/functions.h:22:52: note: expected 'uintptr_t' {aka 'unsigned int'} but argument is of type 'Mtx *' {aka 'MtxS *'}
   22 | void gSPSegment(void* value, int segNum, uintptr_t target);
      |                                          ~~~~~~~~~~^~~~~~
/home/david/Documents/RockBox_Personal-master/devsrc/nano-soh-runtime/Shipwright/soh/src/overlays/actors/ovl_Door_Warp1/z_door_warp1.c:1039:37: warning: passing argument 2 of 'gSPDisplayList' from incompatible pointer type [-Wincompatible-pointer-types]
 1039 |     gSPDisplayList(POLY_XLU_DISP++, gWarpPortalDL);
      |                                     ^~~~~~~~~~~~~
      |                                     |
      |                                     const char *
/home/david/Documents/RockBox_Personal-master/devsrc/nano-soh-runtime/Shipwright/soh/include/functions.h:24:36: note: expected 'Gfx *' but argument is of type 'const char *'
   24 | void gSPDisplayList(Gfx* pkt, Gfx* dl);
      |                               ~~~~~^~
/home/david/Documents/RockBox_Personal-master/devsrc/nano-soh-runtime/Shipwright/soh/src/overlays/actors/ovl_Door_Warp1/z_door_warp1.c:1068:20: warning: passing argument 3 of 'gSPSegment' makes integer from pointer without a cast [-Wint-conversion]
 1068 |                    Gfx_TwoTexScrollEx(play->state.gfxCtx, 0, spEC & 0xFF, -((s16)this->unk_19C & 511), 0x100, 0x100, 1,
      |                    ^~~~~~~~~~~~~~~~~~~~~~~~~~~~~~~~~~~~~~~~~~~~~~~~~~~~~~~~~~~~~~~~~~~~~~~~~~~~~~~~~~~~~~~~~~~~~~~~~~~~
      |                    |
      |                    Gfx *
 1069 |                                       spEC & 0xFF, -((s16)this->unk_19C & 511), 0x100, 0x100, 10, -1, 10, -1));
      |                                       ~~~~~~~~~~~~~~~~~~~~~~~~~~~~~~~~~~~~~~~~~~~~~~~~~~~~~~~~~~~~~~~~~~~~~~~
/home/david/Documents/RockBox_Personal-master/devsrc/nano-soh-runtime/Shipwright/soh/include/functions.h:22:52: note: expected 'uintptr_t' {aka 'unsigned int'} but argument is of type 'Gfx *'
   22 | void gSPSegment(void* value, int segNum, uintptr_t target);
      |                                          ~~~~~~~~~~^~~~~~
/home/david/Documents/RockBox_Personal-master/devsrc/nano-soh-runtime/Shipwright/soh/include/macros.h:287:31: warning: passing argument 3 of 'gSPSegment' makes integer from pointer without a cast [-Wint-conversion]
  287 | #define MATRIX_NEWMTX(gfxCtx) Matrix_NewMtx(gfxCtx, __FILE__, __LINE__)
      |                               ^~~~~~~~~~~~~~~~~~~~~~~~~~~~~~~~~~~~~~~~~
      |                               |
      |                               Mtx * {aka MtxS *}
/home/david/Documents/RockBox_Personal-master/devsrc/nano-soh-runtime/Shipwright/soh/src/overlays/actors/ovl_Door_Warp1/z_door_warp1.c:1076:43: note: in expansion of macro 'MATRIX_NEWMTX'
 1076 |         gSPSegment(POLY_XLU_DISP++, 0x09, MATRIX_NEWMTX(play->state.gfxCtx));
      |                                           ^~~~~~~~~~~~~
/home/david/Documents/RockBox_Personal-master/devsrc/nano-soh-runtime/Shipwright/soh/include/functions.h:22:52: note: expected 'uintptr_t' {aka 'unsigned int'} but argument is of type 'Mtx *' {aka 'MtxS *'}
   22 | void gSPSegment(void* value, int segNum, uintptr_t target);
      |                                          ~~~~~~~~~~^~~~~~
/home/david/Documents/RockBox_Personal-master/devsrc/nano-soh-runtime/Shipwright/soh/src/overlays/actors/ovl_Door_Warp1/z_door_warp1.c:1077:41: warning: passing argument 2 of 'gSPDisplayList' from incompatible pointer type [-Wincompatible-pointer-types]
 1077 |         gSPDisplayList(POLY_XLU_DISP++, gWarpPortalDL);
      |                                         ^~~~~~~~~~~~~
      |                                         |
      |                                         const char *
/home/david/Documents/RockBox_Personal-master/devsrc/nano-soh-runtime/Shipwright/soh/include/functions.h:24:36: note: expected 'Gfx *' but argument is of type 'const char *'
   24 | void gSPDisplayList(Gfx* pkt, Gfx* dl);
      |                               ~~~~~^~
