/home/david/Documents/RockBox_Personal-master/devsrc/nano-soh-runtime/Shipwright/soh/src/overlays/actors/ovl_En_Nutsball/z_en_nutsball.c:64:5: warning: initialization of 'Gfx *' from incompatible pointer type 'const char *' [-Wincompatible-pointer-types]
   64 |     gGiNutDL, gGiNutDL, gGiNutDL, gGiNutDL, gGiNutDL,
      |     ^~~~~~~~
/home/david/Documents/RockBox_Personal-master/devsrc/nano-soh-runtime/Shipwright/soh/src/overlays/actors/ovl_En_Nutsball/z_en_nutsball.c:64:5: note: (near initialization for 'sDListsNew[0]')
/home/david/Documents/RockBox_Personal-master/devsrc/nano-soh-runtime/Shipwright/soh/src/overlays/actors/ovl_En_Nutsball/z_en_nutsball.c:64:15: warning: initialization of 'Gfx *' from incompatible pointer type 'const char *' [-Wincompatible-pointer-types]
   64 |     gGiNutDL, gGiNutDL, gGiNutDL, gGiNutDL, gGiNutDL,
      |               ^~~~~~~~
/home/david/Documents/RockBox_Personal-master/devsrc/nano-soh-runtime/Shipwright/soh/src/overlays/actors/ovl_En_Nutsball/z_en_nutsball.c:64:15: note: (near initialization for 'sDListsNew[1]')
/home/david/Documents/RockBox_Personal-master/devsrc/nano-soh-runtime/Shipwright/soh/src/overlays/actors/ovl_En_Nutsball/z_en_nutsball.c:64:25: warning: initialization of 'Gfx *' from incompatible pointer type 'const char *' [-Wincompatible-pointer-types]
   64 |     gGiNutDL, gGiNutDL, gGiNutDL, gGiNutDL, gGiNutDL,
      |                         ^~~~~~~~
/home/david/Documents/RockBox_Personal-master/devsrc/nano-soh-runtime/Shipwright/soh/src/overlays/actors/ovl_En_Nutsball/z_en_nutsball.c:64:25: note: (near initialization for 'sDListsNew[2]')
/home/david/Documents/RockBox_Personal-master/devsrc/nano-soh-runtime/Shipwright/soh/src/overlays/actors/ovl_En_Nutsball/z_en_nutsball.c:64:35: warning: initialization of 'Gfx *' from incompatible pointer type 'const char *' [-Wincompatible-pointer-types]
   64 |     gGiNutDL, gGiNutDL, gGiNutDL, gGiNutDL, gGiNutDL,
      |                                   ^~~~~~~~
/home/david/Documents/RockBox_Personal-master/devsrc/nano-soh-runtime/Shipwright/soh/src/overlays/actors/ovl_En_Nutsball/z_en_nutsball.c:64:35: note: (near initialization for 'sDListsNew[3]')
/home/david/Documents/RockBox_Personal-master/devsrc/nano-soh-runtime/Shipwright/soh/src/overlays/actors/ovl_En_Nutsball/z_en_nutsball.c:64:45: warning: initialization of 'Gfx *' from incompatible pointer type 'const char *' [-Wincompatible-pointer-types]
   64 |     gGiNutDL, gGiNutDL, gGiNutDL, gGiNutDL, gGiNutDL,
      |                                             ^~~~~~~~
/home/david/Documents/RockBox_Personal-master/devsrc/nano-soh-runtime/Shipwright/soh/src/overlays/actors/ovl_En_Nutsball/z_en_nutsball.c:64:45: note: (near initialization for 'sDListsNew[4]')
/home/david/Documents/RockBox_Personal-master/devsrc/nano-soh-runtime/Shipwright/soh/src/overlays/actors/ovl_En_Nutsball/z_en_nutsball.c:68:5: warning: initialization of 'Gfx *' from incompatible pointer type 'const char *' [-Wincompatible-pointer-types]
   68 |     gDekuNutsDekuNutDL, gHintNutsNutDL, gBusinessScrubDekuNutDL, gDntJijiNutDL, gDntStageNutDL,
      |     ^~~~~~~~~~~~~~~~~~
/home/david/Documents/RockBox_Personal-master/devsrc/nano-soh-runtime/Shipwright/soh/src/overlays/actors/ovl_En_Nutsball/z_en_nutsball.c:68:5: note: (near initialization for 'sDLists[0]')
/home/david/Documents/RockBox_Personal-master/devsrc/nano-soh-runtime/Shipwright/soh/src/overlays/actors/ovl_En_Nutsball/z_en_nutsball.c:68:25: warning: initialization of 'Gfx *' from incompatible pointer type 'const char *' [-Wincompatible-pointer-types]
   68 |     gDekuNutsDekuNutDL, gHintNutsNutDL, gBusinessScrubDekuNutDL, gDntJijiNutDL, gDntStageNutDL,
      |                         ^~~~~~~~~~~~~~
/home/david/Documents/RockBox_Personal-master/devsrc/nano-soh-runtime/Shipwright/soh/src/overlays/actors/ovl_En_Nutsball/z_en_nutsball.c:68:25: note: (near initialization for 'sDLists[1]')
/home/david/Documents/RockBox_Personal-master/devsrc/nano-soh-runtime/Shipwright/soh/src/overlays/actors/ovl_En_Nutsball/z_en_nutsball.c:68:41: warning: initialization of 'Gfx *' from incompatible pointer type 'const char *' [-Wincompatible-pointer-types]
   68 |     gDekuNutsDekuNutDL, gHintNutsNutDL, gBusinessScrubDekuNutDL, gDntJijiNutDL, gDntStageNutDL,
      |                                         ^~~~~~~~~~~~~~~~~~~~~~~
/home/david/Documents/RockBox_Personal-master/devsrc/nano-soh-runtime/Shipwright/soh/src/overlays/actors/ovl_En_Nutsball/z_en_nutsball.c:68:41: note: (near initialization for 'sDLists[2]')
/home/david/Documents/RockBox_Personal-master/devsrc/nano-soh-runtime/Shipwright/soh/src/overlays/actors/ovl_En_Nutsball/z_en_nutsball.c:68:66: warning: initialization of 'Gfx *' from incompatible pointer type 'const char *' [-Wincompatible-pointer-types]
   68 |     gDekuNutsDekuNutDL, gHintNutsNutDL, gBusinessScrubDekuNutDL, gDntJijiNutDL, gDntStageNutDL,
      |                                                                  ^~~~~~~~~~~~~
/home/david/Documents/RockBox_Personal-master/devsrc/nano-soh-runtime/Shipwright/soh/src/overlays/actors/ovl_En_Nutsball/z_en_nutsball.c:68:66: note: (near initialization for 'sDLists[3]')
/home/david/Documents/RockBox_Personal-master/devsrc/nano-soh-runtime/Shipwright/soh/src/overlays/actors/ovl_En_Nutsball/z_en_nutsball.c:68:81: warning: initialization of 'Gfx *' from incompatible pointer type 'const char *' [-Wincompatible-pointer-types]
   68 |     gDekuNutsDekuNutDL, gHintNutsNutDL, gBusinessScrubDekuNutDL, gDntJijiNutDL, gDntStageNutDL,
      |                                                                                 ^~~~~~~~~~~~~~
/home/david/Documents/RockBox_Personal-master/devsrc/nano-soh-runtime/Shipwright/soh/src/overlays/actors/ovl_En_Nutsball/z_en_nutsball.c:68:81: note: (near initialization for 'sDLists[4]')
/home/david/Documents/RockBox_Personal-master/devsrc/nano-soh-runtime/Shipwright/soh/src/overlays/actors/ovl_En_Nutsball/z_en_nutsball.c: In function 'EnNutsball_Draw':
/home/david/Documents/RockBox_Personal-master/devsrc/nano-soh-runtime/Shipwright/soh/src/overlays/actors/ovl_En_Nutsball/z_en_nutsball.c:185:20: warning: passing argument 3 of 'gSPSegment' makes integer from pointer without a cast [-Wint-conversion]
  185 |                    Gfx_TwoTexScrollEx(play->state.gfxCtx, 0, 1 * (play->state.frames * 6), 1 * (play->state.frames * 6),
      |                    ^~~~~~~~~~~~~~~~~~~~~~~~~~~~~~~~~~~~~~~~~~~~~~~~~~~~~~~~~~~~~~~~~~~~~~~~~~~~~~~~~~~~~~~~~~~~~~~~~~~~~
      |                    |
      |                    Gfx *
  186 |                                       32, 32, 1, 1 * (play->state.frames * 6), 1 * (play->state.frames * 6), 32, 32, 6,
      |                                       ~~~~~~~~~~~~~~~~~~~~~~~~~~~~~~~~~~~~~~~~~~~~~~~~~~~~~~~~~~~~~~~~~~~~~~~~~~~~~~~~~
  187 |                                       6, 6, 6));
      |                                       ~~~~~~~~
In file included from /home/david/Documents/RockBox_Personal-master/devsrc/nano-soh-runtime/Shipwright/soh/include/global.h:8,
                 from /home/david/Documents/RockBox_Personal-master/devsrc/nano-soh-runtime/Shipwright/soh/src/overlays/actors/ovl_En_Nutsball/z_en_nutsball.h:5,
                 from /home/david/Documents/RockBox_Personal-master/devsrc/nano-soh-runtime/Shipwright/soh/src/overlays/actors/ovl_En_Nutsball/z_en_nutsball.c:7:
/home/david/Documents/RockBox_Personal-master/devsrc/nano-soh-runtime/Shipwright/soh/include/functions.h:22:52: note: expected 'uintptr_t' {aka 'unsigned int'} but argument is of type 'Gfx *'
   22 | void gSPSegment(void* value, int segNum, uintptr_t target);
      |                                          ~~~~~~~~~~^~~~~~
