/home/david/Documents/RockBox_Personal-master/devsrc/nano-soh-runtime/Shipwright/soh/src/overlays/actors/ovl_En_Ko/z_en_ko.c:70:28: warning: initialization discards 'const' qualifier from pointer target type [-Wdiscarded-qualifiers]
   70 | static void* sFaEyes[] = { gFaEyeOpenTex, gFaEyeHalfTex, gFaEyeClosedTex, NULL };
      |                            ^~~~~~~~~~~~~
/home/david/Documents/RockBox_Personal-master/devsrc/nano-soh-runtime/Shipwright/soh/src/overlays/actors/ovl_En_Ko/z_en_ko.c:70:43: warning: initialization discards 'const' qualifier from pointer target type [-Wdiscarded-qualifiers]
   70 | static void* sFaEyes[] = { gFaEyeOpenTex, gFaEyeHalfTex, gFaEyeClosedTex, NULL };
      |                                           ^~~~~~~~~~~~~
/home/david/Documents/RockBox_Personal-master/devsrc/nano-soh-runtime/Shipwright/soh/src/overlays/actors/ovl_En_Ko/z_en_ko.c:70:58: warning: initialization discards 'const' qualifier from pointer target type [-Wdiscarded-qualifiers]
   70 | static void* sFaEyes[] = { gFaEyeOpenTex, gFaEyeHalfTex, gFaEyeClosedTex, NULL };
      |                                                          ^~~~~~~~~~~~~~~
/home/david/Documents/RockBox_Personal-master/devsrc/nano-soh-runtime/Shipwright/soh/src/overlays/actors/ovl_En_Ko/z_en_ko.c:71:29: warning: initialization discards 'const' qualifier from pointer target type [-Wdiscarded-qualifiers]
   71 | static void* sKw1Eyes[] = { gKw1EyeOpenTex, gKw1EyeHalfTex, gKw1EyeClosedTex, NULL };
      |                             ^~~~~~~~~~~~~~
/home/david/Documents/RockBox_Personal-master/devsrc/nano-soh-runtime/Shipwright/soh/src/overlays/actors/ovl_En_Ko/z_en_ko.c:71:45: warning: initialization discards 'const' qualifier from pointer target type [-Wdiscarded-qualifiers]
   71 | static void* sKw1Eyes[] = { gKw1EyeOpenTex, gKw1EyeHalfTex, gKw1EyeClosedTex, NULL };
      |                                             ^~~~~~~~~~~~~~
/home/david/Documents/RockBox_Personal-master/devsrc/nano-soh-runtime/Shipwright/soh/src/overlays/actors/ovl_En_Ko/z_en_ko.c:71:61: warning: initialization discards 'const' qualifier from pointer target type [-Wdiscarded-qualifiers]
   71 | static void* sKw1Eyes[] = { gKw1EyeOpenTex, gKw1EyeHalfTex, gKw1EyeClosedTex, NULL };
      |                                                             ^~~~~~~~~~~~~~~~
/home/david/Documents/RockBox_Personal-master/devsrc/nano-soh-runtime/Shipwright/soh/src/overlays/actors/ovl_En_Ko/z_en_ko.c:80:19: warning: initialization of 'Gfx *' from incompatible pointer type 'const char *' [-Wincompatible-pointer-types]
   80 |     { OBJECT_KM1, gKm1DL, NULL },
      |                   ^~~~~~
/home/david/Documents/RockBox_Personal-master/devsrc/nano-soh-runtime/Shipwright/soh/src/overlays/actors/ovl_En_Ko/z_en_ko.c:80:19: note: (near initialization for 'sHead[0].dList')
/home/david/Documents/RockBox_Personal-master/devsrc/nano-soh-runtime/Shipwright/soh/src/overlays/actors/ovl_En_Ko/z_en_ko.c:81:19: warning: initialization of 'Gfx *' from incompatible pointer type 'const char *' [-Wincompatible-pointer-types]
   81 |     { OBJECT_KW1, object_kw1_DL_002C10, sKw1Eyes },
      |                   ^~~~~~~~~~~~~~~~~~~~
/home/david/Documents/RockBox_Personal-master/devsrc/nano-soh-runtime/Shipwright/soh/src/overlays/actors/ovl_En_Ko/z_en_ko.c:81:19: note: (near initialization for 'sHead[1].dList')
/home/david/Documents/RockBox_Personal-master/devsrc/nano-soh-runtime/Shipwright/soh/src/overlays/actors/ovl_En_Ko/z_en_ko.c:82:18: warning: initialization of 'Gfx *' from incompatible pointer type 'const char *' [-Wincompatible-pointer-types]
   82 |     { OBJECT_FA, gFaDL, sFaEyes },
      |                  ^~~~~
/home/david/Documents/RockBox_Personal-master/devsrc/nano-soh-runtime/Shipwright/soh/src/overlays/actors/ovl_En_Ko/z_en_ko.c:82:18: note: (near initialization for 'sHead[2].dList')
/home/david/Documents/RockBox_Personal-master/devsrc/nano-soh-runtime/Shipwright/soh/src/overlays/actors/ovl_En_Ko/z_en_ko.c:91:19: warning: initialization of 'FlexSkeletonHeader *' from incompatible pointer type 'const char *' [-Wincompatible-pointer-types]
   91 |     { OBJECT_KM1, gKm1Skel, /* 0x060000F0 */ },
      |                   ^~~~~~~~
/home/david/Documents/RockBox_Personal-master/devsrc/nano-soh-runtime/Shipwright/soh/src/overlays/actors/ovl_En_Ko/z_en_ko.c:91:19: note: (near initialization for 'sSkeleton[0].flexSkeletonHeader')
/home/david/Documents/RockBox_Personal-master/devsrc/nano-soh-runtime/Shipwright/soh/src/overlays/actors/ovl_En_Ko/z_en_ko.c:92:19: warning: initialization of 'FlexSkeletonHeader *' from incompatible pointer type 'const char *' [-Wincompatible-pointer-types]
   92 |     { OBJECT_KW1, gKw1Skel, /* 0x060000F0 */ },
      |                   ^~~~~~~~
/home/david/Documents/RockBox_Personal-master/devsrc/nano-soh-runtime/Shipwright/soh/src/overlays/actors/ovl_En_Ko/z_en_ko.c:92:19: note: (near initialization for 'sSkeleton[1].flexSkeletonHeader')
/home/david/Documents/RockBox_Personal-master/devsrc/nano-soh-runtime/Shipwright/soh/src/overlays/actors/ovl_En_Ko/z_en_ko.c:133:7: warning: initialization of 'AnimationHeader *' from incompatible pointer type 'const char (*)[51]' [-Wincompatible-pointer-types]
  133 |     { &gKokiriBlockingAnim, 1.0f, 2.0f, 14.0f, ANIMMODE_LOOP_PARTIAL, 0.0f },
      |       ^
/home/david/Documents/RockBox_Personal-master/devsrc/nano-soh-runtime/Shipwright/soh/src/overlays/actors/ovl_En_Ko/z_en_ko.c:133:7: note: (near initialization for 'sAnimationInfo[0].animation')
/home/david/Documents/RockBox_Personal-master/devsrc/nano-soh-runtime/Shipwright/soh/src/overlays/actors/ovl_En_Ko/z_en_ko.c:134:7: warning: initialization of 'AnimationHeader *' from incompatible pointer type 'const char (*)[51]' [-Wincompatible-pointer-types]
  134 |     { &gKokiriBlockingAnim, 0.0f, 1.0f, 1.0f, ANIMMODE_LOOP_PARTIAL, 0.0f },
      |       ^
/home/david/Documents/RockBox_Personal-master/devsrc/nano-soh-runtime/Shipwright/soh/src/overlays/actors/ovl_En_Ko/z_en_ko.c:134:7: note: (near initialization for 'sAnimationInfo[1].animation')
/home/david/Documents/RockBox_Personal-master/devsrc/nano-soh-runtime/Shipwright/soh/src/overlays/actors/ovl_En_Ko/z_en_ko.c:135:7: warning: initialization of 'AnimationHeader *' from incompatible pointer type 'const char (*)[50]' [-Wincompatible-pointer-types]
  135 |     { &gKokiriStandUpAnim, 0.0f, 0.0f, 0.0f, ANIMMODE_ONCE, 0.0f },
      |       ^
/home/david/Documents/RockBox_Personal-master/devsrc/nano-soh-runtime/Shipwright/soh/src/overlays/actors/ovl_En_Ko/z_en_ko.c:135:7: note: (near initialization for 'sAnimationInfo[2].animation')
/home/david/Documents/RockBox_Personal-master/devsrc/nano-soh-runtime/Shipwright/soh/src/overlays/actors/ovl_En_Ko/z_en_ko.c:136:7: warning: initialization of 'AnimationHeader *' from incompatible pointer type 'const char (*)[50]' [-Wincompatible-pointer-types]
  136 |     { &gKokiriStandUpAnim, 0.0f, 1.0f, 1.0f, ANIMMODE_ONCE, 0.0f },
      |       ^
/home/david/Documents/RockBox_Personal-master/devsrc/nano-soh-runtime/Shipwright/soh/src/overlays/actors/ovl_En_Ko/z_en_ko.c:136:7: note: (near initialization for 'sAnimationInfo[3].animation')
/home/david/Documents/RockBox_Personal-master/devsrc/nano-soh-runtime/Shipwright/soh/src/overlays/actors/ovl_En_Ko/z_en_ko.c:137:7: warning: initialization of 'AnimationHeader *' from incompatible pointer type 'const char (*)[50]' [-Wincompatible-pointer-types]
  137 |     { &gKokiriStandUpAnim, 0.0f, 2.0f, 2.0f, ANIMMODE_ONCE, 0.0f },
      |       ^
/home/david/Documents/RockBox_Personal-master/devsrc/nano-soh-runtime/Shipwright/soh/src/overlays/actors/ovl_En_Ko/z_en_ko.c:137:7: note: (near initialization for 'sAnimationInfo[4].animation')
/home/david/Documents/RockBox_Personal-master/devsrc/nano-soh-runtime/Shipwright/soh/src/overlays/actors/ovl_En_Ko/z_en_ko.c:138:7: warning: initialization of 'AnimationHeader *' from incompatible pointer type 'const char (*)[47]' [-Wincompatible-pointer-types]
  138 |     { &gKokiriIdleAnim, 1.0f, 0.0f, -1.0f, ANIMMODE_LOOP, 0.0f },
      |       ^
/home/david/Documents/RockBox_Personal-master/devsrc/nano-soh-runtime/Shipwright/soh/src/overlays/actors/ovl_En_Ko/z_en_ko.c:138:7: note: (near initialization for 'sAnimationInfo[5].animation')
/home/david/Documents/RockBox_Personal-master/devsrc/nano-soh-runtime/Shipwright/soh/src/overlays/actors/ovl_En_Ko/z_en_ko.c:139:7: warning: initialization of 'AnimationHeader *' from incompatible pointer type 'const char (*)[47]' [-Wincompatible-pointer-types]
  139 |     { &gKokiriIdleAnim, 1.0f, 0.0f, -1.0f, ANIMMODE_LOOP, -10.0f },
      |       ^
/home/david/Documents/RockBox_Personal-master/devsrc/nano-soh-runtime/Shipwright/soh/src/overlays/actors/ovl_En_Ko/z_en_ko.c:139:7: note: (near initialization for 'sAnimationInfo[6].animation')
/home/david/Documents/RockBox_Personal-master/devsrc/nano-soh-runtime/Shipwright/soh/src/overlays/actors/ovl_En_Ko/z_en_ko.c:140:7: warning: initialization of 'AnimationHeader *' from incompatible pointer type 'const char (*)[51]' [-Wincompatible-pointer-types]
  140 |     { &gKokiriLaughingAnim, 1.0f, 0.0f, -1.0f, ANIMMODE_LOOP, -10.0f },
      |       ^
/home/david/Documents/RockBox_Personal-master/devsrc/nano-soh-runtime/Shipwright/soh/src/overlays/actors/ovl_En_Ko/z_en_ko.c:140:7: note: (near initialization for 'sAnimationInfo[7].animation')
/home/david/Documents/RockBox_Personal-master/devsrc/nano-soh-runtime/Shipwright/soh/src/overlays/actors/ovl_En_Ko/z_en_ko.c:141:7: warning: initialization of 'AnimationHeader *' from incompatible pointer type 'const char (*)[54]' [-Wincompatible-pointer-types]
  141 |     { &gKokiriLiftingRockAnim, 1.0f, 0.0f, -1.0f, ANIMMODE_LOOP, 0.0f },
      |       ^
/home/david/Documents/RockBox_Personal-master/devsrc/nano-soh-runtime/Shipwright/soh/src/overlays/actors/ovl_En_Ko/z_en_ko.c:141:7: note: (near initialization for 'sAnimationInfo[8].animation')
/home/david/Documents/RockBox_Personal-master/devsrc/nano-soh-runtime/Shipwright/soh/src/overlays/actors/ovl_En_Ko/z_en_ko.c:142:7: warning: initialization of 'AnimationHeader *' from incompatible pointer type 'const char (*)[60]' [-Wincompatible-pointer-types]
  142 |     { &gKokiriRecliningStandingAnim, 1.0f, 0.0f, -1.0f, ANIMMODE_LOOP, 0.0f },
      |       ^
/home/david/Documents/RockBox_Personal-master/devsrc/nano-soh-runtime/Shipwright/soh/src/overlays/actors/ovl_En_Ko/z_en_ko.c:142:7: note: (near initialization for 'sAnimationInfo[9].animation')
/home/david/Documents/RockBox_Personal-master/devsrc/nano-soh-runtime/Shipwright/soh/src/overlays/actors/ovl_En_Ko/z_en_ko.c:143:7: warning: initialization of 'AnimationHeader *' from incompatible pointer type 'const char (*)[61]' [-Wincompatible-pointer-types]
  143 |     { &gKokiriRecliningSittingUpAnim, 1.0f, 0.0f, -1.0f, ANIMMODE_LOOP, 0.0f },
      |       ^
/home/david/Documents/RockBox_Personal-master/devsrc/nano-soh-runtime/Shipwright/soh/src/overlays/actors/ovl_En_Ko/z_en_ko.c:143:7: note: (near initialization for 'sAnimationInfo[10].animation')
/home/david/Documents/RockBox_Personal-master/devsrc/nano-soh-runtime/Shipwright/soh/src/overlays/actors/ovl_En_Ko/z_en_ko.c:144:7: warning: initialization of 'AnimationHeader *' from incompatible pointer type 'const char (*)[51]' [-Wincompatible-pointer-types]
  144 |     { &gKokiriPunchingAnim, 1.0f, 0.0f, -1.0f, ANIMMODE_LOOP, 0.0f },
      |       ^
/home/david/Documents/RockBox_Personal-master/devsrc/nano-soh-runtime/Shipwright/soh/src/overlays/actors/ovl_En_Ko/z_en_ko.c:144:7: note: (near initialization for 'sAnimationInfo[11].animation')
/home/david/Documents/RockBox_Personal-master/devsrc/nano-soh-runtime/Shipwright/soh/src/overlays/actors/ovl_En_Ko/z_en_ko.c:145:7: warning: initialization of 'AnimationHeader *' from incompatible pointer type 'const char (*)[62]' [-Wincompatible-pointer-types]
  145 |     { &gKokiriStandingHandOnChestAnim, 1.0f, 0.0f, -1.0f, ANIMMODE_LOOP, 0.0f },
      |       ^
/home/david/Documents/RockBox_Personal-master/devsrc/nano-soh-runtime/Shipwright/soh/src/overlays/actors/ovl_En_Ko/z_en_ko.c:145:7: note: (near initialization for 'sAnimationInfo[12].animation')
/home/david/Documents/RockBox_Personal-master/devsrc/nano-soh-runtime/Shipwright/soh/src/overlays/actors/ovl_En_Ko/z_en_ko.c:146:7: warning: initialization of 'AnimationHeader *' from incompatible pointer type 'const char (*)[62]' [-Wincompatible-pointer-types]
  146 |     { &gKokiriStandingHandsOnHipsAnim, 1.0f, 0.0f, -1.0f, ANIMMODE_LOOP, 0.0f },
      |       ^
/home/david/Documents/RockBox_Personal-master/devsrc/nano-soh-runtime/Shipwright/soh/src/overlays/actors/ovl_En_Ko/z_en_ko.c:146:7: note: (near initialization for 'sAnimationInfo[13].animation')
/home/david/Documents/RockBox_Personal-master/devsrc/nano-soh-runtime/Shipwright/soh/src/overlays/actors/ovl_En_Ko/z_en_ko.c:147:7: warning: initialization of 'AnimationHeader *' from incompatible pointer type 'const char (*)[50]' [-Wincompatible-pointer-types]
  147 |     { &gKokiriSittingAnim, 1.0f, 0.0f, -1.0f, ANIMMODE_LOOP, 0.0f },
      |       ^
/home/david/Documents/RockBox_Personal-master/devsrc/nano-soh-runtime/Shipwright/soh/src/overlays/actors/ovl_En_Ko/z_en_ko.c:147:7: note: (near initialization for 'sAnimationInfo[14].animation')
/home/david/Documents/RockBox_Personal-master/devsrc/nano-soh-runtime/Shipwright/soh/src/overlays/actors/ovl_En_Ko/z_en_ko.c:148:7: warning: initialization of 'AnimationHeader *' from incompatible pointer type 'const char (*)[65]' [-Wincompatible-pointer-types]
  148 |     { &gKokiriSittingCrossedArmsLegsAnim, 1.0f, 0.0f, -1.0f, ANIMMODE_LOOP, 0.0f },
      |       ^
/home/david/Documents/RockBox_Personal-master/devsrc/nano-soh-runtime/Shipwright/soh/src/overlays/actors/ovl_En_Ko/z_en_ko.c:148:7: note: (near initialization for 'sAnimationInfo[15].animation')
/home/david/Documents/RockBox_Personal-master/devsrc/nano-soh-runtime/Shipwright/soh/src/overlays/actors/ovl_En_Ko/z_en_ko.c:149:7: warning: initialization of 'AnimationHeader *' from incompatible pointer type 'const char (*)[63]' [-Wincompatible-pointer-types]
  149 |     { &gKokiriStandingApprehensiveAnim, 1.0f, 0.0f, -1.0f, ANIMMODE_LOOP, 0.0f },
      |       ^
/home/david/Documents/RockBox_Personal-master/devsrc/nano-soh-runtime/Shipwright/soh/src/overlays/actors/ovl_En_Ko/z_en_ko.c:149:7: note: (near initialization for 'sAnimationInfo[16].animation')
/home/david/Documents/RockBox_Personal-master/devsrc/nano-soh-runtime/Shipwright/soh/src/overlays/actors/ovl_En_Ko/z_en_ko.c:150:7: warning: initialization of 'AnimationHeader *' from incompatible pointer type 'const char (*)[56]' [-Wincompatible-pointer-types]
  150 |     { &gKokiriLeaningOnArmsAnim, 1.0f, 0.0f, -1.0f, ANIMMODE_LOOP, 0.0f },
      |       ^
/home/david/Documents/RockBox_Personal-master/devsrc/nano-soh-runtime/Shipwright/soh/src/overlays/actors/ovl_En_Ko/z_en_ko.c:150:7: note: (near initialization for 'sAnimationInfo[17].animation')
/home/david/Documents/RockBox_Personal-master/devsrc/nano-soh-runtime/Shipwright/soh/src/overlays/actors/ovl_En_Ko/z_en_ko.c:151:7: warning: initialization of 'AnimationHeader *' from incompatible pointer type 'const char (*)[63]' [-Wincompatible-pointer-types]
  151 |     { &gKokiriRecliningLeaningBackAnim, 1.0f, 0.0f, -1.0f, ANIMMODE_LOOP, 0.0f },
      |       ^
/home/david/Documents/RockBox_Personal-master/devsrc/nano-soh-runtime/Shipwright/soh/src/overlays/actors/ovl_En_Ko/z_en_ko.c:151:7: note: (near initialization for 'sAnimationInfo[18].animation')
/home/david/Documents/RockBox_Personal-master/devsrc/nano-soh-runtime/Shipwright/soh/src/overlays/actors/ovl_En_Ko/z_en_ko.c:152:7: warning: initialization of 'AnimationHeader *' from incompatible pointer type 'const char (*)[55]' [-Wincompatible-pointer-types]
  152 |     { &gKokiriCuttingGrassAnim, 1.0f, 0.0f, -1.0f, ANIMMODE_LOOP, 0.0f },
      |       ^
/home/david/Documents/RockBox_Personal-master/devsrc/nano-soh-runtime/Shipwright/soh/src/overlays/actors/ovl_En_Ko/z_en_ko.c:152:7: note: (near initialization for 'sAnimationInfo[19].animation')
/home/david/Documents/RockBox_Personal-master/devsrc/nano-soh-runtime/Shipwright/soh/src/overlays/actors/ovl_En_Ko/z_en_ko.c:153:7: warning: initialization of 'AnimationHeader *' from incompatible pointer type 'const char (*)[51]' [-Wincompatible-pointer-types]
  153 |     { &gKokiriBackflipAnim, 1.0f, 0.0f, -1.0f, ANIMMODE_LOOP, 0.0f },
      |       ^
/home/david/Documents/RockBox_Personal-master/devsrc/nano-soh-runtime/Shipwright/soh/src/overlays/actors/ovl_En_Ko/z_en_ko.c:153:7: note: (near initialization for 'sAnimationInfo[20].animation')
/home/david/Documents/RockBox_Personal-master/devsrc/nano-soh-runtime/Shipwright/soh/src/overlays/actors/ovl_En_Ko/z_en_ko.c:154:7: warning: initialization of 'AnimationHeader *' from incompatible pointer type 'const char (*)[57]' [-Wincompatible-pointer-types]
  154 |     { &gKokiriLeaningForwardAnim, 1.0f, 0.0f, -1.0f, ANIMMODE_LOOP, 0.0f },
      |       ^
/home/david/Documents/RockBox_Personal-master/devsrc/nano-soh-runtime/Shipwright/soh/src/overlays/actors/ovl_En_Ko/z_en_ko.c:154:7: note: (near initialization for 'sAnimationInfo[21].animation')
/home/david/Documents/RockBox_Personal-master/devsrc/nano-soh-runtime/Shipwright/soh/src/overlays/actors/ovl_En_Ko/z_en_ko.c:155:7: warning: initialization of 'AnimationHeader *' from incompatible pointer type 'const char (*)[61]' [-Wincompatible-pointer-types]
  155 |     { &gKokiriStandingRightArmUpAnim, 1.0f, 0.0f, -1.0f, ANIMMODE_LOOP, 0.0f },
      |       ^
/home/david/Documents/RockBox_Personal-master/devsrc/nano-soh-runtime/Shipwright/soh/src/overlays/actors/ovl_En_Ko/z_en_ko.c:155:7: note: (near initialization for 'sAnimationInfo[22].animation')
/home/david/Documents/RockBox_Personal-master/devsrc/nano-soh-runtime/Shipwright/soh/src/overlays/actors/ovl_En_Ko/z_en_ko.c:156:7: warning: initialization of 'AnimationHeader *' from incompatible pointer type 'const char (*)[65]' [-Wincompatible-pointer-types]
  156 |     { &gKokiriStandingArmsBehindBackAnim, 1.0f, 0.0f, -1.0f, ANIMMODE_LOOP, 0.0f },
      |       ^
/home/david/Documents/RockBox_Personal-master/devsrc/nano-soh-runtime/Shipwright/soh/src/overlays/actors/ovl_En_Ko/z_en_ko.c:156:7: note: (near initialization for 'sAnimationInfo[23].animation')
/home/david/Documents/RockBox_Personal-master/devsrc/nano-soh-runtime/Shipwright/soh/src/overlays/actors/ovl_En_Ko/z_en_ko.c:157:7: warning: initialization of 'AnimationHeader *' from incompatible pointer type 'const char (*)[51]' [-Wincompatible-pointer-types]
  157 |     { &gKokiriStandingAnim, 1.0f, 0.0f, -1.0f, ANIMMODE_LOOP, 0.0f },
      |       ^
/home/david/Documents/RockBox_Personal-master/devsrc/nano-soh-runtime/Shipwright/soh/src/overlays/actors/ovl_En_Ko/z_en_ko.c:157:7: note: (near initialization for 'sAnimationInfo[24].animation')
/home/david/Documents/RockBox_Personal-master/devsrc/nano-soh-runtime/Shipwright/soh/src/overlays/actors/ovl_En_Ko/z_en_ko.c:158:7: warning: initialization of 'AnimationHeader *' from incompatible pointer type 'const char (*)[61]' [-Wincompatible-pointer-types]
  158 |     { &gKokiriSittingCrossedLegsAnim, 1.0f, 0.0f, -1.0f, ANIMMODE_LOOP, 0.0f },
      |       ^
/home/david/Documents/RockBox_Personal-master/devsrc/nano-soh-runtime/Shipwright/soh/src/overlays/actors/ovl_En_Ko/z_en_ko.c:158:7: note: (near initialization for 'sAnimationInfo[25].animation')
/home/david/Documents/RockBox_Personal-master/devsrc/nano-soh-runtime/Shipwright/soh/src/overlays/actors/ovl_En_Ko/z_en_ko.c:159:7: warning: initialization of 'AnimationHeader *' from incompatible pointer type 'const char (*)[56]' [-Wincompatible-pointer-types]
  159 |     { &gKokiriSittingArmsUpAnim, 1.0f, 0.0f, -1.0f, ANIMMODE_LOOP, 0.0f },
      |       ^
/home/david/Documents/RockBox_Personal-master/devsrc/nano-soh-runtime/Shipwright/soh/src/overlays/actors/ovl_En_Ko/z_en_ko.c:159:7: note: (near initialization for 'sAnimationInfo[26].animation')
/home/david/Documents/RockBox_Personal-master/devsrc/nano-soh-runtime/Shipwright/soh/src/overlays/actors/ovl_En_Ko/z_en_ko.c:160:7: warning: initialization of 'AnimationHeader *' from incompatible pointer type 'const char (*)[60]' [-Wincompatible-pointer-types]
  160 |     { &gKokiriSittingHeadOnHandAnim, 1.0f, 0.0f, -1.0f, ANIMMODE_LOOP, 0.0f },
      |       ^
/home/david/Documents/RockBox_Personal-master/devsrc/nano-soh-runtime/Shipwright/soh/src/overlays/actors/ovl_En_Ko/z_en_ko.c:160:7: note: (near initialization for 'sAnimationInfo[27].animation')
/home/david/Documents/RockBox_Personal-master/devsrc/nano-soh-runtime/Shipwright/soh/src/overlays/actors/ovl_En_Ko/z_en_ko.c:161:7: warning: initialization of 'AnimationHeader *' from incompatible pointer type 'const char (*)[57]' [-Wincompatible-pointer-types]
  161 |     { &gKokiriSittingDiggingAnim, 1.0f, 0.0f, -1.0f, ANIMMODE_LOOP, 0.0f },
      |       ^
/home/david/Documents/RockBox_Personal-master/devsrc/nano-soh-runtime/Shipwright/soh/src/overlays/actors/ovl_En_Ko/z_en_ko.c:161:7: note: (near initialization for 'sAnimationInfo[28].animation')
/home/david/Documents/RockBox_Personal-master/devsrc/nano-soh-runtime/Shipwright/soh/src/overlays/actors/ovl_En_Ko/z_en_ko.c:162:7: warning: initialization of 'AnimationHeader *' from incompatible pointer type 'const char (*)[51]' [-Wincompatible-pointer-types]
  162 |     { &gKokiriBlockingAnim, 0.0f, 1.0f, 1.0f, ANIMMODE_LOOP_PARTIAL, -8.0f },
      |       ^
/home/david/Documents/RockBox_Personal-master/devsrc/nano-soh-runtime/Shipwright/soh/src/overlays/actors/ovl_En_Ko/z_en_ko.c:162:7: note: (near initialization for 'sAnimationInfo[29].animation')
/home/david/Documents/RockBox_Personal-master/devsrc/nano-soh-runtime/Shipwright/soh/src/overlays/actors/ovl_En_Ko/z_en_ko.c:163:7: warning: initialization of 'AnimationHeader *' from incompatible pointer type 'const char (*)[55]' [-Wincompatible-pointer-types]
  163 |     { &gKokiriCuttingGrassAnim, 1.0f, 0.0f, -1.0f, ANIMMODE_LOOP, -8.0f },
      |       ^
/home/david/Documents/RockBox_Personal-master/devsrc/nano-soh-runtime/Shipwright/soh/src/overlays/actors/ovl_En_Ko/z_en_ko.c:163:7: note: (near initialization for 'sAnimationInfo[30].animation')
/home/david/Documents/RockBox_Personal-master/devsrc/nano-soh-runtime/Shipwright/soh/src/overlays/actors/ovl_En_Ko/z_en_ko.c:164:7: warning: initialization of 'AnimationHeader *' from incompatible pointer type 'const char (*)[51]' [-Wincompatible-pointer-types]
  164 |     { &gKokiriPunchingAnim, 1.0f, 0.0f, -1.0f, ANIMMODE_LOOP, -8.0f },
      |       ^
/home/david/Documents/RockBox_Personal-master/devsrc/nano-soh-runtime/Shipwright/soh/src/overlays/actors/ovl_En_Ko/z_en_ko.c:164:7: note: (near initialization for 'sAnimationInfo[31].animation')
/home/david/Documents/RockBox_Personal-master/devsrc/nano-soh-runtime/Shipwright/soh/src/overlays/actors/ovl_En_Ko/z_en_ko.c:165:7: warning: initialization of 'AnimationHeader *' from incompatible pointer type 'const char (*)[57]' [-Wincompatible-pointer-types]
  165 |     { &gKokiriWipingForeheadAnim, 1.0f, 0.0f, -1.0f, ANIMMODE_LOOP, -8.0f },
      |       ^
/home/david/Documents/RockBox_Personal-master/devsrc/nano-soh-runtime/Shipwright/soh/src/overlays/actors/ovl_En_Ko/z_en_ko.c:165:7: note: (near initialization for 'sAnimationInfo[32].animation')
/home/david/Documents/RockBox_Personal-master/devsrc/nano-soh-runtime/Shipwright/soh/src/overlays/actors/ovl_En_Ko/z_en_ko.c:166:7: warning: initialization of 'AnimationHeader *' from incompatible pointer type 'const char (*)[54]' [-Wincompatible-pointer-types]
  166 |     { &gKokiriLiftingRockAnim, 1.0f, 0.0f, -1.0f, ANIMMODE_LOOP, -8.0f },
      |       ^
/home/david/Documents/RockBox_Personal-master/devsrc/nano-soh-runtime/Shipwright/soh/src/overlays/actors/ovl_En_Ko/z_en_ko.c:166:7: note: (near initialization for 'sAnimationInfo[33].animation')
/home/david/Documents/RockBox_Personal-master/devsrc/nano-soh-runtime/Shipwright/soh/src/overlays/actors/ovl_En_Ko/z_en_ko.c: In function 'EnKo_OverrideLimbDraw':
/home/david/Documents/RockBox_Personal-master/devsrc/nano-soh-runtime/Shipwright/soh/src/overlays/actors/ovl_En_Ko/z_en_ko.c:1315:83: warning: passing argument 3 of 'gSPSegment' makes integer from pointer without a cast [-Wint-conversion]
 1315 |         gSPSegment((*gfx)++, 0x06, play->objectCtx.status[this->headObjectBankIdx].segment);
      |                                    ~~~~~~~~~~~~~~~~~~~~~~~~~~~~~~~~~~~~~~~~~~~~~~~^~~~~~~~
      |                                                                                   |
      |                                                                                   void *
In file included from /home/david/Documents/RockBox_Personal-master/devsrc/nano-soh-runtime/Shipwright/soh/include/global.h:8,
                 from /home/david/Documents/RockBox_Personal-master/devsrc/nano-soh-runtime/Shipwright/soh/src/overlays/actors/ovl_En_Ko/z_en_ko.h:6,
                 from /home/david/Documents/RockBox_Personal-master/devsrc/nano-soh-runtime/Shipwright/soh/src/overlays/actors/ovl_En_Ko/z_en_ko.c:7:
/home/david/Documents/RockBox_Personal-master/devsrc/nano-soh-runtime/Shipwright/soh/include/functions.h:22:52: note: expected 'uintptr_t' {aka 'unsigned int'} but argument is of type 'void *'
   22 | void gSPSegment(void* value, int segNum, uintptr_t target);
      |                                          ~~~~~~~~~~^~~~~~
In file included from /home/david/Documents/RockBox_Personal-master/devsrc/nano-soh-runtime/Shipwright/soh/include/global.h:10:
/home/david/Documents/RockBox_Personal-master/devsrc/nano-soh-runtime/Shipwright/soh/src/overlays/actors/ovl_En_Ko/z_en_ko.c:1322:61: warning: passing argument 3 of 'gSPSegment' makes integer from pointer without a cast [-Wint-conversion]
 1322 |             gSPSegment((*gfx)++, 0x0A, SEGMENTED_TO_VIRTUAL(eyeTexture));
      |                                                             ^~~~~~~~~~
      |                                                             |
      |                                                             void *
/home/david/Documents/RockBox_Personal-master/devsrc/nano-soh-runtime/Shipwright/soh/include/macros.h:37:36: note: in definition of macro 'SEGMENTED_TO_VIRTUAL'
   37 | #define SEGMENTED_TO_VIRTUAL(addr) addr
      |                                    ^~~~
/home/david/Documents/RockBox_Personal-master/devsrc/nano-soh-runtime/Shipwright/soh/include/functions.h:22:52: note: expected 'uintptr_t' {aka 'unsigned int'} but argument is of type 'void *'
   22 | void gSPSegment(void* value, int segNum, uintptr_t target);
      |                                          ~~~~~~~~~~^~~~~~
/home/david/Documents/RockBox_Personal-master/devsrc/nano-soh-runtime/Shipwright/soh/src/overlays/actors/ovl_En_Ko/z_en_ko.c: In function 'EnKo_PostLimbDraw':
/home/david/Documents/RockBox_Personal-master/devsrc/nano-soh-runtime/Shipwright/soh/src/overlays/actors/ovl_En_Ko/z_en_ko.c:1351:83: warning: passing argument 3 of 'gSPSegment' makes integer from pointer without a cast [-Wint-conversion]
 1351 |         gSPSegment((*gfx)++, 0x06, play->objectCtx.status[this->bodyObjectBankIdx].segment);
      |                                    ~~~~~~~~~~~~~~~~~~~~~~~~~~~~~~~~~~~~~~~~~~~~~~~^~~~~~~~
      |                                                                                   |
      |                                                                                   void *
/home/david/Documents/RockBox_Personal-master/devsrc/nano-soh-runtime/Shipwright/soh/include/functions.h:22:52: note: expected 'uintptr_t' {aka 'unsigned int'} but argument is of type 'void *'
   22 | void gSPSegment(void* value, int segNum, uintptr_t target);
      |                                          ~~~~~~~~~~^~~~~~
/home/david/Documents/RockBox_Personal-master/devsrc/nano-soh-runtime/Shipwright/soh/src/overlays/actors/ovl_En_Ko/z_en_ko.c: In function 'EnKo_Draw':
/home/david/Documents/RockBox_Personal-master/devsrc/nano-soh-runtime/Shipwright/soh/src/overlays/actors/ovl_En_Ko/z_en_ko.c:1382:20: warning: passing argument 3 of 'gSPSegment' makes integer from pointer without a cast [-Wint-conversion]
 1382 |                    EnKo_SetEnvColor(play->state.gfxCtx, tunicColor.r, tunicColor.g, tunicColor.b, 255));
      |                    ^~~~~~~~~~~~~~~~~~~~~~~~~~~~~~~~~~~~~~~~~~~~~~~~~~~~~~~~~~~~~~~~~~~~~~~~~~~~~~~~~~~
      |                    |
      |                    Gfx *
/home/david/Documents/RockBox_Personal-master/devsrc/nano-soh-runtime/Shipwright/soh/include/functions.h:22:52: note: expected 'uintptr_t' {aka 'unsigned int'} but argument is of type 'Gfx *'
   22 | void gSPSegment(void* value, int segNum, uintptr_t target);
      |                                          ~~~~~~~~~~^~~~~~
/home/david/Documents/RockBox_Personal-master/devsrc/nano-soh-runtime/Shipwright/soh/src/overlays/actors/ovl_En_Ko/z_en_ko.c:1384:20: warning: passing argument 3 of 'gSPSegment' makes integer from pointer without a cast [-Wint-conversion]
 1384 |                    EnKo_SetEnvColor(play->state.gfxCtx, bootsColor.r, bootsColor.g, bootsColor.b, 255));
      |                    ^~~~~~~~~~~~~~~~~~~~~~~~~~~~~~~~~~~~~~~~~~~~~~~~~~~~~~~~~~~~~~~~~~~~~~~~~~~~~~~~~~~
      |                    |
      |                    Gfx *
/home/david/Documents/RockBox_Personal-master/devsrc/nano-soh-runtime/Shipwright/soh/include/functions.h:22:52: note: expected 'uintptr_t' {aka 'unsigned int'} but argument is of type 'Gfx *'
   22 | void gSPSegment(void* value, int segNum, uintptr_t target);
      |                                          ~~~~~~~~~~^~~~~~
/home/david/Documents/RockBox_Personal-master/devsrc/nano-soh-runtime/Shipwright/soh/src/overlays/actors/ovl_En_Ko/z_en_ko.c:1390:20: warning: passing argument 3 of 'gSPSegment' makes integer from pointer without a cast [-Wint-conversion]
 1390 |                    EnKo_SetEnvColor(play->state.gfxCtx, tunicColor.r, tunicColor.g, tunicColor.b, tunicColor.a));
      |                    ^~~~~~~~~~~~~~~~~~~~~~~~~~~~~~~~~~~~~~~~~~~~~~~~~~~~~~~~~~~~~~~~~~~~~~~~~~~~~~~~~~~~~~~~~~~~
      |                    |
      |                    Gfx *
/home/david/Documents/RockBox_Personal-master/devsrc/nano-soh-runtime/Shipwright/soh/include/functions.h:22:52: note: expected 'uintptr_t' {aka 'unsigned int'} but argument is of type 'Gfx *'
   22 | void gSPSegment(void* value, int segNum, uintptr_t target);
      |                                          ~~~~~~~~~~^~~~~~
/home/david/Documents/RockBox_Personal-master/devsrc/nano-soh-runtime/Shipwright/soh/src/overlays/actors/ovl_En_Ko/z_en_ko.c:1392:20: warning: passing argument 3 of 'gSPSegment' makes integer from pointer without a cast [-Wint-conversion]
 1392 |                    EnKo_SetEnvColor(play->state.gfxCtx, bootsColor.r, bootsColor.g, bootsColor.b, bootsColor.a));
      |                    ^~~~~~~~~~~~~~~~~~~~~~~~~~~~~~~~~~~~~~~~~~~~~~~~~~~~~~~~~~~~~~~~~~~~~~~~~~~~~~~~~~~~~~~~~~~~
      |                    |
      |                    Gfx *
/home/david/Documents/RockBox_Personal-master/devsrc/nano-soh-runtime/Shipwright/soh/include/functions.h:22:52: note: expected 'uintptr_t' {aka 'unsigned int'} but argument is of type 'Gfx *'
   22 | void gSPSegment(void* value, int segNum, uintptr_t target);
      |                                          ~~~~~~~~~~^~~~~~
