started=2026-06-28 01:58:11
mount=/run/media/david/OWNER_S IPO
db=/var/tmp/rockpod-runtime/library.db
ids=7682,7739
source id=7682 title='YouTube' file=/home/david/Videos/YouTube/Oliver Tree & Robin Schulz - Miss You [Official Music Video].mpg old_device_path=Videos/Downloaded/Oliver Tree & Robin Schulz - Miss You [Official Music Video].mpg
source id=7739 title='Who Can Stay Homeless The Longest - Kenny vs Spenny (HD)' file=/home/david/Videos/YouTube/Who Can Stay Homeless The Longest_ - Kenny vs. Spenny (HD).mpg old_device_path=Videos/Downloaded/Who Can Stay Homeless The Longest - Kenny vs Spenny (HD).mpg
started=2026-06-28 02:01:17
mount=/run/media/david/OWNER_S IPO
db=/var/tmp/rockpod-runtime/library.db
ids=7682
source id=7682 title='YouTube' file=/home/david/Videos/YouTube/Oliver Tree & Robin Schulz - Miss You [Official Music Video].mpg old_device_path=None
finished=2026-06-28 02:01:52
copied=1
failed=0
skipped=0
planned_paths=["Videos/Downloaded/Oliver Tree & Robin Schulz - Miss You [Official Music Video].rvp"]
started=2026-06-28 02:02:32
mount=/run/media/david/OWNER_S IPO
db=/var/tmp/rockpod-runtime/library.db
ids=7739
source id=7739 title='Who Can Stay Homeless The Longest - Kenny vs Spenny (HD)' file=/home/david/Videos/YouTube/Who Can Stay Homeless The Longest_ - Kenny vs. Spenny (HD).mpg old_device_path=None
finished=2026-06-28 02:07:32
copied=1
failed=0
skipped=0
planned_paths=["Videos/Downloaded/Who Can Stay Homeless The Longest - Kenny vs Spenny (HD).rvp"]
removed_replaced_paths=[]
started=2026-06-28 08:50:44
mount=/run/media/david/OWNER_S IPO
db=/var/tmp/rockpod-runtime/library.db
ids=7682,7739
source id=7682 title='YouTube' file=/home/david/Videos/YouTube/Oliver Tree & Robin Schulz - Miss You [Official Music Video].mpg old_device_path=Videos/Downloaded/Oliver Tree & Robin Schulz - Miss You [Official Music Video].rvp
source id=7739 title='Who Can Stay Homeless The Longest - Kenny vs Spenny (HD)' file=/home/david/Videos/YouTube/Who Can Stay Homeless The Longest_ - Kenny vs. Spenny (HD).mpg old_device_path=Videos/Downloaded/Who Can Stay Homeless The Longest - Kenny vs Spenny (HD).rvp
finished=2026-06-28 08:52:36
copied=2
failed=0
skipped=0
planned_paths=["Videos/Downloaded/Who Can Stay Homeless The Longest - Kenny vs Spenny (HD).rvp", "Videos/Downloaded/Oliver Tree & Robin Schulz - Miss You [Official Music Video].rvp"]
removed_replaced_paths=[]
started=2026-06-28 15:12:33
mount=/run/media/david/OWNER_S IPO
db=/var/tmp/rockpod-runtime/library.db
ids=7682,7739,8361
source id=7682 title='YouTube' file=/home/david/Videos/YouTube/Oliver Tree & Robin Schulz - Miss You [Official Music Video].mpg old_device_path=Videos/Downloaded/Oliver Tree & Robin Schulz - Miss You [Official Music Video].rvp
source id=7739 title='Who Can Stay Homeless The Longest - Kenny vs Spenny (HD)' file=/home/david/Videos/YouTube/Who Can Stay Homeless The Longest_ - Kenny vs. Spenny (HD).mpg old_device_path=Videos/Downloaded/Who Can Stay Homeless The Longest - Kenny vs Spenny (HD).rvp
source id=8361 title="Disney's Recess - Lord Of the Nerds" file=/home/david/Videos/YouTube/Disney's Recess - Lord Of the Nerds.mpg old_device_path=Videos/Downloaded/Disney's Recess - Lord Of the Nerds.rvp
finished=2026-06-28 15:16:43
copied=3
failed=0
skipped=0
planned_paths=["Videos/Downloaded/Who Can Stay Homeless The Longest - Kenny vs Spenny (HD).rvp", "Videos/Downloaded/Oliver Tree & Robin Schulz - Miss You [Official Music Video].rvp", "Videos/Downloaded/Disney's Recess - Lord Of the Nerds.rvp"]
removed_replaced_paths=[]
started=2026-06-28 15:22:14
mount=/run/media/david/OWNER_S IPO
db=/var/tmp/rockpod-runtime/library.db
ids=8361
source id=8361 title="Disney's Recess - Lord Of the Nerds" file=/home/david/Videos/YouTube/Disney's Recess - Lord Of the Nerds.mpg old_device_path=Videos/Downloaded/Disney's Recess - Lord Of the Nerds.rvp
finished=2026-06-28 15:24:20
copied=1
failed=0
skipped=0
planned_paths=["Videos/Downloaded/Disney's Recess - Lord Of the Nerds.rvp"]
removed_replaced_paths=[]
started=2026-06-28 15:33:52
mount=/run/media/david/OWNER_S IPO
db=/var/tmp/rockpod-runtime/library.db
ids=7739,8361
source id=7739 title='Who Can Stay Homeless the Longest?' file=/home/david/Videos/YouTube/Who Can Stay Homeless The Longest_ - Kenny vs. Spenny (HD).mpg old_device_path=Videos/Downloaded/Who Can Stay Homeless The Longest - Kenny vs Spenny (HD).rvp
source id=8361 title='Lord of the Nerds' file=/home/david/Videos/YouTube/Disney's Recess - Lord Of the Nerds.mpg old_device_path=Videos/Downloaded/Disney's Recess - Lord Of the Nerds.rvp
finished=2026-06-28 15:37:14
copied=2
failed=0
skipped=0
planned_paths=["Videos/TV Shows/Kenny vs. Spenny/Season 01/S01E22 - Who Can Stay Homeless the Longest_.rvp", "Videos/TV Shows/Recess/Season 03/S03E37 - Lord of the Nerds.rvp"]
removed_replaced_paths=[]
started=2026-06-28 15:37:49
mount=/run/media/david/OWNER_S IPO
db=/var/tmp/rockpod-runtime/library.db
ids=7739
source id=7739 title='Who Can Stay Homeless the Longest?' file=/home/david/Videos/YouTube/Who Can Stay Homeless The Longest_ - Kenny vs. Spenny (HD).mpg old_device_path=Videos/TV Shows/Kenny vs. Spenny/Season 01/S01E22 - Who Can Stay Homeless the Longest_.rvp
finished=2026-06-28 15:39:05
copied=1
failed=0
skipped=0
planned_paths=["Videos/TV Shows/Kenny vs. Spenny/Season 01/S01E22 - Who Can Stay Homeless the Longest.rvp"]
removed_replaced_paths=[]
