/home/david/Documents/RockBox_Personal-master/devsrc/nano-soh-runtime/Shipwright/soh/src/overlays/actors/ovl_Bg_Jya_Cobra/z_bg_jya_cobra.c: In function 'BgJyaCobra_Init':
/home/david/Documents/RockBox_Personal-master/devsrc/nano-soh-runtime/Shipwright/soh/src/overlays/actors/ovl_Bg_Jya_Cobra/z_bg_jya_cobra.c:403:41: warning: passing argument 3 of 'BgJyaCobra_InitDynapoly' from incompatible pointer type [-Wincompatible-pointer-types]
  403 |     BgJyaCobra_InitDynapoly(this, play, &gCobraCol, DPM_UNK);
      |                                         ^~~~~~~~~~
      |                                         |
      |                                         const char (*)[40]
/home/david/Documents/RockBox_Personal-master/devsrc/nano-soh-runtime/Shipwright/soh/src/overlays/actors/ovl_Bg_Jya_Cobra/z_bg_jya_cobra.c:122:82: note: expected 'CollisionHeader *' but argument is of type 'const char (*)[40]'
  122 | void BgJyaCobra_InitDynapoly(BgJyaCobra* this, PlayState* play, CollisionHeader* collision, s32 flags) {
      |                                                                 ~~~~~~~~~~~~~~~~~^~~~~~~~~
/home/david/Documents/RockBox_Personal-master/devsrc/nano-soh-runtime/Shipwright/soh/src/overlays/actors/ovl_Bg_Jya_Cobra/z_bg_jya_cobra.c: In function 'func_80896CB4':
/home/david/Documents/RockBox_Personal-master/devsrc/nano-soh-runtime/Shipwright/soh/src/overlays/actors/ovl_Bg_Jya_Cobra/z_bg_jya_cobra.c:536:37: warning: passing argument 2 of 'gSPDisplayList' from incompatible pointer type [-Wincompatible-pointer-types]
  536 |     gSPDisplayList(POLY_XLU_DISP++, gCobra2DL);
      |                                     ^~~~~~~~~
      |                                     |
      |                                     const char *
In file included from /home/david/Documents/RockBox_Personal-master/devsrc/nano-soh-runtime/Shipwright/soh/include/global.h:8,
                 from /home/david/Documents/RockBox_Personal-master/devsrc/nano-soh-runtime/Shipwright/soh/src/overlays/actors/ovl_Bg_Jya_Cobra/z_bg_jya_cobra.h:5,
                 from /home/david/Documents/RockBox_Personal-master/devsrc/nano-soh-runtime/Shipwright/soh/src/overlays/actors/ovl_Bg_Jya_Cobra/z_bg_jya_cobra.c:1:
/home/david/Documents/RockBox_Personal-master/devsrc/nano-soh-runtime/Shipwright/soh/include/functions.h:24:36: note: expected 'Gfx *' but argument is of type 'const char *'
   24 | void gSPDisplayList(Gfx* pkt, Gfx* dl);
      |                               ~~~~~^~
/home/david/Documents/RockBox_Personal-master/devsrc/nano-soh-runtime/Shipwright/soh/src/overlays/actors/ovl_Bg_Jya_Cobra/z_bg_jya_cobra.c: In function 'func_80896D78':
/home/david/Documents/RockBox_Personal-master/devsrc/nano-soh-runtime/Shipwright/soh/src/overlays/actors/ovl_Bg_Jya_Cobra/z_bg_jya_cobra.c:556:37: warning: passing argument 2 of 'gSPDisplayList' from incompatible pointer type [-Wincompatible-pointer-types]
  556 |     gSPDisplayList(POLY_XLU_DISP++, gCobra3DL);
      |                                     ^~~~~~~~~
      |                                     |
      |                                     const char *
/home/david/Documents/RockBox_Personal-master/devsrc/nano-soh-runtime/Shipwright/soh/include/functions.h:24:36: note: expected 'Gfx *' but argument is of type 'const char *'
   24 | void gSPDisplayList(Gfx* pkt, Gfx* dl);
      |                               ~~~~~^~
/home/david/Documents/RockBox_Personal-master/devsrc/nano-soh-runtime/Shipwright/soh/src/overlays/actors/ovl_Bg_Jya_Cobra/z_bg_jya_cobra.c: In function 'BgJyaCobra_DrawShadow':
/home/david/Documents/RockBox_Personal-master/devsrc/nano-soh-runtime/Shipwright/soh/src/overlays/actors/ovl_Bg_Jya_Cobra/z_bg_jya_cobra.h:14:36: warning: passing argument 2 of 'gSPInvalidateTexCache' makes integer from pointer without a cast [-Wint-conversion]
   14 | #define COBRA_SHADOW_TEX_PTR(this) (u8*)ALIGN16((uintptr_t)&(this)->shadowTextureBuffer)
/home/david/Documents/RockBox_Personal-master/devsrc/nano-soh-runtime/Shipwright/soh/src/overlays/actors/ovl_Bg_Jya_Cobra/z_bg_jya_cobra.c:588:48: note: in expansion of macro 'COBRA_SHADOW_TEX_PTR'
  588 |         gSPInvalidateTexCache(POLY_XLU_DISP++, COBRA_SHADOW_TEX_PTR(this));
      |                                                ^~~~~~~~~~~~~~~~~~~~
/home/david/Documents/RockBox_Personal-master/devsrc/nano-soh-runtime/Shipwright/soh/include/functions.h:30:48: note: expected 'uintptr_t' {aka 'unsigned int'} but argument is of type 'u8 *' {aka 'unsigned char *'}
   30 | void gSPInvalidateTexCache(Gfx* pkt, uintptr_t texAddr);
      |                                      ~~~~~~~~~~^~~~~~~
/home/david/Documents/RockBox_Personal-master/devsrc/nano-soh-runtime/Shipwright/soh/src/overlays/actors/ovl_Bg_Jya_Cobra/z_bg_jya_cobra.c:603:37: warning: passing argument 2 of 'gSPDisplayList' from incompatible pointer type [-Wincompatible-pointer-types]
  603 |     gSPDisplayList(POLY_XLU_DISP++, sShadowDL);
      |                                     ^~~~~~~~~
      |                                     |
      |                                     const char *
/home/david/Documents/RockBox_Personal-master/devsrc/nano-soh-runtime/Shipwright/soh/include/functions.h:24:36: note: expected 'Gfx *' but argument is of type 'const char *'
   24 | void gSPDisplayList(Gfx* pkt, Gfx* dl);
      |                               ~~~~~^~
/home/david/Documents/RockBox_Personal-master/devsrc/nano-soh-runtime/Shipwright/soh/src/overlays/actors/ovl_Bg_Jya_Cobra/z_bg_jya_cobra.c: In function 'BgJyaCobra_Draw':
/home/david/Documents/RockBox_Personal-master/devsrc/nano-soh-runtime/Shipwright/soh/src/overlays/actors/ovl_Bg_Jya_Cobra/z_bg_jya_cobra.c:612:28: warning: passing argument 2 of 'Gfx_DrawDListOpa' from incompatible pointer type [-Wincompatible-pointer-types]
  612 |     Gfx_DrawDListOpa(play, gCobra1DL);
      |                            ^~~~~~~~~
      |                            |
      |                            const char *
/home/david/Documents/RockBox_Personal-master/devsrc/nano-soh-runtime/Shipwright/soh/include/functions.h:546:45: note: expected 'Gfx *' but argument is of type 'const char *'
  546 | void Gfx_DrawDListOpa(PlayState* play, Gfx* dlist);
      |                                        ~~~~~^~~~~
