/home/david/Documents/RockBox_Personal-master/devsrc/nano-soh-runtime/Shipwright/soh/src/overlays/actors/ovl_En_Sa/z_en_sa.c:93:7: warning: initialization of 'AnimationHeader *' from incompatible pointer type 'const char (*)[50]' [-Wincompatible-pointer-types]
   93 |     { &gSariaWaitArmsToSideAnim, 1.0f, ANIMMODE_LOOP, 0.0f },
      |       ^
/home/david/Documents/RockBox_Personal-master/devsrc/nano-soh-runtime/Shipwright/soh/src/overlays/actors/ovl_En_Sa/z_en_sa.c:93:7: note: (near initialization for 'sAnimationInfo1[0].animation')
/home/david/Documents/RockBox_Personal-master/devsrc/nano-soh-runtime/Shipwright/soh/src/overlays/actors/ovl_En_Sa/z_en_sa.c:94:7: warning: initialization of 'AnimationHeader *' from incompatible pointer type 'const char (*)[53]' [-Wincompatible-pointer-types]
   94 |     { &gSariaLookUpArmExtendedAnim, 1.0f, ANIMMODE_ONCE, -10.0f },
      |       ^
/home/david/Documents/RockBox_Personal-master/devsrc/nano-soh-runtime/Shipwright/soh/src/overlays/actors/ovl_En_Sa/z_en_sa.c:94:7: note: (near initialization for 'sAnimationInfo1[1].animation')
/home/david/Documents/RockBox_Personal-master/devsrc/nano-soh-runtime/Shipwright/soh/src/overlays/actors/ovl_En_Sa/z_en_sa.c:95:7: warning: initialization of 'AnimationHeader *' from incompatible pointer type 'const char (*)[40]' [-Wincompatible-pointer-types]
   95 |     { &gSariaWaveAnim, 1.0f, ANIMMODE_LOOP, -10.0f },
      |       ^
/home/david/Documents/RockBox_Personal-master/devsrc/nano-soh-runtime/Shipwright/soh/src/overlays/actors/ovl_En_Sa/z_en_sa.c:95:7: note: (near initialization for 'sAnimationInfo1[2].animation')
/home/david/Documents/RockBox_Personal-master/devsrc/nano-soh-runtime/Shipwright/soh/src/overlays/actors/ovl_En_Sa/z_en_sa.c:96:7: warning: initialization of 'AnimationHeader *' from incompatible pointer type 'const char (*)[39]' [-Wincompatible-pointer-types]
   96 |     { &gSariaRunAnim, 1.0f, ANIMMODE_LOOP, -10.0f },
      |       ^
/home/david/Documents/RockBox_Personal-master/devsrc/nano-soh-runtime/Shipwright/soh/src/overlays/actors/ovl_En_Sa/z_en_sa.c:96:7: note: (near initialization for 'sAnimationInfo1[3].animation')
/home/david/Documents/RockBox_Personal-master/devsrc/nano-soh-runtime/Shipwright/soh/src/overlays/actors/ovl_En_Sa/z_en_sa.c:97:7: warning: initialization of 'AnimationHeader *' from incompatible pointer type 'const char (*)[50]' [-Wincompatible-pointer-types]
   97 |     { &gSariaWaitArmsToSideAnim, 1.0f, ANIMMODE_LOOP, -10.0f },
      |       ^
/home/david/Documents/RockBox_Personal-master/devsrc/nano-soh-runtime/Shipwright/soh/src/overlays/actors/ovl_En_Sa/z_en_sa.c:97:7: note: (near initialization for 'sAnimationInfo1[4].animation')
/home/david/Documents/RockBox_Personal-master/devsrc/nano-soh-runtime/Shipwright/soh/src/overlays/actors/ovl_En_Sa/z_en_sa.c:98:7: warning: initialization of 'AnimationHeader *' from incompatible pointer type 'const char (*)[52]' [-Wincompatible-pointer-types]
   98 |     { &gSariaLookOverShoulderAnim, 1.0f, ANIMMODE_LOOP, -10.0f },
      |       ^
/home/david/Documents/RockBox_Personal-master/devsrc/nano-soh-runtime/Shipwright/soh/src/overlays/actors/ovl_En_Sa/z_en_sa.c:98:7: note: (near initialization for 'sAnimationInfo1[5].animation')
/home/david/Documents/RockBox_Personal-master/devsrc/nano-soh-runtime/Shipwright/soh/src/overlays/actors/ovl_En_Sa/z_en_sa.c:99:7: warning: initialization of 'AnimationHeader *' from incompatible pointer type 'const char (*)[50]' [-Wincompatible-pointer-types]
   99 |     { &gSariaPlayingOcarinaAnim, 1.0f, ANIMMODE_LOOP, -10.0f },
      |       ^
/home/david/Documents/RockBox_Personal-master/devsrc/nano-soh-runtime/Shipwright/soh/src/overlays/actors/ovl_En_Sa/z_en_sa.c:99:7: note: (near initialization for 'sAnimationInfo1[6].animation')
/home/david/Documents/RockBox_Personal-master/devsrc/nano-soh-runtime/Shipwright/soh/src/overlays/actors/ovl_En_Sa/z_en_sa.c:100:7: warning: initialization of 'AnimationHeader *' from incompatible pointer type 'const char (*)[54]' [-Wincompatible-pointer-types]
  100 |     { &gSariaStopPlayingOcarinaAnim, 1.0f, ANIMMODE_ONCE, -10.0f },
      |       ^
/home/david/Documents/RockBox_Personal-master/devsrc/nano-soh-runtime/Shipwright/soh/src/overlays/actors/ovl_En_Sa/z_en_sa.c:100:7: note: (near initialization for 'sAnimationInfo1[7].animation')
/home/david/Documents/RockBox_Personal-master/devsrc/nano-soh-runtime/Shipwright/soh/src/overlays/actors/ovl_En_Sa/z_en_sa.c:101:7: warning: initialization of 'AnimationHeader *' from incompatible pointer type 'const char (*)[50]' [-Wincompatible-pointer-types]
  101 |     { &gSariaOcarinaToMouthAnim, 1.0f, ANIMMODE_ONCE, -10.0f },
      |       ^
/home/david/Documents/RockBox_Personal-master/devsrc/nano-soh-runtime/Shipwright/soh/src/overlays/actors/ovl_En_Sa/z_en_sa.c:101:7: note: (near initialization for 'sAnimationInfo1[8].animation')
/home/david/Documents/RockBox_Personal-master/devsrc/nano-soh-runtime/Shipwright/soh/src/overlays/actors/ovl_En_Sa/z_en_sa.c:102:7: warning: initialization of 'AnimationHeader *' from incompatible pointer type 'const char (*)[57]' [-Wincompatible-pointer-types]
  102 |     { &gSariaLinkLearnedSariasSongAnim, 1.0f, ANIMMODE_ONCE, -10.0f },
      |       ^
/home/david/Documents/RockBox_Personal-master/devsrc/nano-soh-runtime/Shipwright/soh/src/overlays/actors/ovl_En_Sa/z_en_sa.c:102:7: note: (near initialization for 'sAnimationInfo1[9].animation')
/home/david/Documents/RockBox_Personal-master/devsrc/nano-soh-runtime/Shipwright/soh/src/overlays/actors/ovl_En_Sa/z_en_sa.c:103:7: warning: initialization of 'AnimationHeader *' from incompatible pointer type 'const char (*)[51]' [-Wincompatible-pointer-types]
  103 |     { &gSariaReturnToOcarinaAnim, 1.0f, ANIMMODE_ONCE, -10.0f },
      |       ^
/home/david/Documents/RockBox_Personal-master/devsrc/nano-soh-runtime/Shipwright/soh/src/overlays/actors/ovl_En_Sa/z_en_sa.c:103:7: note: (near initialization for 'sAnimationInfo1[10].animation')
/home/david/Documents/RockBox_Personal-master/devsrc/nano-soh-runtime/Shipwright/soh/src/overlays/actors/ovl_En_Sa/z_en_sa.c:104:7: warning: initialization of 'AnimationHeader *' from incompatible pointer type 'const char (*)[50]' [-Wincompatible-pointer-types]
  104 |     { &gSariaPlayingOcarinaAnim, 1.0f, ANIMMODE_LOOP, 0.0f },
      |       ^
/home/david/Documents/RockBox_Personal-master/devsrc/nano-soh-runtime/Shipwright/soh/src/overlays/actors/ovl_En_Sa/z_en_sa.c:104:7: note: (near initialization for 'sAnimationInfo1[11].animation')
/home/david/Documents/RockBox_Personal-master/devsrc/nano-soh-runtime/Shipwright/soh/src/overlays/actors/ovl_En_Sa/z_en_sa.c:121:7: warning: initialization of 'AnimationHeader *' from incompatible pointer type 'const char (*)[68]' [-Wincompatible-pointer-types]
  121 |     { &gSariaTransitionHandsSideToChestToSideAnim, 1.0f, 0.0f, -1.0f, ANIMMODE_ONCE, -1.0f },
      |       ^
/home/david/Documents/RockBox_Personal-master/devsrc/nano-soh-runtime/Shipwright/soh/src/overlays/actors/ovl_En_Sa/z_en_sa.c:121:7: note: (near initialization for 'sAnimationInfo2[0].animation')
/home/david/Documents/RockBox_Personal-master/devsrc/nano-soh-runtime/Shipwright/soh/src/overlays/actors/ovl_En_Sa/z_en_sa.c:122:7: warning: initialization of 'AnimationHeader *' from incompatible pointer type 'const char (*)[61]' [-Wincompatible-pointer-types]
  122 |     { &gSariaTransitionHandsSideToBackAnim, 1.0f, 0.0f, -1.0f, ANIMMODE_LOOP, -4.0f },
      |       ^
/home/david/Documents/RockBox_Personal-master/devsrc/nano-soh-runtime/Shipwright/soh/src/overlays/actors/ovl_En_Sa/z_en_sa.c:122:7: note: (near initialization for 'sAnimationInfo2[1].animation')
/home/david/Documents/RockBox_Personal-master/devsrc/nano-soh-runtime/Shipwright/soh/src/overlays/actors/ovl_En_Sa/z_en_sa.c:123:7: warning: initialization of 'AnimationHeader *' from incompatible pointer type 'const char (*)[56]' [-Wincompatible-pointer-types]
  123 |     { &gSariaRightArmExtendedWaitAnim, 1.0f, 0.0f, -1.0f, ANIMMODE_LOOP, -1.0f },
      |       ^
/home/david/Documents/RockBox_Personal-master/devsrc/nano-soh-runtime/Shipwright/soh/src/overlays/actors/ovl_En_Sa/z_en_sa.c:123:7: note: (near initialization for 'sAnimationInfo2[2].animation')
/home/david/Documents/RockBox_Personal-master/devsrc/nano-soh-runtime/Shipwright/soh/src/overlays/actors/ovl_En_Sa/z_en_sa.c:124:7: warning: initialization of 'AnimationHeader *' from incompatible pointer type 'const char (*)[44]' [-Wincompatible-pointer-types]
  124 |     { &gSariaHandsOutAnim, 1.0f, 0.0f, -1.0f, ANIMMODE_ONCE, -1.0f },
      |       ^
/home/david/Documents/RockBox_Personal-master/devsrc/nano-soh-runtime/Shipwright/soh/src/overlays/actors/ovl_En_Sa/z_en_sa.c:124:7: note: (near initialization for 'sAnimationInfo2[3].animation')
/home/david/Documents/RockBox_Personal-master/devsrc/nano-soh-runtime/Shipwright/soh/src/overlays/actors/ovl_En_Sa/z_en_sa.c:125:7: warning: initialization of 'AnimationHeader *' from incompatible pointer type 'const char (*)[52]' [-Wincompatible-pointer-types]
  125 |     { &gSariaStandHandsOnHipsAnim, 1.0f, 0.0f, -1.0f, ANIMMODE_LOOP, -1.0f },
      |       ^
/home/david/Documents/RockBox_Personal-master/devsrc/nano-soh-runtime/Shipwright/soh/src/overlays/actors/ovl_En_Sa/z_en_sa.c:125:7: note: (near initialization for 'sAnimationInfo2[4].animation')
/home/david/Documents/RockBox_Personal-master/devsrc/nano-soh-runtime/Shipwright/soh/src/overlays/actors/ovl_En_Sa/z_en_sa.c:126:7: warning: initialization of 'AnimationHeader *' from incompatible pointer type 'const char (*)[50]' [-Wincompatible-pointer-types]
  126 |     { &gSariaExtendRightArmAnim, 1.0f, 0.0f, -1.0f, ANIMMODE_ONCE, -1.0f },
      |       ^
/home/david/Documents/RockBox_Personal-master/devsrc/nano-soh-runtime/Shipwright/soh/src/overlays/actors/ovl_En_Sa/z_en_sa.c:126:7: note: (near initialization for 'sAnimationInfo2[5].animation')
/home/david/Documents/RockBox_Personal-master/devsrc/nano-soh-runtime/Shipwright/soh/src/overlays/actors/ovl_En_Sa/z_en_sa.c:127:7: warning: initialization of 'AnimationHeader *' from incompatible pointer type 'const char (*)[61]' [-Wincompatible-pointer-types]
  127 |     { &gSariaTransitionHandsSideToHipsAnim, 1.0f, 0.0f, -1.0f, ANIMMODE_LOOP, -1.0f },
      |       ^
/home/david/Documents/RockBox_Personal-master/devsrc/nano-soh-runtime/Shipwright/soh/src/overlays/actors/ovl_En_Sa/z_en_sa.c:127:7: note: (near initialization for 'sAnimationInfo2[6].animation')
/home/david/Documents/RockBox_Personal-master/devsrc/nano-soh-runtime/Shipwright/soh/src/overlays/actors/ovl_En_Sa/z_en_sa.c:128:7: warning: initialization of 'AnimationHeader *' from incompatible pointer type 'const char (*)[55]' [-Wincompatible-pointer-types]
  128 |     { &gSariaHandsBehindBackWaitAnim, 1.0f, 0.0f, -1.0f, ANIMMODE_LOOP, -1.0f },
      |       ^
/home/david/Documents/RockBox_Personal-master/devsrc/nano-soh-runtime/Shipwright/soh/src/overlays/actors/ovl_En_Sa/z_en_sa.c:128:7: note: (near initialization for 'sAnimationInfo2[7].animation')
/home/david/Documents/RockBox_Personal-master/devsrc/nano-soh-runtime/Shipwright/soh/src/overlays/actors/ovl_En_Sa/z_en_sa.c:129:7: warning: initialization of 'AnimationHeader *' from incompatible pointer type 'const char (*)[47]' [-Wincompatible-pointer-types]
  129 |     { &gSariaHandsOnFaceAnim, 1.0f, 0.0f, -1.0f, ANIMMODE_ONCE, -1.0f },
      |       ^
/home/david/Documents/RockBox_Personal-master/devsrc/nano-soh-runtime/Shipwright/soh/src/overlays/actors/ovl_En_Sa/z_en_sa.c:129:7: note: (near initialization for 'sAnimationInfo2[8].animation')
/home/david/Documents/RockBox_Personal-master/devsrc/nano-soh-runtime/Shipwright/soh/src/overlays/actors/ovl_En_Sa/z_en_sa.c:130:7: warning: initialization of 'AnimationHeader *' from incompatible pointer type 'const char (*)[50]' [-Wincompatible-pointer-types]
  130 |     { &gSariaWaitArmsToSideAnim, 1.0f, 0.0f, -1.0f, ANIMMODE_LOOP, -8.0f },
      |       ^
/home/david/Documents/RockBox_Personal-master/devsrc/nano-soh-runtime/Shipwright/soh/src/overlays/actors/ovl_En_Sa/z_en_sa.c:130:7: note: (near initialization for 'sAnimationInfo2[9].animation')
/home/david/Documents/RockBox_Personal-master/devsrc/nano-soh-runtime/Shipwright/soh/src/overlays/actors/ovl_En_Sa/z_en_sa.c: In function 'EnSa_Init':
/home/david/Documents/RockBox_Personal-master/devsrc/nano-soh-runtime/Shipwright/soh/src/overlays/actors/ovl_En_Sa/z_en_sa.c:488:48: warning: passing argument 3 of 'SkelAnime_InitFlex' from incompatible pointer type [-Wincompatible-pointer-types]
  488 |     SkelAnime_InitFlex(play, &this->skelAnime, &gSariaSkel, NULL, this->jointTable, this->morphTable, 17);
      |                                                ^~~~~~~~~~~
      |                                                |
      |                                                const char (*)[36]
In file included from /home/david/Documents/RockBox_Personal-master/devsrc/nano-soh-runtime/Shipwright/soh/include/global.h:8,
                 from /home/david/Documents/RockBox_Personal-master/devsrc/nano-soh-runtime/Shipwright/soh/src/overlays/actors/ovl_En_Sa/z_en_sa.h:5,
                 from /home/david/Documents/RockBox_Personal-master/devsrc/nano-soh-runtime/Shipwright/soh/src/overlays/actors/ovl_En_Sa/z_en_sa.c:1:
/home/david/Documents/RockBox_Personal-master/devsrc/nano-soh-runtime/Shipwright/soh/include/functions.h:1329:83: note: expected 'FlexSkeletonHeader *' but argument is of type 'const char (*)[36]'
 1329 | s32 SkelAnime_InitFlex(PlayState* play, SkelAnime* skelAnime, FlexSkeletonHeader* skeletonHeaderSeg,
      |                                                               ~~~~~~~~~~~~~~~~~~~~^~~~~~~~~~~~~~~~~
/home/david/Documents/RockBox_Personal-master/devsrc/nano-soh-runtime/Shipwright/soh/src/overlays/actors/ovl_En_Sa/z_en_sa.c:510:33: warning: assignment discards 'const' qualifier from pointer target type [-Wdiscarded-qualifiers]
  510 |             play->csCtx.segment = SEGMENTED_TO_VIRTUAL(gSpot04Cs_10E20);
      |                                 ^
/home/david/Documents/RockBox_Personal-master/devsrc/nano-soh-runtime/Shipwright/soh/src/overlays/actors/ovl_En_Sa/z_en_sa.c: In function 'func_80AF6448':
/home/david/Documents/RockBox_Personal-master/devsrc/nano-soh-runtime/Shipwright/soh/src/overlays/actors/ovl_En_Sa/z_en_sa.c:614:44: warning: passing argument 2 of 'Animation_Change' from incompatible pointer type [-Wincompatible-pointer-types]
  614 |         Animation_Change(&this->skelAnime, &gSariaStopPlayingOcarinaAnim, 1.0f, 0.0f, 10.0f, ANIMMODE_ONCE, -10.0f);
      |                                            ^~~~~~~~~~~~~~~~~~~~~~~~~~~~~
      |                                            |
      |                                            const char (*)[54]
/home/david/Documents/RockBox_Personal-master/devsrc/nano-soh-runtime/Shipwright/soh/include/functions.h:1336:62: note: expected 'AnimationHeader *' but argument is of type 'const char (*)[54]'
 1336 | void Animation_Change(SkelAnime* skelAnime, AnimationHeader* animation, f32 playSpeed, f32 startFrame, f32 endFrame,
      |                                             ~~~~~~~~~~~~~~~~~^~~~~~~~~
/home/david/Documents/RockBox_Personal-master/devsrc/nano-soh-runtime/Shipwright/soh/src/overlays/actors/ovl_En_Sa/z_en_sa.c: In function 'func_80AF67D0':
/home/david/Documents/RockBox_Personal-master/devsrc/nano-soh-runtime/Shipwright/soh/src/overlays/actors/ovl_En_Sa/z_en_sa.c:621:44: warning: passing argument 2 of 'Animation_Change' from incompatible pointer type [-Wincompatible-pointer-types]
  621 |         Animation_Change(&this->skelAnime, &gSariaStopPlayingOcarinaAnim, 0.0f, 10.0f, 0.0f, ANIMMODE_ONCE, -10.0f);
      |                                            ^~~~~~~~~~~~~~~~~~~~~~~~~~~~~
      |                                            |
      |                                            const char (*)[54]
/home/david/Documents/RockBox_Personal-master/devsrc/nano-soh-runtime/Shipwright/soh/include/functions.h:1336:62: note: expected 'AnimationHeader *' but argument is of type 'const char (*)[54]'
 1336 | void Animation_Change(SkelAnime* skelAnime, AnimationHeader* animation, f32 playSpeed, f32 startFrame, f32 endFrame,
      |                                             ~~~~~~~~~~~~~~~~~^~~~~~~~~
/home/david/Documents/RockBox_Personal-master/devsrc/nano-soh-runtime/Shipwright/soh/src/overlays/actors/ovl_En_Sa/z_en_sa.c: In function 'func_80AF683C':
/home/david/Documents/RockBox_Personal-master/devsrc/nano-soh-runtime/Shipwright/soh/src/overlays/actors/ovl_En_Sa/z_en_sa.c:634:33: warning: assignment discards 'const' qualifier from pointer target type [-Wdiscarded-qualifiers]
  634 |             play->csCtx.segment = SEGMENTED_TO_VIRTUAL(spot05_scene_Cs_005730);
      |                                 ^
/home/david/Documents/RockBox_Personal-master/devsrc/nano-soh-runtime/Shipwright/soh/src/overlays/actors/ovl_En_Sa/z_en_sa.c: In function 'EnSa_Update':
/home/david/Documents/RockBox_Personal-master/devsrc/nano-soh-runtime/Shipwright/soh/src/overlays/actors/ovl_En_Sa/z_en_sa.c:741:60: warning: passing argument 1 of 'Animation_GetLastFrame' discards 'const' qualifier from pointer target type [-Wdiscarded-array-qualifiers]
  741 |         this->skelAnime.curFrame >= Animation_GetLastFrame(&gSariaOcarinaToMouthAnim)) {
      |                                                            ^~~~~~~~~~~~~~~~~~~~~~~~~
/home/david/Documents/RockBox_Personal-master/devsrc/nano-soh-runtime/Shipwright/soh/include/functions.h:1278:34: note: expected 'void *' but argument is of type 'const char (*)[50]'
 1278 | s16 Animation_GetLastFrame(void* animation);
      |                            ~~~~~~^~~~~~~~~
/home/david/Documents/RockBox_Personal-master/devsrc/nano-soh-runtime/Shipwright/soh/src/overlays/actors/ovl_En_Sa/z_en_sa.c: In function 'EnSa_OverrideLimbDraw':
/home/david/Documents/RockBox_Personal-master/devsrc/nano-soh-runtime/Shipwright/soh/src/overlays/actors/ovl_En_Sa/z_en_sa.c:791:16: warning: assignment to 'Gfx *' from incompatible pointer type 'const char *' [-Wincompatible-pointer-types]
  791 |         *dList = gSariaRightHandAndOcarinaDL;
      |                ^
/home/david/Documents/RockBox_Personal-master/devsrc/nano-soh-runtime/Shipwright/soh/src/overlays/actors/ovl_En_Sa/z_en_sa.c: In function 'EnSa_Draw':
/home/david/Documents/RockBox_Personal-master/devsrc/nano-soh-runtime/Shipwright/soh/src/overlays/actors/ovl_En_Sa/z_en_sa.c:808:9: warning: initialization discards 'const' qualifier from pointer target type [-Wdiscarded-qualifiers]
  808 |         gSariaMouthClosed2Tex,  gSariaMouthSmilingOpenTex, gSariaMouthFrowningTex,
      |         ^~~~~~~~~~~~~~~~~~~~~
/home/david/Documents/RockBox_Personal-master/devsrc/nano-soh-runtime/Shipwright/soh/src/overlays/actors/ovl_En_Sa/z_en_sa.c:808:33: warning: initialization discards 'const' qualifier from pointer target type [-Wdiscarded-qualifiers]
  808 |         gSariaMouthClosed2Tex,  gSariaMouthSmilingOpenTex, gSariaMouthFrowningTex,
      |                                 ^~~~~~~~~~~~~~~~~~~~~~~~~
/home/david/Documents/RockBox_Personal-master/devsrc/nano-soh-runtime/Shipwright/soh/src/overlays/actors/ovl_En_Sa/z_en_sa.c:808:60: warning: initialization discards 'const' qualifier from pointer target type [-Wdiscarded-qualifiers]
  808 |         gSariaMouthClosed2Tex,  gSariaMouthSmilingOpenTex, gSariaMouthFrowningTex,
      |                                                            ^~~~~~~~~~~~~~~~~~~~~~
/home/david/Documents/RockBox_Personal-master/devsrc/nano-soh-runtime/Shipwright/soh/src/overlays/actors/ovl_En_Sa/z_en_sa.c:809:9: warning: initialization discards 'const' qualifier from pointer target type [-Wdiscarded-qualifiers]
  809 |         gSariaMouthSuprisedTex, gSariaMouthClosedTex,
      |         ^~~~~~~~~~~~~~~~~~~~~~
/home/david/Documents/RockBox_Personal-master/devsrc/nano-soh-runtime/Shipwright/soh/src/overlays/actors/ovl_En_Sa/z_en_sa.c:809:33: warning: initialization discards 'const' qualifier from pointer target type [-Wdiscarded-qualifiers]
  809 |         gSariaMouthSuprisedTex, gSariaMouthClosedTex,
      |                                 ^~~~~~~~~~~~~~~~~~~~
/home/david/Documents/RockBox_Personal-master/devsrc/nano-soh-runtime/Shipwright/soh/src/overlays/actors/ovl_En_Sa/z_en_sa.c:812:9: warning: initialization discards 'const' qualifier from pointer target type [-Wdiscarded-qualifiers]
  812 |         gSariaEyeOpenTex, gSariaEyeHalfTex, gSariaEyeClosedTex, gSariaEyeSuprisedTex, gSariaEyeSadTex,
      |         ^~~~~~~~~~~~~~~~
/home/david/Documents/RockBox_Personal-master/devsrc/nano-soh-runtime/Shipwright/soh/src/overlays/actors/ovl_En_Sa/z_en_sa.c:812:27: warning: initialization discards 'const' qualifier from pointer target type [-Wdiscarded-qualifiers]
  812 |         gSariaEyeOpenTex, gSariaEyeHalfTex, gSariaEyeClosedTex, gSariaEyeSuprisedTex, gSariaEyeSadTex,
      |                           ^~~~~~~~~~~~~~~~
/home/david/Documents/RockBox_Personal-master/devsrc/nano-soh-runtime/Shipwright/soh/src/overlays/actors/ovl_En_Sa/z_en_sa.c:812:45: warning: initialization discards 'const' qualifier from pointer target type [-Wdiscarded-qualifiers]
  812 |         gSariaEyeOpenTex, gSariaEyeHalfTex, gSariaEyeClosedTex, gSariaEyeSuprisedTex, gSariaEyeSadTex,
      |                                             ^~~~~~~~~~~~~~~~~~
/home/david/Documents/RockBox_Personal-master/devsrc/nano-soh-runtime/Shipwright/soh/src/overlays/actors/ovl_En_Sa/z_en_sa.c:812:65: warning: initialization discards 'const' qualifier from pointer target type [-Wdiscarded-qualifiers]
  812 |         gSariaEyeOpenTex, gSariaEyeHalfTex, gSariaEyeClosedTex, gSariaEyeSuprisedTex, gSariaEyeSadTex,
      |                                                                 ^~~~~~~~~~~~~~~~~~~~
/home/david/Documents/RockBox_Personal-master/devsrc/nano-soh-runtime/Shipwright/soh/src/overlays/actors/ovl_En_Sa/z_en_sa.c:812:87: warning: initialization discards 'const' qualifier from pointer target type [-Wdiscarded-qualifiers]
  812 |         gSariaEyeOpenTex, gSariaEyeHalfTex, gSariaEyeClosedTex, gSariaEyeSuprisedTex, gSariaEyeSadTex,
      |                                                                                       ^~~~~~~~~~~~~~~
In file included from /home/david/Documents/RockBox_Personal-master/devsrc/nano-soh-runtime/Shipwright/soh/include/global.h:10:
/home/david/Documents/RockBox_Personal-master/devsrc/nano-soh-runtime/Shipwright/soh/src/overlays/actors/ovl_En_Sa/z_en_sa.c:819:75: warning: passing argument 3 of 'gSPSegment' makes integer from pointer without a cast [-Wint-conversion]
  819 |         gSPSegment(POLY_OPA_DISP++, 0x08, SEGMENTED_TO_VIRTUAL(eyeTextures[this->rightEyeIndex]));
      |                                                                ~~~~~~~~~~~^~~~~~~~~~~~~~~~~~~~~
      |                                                                           |
      |                                                                           void *
/home/david/Documents/RockBox_Personal-master/devsrc/nano-soh-runtime/Shipwright/soh/include/macros.h:37:36: note: in definition of macro 'SEGMENTED_TO_VIRTUAL'
   37 | #define SEGMENTED_TO_VIRTUAL(addr) addr
      |                                    ^~~~
/home/david/Documents/RockBox_Personal-master/devsrc/nano-soh-runtime/Shipwright/soh/include/functions.h:22:52: note: expected 'uintptr_t' {aka 'unsigned int'} but argument is of type 'void *'
   22 | void gSPSegment(void* value, int segNum, uintptr_t target);
      |                                          ~~~~~~~~~~^~~~~~
/home/david/Documents/RockBox_Personal-master/devsrc/nano-soh-runtime/Shipwright/soh/src/overlays/actors/ovl_En_Sa/z_en_sa.c:820:75: warning: passing argument 3 of 'gSPSegment' makes integer from pointer without a cast [-Wint-conversion]
  820 |         gSPSegment(POLY_OPA_DISP++, 0x09, SEGMENTED_TO_VIRTUAL(eyeTextures[this->leftEyeIndex]));
      |                                                                ~~~~~~~~~~~^~~~~~~~~~~~~~~~~~~~
      |                                                                           |
      |                                                                           void *
/home/david/Documents/RockBox_Personal-master/devsrc/nano-soh-runtime/Shipwright/soh/include/macros.h:37:36: note: in definition of macro 'SEGMENTED_TO_VIRTUAL'
   37 | #define SEGMENTED_TO_VIRTUAL(addr) addr
      |                                    ^~~~
/home/david/Documents/RockBox_Personal-master/devsrc/nano-soh-runtime/Shipwright/soh/include/functions.h:22:52: note: expected 'uintptr_t' {aka 'unsigned int'} but argument is of type 'void *'
   22 | void gSPSegment(void* value, int segNum, uintptr_t target);
      |                                          ~~~~~~~~~~^~~~~~
/home/david/Documents/RockBox_Personal-master/devsrc/nano-soh-runtime/Shipwright/soh/src/overlays/actors/ovl_En_Sa/z_en_sa.c:821:77: warning: passing argument 3 of 'gSPSegment' makes integer from pointer without a cast [-Wint-conversion]
  821 |         gSPSegment(POLY_OPA_DISP++, 0x0A, SEGMENTED_TO_VIRTUAL(mouthTextures[this->mouthIndex]));
      |                                                                ~~~~~~~~~~~~~^~~~~~~~~~~~~~~~~~
      |                                                                             |
      |                                                                             void *
/home/david/Documents/RockBox_Personal-master/devsrc/nano-soh-runtime/Shipwright/soh/include/macros.h:37:36: note: in definition of macro 'SEGMENTED_TO_VIRTUAL'
   37 | #define SEGMENTED_TO_VIRTUAL(addr) addr
      |                                    ^~~~
/home/david/Documents/RockBox_Personal-master/devsrc/nano-soh-runtime/Shipwright/soh/include/functions.h:22:52: note: expected 'uintptr_t' {aka 'unsigned int'} but argument is of type 'void *'
   22 | void gSPSegment(void* value, int segNum, uintptr_t target);
      |                                          ~~~~~~~~~~^~~~~~
/home/david/Documents/RockBox_Personal-master/devsrc/nano-soh-runtime/Shipwright/soh/src/overlays/actors/ovl_En_Sa/z_en_sa.c:824:75: warning: passing argument 3 of 'gSPSegment' makes integer from pointer without a cast [-Wint-conversion]
  824 |         gSPSegment(POLY_XLU_DISP++, 0x08, SEGMENTED_TO_VIRTUAL(eyeTextures[this->rightEyeIndex]));
      |                                                                ~~~~~~~~~~~^~~~~~~~~~~~~~~~~~~~~
      |                                                                           |
      |                                                                           void *
/home/david/Documents/RockBox_Personal-master/devsrc/nano-soh-runtime/Shipwright/soh/include/macros.h:37:36: note: in definition of macro 'SEGMENTED_TO_VIRTUAL'
   37 | #define SEGMENTED_TO_VIRTUAL(addr) addr
      |                                    ^~~~
/home/david/Documents/RockBox_Personal-master/devsrc/nano-soh-runtime/Shipwright/soh/include/functions.h:22:52: note: expected 'uintptr_t' {aka 'unsigned int'} but argument is of type 'void *'
   22 | void gSPSegment(void* value, int segNum, uintptr_t target);
      |                                          ~~~~~~~~~~^~~~~~
/home/david/Documents/RockBox_Personal-master/devsrc/nano-soh-runtime/Shipwright/soh/src/overlays/actors/ovl_En_Sa/z_en_sa.c:825:75: warning: passing argument 3 of 'gSPSegment' makes integer from pointer without a cast [-Wint-conversion]
  825 |         gSPSegment(POLY_XLU_DISP++, 0x09, SEGMENTED_TO_VIRTUAL(eyeTextures[this->leftEyeIndex]));
      |                                                                ~~~~~~~~~~~^~~~~~~~~~~~~~~~~~~~
      |                                                                           |
      |                                                                           void *
/home/david/Documents/RockBox_Personal-master/devsrc/nano-soh-runtime/Shipwright/soh/include/macros.h:37:36: note: in definition of macro 'SEGMENTED_TO_VIRTUAL'
   37 | #define SEGMENTED_TO_VIRTUAL(addr) addr
      |                                    ^~~~
/home/david/Documents/RockBox_Personal-master/devsrc/nano-soh-runtime/Shipwright/soh/include/functions.h:22:52: note: expected 'uintptr_t' {aka 'unsigned int'} but argument is of type 'void *'
   22 | void gSPSegment(void* value, int segNum, uintptr_t target);
      |                                          ~~~~~~~~~~^~~~~~
/home/david/Documents/RockBox_Personal-master/devsrc/nano-soh-runtime/Shipwright/soh/src/overlays/actors/ovl_En_Sa/z_en_sa.c:826:77: warning: passing argument 3 of 'gSPSegment' makes integer from pointer without a cast [-Wint-conversion]
  826 |         gSPSegment(POLY_XLU_DISP++, 0x0A, SEGMENTED_TO_VIRTUAL(mouthTextures[this->mouthIndex]));
      |                                                                ~~~~~~~~~~~~~^~~~~~~~~~~~~~~~~~
      |                                                                             |
      |                                                                             void *
/home/david/Documents/RockBox_Personal-master/devsrc/nano-soh-runtime/Shipwright/soh/include/macros.h:37:36: note: in definition of macro 'SEGMENTED_TO_VIRTUAL'
   37 | #define SEGMENTED_TO_VIRTUAL(addr) addr
      |                                    ^~~~
/home/david/Documents/RockBox_Personal-master/devsrc/nano-soh-runtime/Shipwright/soh/include/functions.h:22:52: note: expected 'uintptr_t' {aka 'unsigned int'} but argument is of type 'void *'
   22 | void gSPSegment(void* value, int segNum, uintptr_t target);
      |                                          ~~~~~~~~~~^~~~~~
